[0.005s][info][gc] Using Parallel
[0.181s][info][gc] GC(0) Pause Young (Allocation Failure) 256M->42M(981M) 12.022ms
[0.268s][info][gc] GC(1) Pause Young (Allocation Failure) 298M->52M(981M) 13.429ms
[0.353s][info][gc] GC(2) Pause Young (Allocation Failure) 308M->55M(981M) 10.840ms
[0.441s][info][gc] GC(3) Pause Young (Allocation Failure) 311M->64M(981M) 13.410ms
[0.529s][info][gc] GC(4) Pause Young (Allocation Failure) 320M->68M(981M) 11.356ms
[0.625s][info][gc] GC(5) Pause Young (Allocation Failure) 324M->71M(959M) 13.200ms
[0.707s][info][gc] GC(6) Pause Young (Allocation Failure) 305M->71M(941M) 12.401ms
[0.784s][info][gc] GC(7) Pause Young (Allocation Failure) 305M->71M(960M) 10.759ms
[0.859s][info][gc] GC(8) Pause Young (Allocation Failure) 290M->71M(922M) 8.247ms
[0.927s][info][gc] GC(9) Pause Young (Allocation Failure) 290M->71M(959M) 8.666ms
[0.994s][info][gc] GC(10) Pause Young (Allocation Failure) 285M->71M(915M) 8.268ms
[1.077s][info][gc] GC(11) Pause Young (Allocation Failure) 285M->73M(960M) 8.159ms
[1.148s][info][gc] GC(12) Pause Young (Allocation Failure) 286M->74M(960M) 7.705ms
[1.216s][info][gc] GC(13) Pause Young (Allocation Failure) 287M->77M(961M) 8.331ms
[1.283s][info][gc] GC(14) Pause Young (Allocation Failure) 292M->77M(960M) 8.197ms
[1.354s][info][gc] GC(15) Pause Young (Allocation Failure) 292M->81M(964M) 9.187ms
[1.423s][info][gc] GC(16) Pause Young (Allocation Failure) 300M->81M(962M) 7.924ms
[1.491s][info][gc] GC(17) Pause Young (Allocation Failure) 300M->81M(966M) 6.633ms
[1.569s][info][gc] GC(18) Pause Young (Allocation Failure) 306M->85M(965M) 8.695ms
[1.643s][info][gc] GC(19) Pause Young (Allocation Failure) 310M->85M(970M) 7.871ms
[1.718s][info][gc] GC(20) Pause Young (Allocation Failure) 317M->89M(968M) 8.367ms
[1.790s][info][gc] GC(21) Pause Young (Allocation Failure) 321M->89M(973M) 8.035ms
[1.870s][info][gc] GC(22) Pause Young (Allocation Failure) 328M->89M(972M) 7.147ms
[1.955s][info][gc] GC(23) Pause Young (Allocation Failure) 328M->93M(977M) 8.486ms
[2.039s][info][gc] GC(24) Pause Young (Allocation Failure) 338M->93M(975M) 8.450ms
[2.124s][info][gc] GC(25) Pause Young (Allocation Failure) 339M->97M(981M) 8.386ms
[2.200s][info][gc] GC(26) Pause Young (Allocation Failure) 349M->97M(978M) 8.002ms
[2.277s][info][gc] GC(27) Pause Young (Allocation Failure) 349M->100M(984M) 7.623ms
[2.357s][info][gc] GC(28) Pause Young (Allocation Failure) 359M->101M(982M) 8.038ms
[2.437s][info][gc] GC(29) Pause Young (Allocation Failure) 360M->101M(986M) 7.413ms
[2.522s][info][gc] GC(30) Pause Young (Allocation Failure) 365M->105M(985M) 8.390ms
[2.606s][info][gc] GC(31) Pause Young (Allocation Failure) 369M->105M(989M) 7.956ms
[2.690s][info][gc] GC(32) Pause Young (Allocation Failure) 375M->109M(988M) 8.280ms
[2.774s][info][gc] GC(33) Pause Young (Allocation Failure) 379M->108M(991M) 8.217ms
[2.868s][info][gc] GC(34) Pause Young (Allocation Failure) 382M->112M(990M) 8.506ms
[2.954s][info][gc] GC(35) Pause Young (Allocation Failure) 386M->112M(993M) 9.017ms
[3.044s][info][gc] GC(36) Pause Young (Allocation Failure) 390M->115M(992M) 8.411ms
[3.134s][info][gc] GC(37) Pause Young (Allocation Failure) 393M->116M(994M) 8.355ms
[3.224s][info][gc] GC(38) Pause Young (Allocation Failure) 398M->117M(994M) 7.833ms
[3.310s][info][gc] GC(39) Pause Young (Allocation Failure) 399M->120M(996M) 8.328ms
[3.404s][info][gc] GC(40) Pause Young (Allocation Failure) 405M->121M(995M) 8.259ms
[3.490s][info][gc] GC(41) Pause Young (Allocation Failure) 406M->124M(997M) 8.148ms
[3.579s][info][gc] GC(42) Pause Young (Allocation Failure) 411M->125M(997M) 8.099ms
[3.667s][info][gc] GC(43) Pause Young (Allocation Failure) 413M->126M(998M) 8.130ms
[3.757s][info][gc] GC(44) Pause Young (Allocation Failure) 415M->129M(998M) 8.145ms
[3.852s][info][gc] GC(45) Pause Young (Allocation Failure) 419M->130M(999M) 8.080ms
[3.943s][info][gc] GC(46) Pause Young (Allocation Failure) 420M->133M(998M) 8.310ms
[4.032s][info][gc] GC(47) Pause Young (Allocation Failure) 424M->133M(999M) 8.328ms
[4.132s][info][gc] GC(48) Pause Young (Allocation Failure) 425M->137M(999M) 8.117ms
[4.223s][info][gc] GC(49) Pause Young (Allocation Failure) 428M->137M(999M) 8.280ms
[4.316s][info][gc] GC(50) Pause Young (Allocation Failure) 429M->141M(999M) 8.155ms
[4.410s][info][gc] GC(51) Pause Young (Allocation Failure) 433M->141M(999M) 8.160ms
[4.504s][info][gc] GC(52) Pause Young (Allocation Failure) 433M->145M(999M) 8.457ms
[4.597s][info][gc] GC(53) Pause Young (Allocation Failure) 437M->145M(999M) 8.358ms
[4.691s][info][gc] GC(54) Pause Young (Allocation Failure) 437M->149M(999M) 8.341ms
[4.779s][info][gc] GC(55) Pause Young (Allocation Failure) 441M->149M(1000M) 8.334ms
[4.876s][info][gc] GC(56) Pause Young (Allocation Failure) 441M->152M(999M) 8.431ms
