[0.005s][info][gc] Using Parallel
[0.203s][info][gc] GC(0) Pause Young (Allocation Failure) 256M->46M(981M) 12.755ms
[0.299s][info][gc] GC(1) Pause Young (Allocation Failure) 302M->50M(981M) 12.655ms
[0.389s][info][gc] GC(2) Pause Young (Allocation Failure) 306M->51M(981M) 10.151ms
[0.487s][info][gc] GC(3) Pause Young (Allocation Failure) 307M->64M(981M) 13.772ms
[0.584s][info][gc] GC(4) Pause Young (Allocation Failure) 320M->67M(981M) 11.176ms
[0.690s][info][gc] GC(5) Pause Young (Allocation Failure) 323M->68M(957M) 11.891ms
[0.781s][info][gc] GC(6) Pause Young (Allocation Failure) 300M->69M(941M) 12.145ms
[0.878s][info][gc] GC(7) Pause Young (Allocation Failure) 301M->69M(960M) 16.097ms
[0.962s][info][gc] GC(8) Pause Young (Allocation Failure) 288M->69M(922M) 9.006ms
[1.060s][info][gc] GC(9) Pause Young (Allocation Failure) 288M->69M(959M) 9.608ms
[1.160s][info][gc] GC(10) Pause Young (Allocation Failure) 283M->69M(915M) 8.159ms
[1.241s][info][gc] GC(11) Pause Young (Allocation Failure) 283M->72M(960M) 8.158ms
[1.324s][info][gc] GC(12) Pause Young (Allocation Failure) 285M->72M(960M) 7.444ms
[1.405s][info][gc] GC(13) Pause Young (Allocation Failure) 285M->76M(961M) 8.516ms
[1.486s][info][gc] GC(14) Pause Young (Allocation Failure) 290M->76M(960M) 8.146ms
[1.578s][info][gc] GC(15) Pause Young (Allocation Failure) 290M->80M(964M) 10.574ms
[1.682s][info][gc] GC(16) Pause Young (Allocation Failure) 299M->80M(962M) 8.002ms
[1.766s][info][gc] GC(17) Pause Young (Allocation Failure) 299M->83M(967M) 8.558ms
[1.856s][info][gc] GC(18) Pause Young (Allocation Failure) 308M->84M(965M) 8.092ms
[1.943s][info][gc] GC(19) Pause Young (Allocation Failure) 309M->87M(970M) 8.245ms
[2.033s][info][gc] GC(20) Pause Young (Allocation Failure) 319M->87M(968M) 8.172ms
[2.136s][info][gc] GC(21) Pause Young (Allocation Failure) 319M->89M(973M) 9.761ms
[2.236s][info][gc] GC(22) Pause Young (Allocation Failure) 328M->91M(972M) 8.424ms
[2.334s][info][gc] GC(23) Pause Young (Allocation Failure) 330M->93M(977M) 7.708ms
[2.429s][info][gc] GC(24) Pause Young (Allocation Failure) 338M->95M(975M) 8.725ms
[2.545s][info][gc] GC(25) Pause Young (Allocation Failure) 341M->95M(980M) 8.261ms
[2.656s][info][gc] GC(26) Pause Young (Allocation Failure) 348M->99M(979M) 8.962ms
[2.753s][info][gc] GC(27) Pause Young (Allocation Failure) 352M->99M(983M) 8.394ms
[2.857s][info][gc] GC(28) Pause Young (Allocation Failure) 358M->103M(982M) 8.429ms
