[0.005s][info][gc,init] Initializing The Z Garbage Collector
[0.006s][info][gc,init] Version: 17.0.1+12-LTS-39 (release)
[0.006s][info][gc,init] NUMA Support: Disabled
[0.006s][info][gc,init] CPUs: 16 total, 16 available
[0.006s][info][gc,init] Memory: 32638M
[0.006s][info][gc,init] Large Page Support: Disabled
[0.006s][info][gc,init] GC Workers: 4 (dynamic)
[0.006s][info][gc,init] Address Space Type: Contiguous/Unrestricted/Complete
[0.006s][info][gc,init] Address Space Size: 16384M x 3 = 49152M
[0.006s][info][gc,init] Min Capacity: 1024M
[0.006s][info][gc,init] Initial Capacity: 1024M
[0.006s][info][gc,init] Max Capacity: 1024M
[0.006s][info][gc,init] Medium Page Size: 32M
[0.006s][info][gc,init] Pre-touch: Disabled
[0.006s][info][gc,init] Uncommit: Implicitly Disabled (-Xms equals -Xmx)
[0.034s][info][gc,init] Runtime Workers: 10
[0.035s][info][gc     ] Using The Z Garbage Collector
[0.036s][info][gc,metaspace] CDS archive(s) mapped at: [0x0000000800000000-0x0000000800bc0000-0x0000000800bc0000), size 12320768, SharedBaseAddress: 0x0000000800000000, ArchiveRelocationMode: 0.
[0.036s][info][gc,metaspace] Compressed class space mapped at: 0x0000000800c00000-0x0000000840c00000, reserved size: 1073741824
[0.036s][info][gc,metaspace] Narrow klass base: 0x0000000800000000, Narrow klass shift: 0, Narrow klass range: 0x100000000
[0.153s][info][gc,start    ] GC(0) Garbage Collection (Warmup)
[0.153s][info][gc,task     ] GC(0) Using 4 workers
[0.153s][info][gc,phases   ] GC(0) Pause Mark Start 0.005ms
[0.185s][info][gc,phases   ] GC(0) Concurrent Mark 31.532ms
[0.185s][info][gc,phases   ] GC(0) Pause Mark End 0.029ms
[0.185s][info][gc,phases   ] GC(0) Concurrent Mark Free 0.001ms
[0.185s][info][gc,phases   ] GC(0) Concurrent Process Non-Strong References 0.228ms
[0.186s][info][gc,phases   ] GC(0) Concurrent Reset Relocation Set 0.001ms
[0.195s][info][gc,phases   ] GC(0) Concurrent Select Relocation Set 9.387ms
[0.195s][info][gc,phases   ] GC(0) Pause Relocate Start 0.022ms
[0.200s][info][gc,phases   ] GC(0) Concurrent Relocate 4.664ms
[0.200s][info][gc,load     ] GC(0) Load: 0.00/0.00/0.00
[0.200s][info][gc,mmu      ] GC(0) MMU: 2ms/98.5%, 5ms/99.4%, 10ms/99.5%, 20ms/99.7%, 50ms/99.9%, 100ms/99.9%
[0.200s][info][gc,marking  ] GC(0) Mark: 4 stripe(s), 2 proactive flush(es), 1 terminate flush(es), 0 completion(s), 0 continuation(s) 
[0.200s][info][gc,marking  ] GC(0) Mark Stack Usage: 32M
[0.200s][info][gc,nmethod  ] GC(0) NMethods: 232 registered, 0 unregistered
[0.200s][info][gc,metaspace] GC(0) Metaspace: 0M used, 0M committed, 1032M reserved
[0.200s][info][gc,ref      ] GC(0) Soft: 61 encountered, 0 discovered, 0 enqueued
[0.200s][info][gc,ref      ] GC(0) Weak: 107 encountered, 56 discovered, 20 enqueued
[0.200s][info][gc,ref      ] GC(0) Final: 8 encountered, 8 discovered, 8 enqueued
[0.200s][info][gc,ref      ] GC(0) Phantom: 12 encountered, 11 discovered, 11 enqueued
[0.200s][info][gc,reloc    ] GC(0) Small Pages: 60 / 120M, Empty: 58M, Relocated: 6M, In-Place: 0
[0.200s][info][gc,reloc    ] GC(0) Medium Pages: 1 / 32M, Empty: 0M, Relocated: 0M, In-Place: 0
[0.200s][info][gc,reloc    ] GC(0) Large Pages: 0 / 0M, Empty: 0M, Relocated: 0M, In-Place: 0
[0.200s][info][gc,reloc    ] GC(0) Forwarding Usage: 5M
[0.200s][info][gc,heap     ] GC(0) Min Capacity: 1024M(100%)
[0.200s][info][gc,heap     ] GC(0) Max Capacity: 1024M(100%)
[0.200s][info][gc,heap     ] GC(0) Soft Max Capacity: 1024M(100%)
[0.200s][info][gc,heap     ] GC(0)                Mark Start          Mark End        Relocate Start      Relocate End           High               Low         
[0.200s][info][gc,heap     ] GC(0)  Capacity:     1024M (100%)       1024M (100%)       1024M (100%)       1024M (100%)       1024M (100%)       1024M (100%)   
[0.200s][info][gc,heap     ] GC(0)      Free:      872M (85%)         784M (77%)         820M (80%)         834M (81%)         872M (85%)         762M (74%)    
[0.200s][info][gc,heap     ] GC(0)      Used:      152M (15%)         240M (23%)         204M (20%)         190M (19%)         262M (26%)         152M (15%)    
[0.200s][info][gc,heap     ] GC(0)      Live:         -                37M (4%)           37M (4%)           37M (4%)             -                  -          
[0.200s][info][gc,heap     ] GC(0) Allocated:         -                88M (9%)          110M (11%)         117M (11%)            -                  -          
[0.200s][info][gc,heap     ] GC(0)   Garbage:         -               114M (11%)          56M (6%)           35M (3%)             -                  -          
[0.200s][info][gc,heap     ] GC(0) Reclaimed:         -                  -                58M (6%)           79M (8%)             -                  -          
[0.200s][info][gc          ] GC(0) Garbage Collection (Warmup) 152M(15%)->190M(19%)
[0.263s][info][gc,start    ] GC(1) Garbage Collection (Warmup)
[0.263s][info][gc,task     ] GC(1) Using 4 workers
[0.263s][info][gc,phases   ] GC(1) Pause Mark Start 0.005ms
[0.310s][info][gc,phases   ] GC(1) Concurrent Mark 46.515ms
[0.310s][info][gc,phases   ] GC(1) Pause Mark End 0.014ms
[0.310s][info][gc,phases   ] GC(1) Concurrent Mark Free 0.001ms
[0.310s][info][gc,phases   ] GC(1) Concurrent Process Non-Strong References 0.413ms
[0.310s][info][gc,phases   ] GC(1) Concurrent Reset Relocation Set 0.002ms
[0.320s][info][gc,phases   ] GC(1) Concurrent Select Relocation Set 9.938ms
[0.320s][info][gc,phases   ] GC(1) Pause Relocate Start 0.006ms
[0.349s][info][gc,phases   ] GC(1) Concurrent Relocate 28.974ms
[0.350s][info][gc,load     ] GC(1) Load: 0.00/0.00/0.00
[0.350s][info][gc,mmu      ] GC(1) MMU: 2ms/98.5%, 5ms/99.4%, 10ms/99.5%, 20ms/99.7%, 50ms/99.9%, 100ms/99.9%
[0.350s][info][gc,marking  ] GC(1) Mark: 4 stripe(s), 2 proactive flush(es), 1 terminate flush(es), 0 completion(s), 0 continuation(s) 
[0.350s][info][gc,marking  ] GC(1) Mark Stack Usage: 32M
[0.350s][info][gc,nmethod  ] GC(1) NMethods: 235 registered, 0 unregistered
[0.350s][info][gc,metaspace] GC(1) Metaspace: 0M used, 0M committed, 1032M reserved
[0.350s][info][gc,ref      ] GC(1) Soft: 61 encountered, 0 discovered, 0 enqueued
[0.350s][info][gc,ref      ] GC(1) Weak: 87 encountered, 73 discovered, 0 enqueued
[0.350s][info][gc,ref      ] GC(1) Final: 0 encountered, 0 discovered, 0 enqueued
[0.350s][info][gc,ref      ] GC(1) Phantom: 1 encountered, 0 discovered, 0 enqueued
[0.350s][info][gc,reloc    ] GC(1) Small Pages: 148 / 296M, Empty: 156M, Relocated: 40M, In-Place: 0
[0.350s][info][gc,reloc    ] GC(1) Medium Pages: 2 / 64M, Empty: 0M, Relocated: 4M, In-Place: 0
[0.350s][info][gc,reloc    ] GC(1) Large Pages: 0 / 0M, Empty: 0M, Relocated: 0M, In-Place: 0
[0.350s][info][gc,reloc    ] GC(1) Forwarding Usage: 30M
[0.350s][info][gc,heap     ] GC(1) Min Capacity: 1024M(100%)
[0.350s][info][gc,heap     ] GC(1) Max Capacity: 1024M(100%)
[0.350s][info][gc,heap     ] GC(1) Soft Max Capacity: 1024M(100%)
[0.350s][info][gc,heap     ] GC(1)                Mark Start          Mark End        Relocate Start      Relocate End           High               Low         
[0.350s][info][gc,heap     ] GC(1)  Capacity:     1024M (100%)       1024M (100%)       1024M (100%)       1024M (100%)       1024M (100%)       1024M (100%)   
[0.350s][info][gc,heap     ] GC(1)      Free:      664M (65%)         536M (52%)         662M (65%)         730M (71%)         730M (71%)         532M (52%)    
[0.350s][info][gc,heap     ] GC(1)      Used:      360M (35%)         488M (48%)         362M (35%)         294M (29%)         492M (48%)         294M (29%)    
[0.350s][info][gc,heap     ] GC(1)      Live:         -                57M (6%)           57M (6%)           57M (6%)             -                  -          
[0.350s][info][gc,heap     ] GC(1) Allocated:         -               128M (12%)         158M (15%)         218M (21%)            -                  -          
[0.350s][info][gc,heap     ] GC(1)   Garbage:         -               302M (30%)         146M (14%)          18M (2%)             -                  -          
[0.350s][info][gc,heap     ] GC(1) Reclaimed:         -                  -               156M (15%)         284M (28%)            -                  -          
[0.350s][info][gc          ] GC(1) Garbage Collection (Warmup) 360M(35%)->294M(29%)
[0.357s][info][gc,start    ] GC(2) Garbage Collection (Warmup)
[0.358s][info][gc,task     ] GC(2) Using 4 workers
[0.358s][info][gc,phases   ] GC(2) Pause Mark Start 0.004ms
[0.405s][info][gc,phases   ] GC(2) Concurrent Mark 47.647ms
[0.406s][info][gc,phases   ] GC(2) Pause Mark End 0.013ms
[0.406s][info][gc,phases   ] GC(2) Concurrent Mark Free 0.001ms
[0.406s][info][gc,phases   ] GC(2) Concurrent Process Non-Strong References 0.362ms
[0.406s][info][gc,phases   ] GC(2) Concurrent Reset Relocation Set 0.009ms
[0.412s][info][gc,phases   ] GC(2) Concurrent Select Relocation Set 6.327ms
[0.413s][info][gc,phases   ] GC(2) Pause Relocate Start 0.007ms
[0.434s][info][gc,phases   ] GC(2) Concurrent Relocate 21.060ms
[0.434s][info][gc,load     ] GC(2) Load: 0.00/0.00/0.00
[0.434s][info][gc,mmu      ] GC(2) MMU: 2ms/98.5%, 5ms/99.4%, 10ms/99.5%, 20ms/99.7%, 50ms/99.9%, 100ms/99.9%
[0.434s][info][gc,marking  ] GC(2) Mark: 4 stripe(s), 2 proactive flush(es), 1 terminate flush(es), 0 completion(s), 0 continuation(s) 
[0.434s][info][gc,marking  ] GC(2) Mark Stack Usage: 32M
[0.434s][info][gc,nmethod  ] GC(2) NMethods: 235 registered, 0 unregistered
[0.434s][info][gc,metaspace] GC(2) Metaspace: 0M used, 0M committed, 1032M reserved
[0.434s][info][gc,ref      ] GC(2) Soft: 61 encountered, 0 discovered, 0 enqueued
[0.434s][info][gc,ref      ] GC(2) Weak: 87 encountered, 0 discovered, 0 enqueued
[0.434s][info][gc,ref      ] GC(2) Final: 0 encountered, 0 discovered, 0 enqueued
[0.434s][info][gc,ref      ] GC(2) Phantom: 1 encountered, 0 discovered, 0 enqueued
[0.434s][info][gc,reloc    ] GC(2) Small Pages: 144 / 288M, Empty: 164M, Relocated: 33M, In-Place: 0
[0.434s][info][gc,reloc    ] GC(2) Medium Pages: 1 / 32M, Empty: 0M, Relocated: 0M, In-Place: 0
[0.434s][info][gc,reloc    ] GC(2) Large Pages: 0 / 0M, Empty: 0M, Relocated: 0M, In-Place: 0
[0.434s][info][gc,reloc    ] GC(2) Forwarding Usage: 26M
[0.434s][info][gc,heap     ] GC(2) Min Capacity: 1024M(100%)
[0.434s][info][gc,heap     ] GC(2) Max Capacity: 1024M(100%)
[0.434s][info][gc,heap     ] GC(2) Soft Max Capacity: 1024M(100%)
[0.434s][info][gc,heap     ] GC(2)                Mark Start          Mark End        Relocate Start      Relocate End           High               Low         
[0.434s][info][gc,heap     ] GC(2)  Capacity:     1024M (100%)       1024M (100%)       1024M (100%)       1024M (100%)       1024M (100%)       1024M (100%)   
[0.434s][info][gc,heap     ] GC(2)      Free:      704M (69%)         552M (54%)         698M (68%)         720M (70%)         720M (70%)         552M (54%)    
[0.434s][info][gc,heap     ] GC(2)      Used:      320M (31%)         472M (46%)         326M (32%)         304M (30%)         472M (46%)         304M (30%)    
[0.434s][info][gc,heap     ] GC(2)      Live:         -                62M (6%)           62M (6%)           62M (6%)             -                  -          
[0.434s][info][gc,heap     ] GC(2) Allocated:         -               152M (15%)         170M (17%)         199M (20%)            -                  -          
[0.434s][info][gc,heap     ] GC(2)   Garbage:         -               257M (25%)          93M (9%)           41M (4%)             -                  -          
[0.434s][info][gc,heap     ] GC(2) Reclaimed:         -                  -               164M (16%)         215M (21%)            -                  -          
[0.434s][info][gc          ] GC(2) Garbage Collection (Warmup) 320M(31%)->304M(30%)
[0.453s][info][gc,start    ] GC(3) Garbage Collection (Allocation Rate)
[0.453s][info][gc,task     ] GC(3) Using 4 workers
[0.453s][info][gc,phases   ] GC(3) Pause Mark Start 0.006ms
[0.500s][info][gc,phases   ] GC(3) Concurrent Mark 46.552ms
[0.500s][info][gc,phases   ] GC(3) Pause Mark End 0.009ms
[0.500s][info][gc,phases   ] GC(3) Concurrent Mark Free 0.001ms
[0.501s][info][gc,phases   ] GC(3) Concurrent Process Non-Strong References 0.244ms
[0.501s][info][gc,phases   ] GC(3) Concurrent Reset Relocation Set 0.007ms
[0.505s][info][gc,phases   ] GC(3) Concurrent Select Relocation Set 4.786ms
[0.506s][info][gc,phases   ] GC(3) Pause Relocate Start 0.006ms
[0.522s][info][gc,phases   ] GC(3) Concurrent Relocate 16.200ms
[0.522s][info][gc,load     ] GC(3) Load: 0.00/0.00/0.00
[0.522s][info][gc,mmu      ] GC(3) MMU: 2ms/98.5%, 5ms/99.4%, 10ms/99.5%, 20ms/99.7%, 50ms/99.9%, 100ms/99.9%
[0.522s][info][gc,marking  ] GC(3) Mark: 4 stripe(s), 2 proactive flush(es), 1 terminate flush(es), 0 completion(s), 0 continuation(s) 
[0.522s][info][gc,marking  ] GC(3) Mark Stack Usage: 32M
[0.522s][info][gc,nmethod  ] GC(3) NMethods: 235 registered, 0 unregistered
[0.522s][info][gc,metaspace] GC(3) Metaspace: 0M used, 0M committed, 1032M reserved
[0.522s][info][gc,ref      ] GC(3) Soft: 61 encountered, 0 discovered, 0 enqueued
[0.522s][info][gc,ref      ] GC(3) Weak: 87 encountered, 2 discovered, 0 enqueued
[0.522s][info][gc,ref      ] GC(3) Final: 0 encountered, 0 discovered, 0 enqueued
[0.522s][info][gc,ref      ] GC(3) Phantom: 1 encountered, 0 discovered, 0 enqueued
[0.522s][info][gc,reloc    ] GC(3) Small Pages: 173 / 346M, Empty: 192M, Relocated: 26M, In-Place: 0
[0.522s][info][gc,reloc    ] GC(3) Medium Pages: 1 / 32M, Empty: 0M, Relocated: 0M, In-Place: 0
[0.522s][info][gc,reloc    ] GC(3) Large Pages: 0 / 0M, Empty: 0M, Relocated: 0M, In-Place: 0
[0.522s][info][gc,reloc    ] GC(3) Forwarding Usage: 20M
[0.522s][info][gc,heap     ] GC(3) Min Capacity: 1024M(100%)
[0.522s][info][gc,heap     ] GC(3) Max Capacity: 1024M(100%)
[0.522s][info][gc,heap     ] GC(3) Soft Max Capacity: 1024M(100%)
[0.522s][info][gc,heap     ] GC(3)                Mark Start          Mark End        Relocate Start      Relocate End           High               Low         
[0.522s][info][gc,heap     ] GC(3)  Capacity:     1024M (100%)       1024M (100%)       1024M (100%)       1024M (100%)       1024M (100%)       1024M (100%)   
[0.522s][info][gc,heap     ] GC(3)      Free:      646M (63%)         492M (48%)         664M (65%)         714M (70%)         720M (70%)         492M (48%)    
[0.522s][info][gc,heap     ] GC(3)      Used:      378M (37%)         532M (52%)         360M (35%)         310M (30%)         532M (52%)         304M (30%)    
[0.522s][info][gc,heap     ] GC(3)      Live:         -                67M (7%)           67M (7%)           67M (7%)             -                  -          
[0.522s][info][gc,heap     ] GC(3) Allocated:         -               154M (15%)         174M (17%)         196M (19%)            -                  -          
[0.522s][info][gc,heap     ] GC(3)   Garbage:         -               310M (30%)         118M (12%)          45M (4%)             -                  -          
[0.522s][info][gc,heap     ] GC(3) Reclaimed:         -                  -               192M (19%)         264M (26%)            -                  -          
[0.522s][info][gc          ] GC(3) Garbage Collection (Allocation Rate) 378M(37%)->310M(30%)
[0.548s][info][gc,start    ] GC(4) Garbage Collection (Allocation Rate)
[0.548s][info][gc,task     ] GC(4) Using 4 workers
[0.548s][info][gc,phases   ] GC(4) Pause Mark Start 0.005ms
[0.594s][info][gc,phases   ] GC(4) Concurrent Mark 45.626ms
[0.594s][info][gc,phases   ] GC(4) Pause Mark End 0.009ms
[0.594s][info][gc,phases   ] GC(4) Concurrent Mark Free 0.001ms
[0.594s][info][gc,phases   ] GC(4) Concurrent Process Non-Strong References 0.231ms
[0.594s][info][gc,phases   ] GC(4) Concurrent Reset Relocation Set 0.012ms
[0.601s][info][gc,phases   ] GC(4) Concurrent Select Relocation Set 7.076ms
[0.602s][info][gc,phases   ] GC(4) Pause Relocate Start 0.005ms
[0.614s][info][gc,phases   ] GC(4) Concurrent Relocate 12.220ms
[0.614s][info][gc,load     ] GC(4) Load: 0.00/0.00/0.00
[0.614s][info][gc,mmu      ] GC(4) MMU: 2ms/98.5%, 5ms/99.4%, 10ms/99.5%, 20ms/99.7%, 50ms/99.9%, 100ms/99.9%
[0.614s][info][gc,marking  ] GC(4) Mark: 4 stripe(s), 2 proactive flush(es), 1 terminate flush(es), 0 completion(s), 0 continuation(s) 
[0.614s][info][gc,marking  ] GC(4) Mark Stack Usage: 32M
[0.614s][info][gc,nmethod  ] GC(4) NMethods: 235 registered, 0 unregistered
[0.614s][info][gc,metaspace] GC(4) Metaspace: 0M used, 0M committed, 1032M reserved
[0.614s][info][gc,ref      ] GC(4) Soft: 61 encountered, 0 discovered, 0 enqueued
[0.614s][info][gc,ref      ] GC(4) Weak: 87 encountered, 2 discovered, 0 enqueued
[0.614s][info][gc,ref      ] GC(4) Final: 0 encountered, 0 discovered, 0 enqueued
[0.614s][info][gc,ref      ] GC(4) Phantom: 1 encountered, 0 discovered, 0 enqueued
[0.614s][info][gc,reloc    ] GC(4) Small Pages: 190 / 380M, Empty: 248M, Relocated: 15M, In-Place: 0
[0.614s][info][gc,reloc    ] GC(4) Medium Pages: 1 / 32M, Empty: 0M, Relocated: 0M, In-Place: 0
[0.614s][info][gc,reloc    ] GC(4) Large Pages: 0 / 0M, Empty: 0M, Relocated: 0M, In-Place: 0
[0.614s][info][gc,reloc    ] GC(4) Forwarding Usage: 11M
[0.614s][info][gc,heap     ] GC(4) Min Capacity: 1024M(100%)
[0.614s][info][gc,heap     ] GC(4) Max Capacity: 1024M(100%)
[0.614s][info][gc,heap     ] GC(4) Soft Max Capacity: 1024M(100%)
[0.614s][info][gc,heap     ] GC(4)                Mark Start          Mark End        Relocate Start      Relocate End           High               Low         
[0.614s][info][gc,heap     ] GC(4)  Capacity:     1024M (100%)       1024M (100%)       1024M (100%)       1024M (100%)       1024M (100%)       1024M (100%)   
[0.614s][info][gc,heap     ] GC(4)      Free:      612M (60%)         456M (45%)         678M (66%)         704M (69%)         712M (70%)         456M (45%)    
[0.614s][info][gc,heap     ] GC(4)      Used:      412M (40%)         568M (55%)         346M (34%)         320M (31%)         568M (55%)         312M (30%)    
[0.614s][info][gc,heap     ] GC(4)      Live:         -                67M (7%)           67M (7%)           67M (7%)             -                  -          
[0.614s][info][gc,heap     ] GC(4) Allocated:         -               156M (15%)         182M (18%)         204M (20%)            -                  -          
[0.614s][info][gc,heap     ] GC(4)   Garbage:         -               344M (34%)          96M (9%)           47M (5%)             -                  -          
[0.614s][info][gc,heap     ] GC(4) Reclaimed:         -                  -               248M (24%)         296M (29%)            -                  -          
[0.614s][info][gc          ] GC(4) Garbage Collection (Allocation Rate) 412M(40%)->320M(31%)
[0.658s][info][gc,start    ] GC(5) Garbage Collection (Allocation Rate)
[0.658s][info][gc,task     ] GC(5) Using 4 workers
[0.658s][info][gc,phases   ] GC(5) Pause Mark Start 0.008ms
[0.705s][info][gc,phases   ] GC(5) Concurrent Mark 46.583ms
[0.705s][info][gc,phases   ] GC(5) Pause Mark End 0.021ms
[0.705s][info][gc,phases   ] GC(5) Concurrent Mark Free 0.001ms
[0.705s][info][gc,phases   ] GC(5) Concurrent Process Non-Strong References 0.248ms
[0.705s][info][gc,phases   ] GC(5) Concurrent Reset Relocation Set 0.008ms
[0.710s][info][gc,phases   ] GC(5) Concurrent Select Relocation Set 4.861ms
[0.710s][info][gc,phases   ] GC(5) Pause Relocate Start 0.005ms
[0.723s][info][gc,phases   ] GC(5) Concurrent Relocate 12.529ms
[0.723s][info][gc,load     ] GC(5) Load: 0.00/0.00/0.00
[0.723s][info][gc,mmu      ] GC(5) MMU: 2ms/98.5%, 5ms/99.4%, 10ms/99.5%, 20ms/99.7%, 50ms/99.9%, 100ms/99.9%
[0.723s][info][gc,marking  ] GC(5) Mark: 4 stripe(s), 2 proactive flush(es), 1 terminate flush(es), 0 completion(s), 0 continuation(s) 
[0.723s][info][gc,marking  ] GC(5) Mark Stack Usage: 32M
[0.723s][info][gc,nmethod  ] GC(5) NMethods: 235 registered, 0 unregistered
[0.723s][info][gc,metaspace] GC(5) Metaspace: 0M used, 0M committed, 1032M reserved
[0.723s][info][gc,ref      ] GC(5) Soft: 61 encountered, 0 discovered, 0 enqueued
[0.723s][info][gc,ref      ] GC(5) Weak: 87 encountered, 2 discovered, 0 enqueued
[0.723s][info][gc,ref      ] GC(5) Final: 0 encountered, 0 discovered, 0 enqueued
[0.723s][info][gc,ref      ] GC(5) Phantom: 1 encountered, 1 discovered, 0 enqueued
[0.723s][info][gc,reloc    ] GC(5) Small Pages: 229 / 458M, Empty: 320M, Relocated: 13M, In-Place: 0
[0.723s][info][gc,reloc    ] GC(5) Medium Pages: 1 / 32M, Empty: 0M, Relocated: 0M, In-Place: 0
[0.723s][info][gc,reloc    ] GC(5) Large Pages: 0 / 0M, Empty: 0M, Relocated: 0M, In-Place: 0
[0.723s][info][gc,reloc    ] GC(5) Forwarding Usage: 9M
[0.723s][info][gc,heap     ] GC(5) Min Capacity: 1024M(100%)
[0.723s][info][gc,heap     ] GC(5) Max Capacity: 1024M(100%)
[0.723s][info][gc,heap     ] GC(5) Soft Max Capacity: 1024M(100%)
[0.723s][info][gc,heap     ] GC(5)                Mark Start          Mark End        Relocate Start      Relocate End           High               Low         
[0.723s][info][gc,heap     ] GC(5)  Capacity:     1024M (100%)       1024M (100%)       1024M (100%)       1024M (100%)       1024M (100%)       1024M (100%)   
[0.723s][info][gc,heap     ] GC(5)      Free:      534M (52%)         382M (37%)         682M (67%)         704M (69%)         712M (70%)         378M (37%)    
[0.723s][info][gc,heap     ] GC(5)      Used:      490M (48%)         642M (63%)         342M (33%)         320M (31%)         646M (63%)         312M (30%)    
[0.723s][info][gc,heap     ] GC(5)      Live:         -                67M (7%)           67M (7%)           67M (7%)             -                  -          
[0.723s][info][gc,heap     ] GC(5) Allocated:         -               152M (15%)         172M (17%)         202M (20%)            -                  -          
[0.723s][info][gc,heap     ] GC(5)   Garbage:         -               422M (41%)         102M (10%)          49M (5%)             -                  -          
[0.723s][info][gc,heap     ] GC(5) Reclaimed:         -                  -               320M (31%)         372M (36%)            -                  -          
[0.723s][info][gc          ] GC(5) Garbage Collection (Allocation Rate) 490M(48%)->320M(31%)
[0.752s][info][gc,start    ] GC(6) Garbage Collection (Allocation Rate)
[0.753s][info][gc,task     ] GC(6) Using 4 workers
[0.753s][info][gc,phases   ] GC(6) Pause Mark Start 0.006ms
[0.797s][info][gc,phases   ] GC(6) Concurrent Mark 44.624ms
[0.798s][info][gc,phases   ] GC(6) Pause Mark End 0.019ms
[0.798s][info][gc,phases   ] GC(6) Concurrent Mark Free 0.001ms
[0.798s][info][gc,phases   ] GC(6) Concurrent Process Non-Strong References 0.259ms
[0.798s][info][gc,phases   ] GC(6) Concurrent Reset Relocation Set 0.006ms
[0.807s][info][gc,phases   ] GC(6) Concurrent Select Relocation Set 8.672ms
[0.807s][info][gc,phases   ] GC(6) Pause Relocate Start 0.005ms
[0.823s][info][gc,phases   ] GC(6) Concurrent Relocate 16.271ms
[0.823s][info][gc,load     ] GC(6) Load: 0.00/0.00/0.00
[0.823s][info][gc,mmu      ] GC(6) MMU: 2ms/98.5%, 5ms/99.4%, 10ms/99.5%, 20ms/99.7%, 50ms/99.9%, 100ms/99.9%
[0.823s][info][gc,marking  ] GC(6) Mark: 4 stripe(s), 2 proactive flush(es), 1 terminate flush(es), 0 completion(s), 0 continuation(s) 
[0.823s][info][gc,marking  ] GC(6) Mark Stack Usage: 32M
[0.823s][info][gc,nmethod  ] GC(6) NMethods: 235 registered, 0 unregistered
[0.823s][info][gc,metaspace] GC(6) Metaspace: 0M used, 0M committed, 1032M reserved
[0.823s][info][gc,ref      ] GC(6) Soft: 61 encountered, 0 discovered, 0 enqueued
[0.823s][info][gc,ref      ] GC(6) Weak: 87 encountered, 2 discovered, 0 enqueued
[0.823s][info][gc,ref      ] GC(6) Final: 0 encountered, 0 discovered, 0 enqueued
[0.823s][info][gc,ref      ] GC(6) Phantom: 1 encountered, 1 discovered, 0 enqueued
[0.823s][info][gc,reloc    ] GC(6) Small Pages: 199 / 398M, Empty: 250M, Relocated: 20M, In-Place: 0
[0.823s][info][gc,reloc    ] GC(6) Medium Pages: 1 / 32M, Empty: 0M, Relocated: 0M, In-Place: 0
[0.823s][info][gc,reloc    ] GC(6) Large Pages: 0 / 0M, Empty: 0M, Relocated: 0M, In-Place: 0
[0.823s][info][gc,reloc    ] GC(6) Forwarding Usage: 15M
[0.823s][info][gc,heap     ] GC(6) Min Capacity: 1024M(100%)
[0.823s][info][gc,heap     ] GC(6) Max Capacity: 1024M(100%)
[0.823s][info][gc,heap     ] GC(6) Soft Max Capacity: 1024M(100%)
[0.823s][info][gc,heap     ] GC(6)                Mark Start          Mark End        Relocate Start      Relocate End           High               Low         
[0.823s][info][gc,heap     ] GC(6)  Capacity:     1024M (100%)       1024M (100%)       1024M (100%)       1024M (100%)       1024M (100%)       1024M (100%)   
[0.823s][info][gc,heap     ] GC(6)      Free:      594M (58%)         440M (43%)         660M (64%)         688M (67%)         698M (68%)         440M (43%)    
[0.823s][info][gc,heap     ] GC(6)      Used:      430M (42%)         584M (57%)         364M (36%)         336M (33%)         584M (57%)         326M (32%)    
[0.823s][info][gc,heap     ] GC(6)      Live:         -                67M (7%)           67M (7%)           67M (7%)             -                  -          
[0.823s][info][gc,heap     ] GC(6) Allocated:         -               154M (15%)         184M (18%)         220M (22%)            -                  -          
[0.823s][info][gc,heap     ] GC(6)   Garbage:         -               362M (35%)         112M (11%)          47M (5%)             -                  -          
[0.823s][info][gc,heap     ] GC(6) Reclaimed:         -                  -               250M (24%)         314M (31%)            -                  -          
[0.823s][info][gc          ] GC(6) Garbage Collection (Allocation Rate) 430M(42%)->336M(33%)
[0.861s][info][gc,start    ] GC(7) Garbage Collection (Allocation Rate)
[0.861s][info][gc,task     ] GC(7) Using 4 workers
[0.861s][info][gc,phases   ] GC(7) Pause Mark Start 0.005ms
[0.908s][info][gc,phases   ] GC(7) Concurrent Mark 46.570ms
[0.908s][info][gc,phases   ] GC(7) Pause Mark End 0.012ms
[0.908s][info][gc,phases   ] GC(7) Concurrent Mark Free 0.001ms
[0.909s][info][gc,phases   ] GC(7) Concurrent Process Non-Strong References 0.267ms
[0.909s][info][gc,phases   ] GC(7) Concurrent Reset Relocation Set 0.012ms
[0.916s][info][gc,phases   ] GC(7) Concurrent Select Relocation Set 7.678ms
[0.917s][info][gc,phases   ] GC(7) Pause Relocate Start 0.005ms
[0.932s][info][gc,phases   ] GC(7) Concurrent Relocate 15.226ms
[0.932s][info][gc,load     ] GC(7) Load: 0.00/0.00/0.00
[0.932s][info][gc,mmu      ] GC(7) MMU: 2ms/98.5%, 5ms/99.4%, 10ms/99.5%, 20ms/99.7%, 50ms/99.9%, 100ms/99.9%
[0.932s][info][gc,marking  ] GC(7) Mark: 4 stripe(s), 2 proactive flush(es), 1 terminate flush(es), 0 completion(s), 0 continuation(s) 
[0.932s][info][gc,marking  ] GC(7) Mark Stack Usage: 32M
[0.932s][info][gc,nmethod  ] GC(7) NMethods: 235 registered, 0 unregistered
[0.932s][info][gc,metaspace] GC(7) Metaspace: 0M used, 0M committed, 1032M reserved
[0.932s][info][gc,ref      ] GC(7) Soft: 61 encountered, 0 discovered, 0 enqueued
[0.932s][info][gc,ref      ] GC(7) Weak: 87 encountered, 0 discovered, 0 enqueued
[0.932s][info][gc,ref      ] GC(7) Final: 0 encountered, 0 discovered, 0 enqueued
[0.932s][info][gc,ref      ] GC(7) Phantom: 1 encountered, 1 discovered, 0 enqueued
[0.932s][info][gc,reloc    ] GC(7) Small Pages: 229 / 458M, Empty: 318M, Relocated: 19M, In-Place: 0
[0.932s][info][gc,reloc    ] GC(7) Medium Pages: 1 / 32M, Empty: 0M, Relocated: 0M, In-Place: 0
[0.932s][info][gc,reloc    ] GC(7) Large Pages: 0 / 0M, Empty: 0M, Relocated: 0M, In-Place: 0
[0.932s][info][gc,reloc    ] GC(7) Forwarding Usage: 14M
[0.932s][info][gc,heap     ] GC(7) Min Capacity: 1024M(100%)
[0.932s][info][gc,heap     ] GC(7) Max Capacity: 1024M(100%)
[0.932s][info][gc,heap     ] GC(7) Soft Max Capacity: 1024M(100%)
[0.932s][info][gc,heap     ] GC(7)                Mark Start          Mark End        Relocate Start      Relocate End           High               Low         
[0.932s][info][gc,heap     ] GC(7)  Capacity:     1024M (100%)       1024M (100%)       1024M (100%)       1024M (100%)       1024M (100%)       1024M (100%)   
[0.932s][info][gc,heap     ] GC(7)      Free:      534M (52%)         370M (36%)         658M (64%)         674M (66%)         690M (67%)         370M (36%)    
[0.932s][info][gc,heap     ] GC(7)      Used:      490M (48%)         654M (64%)         366M (36%)         350M (34%)         654M (64%)         334M (33%)    
[0.932s][info][gc,heap     ] GC(7)      Live:         -                67M (7%)           67M (7%)           67M (7%)             -                  -          
[0.932s][info][gc,heap     ] GC(7) Allocated:         -               164M (16%)         194M (19%)         234M (23%)            -                  -          
[0.932s][info][gc,heap     ] GC(7)   Garbage:         -               422M (41%)         104M (10%)          47M (5%)             -                  -          
[0.932s][info][gc,heap     ] GC(7) Reclaimed:         -                  -               318M (31%)         374M (37%)            -                  -          
[0.932s][info][gc          ] GC(7) Garbage Collection (Allocation Rate) 490M(48%)->350M(34%)
[0.954s][info][gc,start    ] GC(8) Garbage Collection (Allocation Rate)
[0.954s][info][gc,task     ] GC(8) Using 4 workers
[0.954s][info][gc,phases   ] GC(8) Pause Mark Start 0.004ms
[1.001s][info][gc,phases   ] GC(8) Concurrent Mark 46.615ms
[1.001s][info][gc,phases   ] GC(8) Pause Mark End 0.014ms
[1.001s][info][gc,phases   ] GC(8) Concurrent Mark Free 0.001ms
[1.001s][info][gc,phases   ] GC(8) Concurrent Process Non-Strong References 0.302ms
[1.001s][info][gc,phases   ] GC(8) Concurrent Reset Relocation Set 0.013ms
[1.014s][info][gc,phases   ] GC(8) Concurrent Select Relocation Set 12.503ms
[1.014s][info][gc,phases   ] GC(8) Pause Relocate Start 0.005ms
[1.027s][info][gc,phases   ] GC(8) Concurrent Relocate 13.090ms
[1.027s][info][gc,load     ] GC(8) Load: 0.00/0.00/0.00
[1.027s][info][gc,mmu      ] GC(8) MMU: 2ms/98.5%, 5ms/99.4%, 10ms/99.5%, 20ms/99.7%, 50ms/99.9%, 100ms/99.9%
[1.027s][info][gc,marking  ] GC(8) Mark: 4 stripe(s), 2 proactive flush(es), 1 terminate flush(es), 0 completion(s), 0 continuation(s) 
[1.027s][info][gc,marking  ] GC(8) Mark Stack Usage: 32M
[1.027s][info][gc,nmethod  ] GC(8) NMethods: 235 registered, 0 unregistered
[1.027s][info][gc,metaspace] GC(8) Metaspace: 0M used, 0M committed, 1032M reserved
[1.027s][info][gc,ref      ] GC(8) Soft: 61 encountered, 0 discovered, 0 enqueued
[1.028s][info][gc,ref      ] GC(8) Weak: 87 encountered, 2 discovered, 0 enqueued
[1.028s][info][gc,ref      ] GC(8) Final: 0 encountered, 0 discovered, 0 enqueued
[1.028s][info][gc,ref      ] GC(8) Phantom: 1 encountered, 1 discovered, 0 enqueued
[1.028s][info][gc,reloc    ] GC(8) Small Pages: 203 / 406M, Empty: 260M, Relocated: 20M, In-Place: 0
[1.028s][info][gc,reloc    ] GC(8) Medium Pages: 1 / 32M, Empty: 0M, Relocated: 0M, In-Place: 0
[1.028s][info][gc,reloc    ] GC(8) Large Pages: 0 / 0M, Empty: 0M, Relocated: 0M, In-Place: 0
[1.028s][info][gc,reloc    ] GC(8) Forwarding Usage: 16M
[1.028s][info][gc,heap     ] GC(8) Min Capacity: 1024M(100%)
[1.028s][info][gc,heap     ] GC(8) Max Capacity: 1024M(100%)
[1.028s][info][gc,heap     ] GC(8) Soft Max Capacity: 1024M(100%)
[1.028s][info][gc,heap     ] GC(8)                Mark Start          Mark End        Relocate Start      Relocate End           High               Low         
[1.028s][info][gc,heap     ] GC(8)  Capacity:     1024M (100%)       1024M (100%)       1024M (100%)       1024M (100%)       1024M (100%)       1024M (100%)   
[1.028s][info][gc,heap     ] GC(8)      Free:      586M (57%)         420M (41%)         634M (62%)         670M (65%)         676M (66%)         420M (41%)    
[1.028s][info][gc,heap     ] GC(8)      Used:      438M (43%)         604M (59%)         390M (38%)         354M (35%)         604M (59%)         348M (34%)    
[1.028s][info][gc,heap     ] GC(8)      Live:         -                67M (7%)           67M (7%)           67M (7%)             -                  -          
[1.028s][info][gc,heap     ] GC(8) Allocated:         -               166M (16%)         212M (21%)         240M (23%)            -                  -          
[1.028s][info][gc,heap     ] GC(8)   Garbage:         -               370M (36%)         110M (11%)          46M (5%)             -                  -          
[1.028s][info][gc,heap     ] GC(8) Reclaimed:         -                  -               260M (25%)         324M (32%)            -                  -          
[1.028s][info][gc          ] GC(8) Garbage Collection (Allocation Rate) 438M(43%)->354M(35%)
[1.048s][info][gc,start    ] GC(9) Garbage Collection (Allocation Rate)
[1.048s][info][gc,task     ] GC(9) Using 4 workers
[1.048s][info][gc,phases   ] GC(9) Pause Mark Start 0.004ms
[1.093s][info][gc,phases   ] GC(9) Concurrent Mark 44.686ms
[1.093s][info][gc,phases   ] GC(9) Pause Mark End 0.011ms
[1.093s][info][gc,phases   ] GC(9) Concurrent Mark Free 0.001ms
[1.094s][info][gc,phases   ] GC(9) Concurrent Process Non-Strong References 0.311ms
[1.094s][info][gc,phases   ] GC(9) Concurrent Reset Relocation Set 0.009ms
[1.102s][info][gc,phases   ] GC(9) Concurrent Select Relocation Set 8.145ms
[1.102s][info][gc,phases   ] GC(9) Pause Relocate Start 0.006ms
[1.114s][info][gc,phases   ] GC(9) Concurrent Relocate 12.150ms
[1.114s][info][gc,load     ] GC(9) Load: 0.00/0.00/0.00
[1.114s][info][gc,mmu      ] GC(9) MMU: 2ms/98.5%, 5ms/99.4%, 10ms/99.5%, 20ms/99.7%, 50ms/99.9%, 100ms/99.9%
[1.114s][info][gc,marking  ] GC(9) Mark: 4 stripe(s), 2 proactive flush(es), 1 terminate flush(es), 0 completion(s), 0 continuation(s) 
[1.114s][info][gc,marking  ] GC(9) Mark Stack Usage: 32M
[1.114s][info][gc,nmethod  ] GC(9) NMethods: 326 registered, 0 unregistered
[1.114s][info][gc,metaspace] GC(9) Metaspace: 0M used, 0M committed, 1032M reserved
[1.114s][info][gc,ref      ] GC(9) Soft: 61 encountered, 0 discovered, 0 enqueued
[1.114s][info][gc,ref      ] GC(9) Weak: 87 encountered, 2 discovered, 0 enqueued
[1.114s][info][gc,ref      ] GC(9) Final: 0 encountered, 0 discovered, 0 enqueued
[1.114s][info][gc,ref      ] GC(9) Phantom: 1 encountered, 1 discovered, 0 enqueued
[1.114s][info][gc,reloc    ] GC(9) Small Pages: 206 / 412M, Empty: 268M, Relocated: 17M, In-Place: 0
[1.114s][info][gc,reloc    ] GC(9) Medium Pages: 1 / 32M, Empty: 0M, Relocated: 0M, In-Place: 0
[1.114s][info][gc,reloc    ] GC(9) Large Pages: 0 / 0M, Empty: 0M, Relocated: 0M, In-Place: 0
[1.114s][info][gc,reloc    ] GC(9) Forwarding Usage: 12M
[1.114s][info][gc,heap     ] GC(9) Min Capacity: 1024M(100%)
[1.114s][info][gc,heap     ] GC(9) Max Capacity: 1024M(100%)
[1.114s][info][gc,heap     ] GC(9) Soft Max Capacity: 1024M(100%)
[1.114s][info][gc,heap     ] GC(9)                Mark Start          Mark End        Relocate Start      Relocate End           High               Low         
[1.114s][info][gc,heap     ] GC(9)  Capacity:     1024M (100%)       1024M (100%)       1024M (100%)       1024M (100%)       1024M (100%)       1024M (100%)   
[1.114s][info][gc,heap     ] GC(9)      Free:      580M (57%)         492M (48%)         736M (72%)         770M (75%)         774M (76%)         492M (48%)    
[1.114s][info][gc,heap     ] GC(9)      Used:      444M (43%)         532M (52%)         288M (28%)         254M (25%)         532M (52%)         250M (24%)    
[1.114s][info][gc,heap     ] GC(9)      Live:         -                67M (7%)           67M (7%)           67M (7%)             -                  -          
[1.114s][info][gc,heap     ] GC(9) Allocated:         -                88M (9%)          112M (11%)         138M (13%)            -                  -          
[1.114s][info][gc,heap     ] GC(9)   Garbage:         -               376M (37%)         108M (11%)          48M (5%)             -                  -          
[1.114s][info][gc,heap     ] GC(9) Reclaimed:         -                  -               268M (26%)         328M (32%)            -                  -          
[1.114s][info][gc          ] GC(9) Garbage Collection (Allocation Rate) 444M(43%)->254M(25%)
[1.156s][info][gc,start    ] GC(10) Garbage Collection (Allocation Rate)
[1.156s][info][gc,task     ] GC(10) Using 4 workers
[1.156s][info][gc,phases   ] GC(10) Pause Mark Start 0.019ms
[1.203s][info][gc,phases   ] GC(10) Concurrent Mark 46.181ms
[1.203s][info][gc,phases   ] GC(10) Pause Mark End 0.010ms
[1.203s][info][gc,phases   ] GC(10) Concurrent Mark Free 0.001ms
[1.205s][info][gc,phases   ] GC(10) Concurrent Process Non-Strong References 1.569ms
[1.205s][info][gc,phases   ] GC(10) Concurrent Reset Relocation Set 0.009ms
[1.215s][info][gc,phases   ] GC(10) Concurrent Select Relocation Set 10.791ms
[1.216s][info][gc,phases   ] GC(10) Pause Relocate Start 0.006ms
[1.237s][info][gc,phases   ] GC(10) Concurrent Relocate 20.911ms
[1.237s][info][gc,load     ] GC(10) Load: 0.00/0.00/0.00
[1.237s][info][gc,mmu      ] GC(10) MMU: 2ms/98.5%, 5ms/99.4%, 10ms/99.5%, 20ms/99.7%, 50ms/99.9%, 100ms/99.9%
[1.237s][info][gc,marking  ] GC(10) Mark: 4 stripe(s), 2 proactive flush(es), 1 terminate flush(es), 0 completion(s), 0 continuation(s) 
[1.237s][info][gc,marking  ] GC(10) Mark Stack Usage: 32M
[1.237s][info][gc,nmethod  ] GC(10) NMethods: 327 registered, 0 unregistered
[1.237s][info][gc,metaspace] GC(10) Metaspace: 0M used, 0M committed, 1032M reserved
[1.237s][info][gc,ref      ] GC(10) Soft: 95 encountered, 0 discovered, 0 enqueued
[1.237s][info][gc,ref      ] GC(10) Weak: 164 encountered, 32 discovered, 17 enqueued
[1.237s][info][gc,ref      ] GC(10) Final: 0 encountered, 0 discovered, 0 enqueued
[1.237s][info][gc,ref      ] GC(10) Phantom: 3 encountered, 2 discovered, 2 enqueued
[1.237s][info][gc,reloc    ] GC(10) Small Pages: 191 / 382M, Empty: 216M, Relocated: 25M, In-Place: 0
[1.237s][info][gc,reloc    ] GC(10) Medium Pages: 1 / 32M, Empty: 0M, Relocated: 0M, In-Place: 0
[1.237s][info][gc,reloc    ] GC(10) Large Pages: 0 / 0M, Empty: 0M, Relocated: 0M, In-Place: 0
[1.237s][info][gc,reloc    ] GC(10) Forwarding Usage: 19M
[1.237s][info][gc,heap     ] GC(10) Min Capacity: 1024M(100%)
[1.237s][info][gc,heap     ] GC(10) Max Capacity: 1024M(100%)
[1.237s][info][gc,heap     ] GC(10) Soft Max Capacity: 1024M(100%)
[1.237s][info][gc,heap     ] GC(10)                Mark Start          Mark End        Relocate Start      Relocate End           High               Low         
[1.237s][info][gc,heap     ] GC(10)  Capacity:     1024M (100%)       1024M (100%)       1024M (100%)       1024M (100%)       1024M (100%)       1024M (100%)   
[1.237s][info][gc,heap     ] GC(10)      Free:      610M (60%)         458M (45%)         636M (62%)         670M (65%)         686M (67%)         452M (44%)    
[1.237s][info][gc,heap     ] GC(10)      Used:      414M (40%)         566M (55%)         388M (38%)         354M (35%)         572M (56%)         338M (33%)    
[1.237s][info][gc,heap     ] GC(10)      Live:         -                67M (7%)           67M (7%)           67M (7%)             -                  -          
[1.237s][info][gc,heap     ] GC(10) Allocated:         -               152M (15%)         190M (19%)         242M (24%)            -                  -          
[1.237s][info][gc,heap     ] GC(10)   Garbage:         -               346M (34%)         130M (13%)          43M (4%)             -                  -          
[1.237s][info][gc,heap     ] GC(10) Reclaimed:         -                  -               216M (21%)         302M (30%)            -                  -          
[1.237s][info][gc          ] GC(10) Garbage Collection (Allocation Rate) 414M(40%)->354M(35%)
[1.250s][info][gc,start    ] GC(11) Garbage Collection (Allocation Rate)
[1.250s][info][gc,task     ] GC(11) Using 4 workers
[1.250s][info][gc,phases   ] GC(11) Pause Mark Start 0.008ms
[1.296s][info][gc,phases   ] GC(11) Concurrent Mark 45.511ms
[1.296s][info][gc,phases   ] GC(11) Pause Mark End 0.012ms
[1.296s][info][gc,phases   ] GC(11) Concurrent Mark Free 0.001ms
[1.296s][info][gc,phases   ] GC(11) Concurrent Process Non-Strong References 0.419ms
[1.296s][info][gc,phases   ] GC(11) Concurrent Reset Relocation Set 0.014ms
[1.304s][info][gc,phases   ] GC(11) Concurrent Select Relocation Set 7.976ms
[1.304s][info][gc,phases   ] GC(11) Pause Relocate Start 0.006ms
[1.317s][info][gc,phases   ] GC(11) Concurrent Relocate 12.492ms
[1.317s][info][gc,load     ] GC(11) Load: 0.00/0.00/0.00
[1.317s][info][gc,mmu      ] GC(11) MMU: 2ms/98.5%, 5ms/99.4%, 10ms/99.5%, 20ms/99.7%, 50ms/99.9%, 100ms/99.9%
[1.317s][info][gc,marking  ] GC(11) Mark: 4 stripe(s), 2 proactive flush(es), 1 terminate flush(es), 0 completion(s), 0 continuation(s) 
[1.317s][info][gc,marking  ] GC(11) Mark Stack Usage: 32M
[1.317s][info][gc,nmethod  ] GC(11) NMethods: 327 registered, 0 unregistered
[1.317s][info][gc,metaspace] GC(11) Metaspace: 0M used, 0M committed, 1032M reserved
[1.317s][info][gc,ref      ] GC(11) Soft: 95 encountered, 0 discovered, 0 enqueued
[1.317s][info][gc,ref      ] GC(11) Weak: 147 encountered, 0 discovered, 0 enqueued
[1.317s][info][gc,ref      ] GC(11) Final: 0 encountered, 0 discovered, 0 enqueued
[1.317s][info][gc,ref      ] GC(11) Phantom: 1 encountered, 0 discovered, 0 enqueued
[1.317s][info][gc,reloc    ] GC(11) Small Pages: 188 / 376M, Empty: 226M, Relocated: 17M, In-Place: 0
[1.317s][info][gc,reloc    ] GC(11) Medium Pages: 1 / 32M, Empty: 0M, Relocated: 0M, In-Place: 0
[1.317s][info][gc,reloc    ] GC(11) Large Pages: 0 / 0M, Empty: 0M, Relocated: 0M, In-Place: 0
[1.317s][info][gc,reloc    ] GC(11) Forwarding Usage: 12M
[1.317s][info][gc,heap     ] GC(11) Min Capacity: 1024M(100%)
[1.317s][info][gc,heap     ] GC(11) Max Capacity: 1024M(100%)
[1.317s][info][gc,heap     ] GC(11) Soft Max Capacity: 1024M(100%)
[1.317s][info][gc,heap     ] GC(11)                Mark Start          Mark End        Relocate Start      Relocate End           High               Low         
[1.317s][info][gc,heap     ] GC(11)  Capacity:     1024M (100%)       1024M (100%)       1024M (100%)       1024M (100%)       1024M (100%)       1024M (100%)   
[1.317s][info][gc,heap     ] GC(11)      Free:      616M (60%)         448M (44%)         646M (63%)         686M (67%)         688M (67%)         448M (44%)    
[1.317s][info][gc,heap     ] GC(11)      Used:      408M (40%)         576M (56%)         378M (37%)         338M (33%)         576M (56%)         336M (33%)    
[1.317s][info][gc,heap     ] GC(11)      Live:         -                67M (7%)           67M (7%)           67M (7%)             -                  -          
[1.317s][info][gc,heap     ] GC(11) Allocated:         -               168M (16%)         196M (19%)         224M (22%)            -                  -          
[1.317s][info][gc,heap     ] GC(11)   Garbage:         -               340M (33%)         114M (11%)          45M (4%)             -                  -          
[1.317s][info][gc,heap     ] GC(11) Reclaimed:         -                  -               226M (22%)         294M (29%)            -                  -          
[1.317s][info][gc          ] GC(11) Garbage Collection (Allocation Rate) 408M(40%)->338M(33%)
[1.358s][info][gc,start    ] GC(12) Garbage Collection (Allocation Rate)
[1.358s][info][gc,task     ] GC(12) Using 4 workers
[1.359s][info][gc,phases   ] GC(12) Pause Mark Start 0.008ms
[1.406s][info][gc,phases   ] GC(12) Concurrent Mark 47.554ms
[1.406s][info][gc,phases   ] GC(12) Pause Mark End 0.014ms
[1.406s][info][gc,phases   ] GC(12) Concurrent Mark Free 0.001ms
[1.407s][info][gc,phases   ] GC(12) Concurrent Process Non-Strong References 0.369ms
[1.407s][info][gc,phases   ] GC(12) Concurrent Reset Relocation Set 0.012ms
[1.423s][info][gc,phases   ] GC(12) Concurrent Select Relocation Set 15.691ms
[1.423s][info][gc,phases   ] GC(12) Pause Relocate Start 0.006ms
[1.437s][info][gc,phases   ] GC(12) Concurrent Relocate 14.492ms
[1.437s][info][gc,load     ] GC(12) Load: 0.00/0.00/0.00
[1.437s][info][gc,mmu      ] GC(12) MMU: 2ms/98.5%, 5ms/99.4%, 10ms/99.5%, 20ms/99.7%, 50ms/99.9%, 100ms/99.9%
[1.437s][info][gc,marking  ] GC(12) Mark: 4 stripe(s), 2 proactive flush(es), 1 terminate flush(es), 0 completion(s), 0 continuation(s) 
[1.437s][info][gc,marking  ] GC(12) Mark Stack Usage: 32M
[1.437s][info][gc,nmethod  ] GC(12) NMethods: 327 registered, 0 unregistered
[1.437s][info][gc,metaspace] GC(12) Metaspace: 0M used, 0M committed, 1032M reserved
[1.437s][info][gc,ref      ] GC(12) Soft: 95 encountered, 0 discovered, 0 enqueued
[1.437s][info][gc,ref      ] GC(12) Weak: 147 encountered, 2 discovered, 0 enqueued
[1.437s][info][gc,ref      ] GC(12) Final: 0 encountered, 0 discovered, 0 enqueued
[1.437s][info][gc,ref      ] GC(12) Phantom: 1 encountered, 0 discovered, 0 enqueued
[1.437s][info][gc,reloc    ] GC(12) Small Pages: 243 / 486M, Empty: 328M, Relocated: 20M, In-Place: 0
[1.437s][info][gc,reloc    ] GC(12) Medium Pages: 1 / 32M, Empty: 0M, Relocated: 0M, In-Place: 0
[1.437s][info][gc,reloc    ] GC(12) Large Pages: 0 / 0M, Empty: 0M, Relocated: 0M, In-Place: 0
[1.437s][info][gc,reloc    ] GC(12) Forwarding Usage: 15M
[1.437s][info][gc,heap     ] GC(12) Min Capacity: 1024M(100%)
[1.438s][info][gc,heap     ] GC(12) Max Capacity: 1024M(100%)
[1.438s][info][gc,heap     ] GC(12) Soft Max Capacity: 1024M(100%)
[1.438s][info][gc,heap     ] GC(12)                Mark Start          Mark End        Relocate Start      Relocate End           High               Low         
[1.438s][info][gc,heap     ] GC(12)  Capacity:     1024M (100%)       1024M (100%)       1024M (100%)       1024M (100%)       1024M (100%)       1024M (100%)   
[1.438s][info][gc,heap     ] GC(12)      Free:      506M (49%)         346M (34%)         614M (60%)         660M (64%)         666M (65%)         344M (34%)    
[1.438s][info][gc,heap     ] GC(12)      Used:      518M (51%)         678M (66%)         410M (40%)         364M (36%)         680M (66%)         358M (35%)    
[1.438s][info][gc,heap     ] GC(12)      Live:         -                67M (7%)           67M (7%)           67M (7%)             -                  -          
[1.438s][info][gc,heap     ] GC(12) Allocated:         -               160M (16%)         220M (21%)         250M (24%)            -                  -          
[1.438s][info][gc,heap     ] GC(12)   Garbage:         -               450M (44%)         122M (12%)          45M (4%)             -                  -          
[1.438s][info][gc,heap     ] GC(12) Reclaimed:         -                  -               328M (32%)         404M (40%)            -                  -          
[1.438s][info][gc          ] GC(12) Garbage Collection (Allocation Rate) 518M(51%)->364M(36%)
[1.454s][info][gc,start    ] GC(13) Garbage Collection (Allocation Rate)
[1.454s][info][gc,task     ] GC(13) Using 4 workers
[1.454s][info][gc,phases   ] GC(13) Pause Mark Start 0.008ms
[1.500s][info][gc,phases   ] GC(13) Concurrent Mark 45.608ms
[1.500s][info][gc,phases   ] GC(13) Pause Mark End 0.014ms
[1.500s][info][gc,phases   ] GC(13) Concurrent Mark Free 0.001ms
[1.501s][info][gc,phases   ] GC(13) Concurrent Process Non-Strong References 0.409ms
[1.501s][info][gc,phases   ] GC(13) Concurrent Reset Relocation Set 0.009ms
[1.511s][info][gc,phases   ] GC(13) Concurrent Select Relocation Set 10.781ms
[1.512s][info][gc,phases   ] GC(13) Pause Relocate Start 0.006ms
[1.526s][info][gc,phases   ] GC(13) Concurrent Relocate 14.274ms
[1.526s][info][gc,load     ] GC(13) Load: 0.00/0.00/0.00
[1.526s][info][gc,mmu      ] GC(13) MMU: 2ms/98.5%, 5ms/99.4%, 10ms/99.5%, 20ms/99.7%, 50ms/99.9%, 100ms/99.9%
[1.526s][info][gc,marking  ] GC(13) Mark: 4 stripe(s), 2 proactive flush(es), 1 terminate flush(es), 0 completion(s), 0 continuation(s) 
[1.526s][info][gc,marking  ] GC(13) Mark Stack Usage: 32M
[1.526s][info][gc,nmethod  ] GC(13) NMethods: 327 registered, 0 unregistered
[1.526s][info][gc,metaspace] GC(13) Metaspace: 0M used, 0M committed, 1032M reserved
[1.526s][info][gc,ref      ] GC(13) Soft: 95 encountered, 0 discovered, 0 enqueued
[1.526s][info][gc,ref      ] GC(13) Weak: 147 encountered, 2 discovered, 0 enqueued
[1.526s][info][gc,ref      ] GC(13) Final: 0 encountered, 0 discovered, 0 enqueued
[1.526s][info][gc,ref      ] GC(13) Phantom: 1 encountered, 0 discovered, 0 enqueued
[1.526s][info][gc,reloc    ] GC(13) Small Pages: 202 / 404M, Empty: 254M, Relocated: 22M, In-Place: 0
[1.526s][info][gc,reloc    ] GC(13) Medium Pages: 1 / 32M, Empty: 0M, Relocated: 0M, In-Place: 0
[1.526s][info][gc,reloc    ] GC(13) Large Pages: 0 / 0M, Empty: 0M, Relocated: 0M, In-Place: 0
[1.526s][info][gc,reloc    ] GC(13) Forwarding Usage: 17M
[1.526s][info][gc,heap     ] GC(13) Min Capacity: 1024M(100%)
[1.526s][info][gc,heap     ] GC(13) Max Capacity: 1024M(100%)
[1.526s][info][gc,heap     ] GC(13) Soft Max Capacity: 1024M(100%)
[1.526s][info][gc,heap     ] GC(13)                Mark Start          Mark End        Relocate Start      Relocate End           High               Low         
[1.526s][info][gc,heap     ] GC(13)  Capacity:     1024M (100%)       1024M (100%)       1024M (100%)       1024M (100%)       1024M (100%)       1024M (100%)   
[1.526s][info][gc,heap     ] GC(13)      Free:      588M (57%)         410M (40%)         630M (62%)         666M (65%)         674M (66%)         410M (40%)    
[1.526s][info][gc,heap     ] GC(13)      Used:      436M (43%)         614M (60%)         394M (38%)         358M (35%)         614M (60%)         350M (34%)    
[1.526s][info][gc,heap     ] GC(13)      Live:         -                67M (7%)           67M (7%)           67M (7%)             -                  -          
[1.526s][info][gc,heap     ] GC(13) Allocated:         -               178M (17%)         212M (21%)         245M (24%)            -                  -          
[1.526s][info][gc,heap     ] GC(13)   Garbage:         -               368M (36%)         114M (11%)          44M (4%)             -                  -          
[1.526s][info][gc,heap     ] GC(13) Reclaimed:         -                  -               254M (25%)         323M (32%)            -                  -          
[1.526s][info][gc          ] GC(13) Garbage Collection (Allocation Rate) 436M(43%)->358M(35%)
[1.548s][info][gc,start    ] GC(14) Garbage Collection (Allocation Rate)
[1.548s][info][gc,task     ] GC(14) Using 4 workers
[1.548s][info][gc,phases   ] GC(14) Pause Mark Start 0.004ms
[1.593s][info][gc,phases   ] GC(14) Concurrent Mark 44.612ms
[1.593s][info][gc,phases   ] GC(14) Pause Mark End 0.009ms
[1.593s][info][gc,phases   ] GC(14) Concurrent Mark Free 0.001ms
[1.593s][info][gc,phases   ] GC(14) Concurrent Process Non-Strong References 0.347ms
[1.593s][info][gc,phases   ] GC(14) Concurrent Reset Relocation Set 0.011ms
[1.598s][info][gc,phases   ] GC(14) Concurrent Select Relocation Set 4.787ms
[1.598s][info][gc,phases   ] GC(14) Pause Relocate Start 0.005ms
[1.614s][info][gc,phases   ] GC(14) Concurrent Relocate 15.957ms
[1.614s][info][gc,load     ] GC(14) Load: 0.00/0.00/0.00
[1.614s][info][gc,mmu      ] GC(14) MMU: 2ms/98.5%, 5ms/99.4%, 10ms/99.5%, 20ms/99.7%, 50ms/99.9%, 100ms/99.9%
[1.614s][info][gc,marking  ] GC(14) Mark: 4 stripe(s), 2 proactive flush(es), 1 terminate flush(es), 0 completion(s), 0 continuation(s) 
[1.614s][info][gc,marking  ] GC(14) Mark Stack Usage: 32M
[1.614s][info][gc,nmethod  ] GC(14) NMethods: 327 registered, 0 unregistered
[1.614s][info][gc,metaspace] GC(14) Metaspace: 0M used, 0M committed, 1032M reserved
[1.614s][info][gc,ref      ] GC(14) Soft: 95 encountered, 0 discovered, 0 enqueued
[1.614s][info][gc,ref      ] GC(14) Weak: 147 encountered, 5 discovered, 0 enqueued
[1.614s][info][gc,ref      ] GC(14) Final: 0 encountered, 0 discovered, 0 enqueued
[1.614s][info][gc,ref      ] GC(14) Phantom: 1 encountered, 0 discovered, 0 enqueued
[1.614s][info][gc,reloc    ] GC(14) Small Pages: 204 / 408M, Empty: 250M, Relocated: 20M, In-Place: 0
[1.614s][info][gc,reloc    ] GC(14) Medium Pages: 1 / 32M, Empty: 0M, Relocated: 0M, In-Place: 0
[1.614s][info][gc,reloc    ] GC(14) Large Pages: 0 / 0M, Empty: 0M, Relocated: 0M, In-Place: 0
[1.615s][info][gc,reloc    ] GC(14) Forwarding Usage: 16M
[1.615s][info][gc,heap     ] GC(14) Min Capacity: 1024M(100%)
[1.615s][info][gc,heap     ] GC(14) Max Capacity: 1024M(100%)
[1.615s][info][gc,heap     ] GC(14) Soft Max Capacity: 1024M(100%)
[1.615s][info][gc,heap     ] GC(14)                Mark Start          Mark End        Relocate Start      Relocate End           High               Low         
[1.615s][info][gc,heap     ] GC(14)  Capacity:     1024M (100%)       1024M (100%)       1024M (100%)       1024M (100%)       1024M (100%)       1024M (100%)   
[1.615s][info][gc,heap     ] GC(14)      Free:      584M (57%)         428M (42%)         660M (64%)         698M (68%)         712M (70%)         428M (42%)    
[1.615s][info][gc,heap     ] GC(14)      Used:      440M (43%)         596M (58%)         364M (36%)         326M (32%)         596M (58%)         312M (30%)    
[1.615s][info][gc,heap     ] GC(14)      Live:         -                67M (7%)           67M (7%)           67M (7%)             -                  -          
[1.615s][info][gc,heap     ] GC(14) Allocated:         -               156M (15%)         174M (17%)         211M (21%)            -                  -          
[1.615s][info][gc,heap     ] GC(14)   Garbage:         -               372M (36%)         122M (12%)          46M (5%)             -                  -          
[1.615s][info][gc,heap     ] GC(14) Reclaimed:         -                  -               250M (24%)         325M (32%)            -                  -          
[1.615s][info][gc          ] GC(14) Garbage Collection (Allocation Rate) 440M(43%)->326M(32%)
[1.655s][info][gc,start    ] GC(15) Garbage Collection (Allocation Rate)
[1.655s][info][gc,task     ] GC(15) Using 4 workers
[1.655s][info][gc,phases   ] GC(15) Pause Mark Start 0.004ms
[1.701s][info][gc,phases   ] GC(15) Concurrent Mark 46.531ms
[1.702s][info][gc,phases   ] GC(15) Pause Mark End 0.008ms
[1.702s][info][gc,phases   ] GC(15) Concurrent Mark Free 0.001ms
[1.702s][info][gc,phases   ] GC(15) Concurrent Process Non-Strong References 0.411ms
[1.702s][info][gc,phases   ] GC(15) Concurrent Reset Relocation Set 0.019ms
[1.709s][info][gc,phases   ] GC(15) Concurrent Select Relocation Set 7.272ms
[1.710s][info][gc,phases   ] GC(15) Pause Relocate Start 0.006ms
[1.725s][info][gc,phases   ] GC(15) Concurrent Relocate 15.192ms
[1.725s][info][gc,load     ] GC(15) Load: 0.00/0.00/0.00
[1.725s][info][gc,mmu      ] GC(15) MMU: 2ms/98.5%, 5ms/99.4%, 10ms/99.5%, 20ms/99.7%, 50ms/99.9%, 100ms/99.9%
[1.725s][info][gc,marking  ] GC(15) Mark: 4 stripe(s), 2 proactive flush(es), 1 terminate flush(es), 0 completion(s), 0 continuation(s) 
[1.725s][info][gc,marking  ] GC(15) Mark Stack Usage: 32M
[1.725s][info][gc,nmethod  ] GC(15) NMethods: 327 registered, 0 unregistered
[1.725s][info][gc,metaspace] GC(15) Metaspace: 0M used, 0M committed, 1032M reserved
[1.725s][info][gc,ref      ] GC(15) Soft: 95 encountered, 0 discovered, 0 enqueued
[1.725s][info][gc,ref      ] GC(15) Weak: 147 encountered, 14 discovered, 0 enqueued
[1.725s][info][gc,ref      ] GC(15) Final: 0 encountered, 0 discovered, 0 enqueued
[1.725s][info][gc,ref      ] GC(15) Phantom: 1 encountered, 1 discovered, 0 enqueued
[1.725s][info][gc,reloc    ] GC(15) Small Pages: 235 / 470M, Empty: 328M, Relocated: 17M, In-Place: 0
[1.725s][info][gc,reloc    ] GC(15) Medium Pages: 1 / 32M, Empty: 0M, Relocated: 0M, In-Place: 0
[1.725s][info][gc,reloc    ] GC(15) Large Pages: 0 / 0M, Empty: 0M, Relocated: 0M, In-Place: 0
[1.725s][info][gc,reloc    ] GC(15) Forwarding Usage: 12M
[1.725s][info][gc,heap     ] GC(15) Min Capacity: 1024M(100%)
[1.725s][info][gc,heap     ] GC(15) Max Capacity: 1024M(100%)
[1.725s][info][gc,heap     ] GC(15) Soft Max Capacity: 1024M(100%)
[1.725s][info][gc,heap     ] GC(15)                Mark Start          Mark End        Relocate Start      Relocate End           High               Low         
[1.725s][info][gc,heap     ] GC(15)  Capacity:     1024M (100%)       1024M (100%)       1024M (100%)       1024M (100%)       1024M (100%)       1024M (100%)   
[1.725s][info][gc,heap     ] GC(15)      Free:      522M (51%)         356M (35%)         654M (64%)         674M (66%)         692M (68%)         354M (35%)    
[1.725s][info][gc,heap     ] GC(15)      Used:      502M (49%)         668M (65%)         370M (36%)         350M (34%)         670M (65%)         332M (32%)    
[1.725s][info][gc,heap     ] GC(15)      Live:         -                67M (7%)           67M (7%)           67M (7%)             -                  -          
[1.725s][info][gc,heap     ] GC(15) Allocated:         -               166M (16%)         196M (19%)         237M (23%)            -                  -          
[1.725s][info][gc,heap     ] GC(15)   Garbage:         -               434M (42%)         106M (10%)          44M (4%)             -                  -          
[1.725s][info][gc,heap     ] GC(15) Reclaimed:         -                  -               328M (32%)         389M (38%)            -                  -          
[1.725s][info][gc          ] GC(15) Garbage Collection (Allocation Rate) 502M(49%)->350M(34%)
[1.749s][info][gc,start    ] GC(16) Garbage Collection (Allocation Rate)
[1.749s][info][gc,task     ] GC(16) Using 4 workers
[1.750s][info][gc,phases   ] GC(16) Pause Mark Start 0.008ms
[1.796s][info][gc,phases   ] GC(16) Concurrent Mark 46.524ms
[1.796s][info][gc,phases   ] GC(16) Pause Mark End 0.010ms
[1.796s][info][gc,phases   ] GC(16) Concurrent Mark Free 0.000ms
[1.797s][info][gc,phases   ] GC(16) Concurrent Process Non-Strong References 0.385ms
[1.797s][info][gc,phases   ] GC(16) Concurrent Reset Relocation Set 0.009ms
[1.809s][info][gc,phases   ] GC(16) Concurrent Select Relocation Set 11.820ms
[1.809s][info][gc,phases   ] GC(16) Pause Relocate Start 0.006ms
[1.826s][info][gc,phases   ] GC(16) Concurrent Relocate 17.051ms
[1.826s][info][gc,load     ] GC(16) Load: 0.00/0.00/0.00
[1.826s][info][gc,mmu      ] GC(16) MMU: 2ms/98.5%, 5ms/99.4%, 10ms/99.5%, 20ms/99.7%, 50ms/99.9%, 100ms/99.9%
[1.826s][info][gc,marking  ] GC(16) Mark: 4 stripe(s), 2 proactive flush(es), 1 terminate flush(es), 0 completion(s), 0 continuation(s) 
[1.826s][info][gc,marking  ] GC(16) Mark Stack Usage: 32M
[1.826s][info][gc,nmethod  ] GC(16) NMethods: 327 registered, 0 unregistered
[1.826s][info][gc,metaspace] GC(16) Metaspace: 0M used, 0M committed, 1032M reserved
[1.826s][info][gc,ref      ] GC(16) Soft: 95 encountered, 0 discovered, 0 enqueued
[1.826s][info][gc,ref      ] GC(16) Weak: 147 encountered, 2 discovered, 0 enqueued
[1.826s][info][gc,ref      ] GC(16) Final: 0 encountered, 0 discovered, 0 enqueued
[1.826s][info][gc,ref      ] GC(16) Phantom: 1 encountered, 0 discovered, 0 enqueued
[1.826s][info][gc,reloc    ] GC(16) Small Pages: 213 / 426M, Empty: 276M, Relocated: 20M, In-Place: 0
[1.826s][info][gc,reloc    ] GC(16) Medium Pages: 1 / 32M, Empty: 0M, Relocated: 0M, In-Place: 0
[1.826s][info][gc,reloc    ] GC(16) Large Pages: 0 / 0M, Empty: 0M, Relocated: 0M, In-Place: 0
[1.826s][info][gc,reloc    ] GC(16) Forwarding Usage: 14M
[1.826s][info][gc,heap     ] GC(16) Min Capacity: 1024M(100%)
[1.826s][info][gc,heap     ] GC(16) Max Capacity: 1024M(100%)
[1.826s][info][gc,heap     ] GC(16) Soft Max Capacity: 1024M(100%)
[1.826s][info][gc,heap     ] GC(16)                Mark Start          Mark End        Relocate Start      Relocate End           High               Low         
[1.826s][info][gc,heap     ] GC(16)  Capacity:     1024M (100%)       1024M (100%)       1024M (100%)       1024M (100%)       1024M (100%)       1024M (100%)   
[1.826s][info][gc,heap     ] GC(16)      Free:      566M (55%)         390M (38%)         620M (61%)         646M (63%)         662M (65%)         386M (38%)    
[1.826s][info][gc,heap     ] GC(16)      Used:      458M (45%)         634M (62%)         404M (39%)         378M (37%)         638M (62%)         362M (35%)    
[1.826s][info][gc,heap     ] GC(16)      Live:         -                67M (7%)           67M (7%)           67M (7%)             -                  -          
[1.826s][info][gc,heap     ] GC(16) Allocated:         -               176M (17%)         222M (22%)         264M (26%)            -                  -          
[1.826s][info][gc,heap     ] GC(16)   Garbage:         -               390M (38%)         114M (11%)          45M (4%)             -                  -          
[1.826s][info][gc,heap     ] GC(16) Reclaimed:         -                  -               276M (27%)         344M (34%)            -                  -          
[1.826s][info][gc          ] GC(16) Garbage Collection (Allocation Rate) 458M(45%)->378M(37%)
[1.859s][info][gc,start    ] GC(17) Garbage Collection (Allocation Rate)
[1.859s][info][gc,task     ] GC(17) Using 4 workers
[1.859s][info][gc,phases   ] GC(17) Pause Mark Start 0.004ms
[1.907s][info][gc,phases   ] GC(17) Concurrent Mark 47.603ms
[1.907s][info][gc,phases   ] GC(17) Pause Mark End 0.014ms
[1.907s][info][gc,phases   ] GC(17) Concurrent Mark Free 0.001ms
[1.907s][info][gc,phases   ] GC(17) Concurrent Process Non-Strong References 0.389ms
[1.908s][info][gc,phases   ] GC(17) Concurrent Reset Relocation Set 0.011ms
[1.913s][info][gc,phases   ] GC(17) Concurrent Select Relocation Set 5.642ms
[1.913s][info][gc,phases   ] GC(17) Pause Relocate Start 0.006ms
[1.924s][info][gc,phases   ] GC(17) Concurrent Relocate 10.899ms
[1.924s][info][gc,load     ] GC(17) Load: 0.00/0.00/0.00
[1.924s][info][gc,mmu      ] GC(17) MMU: 2ms/98.5%, 5ms/99.4%, 10ms/99.5%, 20ms/99.7%, 50ms/99.9%, 100ms/99.9%
[1.924s][info][gc,marking  ] GC(17) Mark: 4 stripe(s), 2 proactive flush(es), 1 terminate flush(es), 0 completion(s), 0 continuation(s) 
[1.924s][info][gc,marking  ] GC(17) Mark Stack Usage: 32M
[1.924s][info][gc,nmethod  ] GC(17) NMethods: 327 registered, 0 unregistered
[1.924s][info][gc,metaspace] GC(17) Metaspace: 0M used, 0M committed, 1032M reserved
[1.924s][info][gc,ref      ] GC(17) Soft: 95 encountered, 0 discovered, 0 enqueued
[1.924s][info][gc,ref      ] GC(17) Weak: 147 encountered, 0 discovered, 0 enqueued
[1.924s][info][gc,ref      ] GC(17) Final: 0 encountered, 0 discovered, 0 enqueued
[1.924s][info][gc,ref      ] GC(17) Phantom: 1 encountered, 0 discovered, 0 enqueued
[1.924s][info][gc,reloc    ] GC(17) Small Pages: 238 / 476M, Empty: 316M, Relocated: 15M, In-Place: 0
[1.924s][info][gc,reloc    ] GC(17) Medium Pages: 1 / 32M, Empty: 0M, Relocated: 0M, In-Place: 0
[1.924s][info][gc,reloc    ] GC(17) Large Pages: 0 / 0M, Empty: 0M, Relocated: 0M, In-Place: 0
[1.924s][info][gc,reloc    ] GC(17) Forwarding Usage: 11M
[1.924s][info][gc,heap     ] GC(17) Min Capacity: 1024M(100%)
[1.924s][info][gc,heap     ] GC(17) Max Capacity: 1024M(100%)
[1.924s][info][gc,heap     ] GC(17) Soft Max Capacity: 1024M(100%)
[1.924s][info][gc,heap     ] GC(17)                Mark Start          Mark End        Relocate Start      Relocate End           High               Low         
[1.924s][info][gc,heap     ] GC(17)  Capacity:     1024M (100%)       1024M (100%)       1024M (100%)       1024M (100%)       1024M (100%)       1024M (100%)   
[1.924s][info][gc,heap     ] GC(17)      Free:      516M (50%)         336M (33%)         632M (62%)         684M (67%)         686M (67%)         334M (33%)    
[1.925s][info][gc,heap     ] GC(17)      Used:      508M (50%)         688M (67%)         392M (38%)         340M (33%)         690M (67%)         338M (33%)    
[1.925s][info][gc,heap     ] GC(17)      Live:         -                67M (7%)           67M (7%)           67M (7%)             -                  -          
[1.925s][info][gc,heap     ] GC(17) Allocated:         -               180M (18%)         200M (20%)         224M (22%)            -                  -          
[1.925s][info][gc,heap     ] GC(17)   Garbage:         -               440M (43%)         124M (12%)          47M (5%)             -                  -          
[1.925s][info][gc,heap     ] GC(17) Reclaimed:         -                  -               316M (31%)         392M (38%)            -                  -          
[1.925s][info][gc          ] GC(17) Garbage Collection (Allocation Rate) 508M(50%)->340M(33%)
[1.954s][info][gc,start    ] GC(18) Garbage Collection (Allocation Rate)
[1.954s][info][gc,task     ] GC(18) Using 4 workers
[1.954s][info][gc,phases   ] GC(18) Pause Mark Start 0.004ms
[2.001s][info][gc,phases   ] GC(18) Concurrent Mark 46.668ms
[2.001s][info][gc,phases   ] GC(18) Pause Mark End 0.017ms
[2.001s][info][gc,phases   ] GC(18) Concurrent Mark Free 0.001ms
[2.001s][info][gc,phases   ] GC(18) Concurrent Process Non-Strong References 0.415ms
[2.001s][info][gc,phases   ] GC(18) Concurrent Reset Relocation Set 0.011ms
[2.014s][info][gc,phases   ] GC(18) Concurrent Select Relocation Set 12.956ms
[2.015s][info][gc,phases   ] GC(18) Pause Relocate Start 0.007ms
[2.028s][info][gc,phases   ] GC(18) Concurrent Relocate 13.673ms
[2.028s][info][gc,load     ] GC(18) Load: 0.00/0.00/0.00
[2.028s][info][gc,mmu      ] GC(18) MMU: 2ms/98.5%, 5ms/99.4%, 10ms/99.5%, 20ms/99.7%, 50ms/99.9%, 100ms/99.9%
[2.028s][info][gc,marking  ] GC(18) Mark: 4 stripe(s), 2 proactive flush(es), 1 terminate flush(es), 0 completion(s), 0 continuation(s) 
[2.028s][info][gc,marking  ] GC(18) Mark Stack Usage: 32M
[2.028s][info][gc,nmethod  ] GC(18) NMethods: 327 registered, 0 unregistered
[2.029s][info][gc,metaspace] GC(18) Metaspace: 0M used, 0M committed, 1032M reserved
[2.029s][info][gc,ref      ] GC(18) Soft: 95 encountered, 0 discovered, 0 enqueued
[2.029s][info][gc,ref      ] GC(18) Weak: 147 encountered, 2 discovered, 0 enqueued
[2.029s][info][gc,ref      ] GC(18) Final: 0 encountered, 0 discovered, 0 enqueued
[2.029s][info][gc,ref      ] GC(18) Phantom: 1 encountered, 0 discovered, 0 enqueued
[2.029s][info][gc,reloc    ] GC(18) Small Pages: 212 / 424M, Empty: 292M, Relocated: 17M, In-Place: 0
[2.029s][info][gc,reloc    ] GC(18) Medium Pages: 1 / 32M, Empty: 0M, Relocated: 0M, In-Place: 0
[2.029s][info][gc,reloc    ] GC(18) Large Pages: 0 / 0M, Empty: 0M, Relocated: 0M, In-Place: 0
[2.029s][info][gc,reloc    ] GC(18) Forwarding Usage: 12M
[2.029s][info][gc,heap     ] GC(18) Min Capacity: 1024M(100%)
[2.029s][info][gc,heap     ] GC(18) Max Capacity: 1024M(100%)
[2.029s][info][gc,heap     ] GC(18) Soft Max Capacity: 1024M(100%)
[2.029s][info][gc,heap     ] GC(18)                Mark Start          Mark End        Relocate Start      Relocate End           High               Low         
[2.029s][info][gc,heap     ] GC(18)  Capacity:     1024M (100%)       1024M (100%)       1024M (100%)       1024M (100%)       1024M (100%)       1024M (100%)   
[2.029s][info][gc,heap     ] GC(18)      Free:      568M (55%)         394M (38%)         638M (62%)         660M (64%)         666M (65%)         392M (38%)    
[2.029s][info][gc,heap     ] GC(18)      Used:      456M (45%)         630M (62%)         386M (38%)         364M (36%)         632M (62%)         358M (35%)    
[2.029s][info][gc,heap     ] GC(18)      Live:         -                67M (7%)           67M (7%)           67M (7%)             -                  -          
[2.029s][info][gc,heap     ] GC(18) Allocated:         -               174M (17%)         222M (22%)         251M (25%)            -                  -          
[2.029s][info][gc,heap     ] GC(18)   Garbage:         -               388M (38%)          96M (9%)           44M (4%)             -                  -          
[2.029s][info][gc,heap     ] GC(18) Reclaimed:         -                  -               292M (29%)         343M (34%)            -                  -          
[2.029s][info][gc          ] GC(18) Garbage Collection (Allocation Rate) 456M(45%)->364M(36%)
[2.062s][info][gc,start    ] GC(19) Garbage Collection (Allocation Rate)
[2.063s][info][gc,task     ] GC(19) Using 4 workers
[2.063s][info][gc,phases   ] GC(19) Pause Mark Start 0.005ms
[2.124s][info][gc,phases   ] GC(19) Concurrent Mark 61.525ms
[2.124s][info][gc,phases   ] GC(19) Pause Mark End 0.011ms
[2.125s][info][gc,phases   ] GC(19) Concurrent Mark Free 0.001ms
[2.125s][info][gc,phases   ] GC(19) Concurrent Process Non-Strong References 0.306ms
[2.125s][info][gc,phases   ] GC(19) Concurrent Reset Relocation Set 0.006ms
[2.134s][info][gc,phases   ] GC(19) Concurrent Select Relocation Set 9.496ms
[2.135s][info][gc,phases   ] GC(19) Pause Relocate Start 0.005ms
[2.148s][info][gc,phases   ] GC(19) Concurrent Relocate 13.444ms
[2.148s][info][gc,load     ] GC(19) Load: 0.00/0.00/0.00
[2.148s][info][gc,mmu      ] GC(19) MMU: 2ms/98.5%, 5ms/99.4%, 10ms/99.5%, 20ms/99.7%, 50ms/99.9%, 100ms/99.9%
[2.148s][info][gc,marking  ] GC(19) Mark: 4 stripe(s), 2 proactive flush(es), 1 terminate flush(es), 0 completion(s), 0 continuation(s) 
[2.148s][info][gc,marking  ] GC(19) Mark Stack Usage: 32M
[2.148s][info][gc,nmethod  ] GC(19) NMethods: 327 registered, 0 unregistered
[2.148s][info][gc,metaspace] GC(19) Metaspace: 0M used, 0M committed, 1032M reserved
[2.148s][info][gc,ref      ] GC(19) Soft: 95 encountered, 0 discovered, 0 enqueued
[2.148s][info][gc,ref      ] GC(19) Weak: 147 encountered, 5 discovered, 0 enqueued
[2.148s][info][gc,ref      ] GC(19) Final: 0 encountered, 0 discovered, 0 enqueued
[2.148s][info][gc,ref      ] GC(19) Phantom: 1 encountered, 0 discovered, 0 enqueued
[2.148s][info][gc,reloc    ] GC(19) Small Pages: 234 / 468M, Empty: 306M, Relocated: 19M, In-Place: 0
[2.148s][info][gc,reloc    ] GC(19) Medium Pages: 1 / 32M, Empty: 0M, Relocated: 0M, In-Place: 0
[2.148s][info][gc,reloc    ] GC(19) Large Pages: 0 / 0M, Empty: 0M, Relocated: 0M, In-Place: 0
[2.148s][info][gc,reloc    ] GC(19) Forwarding Usage: 13M
[2.148s][info][gc,heap     ] GC(19) Min Capacity: 1024M(100%)
[2.148s][info][gc,heap     ] GC(19) Max Capacity: 1024M(100%)
[2.148s][info][gc,heap     ] GC(19) Soft Max Capacity: 1024M(100%)
[2.148s][info][gc,heap     ] GC(19)                Mark Start          Mark End        Relocate Start      Relocate End           High               Low         
[2.148s][info][gc,heap     ] GC(19)  Capacity:     1024M (100%)       1024M (100%)       1024M (100%)       1024M (100%)       1024M (100%)       1024M (100%)   
[2.148s][info][gc,heap     ] GC(19)      Free:      524M (51%)         310M (30%)         588M (57%)         640M (62%)         644M (63%)         310M (30%)    
[2.148s][info][gc,heap     ] GC(19)      Used:      500M (49%)         714M (70%)         436M (43%)         384M (38%)         714M (70%)         380M (37%)    
[2.148s][info][gc,heap     ] GC(19)      Live:         -                67M (7%)           67M (7%)           67M (7%)             -                  -          
[2.148s][info][gc,heap     ] GC(19) Allocated:         -               214M (21%)         242M (24%)         271M (27%)            -                  -          
[2.148s][info][gc,heap     ] GC(19)   Garbage:         -               432M (42%)         126M (12%)          44M (4%)             -                  -          
[2.148s][info][gc,heap     ] GC(19) Reclaimed:         -                  -               306M (30%)         387M (38%)            -                  -          
[2.148s][info][gc          ] GC(19) Garbage Collection (Allocation Rate) 500M(49%)->384M(38%)
[2.156s][info][gc,start    ] GC(20) Garbage Collection (Allocation Rate)
[2.156s][info][gc,task     ] GC(20) Using 4 workers
[2.157s][info][gc,phases   ] GC(20) Pause Mark Start 0.015ms
[2.203s][info][gc,phases   ] GC(20) Concurrent Mark 46.269ms
[2.203s][info][gc,phases   ] GC(20) Pause Mark End 0.012ms
[2.203s][info][gc,phases   ] GC(20) Concurrent Mark Free 0.001ms
[2.204s][info][gc,phases   ] GC(20) Concurrent Process Non-Strong References 0.323ms
[2.204s][info][gc,phases   ] GC(20) Concurrent Reset Relocation Set 0.012ms
[2.219s][info][gc,phases   ] GC(20) Concurrent Select Relocation Set 15.470ms
[2.219s][info][gc,phases   ] GC(20) Pause Relocate Start 0.009ms
[2.234s][info][gc,phases   ] GC(20) Concurrent Relocate 14.533ms
[2.234s][info][gc,load     ] GC(20) Load: 0.00/0.00/0.00
[2.234s][info][gc,mmu      ] GC(20) MMU: 2ms/98.5%, 5ms/99.4%, 10ms/99.5%, 20ms/99.7%, 50ms/99.9%, 100ms/99.9%
[2.234s][info][gc,marking  ] GC(20) Mark: 4 stripe(s), 2 proactive flush(es), 1 terminate flush(es), 0 completion(s), 0 continuation(s) 
[2.234s][info][gc,marking  ] GC(20) Mark Stack Usage: 32M
[2.234s][info][gc,nmethod  ] GC(20) NMethods: 327 registered, 0 unregistered
[2.234s][info][gc,metaspace] GC(20) Metaspace: 0M used, 0M committed, 1032M reserved
[2.234s][info][gc,ref      ] GC(20) Soft: 95 encountered, 0 discovered, 0 enqueued
[2.234s][info][gc,ref      ] GC(20) Weak: 147 encountered, 2 discovered, 0 enqueued
[2.234s][info][gc,ref      ] GC(20) Final: 0 encountered, 0 discovered, 0 enqueued
[2.234s][info][gc,ref      ] GC(20) Phantom: 1 encountered, 0 discovered, 0 enqueued
[2.234s][info][gc,reloc    ] GC(20) Small Pages: 191 / 382M, Empty: 254M, Relocated: 18M, In-Place: 0
[2.234s][info][gc,reloc    ] GC(20) Medium Pages: 1 / 32M, Empty: 0M, Relocated: 0M, In-Place: 0
[2.234s][info][gc,reloc    ] GC(20) Large Pages: 0 / 0M, Empty: 0M, Relocated: 0M, In-Place: 0
[2.234s][info][gc,reloc    ] GC(20) Forwarding Usage: 14M
[2.234s][info][gc,heap     ] GC(20) Min Capacity: 1024M(100%)
[2.234s][info][gc,heap     ] GC(20) Max Capacity: 1024M(100%)
[2.234s][info][gc,heap     ] GC(20) Soft Max Capacity: 1024M(100%)
[2.234s][info][gc,heap     ] GC(20)                Mark Start          Mark End        Relocate Start      Relocate End           High               Low         
[2.234s][info][gc,heap     ] GC(20)  Capacity:     1024M (100%)       1024M (100%)       1024M (100%)       1024M (100%)       1024M (100%)       1024M (100%)   
[2.234s][info][gc,heap     ] GC(20)      Free:      610M (60%)         456M (45%)         650M (63%)         668M (65%)         684M (67%)         452M (44%)    
[2.234s][info][gc,heap     ] GC(20)      Used:      414M (40%)         568M (55%)         374M (37%)         356M (35%)         572M (56%)         340M (33%)    
[2.234s][info][gc,heap     ] GC(20)      Live:         -                67M (7%)           67M (7%)           67M (7%)             -                  -          
[2.234s][info][gc,heap     ] GC(20) Allocated:         -               154M (15%)         214M (21%)         245M (24%)            -                  -          
[2.234s][info][gc,heap     ] GC(20)   Garbage:         -               346M (34%)          92M (9%)           43M (4%)             -                  -          
[2.234s][info][gc,heap     ] GC(20) Reclaimed:         -                  -               254M (25%)         303M (30%)            -                  -          
[2.234s][info][gc          ] GC(20) Garbage Collection (Allocation Rate) 414M(40%)->356M(35%)
[2.251s][info][gc,start    ] GC(21) Garbage Collection (Allocation Rate)
[2.251s][info][gc,task     ] GC(21) Using 4 workers
[2.251s][info][gc,phases   ] GC(21) Pause Mark Start 0.005ms
[2.299s][info][gc,phases   ] GC(21) Concurrent Mark 47.468ms
[2.299s][info][gc,phases   ] GC(21) Pause Mark End 0.016ms
[2.299s][info][gc,phases   ] GC(21) Concurrent Mark Free 0.001ms
[2.299s][info][gc,phases   ] GC(21) Concurrent Process Non-Strong References 0.305ms
[2.299s][info][gc,phases   ] GC(21) Concurrent Reset Relocation Set 0.008ms
[2.305s][info][gc,phases   ] GC(21) Concurrent Select Relocation Set 5.195ms
[2.305s][info][gc,phases   ] GC(21) Pause Relocate Start 0.005ms
[2.316s][info][gc,phases   ] GC(21) Concurrent Relocate 10.768ms
[2.316s][info][gc,load     ] GC(21) Load: 0.00/0.00/0.00
[2.316s][info][gc,mmu      ] GC(21) MMU: 2ms/98.5%, 5ms/99.4%, 10ms/99.5%, 20ms/99.7%, 50ms/99.9%, 100ms/99.9%
[2.316s][info][gc,marking  ] GC(21) Mark: 4 stripe(s), 2 proactive flush(es), 1 terminate flush(es), 0 completion(s), 0 continuation(s) 
[2.316s][info][gc,marking  ] GC(21) Mark Stack Usage: 32M
[2.316s][info][gc,nmethod  ] GC(21) NMethods: 327 registered, 0 unregistered
[2.316s][info][gc,metaspace] GC(21) Metaspace: 0M used, 0M committed, 1032M reserved
[2.316s][info][gc,ref      ] GC(21) Soft: 95 encountered, 0 discovered, 0 enqueued
[2.316s][info][gc,ref      ] GC(21) Weak: 147 encountered, 0 discovered, 0 enqueued
[2.316s][info][gc,ref      ] GC(21) Final: 0 encountered, 0 discovered, 0 enqueued
[2.316s][info][gc,ref      ] GC(21) Phantom: 1 encountered, 0 discovered, 0 enqueued
[2.316s][info][gc,reloc    ] GC(21) Small Pages: 197 / 394M, Empty: 252M, Relocated: 15M, In-Place: 0
[2.316s][info][gc,reloc    ] GC(21) Medium Pages: 1 / 32M, Empty: 0M, Relocated: 0M, In-Place: 0
[2.316s][info][gc,reloc    ] GC(21) Large Pages: 0 / 0M, Empty: 0M, Relocated: 0M, In-Place: 0
[2.316s][info][gc,reloc    ] GC(21) Forwarding Usage: 11M
[2.316s][info][gc,heap     ] GC(21) Min Capacity: 1024M(100%)
[2.316s][info][gc,heap     ] GC(21) Max Capacity: 1024M(100%)
[2.316s][info][gc,heap     ] GC(21) Soft Max Capacity: 1024M(100%)
[2.316s][info][gc,heap     ] GC(21)                Mark Start          Mark End        Relocate Start      Relocate End           High               Low         
[2.316s][info][gc,heap     ] GC(21)  Capacity:     1024M (100%)       1024M (100%)       1024M (100%)       1024M (100%)       1024M (100%)       1024M (100%)   
[2.316s][info][gc,heap     ] GC(21)      Free:      598M (58%)         408M (40%)         640M (62%)         678M (66%)         682M (67%)         408M (40%)    
[2.316s][info][gc,heap     ] GC(21)      Used:      426M (42%)         616M (60%)         384M (38%)         346M (34%)         616M (60%)         342M (33%)    
[2.316s][info][gc,heap     ] GC(21)      Live:         -                67M (7%)           67M (7%)           67M (7%)             -                  -          
[2.316s][info][gc,heap     ] GC(21) Allocated:         -               190M (19%)         210M (21%)         232M (23%)            -                  -          
[2.316s][info][gc,heap     ] GC(21)   Garbage:         -               358M (35%)         106M (10%)          45M (4%)             -                  -          
[2.316s][info][gc,heap     ] GC(21) Reclaimed:         -                  -               252M (25%)         312M (31%)            -                  -          
[2.316s][info][gc          ] GC(21) Garbage Collection (Allocation Rate) 426M(42%)->346M(34%)
[2.362s][info][gc,start    ] GC(22) Garbage Collection (Allocation Rate)
[2.362s][info][gc,task     ] GC(22) Using 4 workers
[2.362s][info][gc,phases   ] GC(22) Pause Mark Start 0.004ms
[2.410s][info][gc,phases   ] GC(22) Concurrent Mark 47.475ms
[2.410s][info][gc,phases   ] GC(22) Pause Mark End 0.010ms
[2.410s][info][gc,phases   ] GC(22) Concurrent Mark Free 0.000ms
[2.410s][info][gc,phases   ] GC(22) Concurrent Process Non-Strong References 0.285ms
[2.410s][info][gc,phases   ] GC(22) Concurrent Reset Relocation Set 0.008ms
[2.420s][info][gc,phases   ] GC(22) Concurrent Select Relocation Set 9.798ms
[2.420s][info][gc,phases   ] GC(22) Pause Relocate Start 0.005ms
[2.433s][info][gc,phases   ] GC(22) Concurrent Relocate 13.331ms
[2.433s][info][gc,load     ] GC(22) Load: 0.00/0.00/0.00
[2.433s][info][gc,mmu      ] GC(22) MMU: 2ms/98.5%, 5ms/99.4%, 10ms/99.5%, 20ms/99.7%, 50ms/99.9%, 100ms/99.9%
[2.433s][info][gc,marking  ] GC(22) Mark: 4 stripe(s), 2 proactive flush(es), 1 terminate flush(es), 0 completion(s), 0 continuation(s) 
[2.433s][info][gc,marking  ] GC(22) Mark Stack Usage: 32M
[2.433s][info][gc,nmethod  ] GC(22) NMethods: 327 registered, 0 unregistered
[2.433s][info][gc,metaspace] GC(22) Metaspace: 0M used, 0M committed, 1032M reserved
[2.433s][info][gc,ref      ] GC(22) Soft: 95 encountered, 0 discovered, 0 enqueued
[2.434s][info][gc,ref      ] GC(22) Weak: 147 encountered, 0 discovered, 0 enqueued
[2.434s][info][gc,ref      ] GC(22) Final: 0 encountered, 0 discovered, 0 enqueued
[2.434s][info][gc,ref      ] GC(22) Phantom: 1 encountered, 0 discovered, 0 enqueued
[2.434s][info][gc,reloc    ] GC(22) Small Pages: 247 / 494M, Empty: 350M, Relocated: 19M, In-Place: 0
[2.434s][info][gc,reloc    ] GC(22) Medium Pages: 1 / 32M, Empty: 0M, Relocated: 0M, In-Place: 0
[2.434s][info][gc,reloc    ] GC(22) Large Pages: 0 / 0M, Empty: 0M, Relocated: 0M, In-Place: 0
[2.434s][info][gc,reloc    ] GC(22) Forwarding Usage: 13M
[2.434s][info][gc,heap     ] GC(22) Min Capacity: 1024M(100%)
[2.434s][info][gc,heap     ] GC(22) Max Capacity: 1024M(100%)
[2.434s][info][gc,heap     ] GC(22) Soft Max Capacity: 1024M(100%)
[2.434s][info][gc,heap     ] GC(22)                Mark Start          Mark End        Relocate Start      Relocate End           High               Low         
[2.434s][info][gc,heap     ] GC(22)  Capacity:     1024M (100%)       1024M (100%)       1024M (100%)       1024M (100%)       1024M (100%)       1024M (100%)   
[2.434s][info][gc,heap     ] GC(22)      Free:      498M (49%)         338M (33%)         652M (64%)         692M (68%)         696M (68%)         338M (33%)    
[2.434s][info][gc,heap     ] GC(22)      Used:      526M (51%)         686M (67%)         372M (36%)         332M (32%)         686M (67%)         328M (32%)    
[2.434s][info][gc,heap     ] GC(22)      Live:         -                67M (7%)           67M (7%)           67M (7%)             -                  -          
[2.434s][info][gc,heap     ] GC(22) Allocated:         -               160M (16%)         196M (19%)         221M (22%)            -                  -          
[2.434s][info][gc,heap     ] GC(22)   Garbage:         -               458M (45%)         108M (11%)          42M (4%)             -                  -          
[2.434s][info][gc,heap     ] GC(22) Reclaimed:         -                  -               350M (34%)         415M (41%)            -                  -          
[2.434s][info][gc          ] GC(22) Garbage Collection (Allocation Rate) 526M(51%)->332M(32%)
[2.456s][info][gc,start    ] GC(23) Garbage Collection (Allocation Rate)
[2.457s][info][gc,task     ] GC(23) Using 4 workers
[2.457s][info][gc,phases   ] GC(23) Pause Mark Start 0.005ms
[2.504s][info][gc,phases   ] GC(23) Concurrent Mark 47.571ms
[2.504s][info][gc,phases   ] GC(23) Pause Mark End 0.014ms
[2.504s][info][gc,phases   ] GC(23) Concurrent Mark Free 0.001ms
[2.505s][info][gc,phases   ] GC(23) Concurrent Process Non-Strong References 0.339ms
[2.505s][info][gc,phases   ] GC(23) Concurrent Reset Relocation Set 0.011ms
[2.517s][info][gc,phases   ] GC(23) Concurrent Select Relocation Set 12.144ms
[2.517s][info][gc,phases   ] GC(23) Pause Relocate Start 0.005ms
[2.531s][info][gc,phases   ] GC(23) Concurrent Relocate 13.403ms
[2.531s][info][gc,load     ] GC(23) Load: 0.00/0.00/0.00
[2.531s][info][gc,mmu      ] GC(23) MMU: 2ms/98.5%, 5ms/99.4%, 10ms/99.5%, 20ms/99.7%, 50ms/99.9%, 100ms/99.9%
[2.531s][info][gc,marking  ] GC(23) Mark: 4 stripe(s), 2 proactive flush(es), 1 terminate flush(es), 0 completion(s), 0 continuation(s) 
[2.531s][info][gc,marking  ] GC(23) Mark Stack Usage: 32M
[2.531s][info][gc,nmethod  ] GC(23) NMethods: 327 registered, 0 unregistered
[2.531s][info][gc,metaspace] GC(23) Metaspace: 0M used, 0M committed, 1032M reserved
[2.531s][info][gc,ref      ] GC(23) Soft: 95 encountered, 0 discovered, 0 enqueued
[2.531s][info][gc,ref      ] GC(23) Weak: 147 encountered, 0 discovered, 0 enqueued
[2.531s][info][gc,ref      ] GC(23) Final: 0 encountered, 0 discovered, 0 enqueued
[2.531s][info][gc,ref      ] GC(23) Phantom: 1 encountered, 0 discovered, 0 enqueued
[2.531s][info][gc,reloc    ] GC(23) Small Pages: 197 / 394M, Empty: 248M, Relocated: 19M, In-Place: 0
[2.531s][info][gc,reloc    ] GC(23) Medium Pages: 1 / 32M, Empty: 0M, Relocated: 0M, In-Place: 0
[2.531s][info][gc,reloc    ] GC(23) Large Pages: 0 / 0M, Empty: 0M, Relocated: 0M, In-Place: 0
[2.531s][info][gc,reloc    ] GC(23) Forwarding Usage: 13M
[2.531s][info][gc,heap     ] GC(23) Min Capacity: 1024M(100%)
[2.531s][info][gc,heap     ] GC(23) Max Capacity: 1024M(100%)
[2.531s][info][gc,heap     ] GC(23) Soft Max Capacity: 1024M(100%)
[2.531s][info][gc,heap     ] GC(23)                Mark Start          Mark End        Relocate Start      Relocate End           High               Low         
[2.531s][info][gc,heap     ] GC(23)  Capacity:     1024M (100%)       1024M (100%)       1024M (100%)       1024M (100%)       1024M (100%)       1024M (100%)   
[2.531s][info][gc,heap     ] GC(23)      Free:      598M (58%)         416M (41%)         616M (60%)         650M (63%)         664M (65%)         416M (41%)    
[2.531s][info][gc,heap     ] GC(23)      Used:      426M (42%)         608M (59%)         408M (40%)         374M (37%)         608M (59%)         360M (35%)    
[2.531s][info][gc,heap     ] GC(23)      Live:         -                67M (7%)           67M (7%)           67M (7%)             -                  -          
[2.531s][info][gc,heap     ] GC(23) Allocated:         -               182M (18%)         230M (22%)         259M (25%)            -                  -          
[2.531s][info][gc,heap     ] GC(23)   Garbage:         -               358M (35%)         110M (11%)          46M (5%)             -                  -          
[2.531s][info][gc,heap     ] GC(23) Reclaimed:         -                  -               248M (24%)         311M (30%)            -                  -          
[2.531s][info][gc          ] GC(23) Garbage Collection (Allocation Rate) 426M(42%)->374M(37%)
[2.552s][info][gc,start    ] GC(24) Garbage Collection (Allocation Rate)
[2.552s][info][gc,task     ] GC(24) Using 4 workers
[2.552s][info][gc,phases   ] GC(24) Pause Mark Start 0.005ms
[2.600s][info][gc,phases   ] GC(24) Concurrent Mark 47.590ms
[2.600s][info][gc,phases   ] GC(24) Pause Mark End 0.008ms
[2.600s][info][gc,phases   ] GC(24) Concurrent Mark Free 0.001ms
[2.601s][info][gc,phases   ] GC(24) Concurrent Process Non-Strong References 0.320ms
[2.601s][info][gc,phases   ] GC(24) Concurrent Reset Relocation Set 0.012ms
[2.609s][info][gc,phases   ] GC(24) Concurrent Select Relocation Set 8.160ms
[2.609s][info][gc,phases   ] GC(24) Pause Relocate Start 0.006ms
[2.618s][info][gc,phases   ] GC(24) Concurrent Relocate 9.208ms
[2.618s][info][gc,load     ] GC(24) Load: 0.00/0.00/0.00
[2.618s][info][gc,mmu      ] GC(24) MMU: 2ms/98.5%, 5ms/99.4%, 10ms/99.5%, 20ms/99.7%, 50ms/99.9%, 100ms/99.9%
[2.618s][info][gc,marking  ] GC(24) Mark: 4 stripe(s), 2 proactive flush(es), 1 terminate flush(es), 0 completion(s), 0 continuation(s) 
[2.618s][info][gc,marking  ] GC(24) Mark Stack Usage: 32M
[2.618s][info][gc,nmethod  ] GC(24) NMethods: 327 registered, 0 unregistered
[2.618s][info][gc,metaspace] GC(24) Metaspace: 0M used, 0M committed, 1032M reserved
[2.618s][info][gc,ref      ] GC(24) Soft: 95 encountered, 0 discovered, 0 enqueued
[2.618s][info][gc,ref      ] GC(24) Weak: 147 encountered, 0 discovered, 0 enqueued
[2.618s][info][gc,ref      ] GC(24) Final: 0 encountered, 0 discovered, 0 enqueued
[2.618s][info][gc,ref      ] GC(24) Phantom: 1 encountered, 0 discovered, 0 enqueued
[2.618s][info][gc,reloc    ] GC(24) Small Pages: 218 / 436M, Empty: 302M, Relocated: 13M, In-Place: 0
[2.618s][info][gc,reloc    ] GC(24) Medium Pages: 1 / 32M, Empty: 0M, Relocated: 0M, In-Place: 0
[2.618s][info][gc,reloc    ] GC(24) Large Pages: 0 / 0M, Empty: 0M, Relocated: 0M, In-Place: 0
[2.618s][info][gc,reloc    ] GC(24) Forwarding Usage: 10M
[2.618s][info][gc,heap     ] GC(24) Min Capacity: 1024M(100%)
[2.618s][info][gc,heap     ] GC(24) Max Capacity: 1024M(100%)
[2.618s][info][gc,heap     ] GC(24) Soft Max Capacity: 1024M(100%)
[2.618s][info][gc,heap     ] GC(24)                Mark Start          Mark End        Relocate Start      Relocate End           High               Low         
[2.618s][info][gc,heap     ] GC(24)  Capacity:     1024M (100%)       1024M (100%)       1024M (100%)       1024M (100%)       1024M (100%)       1024M (100%)   
[2.618s][info][gc,heap     ] GC(24)      Free:      556M (54%)         380M (37%)         648M (63%)         672M (66%)         680M (66%)         380M (37%)    
[2.618s][info][gc,heap     ] GC(24)      Used:      468M (46%)         644M (63%)         376M (37%)         352M (34%)         644M (63%)         344M (34%)    
[2.618s][info][gc,heap     ] GC(24)      Live:         -                67M (7%)           67M (7%)           67M (7%)             -                  -          
[2.618s][info][gc,heap     ] GC(24) Allocated:         -               176M (17%)         210M (21%)         234M (23%)            -                  -          
[2.618s][info][gc,heap     ] GC(24)   Garbage:         -               400M (39%)          98M (10%)          49M (5%)             -                  -          
[2.619s][info][gc,heap     ] GC(24) Reclaimed:         -                  -               302M (29%)         350M (34%)            -                  -          
[2.619s][info][gc          ] GC(24) Garbage Collection (Allocation Rate) 468M(46%)->352M(34%)
[2.648s][info][gc,start    ] GC(25) Garbage Collection (Allocation Rate)
[2.648s][info][gc,task     ] GC(25) Using 4 workers
[2.648s][info][gc,phases   ] GC(25) Pause Mark Start 0.005ms
[2.695s][info][gc,phases   ] GC(25) Concurrent Mark 46.599ms
[2.695s][info][gc,phases   ] GC(25) Pause Mark End 0.009ms
[2.695s][info][gc,phases   ] GC(25) Concurrent Mark Free 0.001ms
[2.695s][info][gc,phases   ] GC(25) Concurrent Process Non-Strong References 0.315ms
[2.696s][info][gc,phases   ] GC(25) Concurrent Reset Relocation Set 0.009ms
[2.705s][info][gc,phases   ] GC(25) Concurrent Select Relocation Set 9.647ms
[2.705s][info][gc,phases   ] GC(25) Pause Relocate Start 0.006ms
[2.723s][info][gc,phases   ] GC(25) Concurrent Relocate 17.898ms
[2.723s][info][gc,load     ] GC(25) Load: 0.00/0.00/0.00
[2.723s][info][gc,mmu      ] GC(25) MMU: 2ms/98.5%, 5ms/99.4%, 10ms/99.5%, 20ms/99.7%, 50ms/99.9%, 100ms/99.9%
[2.723s][info][gc,marking  ] GC(25) Mark: 4 stripe(s), 2 proactive flush(es), 1 terminate flush(es), 0 completion(s), 0 continuation(s) 
[2.723s][info][gc,marking  ] GC(25) Mark Stack Usage: 32M
[2.723s][info][gc,nmethod  ] GC(25) NMethods: 327 registered, 0 unregistered
[2.723s][info][gc,metaspace] GC(25) Metaspace: 0M used, 0M committed, 1032M reserved
[2.723s][info][gc,ref      ] GC(25) Soft: 95 encountered, 0 discovered, 0 enqueued
[2.723s][info][gc,ref      ] GC(25) Weak: 147 encountered, 2 discovered, 0 enqueued
[2.723s][info][gc,ref      ] GC(25) Final: 0 encountered, 0 discovered, 0 enqueued
[2.723s][info][gc,ref      ] GC(25) Phantom: 1 encountered, 0 discovered, 0 enqueued
[2.723s][info][gc,reloc    ] GC(25) Small Pages: 220 / 440M, Empty: 296M, Relocated: 19M, In-Place: 0
[2.723s][info][gc,reloc    ] GC(25) Medium Pages: 1 / 32M, Empty: 0M, Relocated: 0M, In-Place: 0
[2.724s][info][gc,reloc    ] GC(25) Large Pages: 0 / 0M, Empty: 0M, Relocated: 0M, In-Place: 0
[2.724s][info][gc,reloc    ] GC(25) Forwarding Usage: 13M
[2.724s][info][gc,heap     ] GC(25) Min Capacity: 1024M(100%)
[2.724s][info][gc,heap     ] GC(25) Max Capacity: 1024M(100%)
[2.724s][info][gc,heap     ] GC(25) Soft Max Capacity: 1024M(100%)
[2.724s][info][gc,heap     ] GC(25)                Mark Start          Mark End        Relocate Start      Relocate End           High               Low         
[2.724s][info][gc,heap     ] GC(25)  Capacity:     1024M (100%)       1024M (100%)       1024M (100%)       1024M (100%)       1024M (100%)       1024M (100%)   
[2.724s][info][gc,heap     ] GC(25)      Free:      552M (54%)         382M (37%)         646M (63%)         662M (65%)         680M (66%)         382M (37%)    
[2.724s][info][gc,heap     ] GC(25)      Used:      472M (46%)         642M (63%)         378M (37%)         362M (35%)         642M (63%)         344M (34%)    
[2.724s][info][gc,heap     ] GC(25)      Live:         -                67M (7%)           67M (7%)           67M (7%)             -                  -          
[2.724s][info][gc,heap     ] GC(25) Allocated:         -               170M (17%)         202M (20%)         250M (24%)            -                  -          
[2.724s][info][gc,heap     ] GC(25)   Garbage:         -               404M (39%)         108M (11%)          44M (4%)             -                  -          
[2.724s][info][gc,heap     ] GC(25) Reclaimed:         -                  -               296M (29%)         360M (35%)            -                  -          
[2.724s][info][gc          ] GC(25) Garbage Collection (Allocation Rate) 472M(46%)->362M(35%)
[2.757s][info][gc,start    ] GC(26) Garbage Collection (Allocation Rate)
[2.757s][info][gc,task     ] GC(26) Using 4 workers
[2.757s][info][gc,phases   ] GC(26) Pause Mark Start 0.005ms
[2.804s][info][gc,phases   ] GC(26) Concurrent Mark 47.614ms
[2.805s][info][gc,phases   ] GC(26) Pause Mark End 0.008ms
[2.805s][info][gc,phases   ] GC(26) Concurrent Mark Free 0.001ms
[2.805s][info][gc,phases   ] GC(26) Concurrent Process Non-Strong References 0.263ms
[2.805s][info][gc,phases   ] GC(26) Concurrent Reset Relocation Set 0.008ms
[2.810s][info][gc,phases   ] GC(26) Concurrent Select Relocation Set 4.958ms
[2.810s][info][gc,phases   ] GC(26) Pause Relocate Start 0.005ms
[2.825s][info][gc,phases   ] GC(26) Concurrent Relocate 14.295ms
[2.825s][info][gc,load     ] GC(26) Load: 0.00/0.00/0.00
[2.825s][info][gc,mmu      ] GC(26) MMU: 2ms/98.5%, 5ms/99.4%, 10ms/99.5%, 20ms/99.7%, 50ms/99.9%, 100ms/99.9%
[2.825s][info][gc,marking  ] GC(26) Mark: 4 stripe(s), 2 proactive flush(es), 1 terminate flush(es), 0 completion(s), 0 continuation(s) 
[2.825s][info][gc,marking  ] GC(26) Mark Stack Usage: 32M
[2.825s][info][gc,nmethod  ] GC(26) NMethods: 327 registered, 0 unregistered
[2.825s][info][gc,metaspace] GC(26) Metaspace: 0M used, 0M committed, 1032M reserved
[2.825s][info][gc,ref      ] GC(26) Soft: 95 encountered, 0 discovered, 0 enqueued
[2.825s][info][gc,ref      ] GC(26) Weak: 147 encountered, 2 discovered, 0 enqueued
[2.825s][info][gc,ref      ] GC(26) Final: 0 encountered, 0 discovered, 0 enqueued
[2.825s][info][gc,ref      ] GC(26) Phantom: 1 encountered, 0 discovered, 0 enqueued
[2.825s][info][gc,reloc    ] GC(26) Small Pages: 238 / 476M, Empty: 332M, Relocated: 17M, In-Place: 0
[2.825s][info][gc,reloc    ] GC(26) Medium Pages: 1 / 32M, Empty: 0M, Relocated: 0M, In-Place: 0
[2.825s][info][gc,reloc    ] GC(26) Large Pages: 0 / 0M, Empty: 0M, Relocated: 0M, In-Place: 0
[2.825s][info][gc,reloc    ] GC(26) Forwarding Usage: 12M
[2.825s][info][gc,heap     ] GC(26) Min Capacity: 1024M(100%)
[2.825s][info][gc,heap     ] GC(26) Max Capacity: 1024M(100%)
[2.825s][info][gc,heap     ] GC(26) Soft Max Capacity: 1024M(100%)
[2.825s][info][gc,heap     ] GC(26)                Mark Start          Mark End        Relocate Start      Relocate End           High               Low         
[2.825s][info][gc,heap     ] GC(26)  Capacity:     1024M (100%)       1024M (100%)       1024M (100%)       1024M (100%)       1024M (100%)       1024M (100%)   
[2.825s][info][gc,heap     ] GC(26)      Free:      516M (50%)         342M (33%)         654M (64%)         682M (67%)         692M (68%)         342M (33%)    
[2.825s][info][gc,heap     ] GC(26)      Used:      508M (50%)         682M (67%)         370M (36%)         342M (33%)         682M (67%)         332M (32%)    
[2.825s][info][gc,heap     ] GC(26)      Live:         -                67M (7%)           67M (7%)           67M (7%)             -                  -          
[2.825s][info][gc,heap     ] GC(26) Allocated:         -               174M (17%)         194M (19%)         230M (23%)            -                  -          
[2.825s][info][gc,heap     ] GC(26)   Garbage:         -               440M (43%)         108M (11%)          43M (4%)             -                  -          
[2.825s][info][gc,heap     ] GC(26) Reclaimed:         -                  -               332M (32%)         396M (39%)            -                  -          
[2.825s][info][gc          ] GC(26) Garbage Collection (Allocation Rate) 508M(50%)->342M(33%)
[2.852s][info][gc,start    ] GC(27) Garbage Collection (Allocation Rate)
[2.852s][info][gc,task     ] GC(27) Using 4 workers
[2.853s][info][gc,phases   ] GC(27) Pause Mark Start 0.005ms
[2.898s][info][gc,phases   ] GC(27) Concurrent Mark 45.633ms
[2.898s][info][gc,phases   ] GC(27) Pause Mark End 0.008ms
[2.898s][info][gc,phases   ] GC(27) Concurrent Mark Free 0.001ms
[2.899s][info][gc,phases   ] GC(27) Concurrent Process Non-Strong References 0.315ms
[2.899s][info][gc,phases   ] GC(27) Concurrent Reset Relocation Set 0.009ms
[2.906s][info][gc,phases   ] GC(27) Concurrent Select Relocation Set 7.594ms
[2.907s][info][gc,phases   ] GC(27) Pause Relocate Start 0.006ms
[2.920s][info][gc,phases   ] GC(27) Concurrent Relocate 13.090ms
[2.920s][info][gc,load     ] GC(27) Load: 0.00/0.00/0.00
[2.920s][info][gc,mmu      ] GC(27) MMU: 2ms/98.5%, 5ms/99.4%, 10ms/99.5%, 20ms/99.7%, 50ms/99.9%, 100ms/99.9%
[2.920s][info][gc,marking  ] GC(27) Mark: 4 stripe(s), 2 proactive flush(es), 1 terminate flush(es), 0 completion(s), 0 continuation(s) 
[2.920s][info][gc,marking  ] GC(27) Mark Stack Usage: 32M
[2.920s][info][gc,nmethod  ] GC(27) NMethods: 327 registered, 0 unregistered
[2.920s][info][gc,metaspace] GC(27) Metaspace: 0M used, 0M committed, 1032M reserved
[2.920s][info][gc,ref      ] GC(27) Soft: 95 encountered, 0 discovered, 0 enqueued
[2.920s][info][gc,ref      ] GC(27) Weak: 147 encountered, 2 discovered, 0 enqueued
[2.920s][info][gc,ref      ] GC(27) Final: 0 encountered, 0 discovered, 0 enqueued
[2.920s][info][gc,ref      ] GC(27) Phantom: 1 encountered, 0 discovered, 0 enqueued
[2.920s][info][gc,reloc    ] GC(27) Small Pages: 218 / 436M, Empty: 292M, Relocated: 17M, In-Place: 0
[2.920s][info][gc,reloc    ] GC(27) Medium Pages: 1 / 32M, Empty: 0M, Relocated: 0M, In-Place: 0
[2.920s][info][gc,reloc    ] GC(27) Large Pages: 0 / 0M, Empty: 0M, Relocated: 0M, In-Place: 0
[2.920s][info][gc,reloc    ] GC(27) Forwarding Usage: 12M
[2.920s][info][gc,heap     ] GC(27) Min Capacity: 1024M(100%)
[2.920s][info][gc,heap     ] GC(27) Max Capacity: 1024M(100%)
[2.920s][info][gc,heap     ] GC(27) Soft Max Capacity: 1024M(100%)
[2.920s][info][gc,heap     ] GC(27)                Mark Start          Mark End        Relocate Start      Relocate End           High               Low         
[2.920s][info][gc,heap     ] GC(27)  Capacity:     1024M (100%)       1024M (100%)       1024M (100%)       1024M (100%)       1024M (100%)       1024M (100%)   
[2.920s][info][gc,heap     ] GC(27)      Free:      556M (54%)         390M (38%)         652M (64%)         684M (67%)         698M (68%)         388M (38%)    
[2.920s][info][gc,heap     ] GC(27)      Used:      468M (46%)         634M (62%)         372M (36%)         340M (33%)         636M (62%)         326M (32%)    
[2.920s][info][gc,heap     ] GC(27)      Live:         -                67M (7%)           67M (7%)           67M (7%)             -                  -          
[2.920s][info][gc,heap     ] GC(27) Allocated:         -               166M (16%)         196M (19%)         224M (22%)            -                  -          
[2.920s][info][gc,heap     ] GC(27)   Garbage:         -               400M (39%)         108M (11%)          47M (5%)             -                  -          
[2.920s][info][gc,heap     ] GC(27) Reclaimed:         -                  -               292M (29%)         352M (34%)            -                  -          
[2.920s][info][gc          ] GC(27) Garbage Collection (Allocation Rate) 468M(46%)->340M(33%)
[2.961s][info][gc,start    ] GC(28) Garbage Collection (Allocation Rate)
[2.961s][info][gc,task     ] GC(28) Using 4 workers
[2.961s][info][gc,phases   ] GC(28) Pause Mark Start 0.005ms
[3.008s][info][gc,phases   ] GC(28) Concurrent Mark 46.638ms
[3.008s][info][gc,phases   ] GC(28) Pause Mark End 0.013ms
[3.008s][info][gc,phases   ] GC(28) Concurrent Mark Free 0.001ms
[3.008s][info][gc,phases   ] GC(28) Concurrent Process Non-Strong References 0.276ms
[3.008s][info][gc,phases   ] GC(28) Concurrent Reset Relocation Set 0.006ms
[3.018s][info][gc,phases   ] GC(28) Concurrent Select Relocation Set 9.886ms
[3.019s][info][gc,phases   ] GC(28) Pause Relocate Start 0.008ms
[3.033s][info][gc,phases   ] GC(28) Concurrent Relocate 13.975ms
[3.033s][info][gc,load     ] GC(28) Load: 0.00/0.00/0.00
[3.033s][info][gc,mmu      ] GC(28) MMU: 2ms/98.5%, 5ms/99.4%, 10ms/99.5%, 20ms/99.7%, 50ms/99.9%, 100ms/99.9%
[3.033s][info][gc,marking  ] GC(28) Mark: 4 stripe(s), 2 proactive flush(es), 1 terminate flush(es), 0 completion(s), 0 continuation(s) 
[3.033s][info][gc,marking  ] GC(28) Mark Stack Usage: 32M
[3.033s][info][gc,nmethod  ] GC(28) NMethods: 327 registered, 0 unregistered
[3.033s][info][gc,metaspace] GC(28) Metaspace: 0M used, 0M committed, 1032M reserved
[3.033s][info][gc,ref      ] GC(28) Soft: 95 encountered, 0 discovered, 0 enqueued
[3.033s][info][gc,ref      ] GC(28) Weak: 147 encountered, 2 discovered, 0 enqueued
[3.033s][info][gc,ref      ] GC(28) Final: 0 encountered, 0 discovered, 0 enqueued
[3.033s][info][gc,ref      ] GC(28) Phantom: 1 encountered, 0 discovered, 0 enqueued
[3.033s][info][gc,reloc    ] GC(28) Small Pages: 232 / 464M, Empty: 310M, Relocated: 17M, In-Place: 0
[3.033s][info][gc,reloc    ] GC(28) Medium Pages: 1 / 32M, Empty: 0M, Relocated: 0M, In-Place: 0
[3.033s][info][gc,reloc    ] GC(28) Large Pages: 0 / 0M, Empty: 0M, Relocated: 0M, In-Place: 0
[3.033s][info][gc,reloc    ] GC(28) Forwarding Usage: 12M
[3.033s][info][gc,heap     ] GC(28) Min Capacity: 1024M(100%)
[3.033s][info][gc,heap     ] GC(28) Max Capacity: 1024M(100%)
[3.033s][info][gc,heap     ] GC(28) Soft Max Capacity: 1024M(100%)
[3.033s][info][gc,heap     ] GC(28)                Mark Start          Mark End        Relocate Start      Relocate End           High               Low         
[3.033s][info][gc,heap     ] GC(28)  Capacity:     1024M (100%)       1024M (100%)       1024M (100%)       1024M (100%)       1024M (100%)       1024M (100%)   
[3.033s][info][gc,heap     ] GC(28)      Free:      528M (52%)         368M (36%)         646M (63%)         686M (67%)         696M (68%)         366M (36%)    
[3.033s][info][gc,heap     ] GC(28)      Used:      496M (48%)         656M (64%)         378M (37%)         338M (33%)         658M (64%)         328M (32%)    
[3.033s][info][gc,heap     ] GC(28)      Live:         -                67M (7%)           67M (7%)           67M (7%)             -                  -          
[3.033s][info][gc,heap     ] GC(28) Allocated:         -               160M (16%)         192M (19%)         224M (22%)            -                  -          
[3.033s][info][gc,heap     ] GC(28)   Garbage:         -               428M (42%)         118M (12%)          45M (4%)             -                  -          
[3.033s][info][gc,heap     ] GC(28) Reclaimed:         -                  -               310M (30%)         382M (37%)            -                  -          
[3.033s][info][gc          ] GC(28) Garbage Collection (Allocation Rate) 496M(48%)->338M(33%)
[3.056s][info][gc,start    ] GC(29) Garbage Collection (Allocation Rate)
[3.056s][info][gc,task     ] GC(29) Using 4 workers
[3.056s][info][gc,phases   ] GC(29) Pause Mark Start 0.004ms
[3.119s][info][gc,phases   ] GC(29) Concurrent Mark 62.586ms
[3.119s][info][gc,phases   ] GC(29) Pause Mark End 0.008ms
[3.119s][info][gc,phases   ] GC(29) Concurrent Mark Free 0.001ms
[3.119s][info][gc,phases   ] GC(29) Concurrent Process Non-Strong References 0.259ms
[3.119s][info][gc,phases   ] GC(29) Concurrent Reset Relocation Set 0.013ms
[3.124s][info][gc,phases   ] GC(29) Concurrent Select Relocation Set 4.899ms
[3.124s][info][gc,phases   ] GC(29) Pause Relocate Start 0.005ms
[3.138s][info][gc,phases   ] GC(29) Concurrent Relocate 13.475ms
[3.138s][info][gc,load     ] GC(29) Load: 0.00/0.00/0.00
[3.138s][info][gc,mmu      ] GC(29) MMU: 2ms/98.5%, 5ms/99.4%, 10ms/99.5%, 20ms/99.7%, 50ms/99.9%, 100ms/99.9%
[3.138s][info][gc,marking  ] GC(29) Mark: 4 stripe(s), 2 proactive flush(es), 1 terminate flush(es), 0 completion(s), 0 continuation(s) 
[3.138s][info][gc,marking  ] GC(29) Mark Stack Usage: 32M
[3.138s][info][gc,nmethod  ] GC(29) NMethods: 327 registered, 0 unregistered
[3.138s][info][gc,metaspace] GC(29) Metaspace: 0M used, 0M committed, 1032M reserved
[3.138s][info][gc,ref      ] GC(29) Soft: 95 encountered, 0 discovered, 0 enqueued
[3.138s][info][gc,ref      ] GC(29) Weak: 147 encountered, 2 discovered, 0 enqueued
[3.138s][info][gc,ref      ] GC(29) Final: 0 encountered, 0 discovered, 0 enqueued
[3.138s][info][gc,ref      ] GC(29) Phantom: 1 encountered, 0 discovered, 0 enqueued
[3.138s][info][gc,reloc    ] GC(29) Small Pages: 196 / 392M, Empty: 256M, Relocated: 17M, In-Place: 0
[3.138s][info][gc,reloc    ] GC(29) Medium Pages: 1 / 32M, Empty: 0M, Relocated: 0M, In-Place: 0
[3.138s][info][gc,reloc    ] GC(29) Large Pages: 0 / 0M, Empty: 0M, Relocated: 0M, In-Place: 0
[3.138s][info][gc,reloc    ] GC(29) Forwarding Usage: 12M
[3.138s][info][gc,heap     ] GC(29) Min Capacity: 1024M(100%)
[3.138s][info][gc,heap     ] GC(29) Max Capacity: 1024M(100%)
[3.138s][info][gc,heap     ] GC(29) Soft Max Capacity: 1024M(100%)
[3.138s][info][gc,heap     ] GC(29)                Mark Start          Mark End        Relocate Start      Relocate End           High               Low         
[3.138s][info][gc,heap     ] GC(29)  Capacity:     1024M (100%)       1024M (100%)       1024M (100%)       1024M (100%)       1024M (100%)       1024M (100%)   
[3.138s][info][gc,heap     ] GC(29)      Free:      600M (59%)         378M (37%)         622M (61%)         638M (62%)         648M (63%)         378M (37%)    
[3.138s][info][gc,heap     ] GC(29)      Used:      424M (41%)         646M (63%)         402M (39%)         386M (38%)         646M (63%)         376M (37%)    
[3.138s][info][gc,heap     ] GC(29)      Live:         -                67M (7%)           67M (7%)           67M (7%)             -                  -          
[3.138s][info][gc,heap     ] GC(29) Allocated:         -               222M (22%)         234M (23%)         274M (27%)            -                  -          
[3.138s][info][gc,heap     ] GC(29)   Garbage:         -               356M (35%)         100M (10%)          43M (4%)             -                  -          
[3.138s][info][gc,heap     ] GC(29) Reclaimed:         -                  -               256M (25%)         312M (31%)            -                  -          
[3.138s][info][gc          ] GC(29) Garbage Collection (Allocation Rate) 424M(41%)->386M(38%)
[3.150s][info][gc,start    ] GC(30) Garbage Collection (Allocation Rate)
[3.150s][info][gc,task     ] GC(30) Using 4 workers
[3.150s][info][gc,phases   ] GC(30) Pause Mark Start 0.005ms
[3.197s][info][gc,phases   ] GC(30) Concurrent Mark 47.650ms
[3.198s][info][gc,phases   ] GC(30) Pause Mark End 0.010ms
[3.198s][info][gc,phases   ] GC(30) Concurrent Mark Free 0.001ms
[3.198s][info][gc,phases   ] GC(30) Concurrent Process Non-Strong References 0.353ms
[3.198s][info][gc,phases   ] GC(30) Concurrent Reset Relocation Set 0.009ms
[3.209s][info][gc,phases   ] GC(30) Concurrent Select Relocation Set 10.916ms
[3.209s][info][gc,phases   ] GC(30) Pause Relocate Start 0.005ms
[3.222s][info][gc,phases   ] GC(30) Concurrent Relocate 12.373ms
[3.222s][info][gc,load     ] GC(30) Load: 0.00/0.00/0.00
[3.222s][info][gc,mmu      ] GC(30) MMU: 2ms/98.5%, 5ms/99.4%, 10ms/99.5%, 20ms/99.7%, 50ms/99.9%, 100ms/99.9%
[3.222s][info][gc,marking  ] GC(30) Mark: 4 stripe(s), 2 proactive flush(es), 1 terminate flush(es), 0 completion(s), 0 continuation(s) 
[3.222s][info][gc,marking  ] GC(30) Mark Stack Usage: 32M
[3.222s][info][gc,nmethod  ] GC(30) NMethods: 327 registered, 0 unregistered
[3.222s][info][gc,metaspace] GC(30) Metaspace: 0M used, 0M committed, 1032M reserved
[3.222s][info][gc,ref      ] GC(30) Soft: 95 encountered, 0 discovered, 0 enqueued
[3.222s][info][gc,ref      ] GC(30) Weak: 147 encountered, 2 discovered, 0 enqueued
[3.222s][info][gc,ref      ] GC(30) Final: 0 encountered, 0 discovered, 0 enqueued
[3.222s][info][gc,ref      ] GC(30) Phantom: 1 encountered, 0 discovered, 0 enqueued
[3.222s][info][gc,reloc    ] GC(30) Small Pages: 200 / 400M, Empty: 272M, Relocated: 17M, In-Place: 0
[3.222s][info][gc,reloc    ] GC(30) Medium Pages: 1 / 32M, Empty: 0M, Relocated: 0M, In-Place: 0
[3.222s][info][gc,reloc    ] GC(30) Large Pages: 0 / 0M, Empty: 0M, Relocated: 0M, In-Place: 0
[3.222s][info][gc,reloc    ] GC(30) Forwarding Usage: 12M
[3.222s][info][gc,heap     ] GC(30) Min Capacity: 1024M(100%)
[3.222s][info][gc,heap     ] GC(30) Max Capacity: 1024M(100%)
[3.222s][info][gc,heap     ] GC(30) Soft Max Capacity: 1024M(100%)
[3.222s][info][gc,heap     ] GC(30)                Mark Start          Mark End        Relocate Start      Relocate End           High               Low         
[3.222s][info][gc,heap     ] GC(30)  Capacity:     1024M (100%)       1024M (100%)       1024M (100%)       1024M (100%)       1024M (100%)       1024M (100%)   
[3.222s][info][gc,heap     ] GC(30)      Free:      592M (58%)         434M (42%)         668M (65%)         690M (67%)         690M (67%)         434M (42%)    
[3.222s][info][gc,heap     ] GC(30)      Used:      432M (42%)         590M (58%)         356M (35%)         334M (33%)         590M (58%)         334M (33%)    
[3.222s][info][gc,heap     ] GC(30)      Live:         -                67M (7%)           67M (7%)           67M (7%)             -                  -          
[3.222s][info][gc,heap     ] GC(30) Allocated:         -               158M (15%)         196M (19%)         222M (22%)            -                  -          
[3.222s][info][gc,heap     ] GC(30)   Garbage:         -               364M (36%)          92M (9%)           43M (4%)             -                  -          
[3.222s][info][gc,heap     ] GC(30) Reclaimed:         -                  -               272M (27%)         320M (31%)            -                  -          
[3.222s][info][gc          ] GC(30) Garbage Collection (Allocation Rate) 432M(42%)->334M(33%)
[3.260s][info][gc,start    ] GC(31) Garbage Collection (Allocation Rate)
[3.260s][info][gc,task     ] GC(31) Using 4 workers
[3.261s][info][gc,phases   ] GC(31) Pause Mark Start 0.005ms
[3.307s][info][gc,phases   ] GC(31) Concurrent Mark 46.564ms
[3.307s][info][gc,phases   ] GC(31) Pause Mark End 0.013ms
[3.307s][info][gc,phases   ] GC(31) Concurrent Mark Free 0.001ms
[3.308s][info][gc,phases   ] GC(31) Concurrent Process Non-Strong References 0.328ms
[3.308s][info][gc,phases   ] GC(31) Concurrent Reset Relocation Set 0.008ms
[3.312s][info][gc,phases   ] GC(31) Concurrent Select Relocation Set 3.919ms
[3.312s][info][gc,phases   ] GC(31) Pause Relocate Start 0.006ms
[3.324s][info][gc,phases   ] GC(31) Concurrent Relocate 11.747ms
[3.324s][info][gc,load     ] GC(31) Load: 0.00/0.00/0.00
[3.324s][info][gc,mmu      ] GC(31) MMU: 2ms/98.5%, 5ms/99.4%, 10ms/99.5%, 20ms/99.7%, 50ms/99.9%, 100ms/99.9%
[3.324s][info][gc,marking  ] GC(31) Mark: 4 stripe(s), 2 proactive flush(es), 1 terminate flush(es), 0 completion(s), 0 continuation(s) 
[3.324s][info][gc,marking  ] GC(31) Mark Stack Usage: 32M
[3.324s][info][gc,nmethod  ] GC(31) NMethods: 327 registered, 0 unregistered
[3.324s][info][gc,metaspace] GC(31) Metaspace: 0M used, 0M committed, 1032M reserved
[3.324s][info][gc,ref      ] GC(31) Soft: 95 encountered, 0 discovered, 0 enqueued
[3.324s][info][gc,ref      ] GC(31) Weak: 147 encountered, 0 discovered, 0 enqueued
[3.324s][info][gc,ref      ] GC(31) Final: 0 encountered, 0 discovered, 0 enqueued
[3.324s][info][gc,ref      ] GC(31) Phantom: 1 encountered, 0 discovered, 0 enqueued
[3.324s][info][gc,reloc    ] GC(31) Small Pages: 229 / 458M, Empty: 310M, Relocated: 17M, In-Place: 0
[3.324s][info][gc,reloc    ] GC(31) Medium Pages: 1 / 32M, Empty: 0M, Relocated: 0M, In-Place: 0
[3.324s][info][gc,reloc    ] GC(31) Large Pages: 0 / 0M, Empty: 0M, Relocated: 0M, In-Place: 0
[3.324s][info][gc,reloc    ] GC(31) Forwarding Usage: 12M
[3.324s][info][gc,heap     ] GC(31) Min Capacity: 1024M(100%)
[3.324s][info][gc,heap     ] GC(31) Max Capacity: 1024M(100%)
[3.324s][info][gc,heap     ] GC(31) Soft Max Capacity: 1024M(100%)
[3.324s][info][gc,heap     ] GC(31)                Mark Start          Mark End        Relocate Start      Relocate End           High               Low         
[3.324s][info][gc,heap     ] GC(31)  Capacity:     1024M (100%)       1024M (100%)       1024M (100%)       1024M (100%)       1024M (100%)       1024M (100%)   
[3.324s][info][gc,heap     ] GC(31)      Free:      534M (52%)         368M (36%)         668M (65%)         708M (69%)         712M (70%)         368M (36%)    
[3.324s][info][gc,heap     ] GC(31)      Used:      490M (48%)         656M (64%)         356M (35%)         316M (31%)         656M (64%)         312M (30%)    
[3.324s][info][gc,heap     ] GC(31)      Live:         -                67M (7%)           67M (7%)           67M (7%)             -                  -          
[3.324s][info][gc,heap     ] GC(31) Allocated:         -               166M (16%)         176M (17%)         202M (20%)            -                  -          
[3.324s][info][gc,heap     ] GC(31)   Garbage:         -               422M (41%)         112M (11%)          45M (4%)             -                  -          
[3.324s][info][gc,heap     ] GC(31) Reclaimed:         -                  -               310M (30%)         376M (37%)            -                  -          
[3.324s][info][gc          ] GC(31) Garbage Collection (Allocation Rate) 490M(48%)->316M(31%)
[3.355s][info][gc,start    ] GC(32) Garbage Collection (Allocation Rate)
[3.355s][info][gc,task     ] GC(32) Using 4 workers
[3.355s][info][gc,phases   ] GC(32) Pause Mark Start 0.006ms
[3.402s][info][gc,phases   ] GC(32) Concurrent Mark 46.560ms
[3.402s][info][gc,phases   ] GC(32) Pause Mark End 0.010ms
[3.402s][info][gc,phases   ] GC(32) Concurrent Mark Free 0.001ms
[3.402s][info][gc,phases   ] GC(32) Concurrent Process Non-Strong References 0.294ms
[3.402s][info][gc,phases   ] GC(32) Concurrent Reset Relocation Set 0.012ms
[3.414s][info][gc,phases   ] GC(32) Concurrent Select Relocation Set 11.501ms
[3.414s][info][gc,phases   ] GC(32) Pause Relocate Start 0.006ms
[3.428s][info][gc,phases   ] GC(32) Concurrent Relocate 13.824ms
[3.428s][info][gc,load     ] GC(32) Load: 0.00/0.00/0.00
[3.428s][info][gc,mmu      ] GC(32) MMU: 2ms/98.5%, 5ms/99.4%, 10ms/99.5%, 20ms/99.7%, 50ms/99.9%, 100ms/99.9%
[3.428s][info][gc,marking  ] GC(32) Mark: 4 stripe(s), 2 proactive flush(es), 1 terminate flush(es), 0 completion(s), 0 continuation(s) 
[3.428s][info][gc,marking  ] GC(32) Mark Stack Usage: 32M
[3.428s][info][gc,nmethod  ] GC(32) NMethods: 327 registered, 0 unregistered
[3.428s][info][gc,metaspace] GC(32) Metaspace: 0M used, 0M committed, 1032M reserved
[3.428s][info][gc,ref      ] GC(32) Soft: 95 encountered, 0 discovered, 0 enqueued
[3.428s][info][gc,ref      ] GC(32) Weak: 147 encountered, 1 discovered, 0 enqueued
[3.428s][info][gc,ref      ] GC(32) Final: 0 encountered, 0 discovered, 0 enqueued
[3.428s][info][gc,ref      ] GC(32) Phantom: 1 encountered, 0 discovered, 0 enqueued
[3.428s][info][gc,reloc    ] GC(32) Small Pages: 203 / 406M, Empty: 264M, Relocated: 17M, In-Place: 0
[3.428s][info][gc,reloc    ] GC(32) Medium Pages: 1 / 32M, Empty: 0M, Relocated: 0M, In-Place: 0
[3.428s][info][gc,reloc    ] GC(32) Large Pages: 0 / 0M, Empty: 0M, Relocated: 0M, In-Place: 0
[3.428s][info][gc,reloc    ] GC(32) Forwarding Usage: 13M
[3.428s][info][gc,heap     ] GC(32) Min Capacity: 1024M(100%)
[3.428s][info][gc,heap     ] GC(32) Max Capacity: 1024M(100%)
[3.428s][info][gc,heap     ] GC(32) Soft Max Capacity: 1024M(100%)
[3.428s][info][gc,heap     ] GC(32)                Mark Start          Mark End        Relocate Start      Relocate End           High               Low         
[3.428s][info][gc,heap     ] GC(32)  Capacity:     1024M (100%)       1024M (100%)       1024M (100%)       1024M (100%)       1024M (100%)       1024M (100%)   
[3.428s][info][gc,heap     ] GC(32)      Free:      586M (57%)         412M (40%)         634M (62%)         666M (65%)         672M (66%)         412M (40%)    
[3.428s][info][gc,heap     ] GC(32)      Used:      438M (43%)         612M (60%)         390M (38%)         358M (35%)         612M (60%)         352M (34%)    
[3.428s][info][gc,heap     ] GC(32)      Live:         -                67M (7%)           67M (7%)           67M (7%)             -                  -          
[3.428s][info][gc,heap     ] GC(32) Allocated:         -               174M (17%)         216M (21%)         244M (24%)            -                  -          
[3.428s][info][gc,heap     ] GC(32)   Garbage:         -               370M (36%)         106M (10%)          45M (4%)             -                  -          
[3.428s][info][gc,heap     ] GC(32) Reclaimed:         -                  -               264M (26%)         324M (32%)            -                  -          
[3.428s][info][gc          ] GC(32) Garbage Collection (Allocation Rate) 438M(43%)->358M(35%)
[3.449s][info][gc,start    ] GC(33) Garbage Collection (Allocation Rate)
[3.449s][info][gc,task     ] GC(33) Using 4 workers
[3.449s][info][gc,phases   ] GC(33) Pause Mark Start 0.005ms
[3.496s][info][gc,phases   ] GC(33) Concurrent Mark 46.505ms
[3.496s][info][gc,phases   ] GC(33) Pause Mark End 0.011ms
[3.496s][info][gc,phases   ] GC(33) Concurrent Mark Free 0.001ms
[3.496s][info][gc,phases   ] GC(33) Concurrent Process Non-Strong References 0.284ms
[3.496s][info][gc,phases   ] GC(33) Concurrent Reset Relocation Set 0.007ms
[3.502s][info][gc,phases   ] GC(33) Concurrent Select Relocation Set 6.192ms
[3.503s][info][gc,phases   ] GC(33) Pause Relocate Start 0.006ms
[3.517s][info][gc,phases   ] GC(33) Concurrent Relocate 14.165ms
[3.517s][info][gc,load     ] GC(33) Load: 0.00/0.00/0.00
[3.517s][info][gc,mmu      ] GC(33) MMU: 2ms/98.5%, 5ms/99.4%, 10ms/99.5%, 20ms/99.7%, 50ms/99.9%, 100ms/99.9%
[3.517s][info][gc,marking  ] GC(33) Mark: 4 stripe(s), 2 proactive flush(es), 1 terminate flush(es), 0 completion(s), 0 continuation(s) 
[3.517s][info][gc,marking  ] GC(33) Mark Stack Usage: 32M
[3.517s][info][gc,nmethod  ] GC(33) NMethods: 327 registered, 0 unregistered
[3.517s][info][gc,metaspace] GC(33) Metaspace: 0M used, 0M committed, 1032M reserved
[3.517s][info][gc,ref      ] GC(33) Soft: 95 encountered, 0 discovered, 0 enqueued
[3.517s][info][gc,ref      ] GC(33) Weak: 147 encountered, 0 discovered, 0 enqueued
[3.517s][info][gc,ref      ] GC(33) Final: 0 encountered, 0 discovered, 0 enqueued
[3.517s][info][gc,ref      ] GC(33) Phantom: 1 encountered, 0 discovered, 0 enqueued
[3.517s][info][gc,reloc    ] GC(33) Small Pages: 203 / 406M, Empty: 272M, Relocated: 17M, In-Place: 0
[3.517s][info][gc,reloc    ] GC(33) Medium Pages: 1 / 32M, Empty: 0M, Relocated: 0M, In-Place: 0
[3.517s][info][gc,reloc    ] GC(33) Large Pages: 0 / 0M, Empty: 0M, Relocated: 0M, In-Place: 0
[3.517s][info][gc,reloc    ] GC(33) Forwarding Usage: 11M
[3.517s][info][gc,heap     ] GC(33) Min Capacity: 1024M(100%)
[3.517s][info][gc,heap     ] GC(33) Max Capacity: 1024M(100%)
[3.517s][info][gc,heap     ] GC(33) Soft Max Capacity: 1024M(100%)
[3.517s][info][gc,heap     ] GC(33)                Mark Start          Mark End        Relocate Start      Relocate End           High               Low         
[3.517s][info][gc,heap     ] GC(33)  Capacity:     1024M (100%)       1024M (100%)       1024M (100%)       1024M (100%)       1024M (100%)       1024M (100%)   
[3.517s][info][gc,heap     ] GC(33)      Free:      586M (57%)         414M (40%)         660M (64%)         672M (66%)         690M (67%)         414M (40%)    
[3.517s][info][gc,heap     ] GC(33)      Used:      438M (43%)         610M (60%)         364M (36%)         352M (34%)         610M (60%)         334M (33%)    
[3.517s][info][gc,heap     ] GC(33)      Live:         -                67M (7%)           67M (7%)           67M (7%)             -                  -          
[3.517s][info][gc,heap     ] GC(33) Allocated:         -               172M (17%)         198M (19%)         238M (23%)            -                  -          
[3.517s][info][gc,heap     ] GC(33)   Garbage:         -               370M (36%)          98M (10%)          45M (4%)             -                  -          
[3.517s][info][gc,heap     ] GC(33) Reclaimed:         -                  -               272M (27%)         324M (32%)            -                  -          
[3.517s][info][gc          ] GC(33) Garbage Collection (Allocation Rate) 438M(43%)->352M(34%)
[3.559s][info][gc,start    ] GC(34) Garbage Collection (Allocation Rate)
[3.560s][info][gc,task     ] GC(34) Using 4 workers
[3.560s][info][gc,phases   ] GC(34) Pause Mark Start 0.005ms
[3.606s][info][gc,phases   ] GC(34) Concurrent Mark 46.626ms
[3.606s][info][gc,phases   ] GC(34) Pause Mark End 0.010ms
[3.607s][info][gc,phases   ] GC(34) Concurrent Mark Free 0.001ms
[3.607s][info][gc,phases   ] GC(34) Concurrent Process Non-Strong References 0.310ms
[3.607s][info][gc,phases   ] GC(34) Concurrent Reset Relocation Set 0.007ms
[3.615s][info][gc,phases   ] GC(34) Concurrent Select Relocation Set 8.352ms
[3.615s][info][gc,phases   ] GC(34) Pause Relocate Start 0.005ms
[3.629s][info][gc,phases   ] GC(34) Concurrent Relocate 13.689ms
[3.629s][info][gc,load     ] GC(34) Load: 0.00/0.00/0.00
[3.629s][info][gc,mmu      ] GC(34) MMU: 2ms/98.5%, 5ms/99.4%, 10ms/99.5%, 20ms/99.7%, 50ms/99.9%, 100ms/99.9%
[3.629s][info][gc,marking  ] GC(34) Mark: 4 stripe(s), 2 proactive flush(es), 1 terminate flush(es), 0 completion(s), 0 continuation(s) 
[3.629s][info][gc,marking  ] GC(34) Mark Stack Usage: 32M
[3.629s][info][gc,nmethod  ] GC(34) NMethods: 327 registered, 0 unregistered
[3.629s][info][gc,metaspace] GC(34) Metaspace: 0M used, 0M committed, 1032M reserved
[3.629s][info][gc,ref      ] GC(34) Soft: 95 encountered, 0 discovered, 0 enqueued
[3.629s][info][gc,ref      ] GC(34) Weak: 147 encountered, 1 discovered, 0 enqueued
[3.629s][info][gc,ref      ] GC(34) Final: 0 encountered, 0 discovered, 0 enqueued
[3.629s][info][gc,ref      ] GC(34) Phantom: 1 encountered, 0 discovered, 0 enqueued
[3.629s][info][gc,reloc    ] GC(34) Small Pages: 248 / 496M, Empty: 344M, Relocated: 17M, In-Place: 0
[3.629s][info][gc,reloc    ] GC(34) Medium Pages: 1 / 32M, Empty: 0M, Relocated: 0M, In-Place: 0
[3.629s][info][gc,reloc    ] GC(34) Large Pages: 0 / 0M, Empty: 0M, Relocated: 0M, In-Place: 0
[3.629s][info][gc,reloc    ] GC(34) Forwarding Usage: 12M
[3.629s][info][gc,heap     ] GC(34) Min Capacity: 1024M(100%)
[3.629s][info][gc,heap     ] GC(34) Max Capacity: 1024M(100%)
[3.629s][info][gc,heap     ] GC(34) Soft Max Capacity: 1024M(100%)
[3.629s][info][gc,heap     ] GC(34)                Mark Start          Mark End        Relocate Start      Relocate End           High               Low         
[3.629s][info][gc,heap     ] GC(34)  Capacity:     1024M (100%)       1024M (100%)       1024M (100%)       1024M (100%)       1024M (100%)       1024M (100%)   
[3.629s][info][gc,heap     ] GC(34)      Free:      496M (48%)         324M (32%)         642M (63%)         678M (66%)         686M (67%)         324M (32%)    
[3.629s][info][gc,heap     ] GC(34)      Used:      528M (52%)         700M (68%)         382M (37%)         346M (34%)         700M (68%)         338M (33%)    
[3.629s][info][gc,heap     ] GC(34)      Live:         -                67M (7%)           67M (7%)           67M (7%)             -                  -          
[3.629s][info][gc,heap     ] GC(34) Allocated:         -               172M (17%)         198M (19%)         232M (23%)            -                  -          
[3.629s][info][gc,heap     ] GC(34)   Garbage:         -               460M (45%)         116M (11%)          45M (4%)             -                  -          
[3.629s][info][gc,heap     ] GC(34) Reclaimed:         -                  -               344M (34%)         414M (40%)            -                  -          
[3.629s][info][gc          ] GC(34) Garbage Collection (Allocation Rate) 528M(52%)->346M(34%)
[3.654s][info][gc,start    ] GC(35) Garbage Collection (Allocation Rate)
[3.654s][info][gc,task     ] GC(35) Using 4 workers
[3.654s][info][gc,phases   ] GC(35) Pause Mark Start 0.005ms
[3.701s][info][gc,phases   ] GC(35) Concurrent Mark 46.570ms
[3.701s][info][gc,phases   ] GC(35) Pause Mark End 0.011ms
[3.701s][info][gc,phases   ] GC(35) Concurrent Mark Free 0.001ms
[3.702s][info][gc,phases   ] GC(35) Concurrent Process Non-Strong References 0.275ms
[3.702s][info][gc,phases   ] GC(35) Concurrent Reset Relocation Set 0.010ms
[3.712s][info][gc,phases   ] GC(35) Concurrent Select Relocation Set 10.840ms
[3.713s][info][gc,phases   ] GC(35) Pause Relocate Start 0.007ms
[3.726s][info][gc,phases   ] GC(35) Concurrent Relocate 13.093ms
[3.726s][info][gc,load     ] GC(35) Load: 0.00/0.00/0.00
[3.726s][info][gc,mmu      ] GC(35) MMU: 2ms/98.5%, 5ms/99.4%, 10ms/99.5%, 20ms/99.7%, 50ms/99.9%, 100ms/99.9%
[3.726s][info][gc,marking  ] GC(35) Mark: 4 stripe(s), 2 proactive flush(es), 1 terminate flush(es), 0 completion(s), 0 continuation(s) 
[3.726s][info][gc,marking  ] GC(35) Mark Stack Usage: 32M
[3.726s][info][gc,nmethod  ] GC(35) NMethods: 327 registered, 0 unregistered
[3.726s][info][gc,metaspace] GC(35) Metaspace: 0M used, 0M committed, 1032M reserved
[3.726s][info][gc,ref      ] GC(35) Soft: 95 encountered, 0 discovered, 0 enqueued
[3.726s][info][gc,ref      ] GC(35) Weak: 147 encountered, 2 discovered, 0 enqueued
[3.726s][info][gc,ref      ] GC(35) Final: 0 encountered, 0 discovered, 0 enqueued
[3.726s][info][gc,ref      ] GC(35) Phantom: 1 encountered, 0 discovered, 0 enqueued
[3.726s][info][gc,reloc    ] GC(35) Small Pages: 216 / 432M, Empty: 290M, Relocated: 17M, In-Place: 0
[3.726s][info][gc,reloc    ] GC(35) Medium Pages: 1 / 32M, Empty: 0M, Relocated: 0M, In-Place: 0
[3.726s][info][gc,reloc    ] GC(35) Large Pages: 0 / 0M, Empty: 0M, Relocated: 0M, In-Place: 0
[3.726s][info][gc,reloc    ] GC(35) Forwarding Usage: 13M
[3.726s][info][gc,heap     ] GC(35) Min Capacity: 1024M(100%)
[3.726s][info][gc,heap     ] GC(35) Max Capacity: 1024M(100%)
[3.726s][info][gc,heap     ] GC(35) Soft Max Capacity: 1024M(100%)
[3.726s][info][gc,heap     ] GC(35)                Mark Start          Mark End        Relocate Start      Relocate End           High               Low         
[3.726s][info][gc,heap     ] GC(35)  Capacity:     1024M (100%)       1024M (100%)       1024M (100%)       1024M (100%)       1024M (100%)       1024M (100%)   
[3.726s][info][gc,heap     ] GC(35)      Free:      560M (55%)         386M (38%)         634M (62%)         664M (65%)         674M (66%)         384M (38%)    
[3.726s][info][gc,heap     ] GC(35)      Used:      464M (45%)         638M (62%)         390M (38%)         360M (35%)         640M (62%)         350M (34%)    
[3.726s][info][gc,heap     ] GC(35)      Live:         -                67M (7%)           67M (7%)           67M (7%)             -                  -          
[3.726s][info][gc,heap     ] GC(35) Allocated:         -               174M (17%)         216M (21%)         247M (24%)            -                  -          
[3.726s][info][gc,heap     ] GC(35)   Garbage:         -               396M (39%)         106M (10%)          44M (4%)             -                  -          
[3.726s][info][gc,heap     ] GC(35) Reclaimed:         -                  -               290M (28%)         351M (34%)            -                  -          
[3.726s][info][gc          ] GC(35) Garbage Collection (Allocation Rate) 464M(45%)->360M(35%)
[3.749s][info][gc,start    ] GC(36) Garbage Collection (Allocation Rate)
[3.749s][info][gc,task     ] GC(36) Using 4 workers
[3.749s][info][gc,phases   ] GC(36) Pause Mark Start 0.005ms
[3.796s][info][gc,phases   ] GC(36) Concurrent Mark 46.485ms
[3.796s][info][gc,phases   ] GC(36) Pause Mark End 0.018ms
[3.796s][info][gc,phases   ] GC(36) Concurrent Mark Free 0.001ms
[3.796s][info][gc,phases   ] GC(36) Concurrent Process Non-Strong References 0.303ms
[3.796s][info][gc,phases   ] GC(36) Concurrent Reset Relocation Set 0.008ms
[3.803s][info][gc,phases   ] GC(36) Concurrent Select Relocation Set 6.205ms
[3.803s][info][gc,phases   ] GC(36) Pause Relocate Start 0.007ms
[3.817s][info][gc,phases   ] GC(36) Concurrent Relocate 14.571ms
[3.817s][info][gc,load     ] GC(36) Load: 0.00/0.00/0.00
[3.817s][info][gc,mmu      ] GC(36) MMU: 2ms/98.5%, 5ms/99.4%, 10ms/99.5%, 20ms/99.7%, 50ms/99.9%, 100ms/99.9%
[3.817s][info][gc,marking  ] GC(36) Mark: 4 stripe(s), 2 proactive flush(es), 1 terminate flush(es), 0 completion(s), 0 continuation(s) 
[3.817s][info][gc,marking  ] GC(36) Mark Stack Usage: 32M
[3.818s][info][gc,nmethod  ] GC(36) NMethods: 327 registered, 0 unregistered
[3.818s][info][gc,metaspace] GC(36) Metaspace: 0M used, 0M committed, 1032M reserved
[3.818s][info][gc,ref      ] GC(36) Soft: 95 encountered, 0 discovered, 0 enqueued
[3.818s][info][gc,ref      ] GC(36) Weak: 147 encountered, 0 discovered, 0 enqueued
[3.818s][info][gc,ref      ] GC(36) Final: 0 encountered, 0 discovered, 0 enqueued
[3.818s][info][gc,ref      ] GC(36) Phantom: 1 encountered, 0 discovered, 0 enqueued
[3.818s][info][gc,reloc    ] GC(36) Small Pages: 213 / 426M, Empty: 272M, Relocated: 17M, In-Place: 0
[3.818s][info][gc,reloc    ] GC(36) Medium Pages: 1 / 32M, Empty: 0M, Relocated: 0M, In-Place: 0
[3.818s][info][gc,reloc    ] GC(36) Large Pages: 0 / 0M, Empty: 0M, Relocated: 0M, In-Place: 0
[3.818s][info][gc,reloc    ] GC(36) Forwarding Usage: 12M
[3.818s][info][gc,heap     ] GC(36) Min Capacity: 1024M(100%)
[3.818s][info][gc,heap     ] GC(36) Max Capacity: 1024M(100%)
[3.818s][info][gc,heap     ] GC(36) Soft Max Capacity: 1024M(100%)
[3.818s][info][gc,heap     ] GC(36)                Mark Start          Mark End        Relocate Start      Relocate End           High               Low         
[3.818s][info][gc,heap     ] GC(36)  Capacity:     1024M (100%)       1024M (100%)       1024M (100%)       1024M (100%)       1024M (100%)       1024M (100%)   
[3.818s][info][gc,heap     ] GC(36)      Free:      566M (55%)         396M (39%)         646M (63%)         686M (67%)         698M (68%)         394M (38%)    
[3.818s][info][gc,heap     ] GC(36)      Used:      458M (45%)         628M (61%)         378M (37%)         338M (33%)         630M (62%)         326M (32%)    
[3.818s][info][gc,heap     ] GC(36)      Live:         -                67M (7%)           67M (7%)           67M (7%)             -                  -          
[3.818s][info][gc,heap     ] GC(36) Allocated:         -               170M (17%)         192M (19%)         224M (22%)            -                  -          
[3.818s][info][gc,heap     ] GC(36)   Garbage:         -               390M (38%)         118M (12%)          45M (4%)             -                  -          
[3.818s][info][gc,heap     ] GC(36) Reclaimed:         -                  -               272M (27%)         344M (34%)            -                  -          
[3.818s][info][gc          ] GC(36) Garbage Collection (Allocation Rate) 458M(45%)->338M(33%)
[3.860s][info][gc,start    ] GC(37) Garbage Collection (Allocation Rate)
[3.860s][info][gc,task     ] GC(37) Using 4 workers
[3.860s][info][gc,phases   ] GC(37) Pause Mark Start 0.006ms
[3.908s][info][gc,phases   ] GC(37) Concurrent Mark 47.545ms
[3.908s][info][gc,phases   ] GC(37) Pause Mark End 0.009ms
[3.908s][info][gc,phases   ] GC(37) Concurrent Mark Free 0.001ms
[3.908s][info][gc,phases   ] GC(37) Concurrent Process Non-Strong References 0.294ms
[3.908s][info][gc,phases   ] GC(37) Concurrent Reset Relocation Set 0.010ms
[3.914s][info][gc,phases   ] GC(37) Concurrent Select Relocation Set 5.791ms
[3.914s][info][gc,phases   ] GC(37) Pause Relocate Start 0.006ms
[3.926s][info][gc,phases   ] GC(37) Concurrent Relocate 11.876ms
[3.926s][info][gc,load     ] GC(37) Load: 0.00/0.00/0.00
[3.926s][info][gc,mmu      ] GC(37) MMU: 2ms/98.5%, 5ms/99.4%, 10ms/99.5%, 20ms/99.7%, 50ms/99.9%, 100ms/99.9%
[3.926s][info][gc,marking  ] GC(37) Mark: 4 stripe(s), 2 proactive flush(es), 1 terminate flush(es), 0 completion(s), 0 continuation(s) 
[3.926s][info][gc,marking  ] GC(37) Mark Stack Usage: 32M
[3.926s][info][gc,nmethod  ] GC(37) NMethods: 327 registered, 0 unregistered
[3.926s][info][gc,metaspace] GC(37) Metaspace: 0M used, 0M committed, 1032M reserved
[3.926s][info][gc,ref      ] GC(37) Soft: 95 encountered, 0 discovered, 0 enqueued
[3.926s][info][gc,ref      ] GC(37) Weak: 147 encountered, 2 discovered, 0 enqueued
[3.926s][info][gc,ref      ] GC(37) Final: 0 encountered, 0 discovered, 0 enqueued
[3.926s][info][gc,ref      ] GC(37) Phantom: 1 encountered, 0 discovered, 0 enqueued
[3.926s][info][gc,reloc    ] GC(37) Small Pages: 243 / 486M, Empty: 342M, Relocated: 17M, In-Place: 0
[3.926s][info][gc,reloc    ] GC(37) Medium Pages: 1 / 32M, Empty: 0M, Relocated: 0M, In-Place: 0
[3.926s][info][gc,reloc    ] GC(37) Large Pages: 0 / 0M, Empty: 0M, Relocated: 0M, In-Place: 0
[3.926s][info][gc,reloc    ] GC(37) Forwarding Usage: 12M
[3.926s][info][gc,heap     ] GC(37) Min Capacity: 1024M(100%)
[3.926s][info][gc,heap     ] GC(37) Max Capacity: 1024M(100%)
[3.926s][info][gc,heap     ] GC(37) Soft Max Capacity: 1024M(100%)
[3.926s][info][gc,heap     ] GC(37)                Mark Start          Mark End        Relocate Start      Relocate End           High               Low         
[3.926s][info][gc,heap     ] GC(37)  Capacity:     1024M (100%)       1024M (100%)       1024M (100%)       1024M (100%)       1024M (100%)       1024M (100%)   
[3.926s][info][gc,heap     ] GC(37)      Free:      506M (49%)         336M (33%)         654M (64%)         690M (67%)         694M (68%)         330M (32%)    
[3.926s][info][gc,heap     ] GC(37)      Used:      518M (51%)         688M (67%)         370M (36%)         334M (33%)         694M (68%)         330M (32%)    
[3.926s][info][gc,heap     ] GC(37)      Live:         -                67M (7%)           67M (7%)           67M (7%)             -                  -          
[3.926s][info][gc,heap     ] GC(37) Allocated:         -               170M (17%)         194M (19%)         222M (22%)            -                  -          
[3.926s][info][gc,heap     ] GC(37)   Garbage:         -               450M (44%)         108M (11%)          43M (4%)             -                  -          
[3.926s][info][gc,heap     ] GC(37) Reclaimed:         -                  -               342M (33%)         406M (40%)            -                  -          
[3.926s][info][gc          ] GC(37) Garbage Collection (Allocation Rate) 518M(51%)->334M(33%)
[3.954s][info][gc,start    ] GC(38) Garbage Collection (Allocation Rate)
[3.955s][info][gc,task     ] GC(38) Using 4 workers
[3.955s][info][gc,phases   ] GC(38) Pause Mark Start 0.005ms
[4.002s][info][gc,phases   ] GC(38) Concurrent Mark 47.542ms
[4.002s][info][gc,phases   ] GC(38) Pause Mark End 0.009ms
[4.002s][info][gc,phases   ] GC(38) Concurrent Mark Free 0.001ms
[4.003s][info][gc,phases   ] GC(38) Concurrent Process Non-Strong References 0.296ms
[4.003s][info][gc,phases   ] GC(38) Concurrent Reset Relocation Set 0.010ms
[4.012s][info][gc,phases   ] GC(38) Concurrent Select Relocation Set 9.484ms
[4.012s][info][gc,phases   ] GC(38) Pause Relocate Start 0.006ms
[4.026s][info][gc,phases   ] GC(38) Concurrent Relocate 13.196ms
[4.026s][info][gc,load     ] GC(38) Load: 0.00/0.00/0.00
[4.026s][info][gc,mmu      ] GC(38) MMU: 2ms/98.5%, 5ms/99.4%, 10ms/99.5%, 20ms/99.7%, 50ms/99.9%, 100ms/99.9%
[4.026s][info][gc,marking  ] GC(38) Mark: 4 stripe(s), 2 proactive flush(es), 1 terminate flush(es), 0 completion(s), 0 continuation(s) 
[4.026s][info][gc,marking  ] GC(38) Mark Stack Usage: 32M
[4.026s][info][gc,nmethod  ] GC(38) NMethods: 327 registered, 0 unregistered
[4.026s][info][gc,metaspace] GC(38) Metaspace: 0M used, 0M committed, 1032M reserved
[4.026s][info][gc,ref      ] GC(38) Soft: 95 encountered, 0 discovered, 0 enqueued
[4.026s][info][gc,ref      ] GC(38) Weak: 147 encountered, 18 discovered, 0 enqueued
[4.026s][info][gc,ref      ] GC(38) Final: 0 encountered, 0 discovered, 0 enqueued
[4.026s][info][gc,ref      ] GC(38) Phantom: 1 encountered, 0 discovered, 0 enqueued
[4.026s][info][gc,reloc    ] GC(38) Small Pages: 211 / 422M, Empty: 280M, Relocated: 17M, In-Place: 0
[4.026s][info][gc,reloc    ] GC(38) Medium Pages: 1 / 32M, Empty: 0M, Relocated: 0M, In-Place: 0
[4.026s][info][gc,reloc    ] GC(38) Large Pages: 0 / 0M, Empty: 0M, Relocated: 0M, In-Place: 0
[4.026s][info][gc,reloc    ] GC(38) Forwarding Usage: 12M
[4.026s][info][gc,heap     ] GC(38) Min Capacity: 1024M(100%)
[4.026s][info][gc,heap     ] GC(38) Max Capacity: 1024M(100%)
[4.026s][info][gc,heap     ] GC(38) Soft Max Capacity: 1024M(100%)
[4.026s][info][gc,heap     ] GC(38)                Mark Start          Mark End        Relocate Start      Relocate End           High               Low         
[4.026s][info][gc,heap     ] GC(38)  Capacity:     1024M (100%)       1024M (100%)       1024M (100%)       1024M (100%)       1024M (100%)       1024M (100%)   
[4.026s][info][gc,heap     ] GC(38)      Free:      570M (56%)         400M (39%)         644M (63%)         674M (66%)         682M (67%)         400M (39%)    
[4.026s][info][gc,heap     ] GC(38)      Used:      454M (44%)         624M (61%)         380M (37%)         350M (34%)         624M (61%)         342M (33%)    
[4.026s][info][gc,heap     ] GC(38)      Live:         -                67M (7%)           67M (7%)           67M (7%)             -                  -          
[4.026s][info][gc,heap     ] GC(38) Allocated:         -               170M (17%)         206M (20%)         237M (23%)            -                  -          
[4.026s][info][gc,heap     ] GC(38)   Garbage:         -               386M (38%)         106M (10%)          45M (4%)             -                  -          
[4.026s][info][gc,heap     ] GC(38) Reclaimed:         -                  -               280M (27%)         341M (33%)            -                  -          
[4.026s][info][gc          ] GC(38) Garbage Collection (Allocation Rate) 454M(44%)->350M(34%)
[4.050s][info][gc,start    ] GC(39) Garbage Collection (Allocation Rate)
[4.050s][info][gc,task     ] GC(39) Using 4 workers
[4.050s][info][gc,phases   ] GC(39) Pause Mark Start 0.008ms
[4.098s][info][gc,phases   ] GC(39) Concurrent Mark 47.525ms
[4.098s][info][gc,phases   ] GC(39) Pause Mark End 0.015ms
[4.098s][info][gc,phases   ] GC(39) Concurrent Mark Free 0.003ms
[4.099s][info][gc,phases   ] GC(39) Concurrent Process Non-Strong References 0.405ms
[4.099s][info][gc,phases   ] GC(39) Concurrent Reset Relocation Set 0.031ms
[4.115s][info][gc,phases   ] GC(39) Concurrent Select Relocation Set 16.605ms
[4.115s][info][gc,phases   ] GC(39) Pause Relocate Start 0.006ms
[4.131s][info][gc,phases   ] GC(39) Concurrent Relocate 15.409ms
[4.131s][info][gc,load     ] GC(39) Load: 0.00/0.00/0.00
[4.131s][info][gc,mmu      ] GC(39) MMU: 2ms/98.5%, 5ms/99.4%, 10ms/99.5%, 20ms/99.7%, 50ms/99.9%, 100ms/99.9%
[4.131s][info][gc,marking  ] GC(39) Mark: 4 stripe(s), 2 proactive flush(es), 1 terminate flush(es), 0 completion(s), 0 continuation(s) 
[4.131s][info][gc,marking  ] GC(39) Mark Stack Usage: 32M
[4.131s][info][gc,nmethod  ] GC(39) NMethods: 327 registered, 0 unregistered
[4.131s][info][gc,metaspace] GC(39) Metaspace: 0M used, 0M committed, 1032M reserved
[4.131s][info][gc,ref      ] GC(39) Soft: 95 encountered, 0 discovered, 0 enqueued
[4.131s][info][gc,ref      ] GC(39) Weak: 147 encountered, 2 discovered, 0 enqueued
[4.131s][info][gc,ref      ] GC(39) Final: 0 encountered, 0 discovered, 0 enqueued
[4.131s][info][gc,ref      ] GC(39) Phantom: 1 encountered, 0 discovered, 0 enqueued
[4.131s][info][gc,reloc    ] GC(39) Small Pages: 214 / 428M, Empty: 286M, Relocated: 17M, In-Place: 0
[4.131s][info][gc,reloc    ] GC(39) Medium Pages: 1 / 32M, Empty: 0M, Relocated: 0M, In-Place: 0
[4.131s][info][gc,reloc    ] GC(39) Large Pages: 0 / 0M, Empty: 0M, Relocated: 0M, In-Place: 0
[4.131s][info][gc,reloc    ] GC(39) Forwarding Usage: 12M
[4.131s][info][gc,heap     ] GC(39) Min Capacity: 1024M(100%)
[4.131s][info][gc,heap     ] GC(39) Max Capacity: 1024M(100%)
[4.131s][info][gc,heap     ] GC(39) Soft Max Capacity: 1024M(100%)
[4.131s][info][gc,heap     ] GC(39)                Mark Start          Mark End        Relocate Start      Relocate End           High               Low         
[4.131s][info][gc,heap     ] GC(39)  Capacity:     1024M (100%)       1024M (100%)       1024M (100%)       1024M (100%)       1024M (100%)       1024M (100%)   
[4.131s][info][gc,heap     ] GC(39)      Free:      564M (55%)         402M (39%)         634M (62%)         652M (64%)         668M (65%)         402M (39%)    
[4.131s][info][gc,heap     ] GC(39)      Used:      460M (45%)         622M (61%)         390M (38%)         372M (36%)         622M (61%)         356M (35%)    
[4.131s][info][gc,heap     ] GC(39)      Live:         -                67M (7%)           67M (7%)           67M (7%)             -                  -          
[4.131s][info][gc,heap     ] GC(39) Allocated:         -               162M (16%)         216M (21%)         260M (25%)            -                  -          
[4.131s][info][gc,heap     ] GC(39)   Garbage:         -               392M (38%)         106M (10%)          43M (4%)             -                  -          
[4.131s][info][gc,heap     ] GC(39) Reclaimed:         -                  -               286M (28%)         348M (34%)            -                  -          
[4.131s][info][gc          ] GC(39) Garbage Collection (Allocation Rate) 460M(45%)->372M(36%)
[4.160s][info][gc,start    ] GC(40) Garbage Collection (Allocation Rate)
[4.160s][info][gc,task     ] GC(40) Using 4 workers
[4.160s][info][gc,phases   ] GC(40) Pause Mark Start 0.012ms
[4.207s][info][gc,phases   ] GC(40) Concurrent Mark 46.410ms
[4.207s][info][gc,phases   ] GC(40) Pause Mark End 0.013ms
[4.207s][info][gc,phases   ] GC(40) Concurrent Mark Free 0.000ms
[4.207s][info][gc,phases   ] GC(40) Concurrent Process Non-Strong References 0.315ms
[4.207s][info][gc,phases   ] GC(40) Concurrent Reset Relocation Set 0.007ms
[4.217s][info][gc,phases   ] GC(40) Concurrent Select Relocation Set 10.130ms
[4.218s][info][gc,phases   ] GC(40) Pause Relocate Start 0.006ms
[4.231s][info][gc,phases   ] GC(40) Concurrent Relocate 12.935ms
[4.231s][info][gc,load     ] GC(40) Load: 0.00/0.00/0.00
[4.231s][info][gc,mmu      ] GC(40) MMU: 2ms/98.5%, 5ms/99.4%, 10ms/99.5%, 20ms/99.7%, 50ms/99.9%, 100ms/99.9%
[4.231s][info][gc,marking  ] GC(40) Mark: 4 stripe(s), 2 proactive flush(es), 1 terminate flush(es), 0 completion(s), 0 continuation(s) 
[4.231s][info][gc,marking  ] GC(40) Mark Stack Usage: 32M
[4.231s][info][gc,nmethod  ] GC(40) NMethods: 327 registered, 0 unregistered
[4.231s][info][gc,metaspace] GC(40) Metaspace: 0M used, 0M committed, 1032M reserved
[4.231s][info][gc,ref      ] GC(40) Soft: 95 encountered, 0 discovered, 0 enqueued
[4.231s][info][gc,ref      ] GC(40) Weak: 147 encountered, 0 discovered, 0 enqueued
[4.231s][info][gc,ref      ] GC(40) Final: 0 encountered, 0 discovered, 0 enqueued
[4.231s][info][gc,ref      ] GC(40) Phantom: 1 encountered, 0 discovered, 0 enqueued
[4.231s][info][gc,reloc    ] GC(40) Small Pages: 227 / 454M, Empty: 298M, Relocated: 17M, In-Place: 0
[4.231s][info][gc,reloc    ] GC(40) Medium Pages: 1 / 32M, Empty: 0M, Relocated: 0M, In-Place: 0
[4.231s][info][gc,reloc    ] GC(40) Large Pages: 0 / 0M, Empty: 0M, Relocated: 0M, In-Place: 0
[4.231s][info][gc,reloc    ] GC(40) Forwarding Usage: 13M
[4.231s][info][gc,heap     ] GC(40) Min Capacity: 1024M(100%)
[4.231s][info][gc,heap     ] GC(40) Max Capacity: 1024M(100%)
[4.231s][info][gc,heap     ] GC(40) Soft Max Capacity: 1024M(100%)
[4.231s][info][gc,heap     ] GC(40)                Mark Start          Mark End        Relocate Start      Relocate End           High               Low         
[4.231s][info][gc,heap     ] GC(40)  Capacity:     1024M (100%)       1024M (100%)       1024M (100%)       1024M (100%)       1024M (100%)       1024M (100%)   
[4.231s][info][gc,heap     ] GC(40)      Free:      538M (53%)         360M (35%)         626M (61%)         674M (66%)         680M (66%)         360M (35%)    
[4.231s][info][gc,heap     ] GC(40)      Used:      486M (47%)         664M (65%)         398M (39%)         350M (34%)         664M (65%)         344M (34%)    
[4.231s][info][gc,heap     ] GC(40)      Live:         -                67M (7%)           67M (7%)           67M (7%)             -                  -          
[4.231s][info][gc,heap     ] GC(40) Allocated:         -               178M (17%)         210M (21%)         236M (23%)            -                  -          
[4.231s][info][gc,heap     ] GC(40)   Garbage:         -               418M (41%)         120M (12%)          45M (4%)             -                  -          
[4.231s][info][gc,heap     ] GC(40) Reclaimed:         -                  -               298M (29%)         372M (36%)            -                  -          
[4.231s][info][gc          ] GC(40) Garbage Collection (Allocation Rate) 486M(47%)->350M(34%)
[4.255s][info][gc,start    ] GC(41) Garbage Collection (Allocation Rate)
[4.255s][info][gc,task     ] GC(41) Using 4 workers
[4.255s][info][gc,phases   ] GC(41) Pause Mark Start 0.004ms
[4.302s][info][gc,phases   ] GC(41) Concurrent Mark 47.605ms
[4.303s][info][gc,phases   ] GC(41) Pause Mark End 0.013ms
[4.303s][info][gc,phases   ] GC(41) Concurrent Mark Free 0.001ms
[4.303s][info][gc,phases   ] GC(41) Concurrent Process Non-Strong References 0.435ms
[4.303s][info][gc,phases   ] GC(41) Concurrent Reset Relocation Set 0.018ms
[4.310s][info][gc,phases   ] GC(41) Concurrent Select Relocation Set 6.393ms
[4.310s][info][gc,phases   ] GC(41) Pause Relocate Start 0.005ms
[4.324s][info][gc,phases   ] GC(41) Concurrent Relocate 13.682ms
[4.324s][info][gc,load     ] GC(41) Load: 0.00/0.00/0.00
[4.324s][info][gc,mmu      ] GC(41) MMU: 2ms/98.5%, 5ms/99.4%, 10ms/99.5%, 20ms/99.7%, 50ms/99.9%, 100ms/99.9%
[4.324s][info][gc,marking  ] GC(41) Mark: 4 stripe(s), 2 proactive flush(es), 1 terminate flush(es), 0 completion(s), 0 continuation(s) 
[4.324s][info][gc,marking  ] GC(41) Mark Stack Usage: 32M
[4.324s][info][gc,nmethod  ] GC(41) NMethods: 327 registered, 0 unregistered
[4.324s][info][gc,metaspace] GC(41) Metaspace: 0M used, 0M committed, 1032M reserved
[4.324s][info][gc,ref      ] GC(41) Soft: 95 encountered, 0 discovered, 0 enqueued
[4.324s][info][gc,ref      ] GC(41) Weak: 147 encountered, 2 discovered, 0 enqueued
[4.324s][info][gc,ref      ] GC(41) Final: 0 encountered, 0 discovered, 0 enqueued
[4.324s][info][gc,ref      ] GC(41) Phantom: 1 encountered, 0 discovered, 0 enqueued
[4.324s][info][gc,reloc    ] GC(41) Small Pages: 207 / 414M, Empty: 274M, Relocated: 17M, In-Place: 0
[4.324s][info][gc,reloc    ] GC(41) Medium Pages: 1 / 32M, Empty: 0M, Relocated: 0M, In-Place: 0
[4.324s][info][gc,reloc    ] GC(41) Large Pages: 0 / 0M, Empty: 0M, Relocated: 0M, In-Place: 0
[4.324s][info][gc,reloc    ] GC(41) Forwarding Usage: 11M
[4.324s][info][gc,heap     ] GC(41) Min Capacity: 1024M(100%)
[4.324s][info][gc,heap     ] GC(41) Max Capacity: 1024M(100%)
[4.324s][info][gc,heap     ] GC(41) Soft Max Capacity: 1024M(100%)
[4.324s][info][gc,heap     ] GC(41)                Mark Start          Mark End        Relocate Start      Relocate End           High               Low         
[4.324s][info][gc,heap     ] GC(41)  Capacity:     1024M (100%)       1024M (100%)       1024M (100%)       1024M (100%)       1024M (100%)       1024M (100%)   
[4.324s][info][gc,heap     ] GC(41)      Free:      578M (56%)         400M (39%)         650M (63%)         676M (66%)         682M (67%)         400M (39%)    
[4.324s][info][gc,heap     ] GC(41)      Used:      446M (44%)         624M (61%)         374M (37%)         348M (34%)         624M (61%)         342M (33%)    
[4.324s][info][gc,heap     ] GC(41)      Live:         -                67M (7%)           67M (7%)           67M (7%)             -                  -          
[4.324s][info][gc,heap     ] GC(41) Allocated:         -               178M (17%)         202M (20%)         235M (23%)            -                  -          
[4.324s][info][gc,heap     ] GC(41)   Garbage:         -               378M (37%)         104M (10%)          44M (4%)             -                  -          
[4.324s][info][gc,heap     ] GC(41) Reclaimed:         -                  -               274M (27%)         333M (33%)            -                  -          
[4.324s][info][gc          ] GC(41) Garbage Collection (Allocation Rate) 446M(44%)->348M(34%)
[4.350s][info][gc,start    ] GC(42) Garbage Collection (Allocation Rate)
[4.350s][info][gc,task     ] GC(42) Using 4 workers
[4.351s][info][gc,phases   ] GC(42) Pause Mark Start 0.004ms
[4.398s][info][gc,phases   ] GC(42) Concurrent Mark 47.532ms
[4.398s][info][gc,phases   ] GC(42) Pause Mark End 0.009ms
[4.398s][info][gc,phases   ] GC(42) Concurrent Mark Free 0.001ms
[4.399s][info][gc,phases   ] GC(42) Concurrent Process Non-Strong References 0.345ms
[4.399s][info][gc,phases   ] GC(42) Concurrent Reset Relocation Set 0.009ms
[4.410s][info][gc,phases   ] GC(42) Concurrent Select Relocation Set 11.561ms
[4.411s][info][gc,phases   ] GC(42) Pause Relocate Start 0.006ms
[4.424s][info][gc,phases   ] GC(42) Concurrent Relocate 13.468ms
[4.424s][info][gc,load     ] GC(42) Load: 0.00/0.00/0.00
[4.424s][info][gc,mmu      ] GC(42) MMU: 2ms/98.5%, 5ms/99.4%, 10ms/99.5%, 20ms/99.7%, 50ms/99.9%, 100ms/99.9%
[4.424s][info][gc,marking  ] GC(42) Mark: 4 stripe(s), 2 proactive flush(es), 1 terminate flush(es), 0 completion(s), 0 continuation(s) 
[4.424s][info][gc,marking  ] GC(42) Mark Stack Usage: 32M
[4.424s][info][gc,nmethod  ] GC(42) NMethods: 327 registered, 0 unregistered
[4.424s][info][gc,metaspace] GC(42) Metaspace: 0M used, 0M committed, 1032M reserved
[4.424s][info][gc,ref      ] GC(42) Soft: 95 encountered, 0 discovered, 0 enqueued
[4.424s][info][gc,ref      ] GC(42) Weak: 147 encountered, 2 discovered, 0 enqueued
[4.424s][info][gc,ref      ] GC(42) Final: 0 encountered, 0 discovered, 0 enqueued
[4.424s][info][gc,ref      ] GC(42) Phantom: 1 encountered, 0 discovered, 0 enqueued
[4.424s][info][gc,reloc    ] GC(42) Small Pages: 216 / 432M, Empty: 290M, Relocated: 17M, In-Place: 0
[4.424s][info][gc,reloc    ] GC(42) Medium Pages: 1 / 32M, Empty: 0M, Relocated: 0M, In-Place: 0
[4.424s][info][gc,reloc    ] GC(42) Large Pages: 0 / 0M, Empty: 0M, Relocated: 0M, In-Place: 0
[4.424s][info][gc,reloc    ] GC(42) Forwarding Usage: 12M
[4.424s][info][gc,heap     ] GC(42) Min Capacity: 1024M(100%)
[4.424s][info][gc,heap     ] GC(42) Max Capacity: 1024M(100%)
[4.424s][info][gc,heap     ] GC(42) Soft Max Capacity: 1024M(100%)
[4.424s][info][gc,heap     ] GC(42)                Mark Start          Mark End        Relocate Start      Relocate End           High               Low         
[4.424s][info][gc,heap     ] GC(42)  Capacity:     1024M (100%)       1024M (100%)       1024M (100%)       1024M (100%)       1024M (100%)       1024M (100%)   
[4.424s][info][gc,heap     ] GC(42)      Free:      560M (55%)         390M (38%)         636M (62%)         666M (65%)         672M (66%)         388M (38%)    
[4.424s][info][gc,heap     ] GC(42)      Used:      464M (45%)         634M (62%)         388M (38%)         358M (35%)         636M (62%)         352M (34%)    
[4.425s][info][gc,heap     ] GC(42)      Live:         -                67M (7%)           67M (7%)           67M (7%)             -                  -          
[4.425s][info][gc,heap     ] GC(42) Allocated:         -               170M (17%)         214M (21%)         245M (24%)            -                  -          
[4.425s][info][gc,heap     ] GC(42)   Garbage:         -               396M (39%)         106M (10%)          44M (4%)             -                  -          
[4.425s][info][gc,heap     ] GC(42) Reclaimed:         -                  -               290M (28%)         351M (34%)            -                  -          
[4.425s][info][gc          ] GC(42) Garbage Collection (Allocation Rate) 464M(45%)->358M(35%)
[4.462s][info][gc,start    ] GC(43) Garbage Collection (Allocation Rate)
[4.462s][info][gc,task     ] GC(43) Using 4 workers
[4.462s][info][gc,phases   ] GC(43) Pause Mark Start 0.004ms
[4.509s][info][gc,phases   ] GC(43) Concurrent Mark 46.639ms
[4.509s][info][gc,phases   ] GC(43) Pause Mark End 0.009ms
[4.509s][info][gc,phases   ] GC(43) Concurrent Mark Free 0.001ms
[4.510s][info][gc,phases   ] GC(43) Concurrent Process Non-Strong References 0.279ms
[4.510s][info][gc,phases   ] GC(43) Concurrent Reset Relocation Set 0.013ms
[4.521s][info][gc,phases   ] GC(43) Concurrent Select Relocation Set 11.398ms
[4.521s][info][gc,phases   ] GC(43) Pause Relocate Start 0.005ms
[4.537s][info][gc,phases   ] GC(43) Concurrent Relocate 16.177ms
[4.538s][info][gc,load     ] GC(43) Load: 0.00/0.00/0.00
[4.538s][info][gc,mmu      ] GC(43) MMU: 2ms/98.5%, 5ms/99.4%, 10ms/99.5%, 20ms/99.7%, 50ms/99.9%, 100ms/99.9%
[4.538s][info][gc,marking  ] GC(43) Mark: 4 stripe(s), 2 proactive flush(es), 1 terminate flush(es), 0 completion(s), 0 continuation(s) 
[4.538s][info][gc,marking  ] GC(43) Mark Stack Usage: 32M
[4.538s][info][gc,nmethod  ] GC(43) NMethods: 327 registered, 0 unregistered
[4.538s][info][gc,metaspace] GC(43) Metaspace: 0M used, 0M committed, 1032M reserved
[4.538s][info][gc,ref      ] GC(43) Soft: 95 encountered, 0 discovered, 0 enqueued
[4.538s][info][gc,ref      ] GC(43) Weak: 147 encountered, 2 discovered, 0 enqueued
[4.538s][info][gc,ref      ] GC(43) Final: 0 encountered, 0 discovered, 0 enqueued
[4.538s][info][gc,ref      ] GC(43) Phantom: 1 encountered, 0 discovered, 0 enqueued
[4.538s][info][gc,reloc    ] GC(43) Small Pages: 233 / 466M, Empty: 334M, Relocated: 17M, In-Place: 0
[4.538s][info][gc,reloc    ] GC(43) Medium Pages: 1 / 32M, Empty: 0M, Relocated: 0M, In-Place: 0
[4.538s][info][gc,reloc    ] GC(43) Large Pages: 0 / 0M, Empty: 0M, Relocated: 0M, In-Place: 0
[4.538s][info][gc,reloc    ] GC(43) Forwarding Usage: 12M
[4.538s][info][gc,heap     ] GC(43) Min Capacity: 1024M(100%)
[4.538s][info][gc,heap     ] GC(43) Max Capacity: 1024M(100%)
[4.538s][info][gc,heap     ] GC(43) Soft Max Capacity: 1024M(100%)
[4.538s][info][gc,heap     ] GC(43)                Mark Start          Mark End        Relocate Start      Relocate End           High               Low         
[4.538s][info][gc,heap     ] GC(43)  Capacity:     1024M (100%)       1024M (100%)       1024M (100%)       1024M (100%)       1024M (100%)       1024M (100%)   
[4.538s][info][gc,heap     ] GC(43)      Free:      526M (51%)         340M (33%)         630M (62%)         636M (62%)         656M (64%)         340M (33%)    
[4.538s][info][gc,heap     ] GC(43)      Used:      498M (49%)         684M (67%)         394M (38%)         388M (38%)         684M (67%)         368M (36%)    
[4.538s][info][gc,heap     ] GC(43)      Live:         -                67M (7%)           67M (7%)           67M (7%)             -                  -          
[4.538s][info][gc,heap     ] GC(43) Allocated:         -               186M (18%)         230M (22%)         273M (27%)            -                  -          
[4.538s][info][gc,heap     ] GC(43)   Garbage:         -               430M (42%)          96M (9%)           47M (5%)             -                  -          
[4.538s][info][gc,heap     ] GC(43) Reclaimed:         -                  -               334M (33%)         383M (37%)            -                  -          
[4.538s][info][gc          ] GC(43) Garbage Collection (Allocation Rate) 498M(49%)->388M(38%)
[4.556s][info][gc,start    ] GC(44) Garbage Collection (Allocation Rate)
[4.556s][info][gc,task     ] GC(44) Using 4 workers
[4.556s][info][gc,phases   ] GC(44) Pause Mark Start 0.004ms
[4.604s][info][gc,phases   ] GC(44) Concurrent Mark 47.487ms
[4.604s][info][gc,phases   ] GC(44) Pause Mark End 0.012ms
[4.604s][info][gc,phases   ] GC(44) Concurrent Mark Free 0.001ms
[4.604s][info][gc,phases   ] GC(44) Concurrent Process Non-Strong References 0.311ms
[4.604s][info][gc,phases   ] GC(44) Concurrent Reset Relocation Set 0.009ms
[4.610s][info][gc,phases   ] GC(44) Concurrent Select Relocation Set 5.993ms
[4.610s][info][gc,phases   ] GC(44) Pause Relocate Start 0.005ms
[4.621s][info][gc,phases   ] GC(44) Concurrent Relocate 10.761ms
[4.621s][info][gc,load     ] GC(44) Load: 0.00/0.00/0.00
[4.621s][info][gc,mmu      ] GC(44) MMU: 2ms/98.5%, 5ms/99.4%, 10ms/99.5%, 20ms/99.7%, 50ms/99.9%, 100ms/99.9%
[4.621s][info][gc,marking  ] GC(44) Mark: 4 stripe(s), 2 proactive flush(es), 1 terminate flush(es), 0 completion(s), 0 continuation(s) 
[4.621s][info][gc,marking  ] GC(44) Mark Stack Usage: 32M
[4.621s][info][gc,nmethod  ] GC(44) NMethods: 327 registered, 0 unregistered
[4.621s][info][gc,metaspace] GC(44) Metaspace: 0M used, 0M committed, 1032M reserved
[4.621s][info][gc,ref      ] GC(44) Soft: 95 encountered, 0 discovered, 0 enqueued
[4.621s][info][gc,ref      ] GC(44) Weak: 147 encountered, 2 discovered, 0 enqueued
[4.621s][info][gc,ref      ] GC(44) Final: 0 encountered, 0 discovered, 0 enqueued
[4.621s][info][gc,ref      ] GC(44) Phantom: 1 encountered, 0 discovered, 0 enqueued
[4.621s][info][gc,reloc    ] GC(44) Small Pages: 217 / 434M, Empty: 304M, Relocated: 12M, In-Place: 0
[4.621s][info][gc,reloc    ] GC(44) Medium Pages: 1 / 32M, Empty: 0M, Relocated: 0M, In-Place: 0
[4.621s][info][gc,reloc    ] GC(44) Large Pages: 0 / 0M, Empty: 0M, Relocated: 0M, In-Place: 0
[4.621s][info][gc,reloc    ] GC(44) Forwarding Usage: 8M
[4.621s][info][gc,heap     ] GC(44) Min Capacity: 1024M(100%)
[4.621s][info][gc,heap     ] GC(44) Max Capacity: 1024M(100%)
[4.621s][info][gc,heap     ] GC(44) Soft Max Capacity: 1024M(100%)
[4.621s][info][gc,heap     ] GC(44)                Mark Start          Mark End        Relocate Start      Relocate End           High               Low         
[4.621s][info][gc,heap     ] GC(44)  Capacity:     1024M (100%)       1024M (100%)       1024M (100%)       1024M (100%)       1024M (100%)       1024M (100%)   
[4.622s][info][gc,heap     ] GC(44)      Free:      558M (54%)         386M (38%)         664M (65%)         680M (66%)         686M (67%)         386M (38%)    
[4.622s][info][gc,heap     ] GC(44)      Used:      466M (46%)         638M (62%)         360M (35%)         344M (34%)         638M (62%)         338M (33%)    
[4.622s][info][gc,heap     ] GC(44)      Live:         -                67M (7%)           67M (7%)           67M (7%)             -                  -          
[4.622s][info][gc,heap     ] GC(44) Allocated:         -               172M (17%)         198M (19%)         227M (22%)            -                  -          
[4.622s][info][gc,heap     ] GC(44)   Garbage:         -               398M (39%)          94M (9%)           48M (5%)             -                  -          
[4.622s][info][gc,heap     ] GC(44) Reclaimed:         -                  -               304M (30%)         349M (34%)            -                  -          
[4.622s][info][gc          ] GC(44) Garbage Collection (Allocation Rate) 466M(46%)->344M(34%)
[4.651s][info][gc,start    ] GC(45) Garbage Collection (Allocation Rate)
[4.651s][info][gc,task     ] GC(45) Using 4 workers
[4.651s][info][gc,phases   ] GC(45) Pause Mark Start 0.005ms
[4.698s][info][gc,phases   ] GC(45) Concurrent Mark 47.507ms
[4.699s][info][gc,phases   ] GC(45) Pause Mark End 0.008ms
[4.699s][info][gc,phases   ] GC(45) Concurrent Mark Free 0.001ms
[4.699s][info][gc,phases   ] GC(45) Concurrent Process Non-Strong References 0.257ms
[4.699s][info][gc,phases   ] GC(45) Concurrent Reset Relocation Set 0.005ms
[4.707s][info][gc,phases   ] GC(45) Concurrent Select Relocation Set 8.066ms
[4.707s][info][gc,phases   ] GC(45) Pause Relocate Start 0.005ms
[4.718s][info][gc,phases   ] GC(45) Concurrent Relocate 10.785ms
[4.718s][info][gc,load     ] GC(45) Load: 0.00/0.00/0.00
[4.718s][info][gc,mmu      ] GC(45) MMU: 2ms/98.5%, 5ms/99.4%, 10ms/99.5%, 20ms/99.7%, 50ms/99.9%, 100ms/99.9%
[4.718s][info][gc,marking  ] GC(45) Mark: 4 stripe(s), 2 proactive flush(es), 1 terminate flush(es), 0 completion(s), 0 continuation(s) 
[4.718s][info][gc,marking  ] GC(45) Mark Stack Usage: 32M
[4.718s][info][gc,nmethod  ] GC(45) NMethods: 327 registered, 0 unregistered
[4.718s][info][gc,metaspace] GC(45) Metaspace: 0M used, 0M committed, 1032M reserved
[4.718s][info][gc,ref      ] GC(45) Soft: 95 encountered, 0 discovered, 0 enqueued
[4.718s][info][gc,ref      ] GC(45) Weak: 147 encountered, 2 discovered, 0 enqueued
[4.718s][info][gc,ref      ] GC(45) Final: 0 encountered, 0 discovered, 0 enqueued
[4.718s][info][gc,ref      ] GC(45) Phantom: 1 encountered, 0 discovered, 0 enqueued
[4.718s][info][gc,reloc    ] GC(45) Small Pages: 215 / 430M, Empty: 282M, Relocated: 12M, In-Place: 0
[4.718s][info][gc,reloc    ] GC(45) Medium Pages: 1 / 32M, Empty: 0M, Relocated: 0M, In-Place: 0
[4.718s][info][gc,reloc    ] GC(45) Large Pages: 0 / 0M, Empty: 0M, Relocated: 0M, In-Place: 0
[4.718s][info][gc,reloc    ] GC(45) Forwarding Usage: 8M
[4.719s][info][gc,heap     ] GC(45) Min Capacity: 1024M(100%)
[4.719s][info][gc,heap     ] GC(45) Max Capacity: 1024M(100%)
[4.719s][info][gc,heap     ] GC(45) Soft Max Capacity: 1024M(100%)
[4.719s][info][gc,heap     ] GC(45)                Mark Start          Mark End        Relocate Start      Relocate End           High               Low         
[4.719s][info][gc,heap     ] GC(45)  Capacity:     1024M (100%)       1024M (100%)       1024M (100%)       1024M (100%)       1024M (100%)       1024M (100%)   
[4.719s][info][gc,heap     ] GC(45)      Free:      562M (55%)         394M (38%)         646M (63%)         682M (67%)         690M (67%)         392M (38%)    
[4.719s][info][gc,heap     ] GC(45)      Used:      462M (45%)         630M (62%)         378M (37%)         342M (33%)         632M (62%)         334M (33%)    
[4.719s][info][gc,heap     ] GC(45)      Live:         -                67M (7%)           67M (7%)           67M (7%)             -                  -          
[4.719s][info][gc,heap     ] GC(45) Allocated:         -               168M (16%)         198M (19%)         225M (22%)            -                  -          
[4.719s][info][gc,heap     ] GC(45)   Garbage:         -               394M (38%)         112M (11%)          48M (5%)             -                  -          
[4.719s][info][gc,heap     ] GC(45) Reclaimed:         -                  -               282M (28%)         345M (34%)            -                  -          
[4.719s][info][gc          ] GC(45) Garbage Collection (Allocation Rate) 462M(45%)->342M(33%)
[4.761s][info][gc,start    ] GC(46) Garbage Collection (Allocation Rate)
[4.761s][info][gc,task     ] GC(46) Using 4 workers
[4.762s][info][gc,phases   ] GC(46) Pause Mark Start 0.005ms
[4.808s][info][gc,phases   ] GC(46) Concurrent Mark 46.471ms
[4.808s][info][gc,phases   ] GC(46) Pause Mark End 0.012ms
[4.808s][info][gc,phases   ] GC(46) Concurrent Mark Free 0.002ms
[4.809s][info][gc,phases   ] GC(46) Concurrent Process Non-Strong References 0.330ms
[4.809s][info][gc,phases   ] GC(46) Concurrent Reset Relocation Set 0.008ms
[4.817s][info][gc,phases   ] GC(46) Concurrent Select Relocation Set 8.628ms
[4.818s][info][gc,phases   ] GC(46) Pause Relocate Start 0.005ms
[4.828s][info][gc,phases   ] GC(46) Concurrent Relocate 10.580ms
[4.828s][info][gc,load     ] GC(46) Load: 0.00/0.00/0.00
[4.828s][info][gc,mmu      ] GC(46) MMU: 2ms/98.5%, 5ms/99.4%, 10ms/99.5%, 20ms/99.7%, 50ms/99.9%, 100ms/99.9%
[4.828s][info][gc,marking  ] GC(46) Mark: 4 stripe(s), 2 proactive flush(es), 1 terminate flush(es), 0 completion(s), 0 continuation(s) 
[4.828s][info][gc,marking  ] GC(46) Mark Stack Usage: 32M
[4.828s][info][gc,nmethod  ] GC(46) NMethods: 327 registered, 0 unregistered
[4.828s][info][gc,metaspace] GC(46) Metaspace: 0M used, 0M committed, 1032M reserved
[4.828s][info][gc,ref      ] GC(46) Soft: 95 encountered, 0 discovered, 0 enqueued
[4.828s][info][gc,ref      ] GC(46) Weak: 147 encountered, 2 discovered, 0 enqueued
[4.828s][info][gc,ref      ] GC(46) Final: 0 encountered, 0 discovered, 0 enqueued
[4.828s][info][gc,ref      ] GC(46) Phantom: 1 encountered, 0 discovered, 0 enqueued
[4.828s][info][gc,reloc    ] GC(46) Small Pages: 241 / 482M, Empty: 346M, Relocated: 12M, In-Place: 0
[4.828s][info][gc,reloc    ] GC(46) Medium Pages: 1 / 32M, Empty: 0M, Relocated: 0M, In-Place: 0
[4.828s][info][gc,reloc    ] GC(46) Large Pages: 0 / 0M, Empty: 0M, Relocated: 0M, In-Place: 0
[4.828s][info][gc,reloc    ] GC(46) Forwarding Usage: 8M
[4.829s][info][gc,heap     ] GC(46) Min Capacity: 1024M(100%)
[4.829s][info][gc,heap     ] GC(46) Max Capacity: 1024M(100%)
[4.829s][info][gc,heap     ] GC(46) Soft Max Capacity: 1024M(100%)
[4.829s][info][gc,heap     ] GC(46)                Mark Start          Mark End        Relocate Start      Relocate End           High               Low         
[4.829s][info][gc,heap     ] GC(46)  Capacity:     1024M (100%)       1024M (100%)       1024M (100%)       1024M (100%)       1024M (100%)       1024M (100%)   
[4.829s][info][gc,heap     ] GC(46)      Free:      510M (50%)         328M (32%)         648M (63%)         670M (65%)         674M (66%)         328M (32%)    
[4.829s][info][gc,heap     ] GC(46)      Used:      514M (50%)         696M (68%)         376M (37%)         354M (35%)         696M (68%)         350M (34%)    
[4.829s][info][gc,heap     ] GC(46)      Live:         -                67M (7%)           67M (7%)           67M (7%)             -                  -          
[4.829s][info][gc,heap     ] GC(46) Allocated:         -               182M (18%)         208M (20%)         237M (23%)            -                  -          
[4.829s][info][gc,heap     ] GC(46)   Garbage:         -               446M (44%)         100M (10%)          48M (5%)             -                  -          
[4.829s][info][gc,heap     ] GC(46) Reclaimed:         -                  -               346M (34%)         397M (39%)            -                  -          
[4.829s][info][gc          ] GC(46) Garbage Collection (Allocation Rate) 514M(50%)->354M(35%)
[4.855s][info][gc,start    ] GC(47) Garbage Collection (Allocation Rate)
[4.855s][info][gc,task     ] GC(47) Using 4 workers
[4.855s][info][gc,phases   ] GC(47) Pause Mark Start 0.004ms
[4.903s][info][gc,phases   ] GC(47) Concurrent Mark 47.503ms
[4.903s][info][gc,phases   ] GC(47) Pause Mark End 0.012ms
[4.903s][info][gc,phases   ] GC(47) Concurrent Mark Free 0.001ms
[4.904s][info][gc,phases   ] GC(47) Concurrent Process Non-Strong References 0.272ms
[4.904s][info][gc,phases   ] GC(47) Concurrent Reset Relocation Set 0.004ms
[4.909s][info][gc,phases   ] GC(47) Concurrent Select Relocation Set 5.037ms
[4.909s][info][gc,phases   ] GC(47) Pause Relocate Start 0.005ms
[4.920s][info][gc,phases   ] GC(47) Concurrent Relocate 11.612ms
[4.921s][info][gc,load     ] GC(47) Load: 0.00/0.00/0.00
[4.921s][info][gc,mmu      ] GC(47) MMU: 2ms/98.5%, 5ms/99.4%, 10ms/99.5%, 20ms/99.7%, 50ms/99.9%, 100ms/99.9%
[4.921s][info][gc,marking  ] GC(47) Mark: 4 stripe(s), 2 proactive flush(es), 1 terminate flush(es), 0 completion(s), 0 continuation(s) 
[4.921s][info][gc,marking  ] GC(47) Mark Stack Usage: 32M
[4.921s][info][gc,nmethod  ] GC(47) NMethods: 327 registered, 0 unregistered
[4.921s][info][gc,metaspace] GC(47) Metaspace: 0M used, 0M committed, 1032M reserved
[4.921s][info][gc,ref      ] GC(47) Soft: 95 encountered, 0 discovered, 0 enqueued
[4.921s][info][gc,ref      ] GC(47) Weak: 147 encountered, 2 discovered, 0 enqueued
[4.921s][info][gc,ref      ] GC(47) Final: 0 encountered, 0 discovered, 0 enqueued
[4.921s][info][gc,ref      ] GC(47) Phantom: 1 encountered, 0 discovered, 0 enqueued
[4.921s][info][gc,reloc    ] GC(47) Small Pages: 213 / 426M, Empty: 288M, Relocated: 12M, In-Place: 0
[4.921s][info][gc,reloc    ] GC(47) Medium Pages: 1 / 32M, Empty: 0M, Relocated: 0M, In-Place: 0
[4.921s][info][gc,reloc    ] GC(47) Large Pages: 0 / 0M, Empty: 0M, Relocated: 0M, In-Place: 0
[4.921s][info][gc,reloc    ] GC(47) Forwarding Usage: 8M
[4.921s][info][gc,heap     ] GC(47) Min Capacity: 1024M(100%)
[4.921s][info][gc,heap     ] GC(47) Max Capacity: 1024M(100%)
[4.921s][info][gc,heap     ] GC(47) Soft Max Capacity: 1024M(100%)
[4.921s][info][gc,heap     ] GC(47)                Mark Start          Mark End        Relocate Start      Relocate End           High               Low         
[4.921s][info][gc,heap     ] GC(47)  Capacity:     1024M (100%)       1024M (100%)       1024M (100%)       1024M (100%)       1024M (100%)       1024M (100%)   
[4.921s][info][gc,heap     ] GC(47)      Free:      566M (55%)         400M (39%)         668M (65%)         690M (67%)         702M (69%)         394M (38%)    
[4.921s][info][gc,heap     ] GC(47)      Used:      458M (45%)         624M (61%)         356M (35%)         334M (33%)         630M (62%)         322M (31%)    
[4.921s][info][gc,heap     ] GC(47)      Live:         -                67M (7%)           67M (7%)           67M (7%)             -                  -          
[4.921s][info][gc,heap     ] GC(47) Allocated:         -               166M (16%)         186M (18%)         217M (21%)            -                  -          
[4.921s][info][gc,heap     ] GC(47)   Garbage:         -               390M (38%)         102M (10%)          48M (5%)             -                  -          
[4.921s][info][gc,heap     ] GC(47) Reclaimed:         -                  -               288M (28%)         341M (33%)            -                  -          
[4.921s][info][gc          ] GC(47) Garbage Collection (Allocation Rate) 458M(45%)->334M(33%)
[4.951s][info][gc,start    ] GC(48) Garbage Collection (Allocation Rate)
[4.951s][info][gc,task     ] GC(48) Using 4 workers
[4.951s][info][gc,phases   ] GC(48) Pause Mark Start 0.007ms
[4.998s][info][gc,phases   ] GC(48) Concurrent Mark 46.615ms
[4.998s][info][gc,phases   ] GC(48) Pause Mark End 0.010ms
[4.998s][info][gc,phases   ] GC(48) Concurrent Mark Free 0.001ms
[4.998s][info][gc,phases   ] GC(48) Concurrent Process Non-Strong References 0.264ms
[4.998s][info][gc,phases   ] GC(48) Concurrent Reset Relocation Set 0.007ms
[5.006s][info][gc,phases   ] GC(48) Concurrent Select Relocation Set 7.949ms
[5.006s][info][gc,phases   ] GC(48) Pause Relocate Start 0.005ms
[5.017s][info][gc,phases   ] GC(48) Concurrent Relocate 10.215ms
[5.017s][info][gc,load     ] GC(48) Load: 0.00/0.00/0.00
[5.017s][info][gc,mmu      ] GC(48) MMU: 2ms/98.5%, 5ms/99.4%, 10ms/99.5%, 20ms/99.7%, 50ms/99.9%, 100ms/99.9%
[5.017s][info][gc,marking  ] GC(48) Mark: 4 stripe(s), 2 proactive flush(es), 1 terminate flush(es), 0 completion(s), 0 continuation(s) 
[5.017s][info][gc,marking  ] GC(48) Mark Stack Usage: 32M
[5.017s][info][gc,nmethod  ] GC(48) NMethods: 327 registered, 0 unregistered
[5.017s][info][gc,metaspace] GC(48) Metaspace: 0M used, 0M committed, 1032M reserved
[5.017s][info][gc,ref      ] GC(48) Soft: 95 encountered, 0 discovered, 0 enqueued
[5.017s][info][gc,ref      ] GC(48) Weak: 147 encountered, 2 discovered, 0 enqueued
[5.017s][info][gc,ref      ] GC(48) Final: 0 encountered, 0 discovered, 0 enqueued
[5.017s][info][gc,ref      ] GC(48) Phantom: 1 encountered, 0 discovered, 0 enqueued
[5.017s][info][gc,reloc    ] GC(48) Small Pages: 217 / 434M, Empty: 290M, Relocated: 12M, In-Place: 0
[5.017s][info][gc,reloc    ] GC(48) Medium Pages: 1 / 32M, Empty: 0M, Relocated: 0M, In-Place: 0
[5.017s][info][gc,reloc    ] GC(48) Large Pages: 0 / 0M, Empty: 0M, Relocated: 0M, In-Place: 0
[5.017s][info][gc,reloc    ] GC(48) Forwarding Usage: 8M
[5.017s][info][gc,heap     ] GC(48) Min Capacity: 1024M(100%)
[5.017s][info][gc,heap     ] GC(48) Max Capacity: 1024M(100%)
[5.017s][info][gc,heap     ] GC(48) Soft Max Capacity: 1024M(100%)
[5.017s][info][gc,heap     ] GC(48)                Mark Start          Mark End        Relocate Start      Relocate End           High               Low         
[5.017s][info][gc,heap     ] GC(48)  Capacity:     1024M (100%)       1024M (100%)       1024M (100%)       1024M (100%)       1024M (100%)       1024M (100%)   
[5.017s][info][gc,heap     ] GC(48)      Free:      558M (54%)         394M (38%)         652M (64%)         686M (67%)         694M (68%)         394M (38%)    
[5.017s][info][gc,heap     ] GC(48)      Used:      466M (46%)         630M (62%)         372M (36%)         338M (33%)         630M (62%)         330M (32%)    
[5.017s][info][gc,heap     ] GC(48)      Live:         -                67M (7%)           67M (7%)           67M (7%)             -                  -          
[5.017s][info][gc,heap     ] GC(48) Allocated:         -               164M (16%)         196M (19%)         219M (21%)            -                  -          
[5.017s][info][gc,heap     ] GC(48)   Garbage:         -               398M (39%)         108M (11%)          50M (5%)             -                  -          
[5.017s][info][gc,heap     ] GC(48) Reclaimed:         -                  -               290M (28%)         347M (34%)            -                  -          
[5.017s][info][gc          ] GC(48) Garbage Collection (Allocation Rate) 466M(46%)->338M(33%)
[5.061s][info][gc,start    ] GC(49) Garbage Collection (Allocation Rate)
[5.062s][info][gc,task     ] GC(49) Using 4 workers
[5.062s][info][gc,phases   ] GC(49) Pause Mark Start 0.006ms
[5.108s][info][gc,phases   ] GC(49) Concurrent Mark 46.510ms
[5.108s][info][gc,phases   ] GC(49) Pause Mark End 0.009ms
[5.108s][info][gc,phases   ] GC(49) Concurrent Mark Free 0.000ms
[5.109s][info][gc,phases   ] GC(49) Concurrent Process Non-Strong References 0.278ms
[5.109s][info][gc,phases   ] GC(49) Concurrent Reset Relocation Set 0.007ms
[5.118s][info][gc,phases   ] GC(49) Concurrent Select Relocation Set 9.084ms
[5.118s][info][gc,phases   ] GC(49) Pause Relocate Start 0.006ms
[5.133s][info][gc,phases   ] GC(49) Concurrent Relocate 14.463ms
[5.133s][info][gc,load     ] GC(49) Load: 0.00/0.00/0.00
[5.133s][info][gc,mmu      ] GC(49) MMU: 2ms/98.5%, 5ms/99.4%, 10ms/99.5%, 20ms/99.7%, 50ms/99.9%, 100ms/99.9%
[5.133s][info][gc,marking  ] GC(49) Mark: 4 stripe(s), 2 proactive flush(es), 1 terminate flush(es), 0 completion(s), 0 continuation(s) 
[5.133s][info][gc,marking  ] GC(49) Mark Stack Usage: 32M
[5.133s][info][gc,nmethod  ] GC(49) NMethods: 329 registered, 0 unregistered
[5.133s][info][gc,metaspace] GC(49) Metaspace: 0M used, 0M committed, 1032M reserved
[5.133s][info][gc,ref      ] GC(49) Soft: 95 encountered, 0 discovered, 0 enqueued
[5.133s][info][gc,ref      ] GC(49) Weak: 147 encountered, 2 discovered, 0 enqueued
[5.133s][info][gc,ref      ] GC(49) Final: 0 encountered, 0 discovered, 0 enqueued
[5.133s][info][gc,ref      ] GC(49) Phantom: 1 encountered, 0 discovered, 0 enqueued
[5.133s][info][gc,reloc    ] GC(49) Small Pages: 250 / 500M, Empty: 368M, Relocated: 17M, In-Place: 0
[5.133s][info][gc,reloc    ] GC(49) Medium Pages: 1 / 32M, Empty: 0M, Relocated: 0M, In-Place: 0
[5.133s][info][gc,reloc    ] GC(49) Large Pages: 0 / 0M, Empty: 0M, Relocated: 0M, In-Place: 0
[5.133s][info][gc,reloc    ] GC(49) Forwarding Usage: 12M
[5.133s][info][gc,heap     ] GC(49) Min Capacity: 1024M(100%)
[5.133s][info][gc,heap     ] GC(49) Max Capacity: 1024M(100%)
[5.133s][info][gc,heap     ] GC(49) Soft Max Capacity: 1024M(100%)
[5.133s][info][gc,heap     ] GC(49)                Mark Start          Mark End        Relocate Start      Relocate End           High               Low         
[5.133s][info][gc,heap     ] GC(49)  Capacity:     1024M (100%)       1024M (100%)       1024M (100%)       1024M (100%)       1024M (100%)       1024M (100%)   
[5.133s][info][gc,heap     ] GC(49)      Free:      492M (48%)         350M (34%)         684M (67%)         696M (68%)         706M (69%)         350M (34%)    
[5.133s][info][gc,heap     ] GC(49)      Used:      532M (52%)         674M (66%)         340M (33%)         328M (32%)         674M (66%)         318M (31%)    
[5.133s][info][gc,heap     ] GC(49)      Live:         -                67M (7%)           67M (7%)           67M (7%)             -                  -          
[5.133s][info][gc,heap     ] GC(49) Allocated:         -               142M (14%)         176M (17%)         212M (21%)            -                  -          
[5.133s][info][gc,heap     ] GC(49)   Garbage:         -               464M (45%)          96M (9%)           47M (5%)             -                  -          
[5.133s][info][gc,heap     ] GC(49) Reclaimed:         -                  -               368M (36%)         416M (41%)            -                  -          
[5.133s][info][gc          ] GC(49) Garbage Collection (Allocation Rate) 532M(52%)->328M(32%)
[5.156s][info][gc,start    ] GC(50) Garbage Collection (Allocation Rate)
[5.156s][info][gc,task     ] GC(50) Using 4 workers
[5.156s][info][gc,phases   ] GC(50) Pause Mark Start 0.016ms
[5.204s][info][gc,phases   ] GC(50) Concurrent Mark 47.488ms
[5.204s][info][gc,phases   ] GC(50) Pause Mark End 0.012ms
[5.204s][info][gc,phases   ] GC(50) Concurrent Mark Free 0.001ms
[5.205s][info][gc,phases   ] GC(50) Concurrent Process Non-Strong References 0.328ms
[5.205s][info][gc,phases   ] GC(50) Concurrent Reset Relocation Set 0.008ms
[5.212s][info][gc,phases   ] GC(50) Concurrent Select Relocation Set 7.174ms
[5.212s][info][gc,phases   ] GC(50) Pause Relocate Start 0.008ms
[5.226s][info][gc,phases   ] GC(50) Concurrent Relocate 14.260ms
[5.226s][info][gc,load     ] GC(50) Load: 0.00/0.00/0.00
[5.226s][info][gc,mmu      ] GC(50) MMU: 2ms/98.5%, 5ms/99.4%, 10ms/99.5%, 20ms/99.7%, 50ms/99.9%, 100ms/99.9%
[5.226s][info][gc,marking  ] GC(50) Mark: 4 stripe(s), 2 proactive flush(es), 1 terminate flush(es), 0 completion(s), 0 continuation(s) 
[5.226s][info][gc,marking  ] GC(50) Mark Stack Usage: 32M
[5.226s][info][gc,nmethod  ] GC(50) NMethods: 329 registered, 0 unregistered
[5.226s][info][gc,metaspace] GC(50) Metaspace: 0M used, 0M committed, 1032M reserved
[5.227s][info][gc,ref      ] GC(50) Soft: 95 encountered, 0 discovered, 0 enqueued
[5.227s][info][gc,ref      ] GC(50) Weak: 147 encountered, 2 discovered, 0 enqueued
[5.227s][info][gc,ref      ] GC(50) Final: 0 encountered, 0 discovered, 0 enqueued
[5.227s][info][gc,ref      ] GC(50) Phantom: 1 encountered, 0 discovered, 0 enqueued
[5.227s][info][gc,reloc    ] GC(50) Small Pages: 193 / 386M, Empty: 254M, Relocated: 17M, In-Place: 0
[5.227s][info][gc,reloc    ] GC(50) Medium Pages: 1 / 32M, Empty: 0M, Relocated: 0M, In-Place: 0
[5.227s][info][gc,reloc    ] GC(50) Large Pages: 0 / 0M, Empty: 0M, Relocated: 0M, In-Place: 0
[5.227s][info][gc,reloc    ] GC(50) Forwarding Usage: 11M
[5.227s][info][gc,heap     ] GC(50) Min Capacity: 1024M(100%)
[5.227s][info][gc,heap     ] GC(50) Max Capacity: 1024M(100%)
[5.227s][info][gc,heap     ] GC(50) Soft Max Capacity: 1024M(100%)
[5.227s][info][gc,heap     ] GC(50)                Mark Start          Mark End        Relocate Start      Relocate End           High               Low         
[5.227s][info][gc,heap     ] GC(50)  Capacity:     1024M (100%)       1024M (100%)       1024M (100%)       1024M (100%)       1024M (100%)       1024M (100%)   
[5.227s][info][gc,heap     ] GC(50)      Free:      606M (59%)         456M (45%)         684M (67%)         696M (68%)         714M (70%)         454M (44%)    
[5.227s][info][gc,heap     ] GC(50)      Used:      418M (41%)         568M (55%)         340M (33%)         328M (32%)         570M (56%)         310M (30%)    
[5.227s][info][gc,heap     ] GC(50)      Live:         -                67M (7%)           67M (7%)           67M (7%)             -                  -          
[5.227s][info][gc,heap     ] GC(50) Allocated:         -               150M (15%)         176M (17%)         213M (21%)            -                  -          
[5.227s][info][gc,heap     ] GC(50)   Garbage:         -               350M (34%)          96M (9%)           46M (5%)             -                  -          
[5.227s][info][gc,heap     ] GC(50) Reclaimed:         -                  -               254M (25%)         303M (30%)            -                  -          
[5.227s][info][gc          ] GC(50) Garbage Collection (Allocation Rate) 418M(41%)->328M(32%)
[5.250s][info][gc,start    ] GC(51) Garbage Collection (Allocation Rate)
[5.250s][info][gc,task     ] GC(51) Using 4 workers
[5.250s][info][gc,phases   ] GC(51) Pause Mark Start 0.004ms
[5.298s][info][gc,phases   ] GC(51) Concurrent Mark 47.409ms
[5.298s][info][gc,phases   ] GC(51) Pause Mark End 0.011ms
[5.298s][info][gc,phases   ] GC(51) Concurrent Mark Free 0.001ms
[5.298s][info][gc,phases   ] GC(51) Concurrent Process Non-Strong References 0.298ms
[5.298s][info][gc,phases   ] GC(51) Concurrent Reset Relocation Set 0.008ms
[5.304s][info][gc,phases   ] GC(51) Concurrent Select Relocation Set 5.635ms
[5.304s][info][gc,phases   ] GC(51) Pause Relocate Start 0.006ms
[5.315s][info][gc,phases   ] GC(51) Concurrent Relocate 10.777ms
[5.315s][info][gc,load     ] GC(51) Load: 0.00/0.00/0.00
[5.315s][info][gc,mmu      ] GC(51) MMU: 2ms/98.5%, 5ms/99.4%, 10ms/99.5%, 20ms/99.7%, 50ms/99.9%, 100ms/99.9%
[5.315s][info][gc,marking  ] GC(51) Mark: 4 stripe(s), 2 proactive flush(es), 1 terminate flush(es), 0 completion(s), 0 continuation(s) 
[5.315s][info][gc,marking  ] GC(51) Mark Stack Usage: 32M
[5.315s][info][gc,nmethod  ] GC(51) NMethods: 329 registered, 0 unregistered
[5.315s][info][gc,metaspace] GC(51) Metaspace: 0M used, 0M committed, 1032M reserved
[5.315s][info][gc,ref      ] GC(51) Soft: 95 encountered, 0 discovered, 0 enqueued
[5.315s][info][gc,ref      ] GC(51) Weak: 147 encountered, 1 discovered, 0 enqueued
[5.315s][info][gc,ref      ] GC(51) Final: 0 encountered, 0 discovered, 0 enqueued
[5.315s][info][gc,ref      ] GC(51) Phantom: 1 encountered, 0 discovered, 0 enqueued
[5.315s][info][gc,reloc    ] GC(51) Small Pages: 201 / 402M, Empty: 256M, Relocated: 12M, In-Place: 0
[5.315s][info][gc,reloc    ] GC(51) Medium Pages: 1 / 32M, Empty: 0M, Relocated: 0M, In-Place: 0
[5.315s][info][gc,reloc    ] GC(51) Large Pages: 0 / 0M, Empty: 0M, Relocated: 0M, In-Place: 0
[5.315s][info][gc,reloc    ] GC(51) Forwarding Usage: 8M
[5.315s][info][gc,heap     ] GC(51) Min Capacity: 1024M(100%)
[5.315s][info][gc,heap     ] GC(51) Max Capacity: 1024M(100%)
[5.315s][info][gc,heap     ] GC(51) Soft Max Capacity: 1024M(100%)
[5.315s][info][gc,heap     ] GC(51)                Mark Start          Mark End        Relocate Start      Relocate End           High               Low         
[5.315s][info][gc,heap     ] GC(51)  Capacity:     1024M (100%)       1024M (100%)       1024M (100%)       1024M (100%)       1024M (100%)       1024M (100%)   
[5.315s][info][gc,heap     ] GC(51)      Free:      590M (58%)         416M (41%)         648M (63%)         680M (66%)         686M (67%)         416M (41%)    
[5.315s][info][gc,heap     ] GC(51)      Used:      434M (42%)         608M (59%)         376M (37%)         344M (34%)         608M (59%)         338M (33%)    
[5.315s][info][gc,heap     ] GC(51)      Live:         -                67M (7%)           67M (7%)           67M (7%)             -                  -          
[5.315s][info][gc,heap     ] GC(51) Allocated:         -               174M (17%)         198M (19%)         227M (22%)            -                  -          
[5.315s][info][gc,heap     ] GC(51)   Garbage:         -               366M (36%)         110M (11%)          48M (5%)             -                  -          
[5.315s][info][gc,heap     ] GC(51) Reclaimed:         -                  -               256M (25%)         317M (31%)            -                  -          
[5.315s][info][gc          ] GC(51) Garbage Collection (Allocation Rate) 434M(42%)->344M(34%)
[5.362s][info][gc,start    ] GC(52) Garbage Collection (Allocation Rate)
[5.362s][info][gc,task     ] GC(52) Using 4 workers
[5.362s][info][gc,phases   ] GC(52) Pause Mark Start 0.005ms
[5.409s][info][gc,phases   ] GC(52) Concurrent Mark 47.568ms
[5.410s][info][gc,phases   ] GC(52) Pause Mark End 0.010ms
[5.410s][info][gc,phases   ] GC(52) Concurrent Mark Free 0.001ms
[5.410s][info][gc,phases   ] GC(52) Concurrent Process Non-Strong References 0.263ms
[5.410s][info][gc,phases   ] GC(52) Concurrent Reset Relocation Set 0.005ms
[5.419s][info][gc,phases   ] GC(52) Concurrent Select Relocation Set 8.726ms
[5.419s][info][gc,phases   ] GC(52) Pause Relocate Start 0.006ms
[5.430s][info][gc,phases   ] GC(52) Concurrent Relocate 10.778ms
[5.430s][info][gc,load     ] GC(52) Load: 0.00/0.00/0.00
[5.430s][info][gc,mmu      ] GC(52) MMU: 2ms/98.5%, 5ms/99.4%, 10ms/99.5%, 20ms/99.7%, 50ms/99.9%, 100ms/99.9%
[5.430s][info][gc,marking  ] GC(52) Mark: 4 stripe(s), 2 proactive flush(es), 1 terminate flush(es), 0 completion(s), 0 continuation(s) 
[5.430s][info][gc,marking  ] GC(52) Mark Stack Usage: 32M
[5.430s][info][gc,nmethod  ] GC(52) NMethods: 329 registered, 0 unregistered
[5.430s][info][gc,metaspace] GC(52) Metaspace: 0M used, 0M committed, 1032M reserved
[5.430s][info][gc,ref      ] GC(52) Soft: 95 encountered, 0 discovered, 0 enqueued
[5.430s][info][gc,ref      ] GC(52) Weak: 147 encountered, 2 discovered, 0 enqueued
[5.430s][info][gc,ref      ] GC(52) Final: 0 encountered, 0 discovered, 0 enqueued
[5.430s][info][gc,ref      ] GC(52) Phantom: 1 encountered, 0 discovered, 0 enqueued
[5.430s][info][gc,reloc    ] GC(52) Small Pages: 260 / 520M, Empty: 382M, Relocated: 12M, In-Place: 0
[5.430s][info][gc,reloc    ] GC(52) Medium Pages: 1 / 32M, Empty: 0M, Relocated: 0M, In-Place: 0
[5.430s][info][gc,reloc    ] GC(52) Large Pages: 0 / 0M, Empty: 0M, Relocated: 0M, In-Place: 0
[5.430s][info][gc,reloc    ] GC(52) Forwarding Usage: 8M
[5.430s][info][gc,heap     ] GC(52) Min Capacity: 1024M(100%)
[5.430s][info][gc,heap     ] GC(52) Max Capacity: 1024M(100%)
[5.430s][info][gc,heap     ] GC(52) Soft Max Capacity: 1024M(100%)
[5.430s][info][gc,heap     ] GC(52)                Mark Start          Mark End        Relocate Start      Relocate End           High               Low         
[5.430s][info][gc,heap     ] GC(52)  Capacity:     1024M (100%)       1024M (100%)       1024M (100%)       1024M (100%)       1024M (100%)       1024M (100%)   
[5.430s][info][gc,heap     ] GC(52)      Free:      472M (46%)         298M (29%)         648M (63%)         676M (66%)         686M (67%)         298M (29%)    
[5.430s][info][gc,heap     ] GC(52)      Used:      552M (54%)         726M (71%)         376M (37%)         348M (34%)         726M (71%)         338M (33%)    
[5.430s][info][gc,heap     ] GC(52)      Live:         -                67M (7%)           67M (7%)           67M (7%)             -                  -          
[5.430s][info][gc,heap     ] GC(52) Allocated:         -               174M (17%)         206M (20%)         231M (23%)            -                  -          
[5.430s][info][gc,heap     ] GC(52)   Garbage:         -               484M (47%)         102M (10%)          48M (5%)             -                  -          
[5.430s][info][gc,heap     ] GC(52) Reclaimed:         -                  -               382M (37%)         435M (43%)            -                  -          
[5.430s][info][gc          ] GC(52) Garbage Collection (Allocation Rate) 552M(54%)->348M(34%)
[5.457s][info][gc,start    ] GC(53) Garbage Collection (Allocation Rate)
[5.457s][info][gc,task     ] GC(53) Using 4 workers
[5.458s][info][gc,phases   ] GC(53) Pause Mark Start 0.004ms
[5.503s][info][gc,phases   ] GC(53) Concurrent Mark 45.682ms
[5.503s][info][gc,phases   ] GC(53) Pause Mark End 0.018ms
[5.503s][info][gc,phases   ] GC(53) Concurrent Mark Free 0.001ms
[5.504s][info][gc,phases   ] GC(53) Concurrent Process Non-Strong References 0.348ms
[5.504s][info][gc,phases   ] GC(53) Concurrent Reset Relocation Set 0.010ms
[5.512s][info][gc,phases   ] GC(53) Concurrent Select Relocation Set 8.240ms
[5.512s][info][gc,phases   ] GC(53) Pause Relocate Start 0.005ms
[5.522s][info][gc,phases   ] GC(53) Concurrent Relocate 10.131ms
[5.523s][info][gc,load     ] GC(53) Load: 0.00/0.00/0.00
[5.523s][info][gc,mmu      ] GC(53) MMU: 2ms/98.5%, 5ms/99.4%, 10ms/99.5%, 20ms/99.7%, 50ms/99.9%, 100ms/99.9%
[5.523s][info][gc,marking  ] GC(53) Mark: 4 stripe(s), 2 proactive flush(es), 1 terminate flush(es), 0 completion(s), 0 continuation(s) 
[5.523s][info][gc,marking  ] GC(53) Mark Stack Usage: 32M
[5.523s][info][gc,nmethod  ] GC(53) NMethods: 329 registered, 0 unregistered
[5.523s][info][gc,metaspace] GC(53) Metaspace: 0M used, 0M committed, 1032M reserved
[5.523s][info][gc,ref      ] GC(53) Soft: 95 encountered, 0 discovered, 0 enqueued
[5.523s][info][gc,ref      ] GC(53) Weak: 147 encountered, 2 discovered, 0 enqueued
[5.523s][info][gc,ref      ] GC(53) Final: 0 encountered, 0 discovered, 0 enqueued
[5.523s][info][gc,ref      ] GC(53) Phantom: 1 encountered, 0 discovered, 0 enqueued
[5.523s][info][gc,reloc    ] GC(53) Small Pages: 216 / 432M, Empty: 302M, Relocated: 12M, In-Place: 0
[5.523s][info][gc,reloc    ] GC(53) Medium Pages: 1 / 32M, Empty: 0M, Relocated: 0M, In-Place: 0
[5.523s][info][gc,reloc    ] GC(53) Large Pages: 0 / 0M, Empty: 0M, Relocated: 0M, In-Place: 0
[5.523s][info][gc,reloc    ] GC(53) Forwarding Usage: 8M
[5.523s][info][gc,heap     ] GC(53) Min Capacity: 1024M(100%)
[5.523s][info][gc,heap     ] GC(53) Max Capacity: 1024M(100%)
[5.523s][info][gc,heap     ] GC(53) Soft Max Capacity: 1024M(100%)
[5.523s][info][gc,heap     ] GC(53)                Mark Start          Mark End        Relocate Start      Relocate End           High               Low         
[5.523s][info][gc,heap     ] GC(53)  Capacity:     1024M (100%)       1024M (100%)       1024M (100%)       1024M (100%)       1024M (100%)       1024M (100%)   
[5.523s][info][gc,heap     ] GC(53)      Free:      560M (55%)         392M (38%)         660M (64%)         680M (66%)         690M (67%)         390M (38%)    
[5.523s][info][gc,heap     ] GC(53)      Used:      464M (45%)         632M (62%)         364M (36%)         344M (34%)         634M (62%)         334M (33%)    
[5.523s][info][gc,heap     ] GC(53)      Live:         -                67M (7%)           67M (7%)           67M (7%)             -                  -          
[5.523s][info][gc,heap     ] GC(53) Allocated:         -               168M (16%)         202M (20%)         227M (22%)            -                  -          
[5.523s][info][gc,heap     ] GC(53)   Garbage:         -               396M (39%)          94M (9%)           48M (5%)             -                  -          
[5.523s][info][gc,heap     ] GC(53) Reclaimed:         -                  -               302M (29%)         347M (34%)            -                  -          
[5.523s][info][gc          ] GC(53) Garbage Collection (Allocation Rate) 464M(45%)->344M(34%)
[5.551s][info][gc,start    ] GC(54) Garbage Collection (Allocation Rate)
[5.551s][info][gc,task     ] GC(54) Using 4 workers
[5.551s][info][gc,phases   ] GC(54) Pause Mark Start 0.006ms
[5.597s][info][gc,phases   ] GC(54) Concurrent Mark 45.609ms
[5.597s][info][gc,phases   ] GC(54) Pause Mark End 0.009ms
[5.597s][info][gc,phases   ] GC(54) Concurrent Mark Free 0.001ms
[5.598s][info][gc,phases   ] GC(54) Concurrent Process Non-Strong References 0.318ms
[5.598s][info][gc,phases   ] GC(54) Concurrent Reset Relocation Set 0.005ms
[5.606s][info][gc,phases   ] GC(54) Concurrent Select Relocation Set 8.918ms
[5.607s][info][gc,phases   ] GC(54) Pause Relocate Start 0.006ms
[5.622s][info][gc,phases   ] GC(54) Concurrent Relocate 15.181ms
[5.622s][info][gc,load     ] GC(54) Load: 0.00/0.00/0.00
[5.622s][info][gc,mmu      ] GC(54) MMU: 2ms/98.5%, 5ms/99.4%, 10ms/99.5%, 20ms/99.7%, 50ms/99.9%, 100ms/99.9%
[5.622s][info][gc,marking  ] GC(54) Mark: 4 stripe(s), 2 proactive flush(es), 1 terminate flush(es), 0 completion(s), 0 continuation(s) 
[5.622s][info][gc,marking  ] GC(54) Mark Stack Usage: 32M
[5.622s][info][gc,nmethod  ] GC(54) NMethods: 329 registered, 0 unregistered
[5.622s][info][gc,metaspace] GC(54) Metaspace: 0M used, 0M committed, 1032M reserved
[5.622s][info][gc,ref      ] GC(54) Soft: 95 encountered, 0 discovered, 0 enqueued
[5.622s][info][gc,ref      ] GC(54) Weak: 147 encountered, 0 discovered, 0 enqueued
[5.622s][info][gc,ref      ] GC(54) Final: 0 encountered, 0 discovered, 0 enqueued
[5.622s][info][gc,ref      ] GC(54) Phantom: 1 encountered, 0 discovered, 0 enqueued
[5.622s][info][gc,reloc    ] GC(54) Small Pages: 217 / 434M, Empty: 290M, Relocated: 17M, In-Place: 0
[5.622s][info][gc,reloc    ] GC(54) Medium Pages: 1 / 32M, Empty: 0M, Relocated: 0M, In-Place: 0
[5.622s][info][gc,reloc    ] GC(54) Large Pages: 0 / 0M, Empty: 0M, Relocated: 0M, In-Place: 0
[5.622s][info][gc,reloc    ] GC(54) Forwarding Usage: 12M
[5.622s][info][gc,heap     ] GC(54) Min Capacity: 1024M(100%)
[5.622s][info][gc,heap     ] GC(54) Max Capacity: 1024M(100%)
[5.622s][info][gc,heap     ] GC(54) Soft Max Capacity: 1024M(100%)
[5.622s][info][gc,heap     ] GC(54)                Mark Start          Mark End        Relocate Start      Relocate End           High               Low         
[5.622s][info][gc,heap     ] GC(54)  Capacity:     1024M (100%)       1024M (100%)       1024M (100%)       1024M (100%)       1024M (100%)       1024M (100%)   
[5.622s][info][gc,heap     ] GC(54)      Free:      558M (54%)         388M (38%)         646M (63%)         670M (65%)         682M (67%)         386M (38%)    
[5.622s][info][gc,heap     ] GC(54)      Used:      466M (46%)         636M (62%)         378M (37%)         354M (35%)         638M (62%)         342M (33%)    
[5.622s][info][gc,heap     ] GC(54)      Live:         -                67M (7%)           67M (7%)           67M (7%)             -                  -          
[5.622s][info][gc,heap     ] GC(54) Allocated:         -               170M (17%)         202M (20%)         241M (24%)            -                  -          
[5.622s][info][gc,heap     ] GC(54)   Garbage:         -               398M (39%)         108M (11%)          44M (4%)             -                  -          
[5.622s][info][gc,heap     ] GC(54) Reclaimed:         -                  -               290M (28%)         353M (34%)            -                  -          
[5.622s][info][gc          ] GC(54) Garbage Collection (Allocation Rate) 466M(46%)->354M(35%)
[5.660s][info][gc,start    ] GC(55) Garbage Collection (Allocation Rate)
[5.660s][info][gc,task     ] GC(55) Using 4 workers
[5.660s][info][gc,phases   ] GC(55) Pause Mark Start 0.007ms
[5.707s][info][gc,phases   ] GC(55) Concurrent Mark 46.645ms
[5.707s][info][gc,phases   ] GC(55) Pause Mark End 0.021ms
[5.707s][info][gc,phases   ] GC(55) Concurrent Mark Free 0.001ms
[5.707s][info][gc,phases   ] GC(55) Concurrent Process Non-Strong References 0.336ms
[5.707s][info][gc,phases   ] GC(55) Concurrent Reset Relocation Set 0.008ms
[5.715s][info][gc,phases   ] GC(55) Concurrent Select Relocation Set 7.508ms
[5.715s][info][gc,phases   ] GC(55) Pause Relocate Start 0.005ms
[5.724s][info][gc,phases   ] GC(55) Concurrent Relocate 9.178ms
[5.724s][info][gc,load     ] GC(55) Load: 0.00/0.00/0.00
[5.724s][info][gc,mmu      ] GC(55) MMU: 2ms/98.5%, 5ms/99.4%, 10ms/99.5%, 20ms/99.7%, 50ms/99.9%, 100ms/99.9%
[5.724s][info][gc,marking  ] GC(55) Mark: 4 stripe(s), 2 proactive flush(es), 1 terminate flush(es), 0 completion(s), 0 continuation(s) 
[5.724s][info][gc,marking  ] GC(55) Mark Stack Usage: 32M
[5.724s][info][gc,nmethod  ] GC(55) NMethods: 329 registered, 0 unregistered
[5.724s][info][gc,metaspace] GC(55) Metaspace: 0M used, 0M committed, 1032M reserved
[5.724s][info][gc,ref      ] GC(55) Soft: 95 encountered, 0 discovered, 0 enqueued
[5.724s][info][gc,ref      ] GC(55) Weak: 147 encountered, 2 discovered, 0 enqueued
[5.724s][info][gc,ref      ] GC(55) Final: 0 encountered, 0 discovered, 0 enqueued
[5.724s][info][gc,ref      ] GC(55) Phantom: 1 encountered, 0 discovered, 0 enqueued
[5.724s][info][gc,reloc    ] GC(55) Small Pages: 245 / 490M, Empty: 354M, Relocated: 12M, In-Place: 0
[5.724s][info][gc,reloc    ] GC(55) Medium Pages: 1 / 32M, Empty: 0M, Relocated: 0M, In-Place: 0
[5.724s][info][gc,reloc    ] GC(55) Large Pages: 0 / 0M, Empty: 0M, Relocated: 0M, In-Place: 0
[5.724s][info][gc,reloc    ] GC(55) Forwarding Usage: 8M
[5.724s][info][gc,heap     ] GC(55) Min Capacity: 1024M(100%)
[5.724s][info][gc,heap     ] GC(55) Max Capacity: 1024M(100%)
[5.724s][info][gc,heap     ] GC(55) Soft Max Capacity: 1024M(100%)
[5.724s][info][gc,heap     ] GC(55)                Mark Start          Mark End        Relocate Start      Relocate End           High               Low         
[5.724s][info][gc,heap     ] GC(55)  Capacity:     1024M (100%)       1024M (100%)       1024M (100%)       1024M (100%)       1024M (100%)       1024M (100%)   
[5.724s][info][gc,heap     ] GC(55)      Free:      502M (49%)         328M (32%)         656M (64%)         682M (67%)         690M (67%)         328M (32%)    
[5.725s][info][gc,heap     ] GC(55)      Used:      522M (51%)         696M (68%)         368M (36%)         342M (33%)         696M (68%)         334M (33%)    
[5.725s][info][gc,heap     ] GC(55)      Live:         -                67M (7%)           67M (7%)           67M (7%)             -                  -          
[5.725s][info][gc,heap     ] GC(55) Allocated:         -               174M (17%)         200M (20%)         223M (22%)            -                  -          
[5.725s][info][gc,heap     ] GC(55)   Garbage:         -               454M (44%)         100M (10%)          50M (5%)             -                  -          
[5.725s][info][gc,heap     ] GC(55) Reclaimed:         -                  -               354M (35%)         403M (39%)            -                  -          
[5.725s][info][gc          ] GC(55) Garbage Collection (Allocation Rate) 522M(51%)->342M(33%)
[5.753s][info][gc,start    ] GC(56) Garbage Collection (Allocation Rate)
[5.753s][info][gc,task     ] GC(56) Using 4 workers
[5.753s][info][gc,phases   ] GC(56) Pause Mark Start 0.007ms
[5.800s][info][gc,phases   ] GC(56) Concurrent Mark 47.611ms
[5.801s][info][gc,phases   ] GC(56) Pause Mark End 0.011ms
[5.801s][info][gc,phases   ] GC(56) Concurrent Mark Free 0.001ms
[5.801s][info][gc,phases   ] GC(56) Concurrent Process Non-Strong References 0.324ms
[5.801s][info][gc,phases   ] GC(56) Concurrent Reset Relocation Set 0.005ms
[5.812s][info][gc,phases   ] GC(56) Concurrent Select Relocation Set 11.103ms
[5.812s][info][gc,phases   ] GC(56) Pause Relocate Start 0.006ms
[5.824s][info][gc,phases   ] GC(56) Concurrent Relocate 11.156ms
[5.824s][info][gc,load     ] GC(56) Load: 0.00/0.00/0.00
[5.824s][info][gc,mmu      ] GC(56) MMU: 2ms/98.5%, 5ms/99.4%, 10ms/99.5%, 20ms/99.7%, 50ms/99.9%, 100ms/99.9%
[5.824s][info][gc,marking  ] GC(56) Mark: 4 stripe(s), 2 proactive flush(es), 1 terminate flush(es), 0 completion(s), 0 continuation(s) 
[5.824s][info][gc,marking  ] GC(56) Mark Stack Usage: 32M
[5.824s][info][gc,nmethod  ] GC(56) NMethods: 329 registered, 0 unregistered
[5.824s][info][gc,metaspace] GC(56) Metaspace: 0M used, 0M committed, 1032M reserved
[5.824s][info][gc,ref      ] GC(56) Soft: 95 encountered, 0 discovered, 0 enqueued
[5.824s][info][gc,ref      ] GC(56) Weak: 147 encountered, 0 discovered, 0 enqueued
[5.824s][info][gc,ref      ] GC(56) Final: 0 encountered, 0 discovered, 0 enqueued
[5.824s][info][gc,ref      ] GC(56) Phantom: 1 encountered, 0 discovered, 0 enqueued
[5.824s][info][gc,reloc    ] GC(56) Small Pages: 212 / 424M, Empty: 286M, Relocated: 12M, In-Place: 0
[5.824s][info][gc,reloc    ] GC(56) Medium Pages: 1 / 32M, Empty: 0M, Relocated: 0M, In-Place: 0
[5.824s][info][gc,reloc    ] GC(56) Large Pages: 0 / 0M, Empty: 0M, Relocated: 0M, In-Place: 0
[5.824s][info][gc,reloc    ] GC(56) Forwarding Usage: 9M
[5.824s][info][gc,heap     ] GC(56) Min Capacity: 1024M(100%)
[5.824s][info][gc,heap     ] GC(56) Max Capacity: 1024M(100%)
[5.824s][info][gc,heap     ] GC(56) Soft Max Capacity: 1024M(100%)
[5.824s][info][gc,heap     ] GC(56)                Mark Start          Mark End        Relocate Start      Relocate End           High               Low         
[5.824s][info][gc,heap     ] GC(56)  Capacity:     1024M (100%)       1024M (100%)       1024M (100%)       1024M (100%)       1024M (100%)       1024M (100%)   
[5.824s][info][gc,heap     ] GC(56)      Free:      568M (55%)         386M (38%)         632M (62%)         652M (64%)         666M (65%)         384M (38%)    
[5.824s][info][gc,heap     ] GC(56)      Used:      456M (45%)         638M (62%)         392M (38%)         372M (36%)         640M (62%)         358M (35%)    
[5.824s][info][gc,heap     ] GC(56)      Live:         -                67M (7%)           67M (7%)           67M (7%)             -                  -          
[5.824s][info][gc,heap     ] GC(56) Allocated:         -               182M (18%)         222M (22%)         254M (25%)            -                  -          
[5.824s][info][gc,heap     ] GC(56)   Garbage:         -               388M (38%)         102M (10%)          49M (5%)             -                  -          
[5.824s][info][gc,heap     ] GC(56) Reclaimed:         -                  -               286M (28%)         338M (33%)            -                  -          
[5.824s][info][gc          ] GC(56) Garbage Collection (Allocation Rate) 456M(45%)->372M(36%)
[5.848s][info][gc,start    ] GC(57) Garbage Collection (Allocation Rate)
[5.848s][info][gc,task     ] GC(57) Using 4 workers
[5.849s][info][gc,phases   ] GC(57) Pause Mark Start 0.006ms
[5.896s][info][gc,phases   ] GC(57) Concurrent Mark 47.384ms
[5.896s][info][gc,phases   ] GC(57) Pause Mark End 0.009ms
[5.896s][info][gc,phases   ] GC(57) Concurrent Mark Free 0.001ms
[5.897s][info][gc,phases   ] GC(57) Concurrent Process Non-Strong References 0.364ms
[5.897s][info][gc,phases   ] GC(57) Concurrent Reset Relocation Set 0.010ms
[5.910s][info][gc,phases   ] GC(57) Concurrent Select Relocation Set 13.220ms
[5.910s][info][gc,phases   ] GC(57) Pause Relocate Start 0.006ms
[5.924s][info][gc,phases   ] GC(57) Concurrent Relocate 13.217ms
[5.924s][info][gc,load     ] GC(57) Load: 0.00/0.00/0.00
[5.924s][info][gc,mmu      ] GC(57) MMU: 2ms/98.5%, 5ms/99.4%, 10ms/99.5%, 20ms/99.7%, 50ms/99.9%, 100ms/99.9%
[5.924s][info][gc,marking  ] GC(57) Mark: 4 stripe(s), 2 proactive flush(es), 1 terminate flush(es), 0 completion(s), 0 continuation(s) 
[5.924s][info][gc,marking  ] GC(57) Mark Stack Usage: 32M
[5.924s][info][gc,nmethod  ] GC(57) NMethods: 329 registered, 0 unregistered
[5.924s][info][gc,metaspace] GC(57) Metaspace: 0M used, 0M committed, 1032M reserved
[5.924s][info][gc,ref      ] GC(57) Soft: 95 encountered, 0 discovered, 0 enqueued
[5.924s][info][gc,ref      ] GC(57) Weak: 147 encountered, 0 discovered, 0 enqueued
[5.924s][info][gc,ref      ] GC(57) Final: 0 encountered, 0 discovered, 0 enqueued
[5.924s][info][gc,ref      ] GC(57) Phantom: 1 encountered, 0 discovered, 0 enqueued
[5.924s][info][gc,reloc    ] GC(57) Small Pages: 225 / 450M, Empty: 318M, Relocated: 17M, In-Place: 0
[5.924s][info][gc,reloc    ] GC(57) Medium Pages: 1 / 32M, Empty: 0M, Relocated: 0M, In-Place: 0
[5.924s][info][gc,reloc    ] GC(57) Large Pages: 0 / 0M, Empty: 0M, Relocated: 0M, In-Place: 0
[5.924s][info][gc,reloc    ] GC(57) Forwarding Usage: 11M
[5.924s][info][gc,heap     ] GC(57) Min Capacity: 1024M(100%)
[5.924s][info][gc,heap     ] GC(57) Max Capacity: 1024M(100%)
[5.924s][info][gc,heap     ] GC(57) Soft Max Capacity: 1024M(100%)
[5.924s][info][gc,heap     ] GC(57)                Mark Start          Mark End        Relocate Start      Relocate End           High               Low         
[5.924s][info][gc,heap     ] GC(57)  Capacity:     1024M (100%)       1024M (100%)       1024M (100%)       1024M (100%)       1024M (100%)       1024M (100%)   
[5.924s][info][gc,heap     ] GC(57)      Free:      542M (53%)         366M (36%)         628M (61%)         644M (63%)         656M (64%)         364M (36%)    
[5.924s][info][gc,heap     ] GC(57)      Used:      482M (47%)         658M (64%)         396M (39%)         380M (37%)         660M (64%)         368M (36%)    
[5.924s][info][gc,heap     ] GC(57)      Live:         -                67M (7%)           67M (7%)           67M (7%)             -                  -          
[5.924s][info][gc,heap     ] GC(57) Allocated:         -               176M (17%)         232M (23%)         265M (26%)            -                  -          
[5.924s][info][gc,heap     ] GC(57)   Garbage:         -               414M (40%)          96M (9%)           46M (5%)             -                  -          
[5.924s][info][gc,heap     ] GC(57) Reclaimed:         -                  -               318M (31%)         367M (36%)            -                  -          
[5.924s][info][gc          ] GC(57) Garbage Collection (Allocation Rate) 482M(47%)->380M(37%)
[5.959s][info][gc,start    ] GC(58) Garbage Collection (Allocation Rate)
[5.959s][info][gc,task     ] GC(58) Using 4 workers
[5.959s][info][gc,phases   ] GC(58) Pause Mark Start 0.004ms
[6.007s][info][gc,phases   ] GC(58) Concurrent Mark 47.614ms
[6.007s][info][gc,phases   ] GC(58) Pause Mark End 0.011ms
[6.007s][info][gc,phases   ] GC(58) Concurrent Mark Free 0.001ms
[6.007s][info][gc,phases   ] GC(58) Concurrent Process Non-Strong References 0.257ms
[6.007s][info][gc,phases   ] GC(58) Concurrent Reset Relocation Set 0.006ms
[6.016s][info][gc,phases   ] GC(58) Concurrent Select Relocation Set 8.849ms
[6.016s][info][gc,phases   ] GC(58) Pause Relocate Start 0.008ms
[6.031s][info][gc,phases   ] GC(58) Concurrent Relocate 15.014ms
[6.032s][info][gc,load     ] GC(58) Load: 0.00/0.00/0.00
[6.032s][info][gc,mmu      ] GC(58) MMU: 2ms/98.5%, 5ms/99.4%, 10ms/99.5%, 20ms/99.7%, 50ms/99.9%, 100ms/99.9%
[6.032s][info][gc,marking  ] GC(58) Mark: 4 stripe(s), 2 proactive flush(es), 1 terminate flush(es), 0 completion(s), 0 continuation(s) 
[6.032s][info][gc,marking  ] GC(58) Mark Stack Usage: 32M
[6.032s][info][gc,nmethod  ] GC(58) NMethods: 329 registered, 0 unregistered
[6.032s][info][gc,metaspace] GC(58) Metaspace: 0M used, 0M committed, 1032M reserved
[6.032s][info][gc,ref      ] GC(58) Soft: 95 encountered, 0 discovered, 0 enqueued
[6.032s][info][gc,ref      ] GC(58) Weak: 147 encountered, 2 discovered, 0 enqueued
[6.032s][info][gc,ref      ] GC(58) Final: 0 encountered, 0 discovered, 0 enqueued
[6.032s][info][gc,ref      ] GC(58) Phantom: 1 encountered, 0 discovered, 0 enqueued
[6.032s][info][gc,reloc    ] GC(58) Small Pages: 245 / 490M, Empty: 348M, Relocated: 17M, In-Place: 0
[6.032s][info][gc,reloc    ] GC(58) Medium Pages: 1 / 32M, Empty: 0M, Relocated: 0M, In-Place: 0
[6.032s][info][gc,reloc    ] GC(58) Large Pages: 0 / 0M, Empty: 0M, Relocated: 0M, In-Place: 0
[6.032s][info][gc,reloc    ] GC(58) Forwarding Usage: 12M
[6.032s][info][gc,heap     ] GC(58) Min Capacity: 1024M(100%)
[6.032s][info][gc,heap     ] GC(58) Max Capacity: 1024M(100%)
[6.032s][info][gc,heap     ] GC(58) Soft Max Capacity: 1024M(100%)
[6.032s][info][gc,heap     ] GC(58)                Mark Start          Mark End        Relocate Start      Relocate End           High               Low         
[6.032s][info][gc,heap     ] GC(58)  Capacity:     1024M (100%)       1024M (100%)       1024M (100%)       1024M (100%)       1024M (100%)       1024M (100%)   
[6.032s][info][gc,heap     ] GC(58)      Free:      502M (49%)         330M (32%)         648M (63%)         676M (66%)         686M (67%)         328M (32%)    
[6.032s][info][gc,heap     ] GC(58)      Used:      522M (51%)         694M (68%)         376M (37%)         348M (34%)         696M (68%)         338M (33%)    
[6.032s][info][gc,heap     ] GC(58)      Live:         -                67M (7%)           67M (7%)           67M (7%)             -                  -          
[6.032s][info][gc,heap     ] GC(58) Allocated:         -               172M (17%)         202M (20%)         235M (23%)            -                  -          
[6.032s][info][gc,heap     ] GC(58)   Garbage:         -               454M (44%)         106M (10%)          45M (4%)             -                  -          
[6.032s][info][gc,heap     ] GC(58) Reclaimed:         -                  -               348M (34%)         409M (40%)            -                  -          
[6.032s][info][gc          ] GC(58) Garbage Collection (Allocation Rate) 522M(51%)->348M(34%)
[6.054s][info][gc,start    ] GC(59) Garbage Collection (Allocation Rate)
[6.054s][info][gc,task     ] GC(59) Using 4 workers
[6.054s][info][gc,phases   ] GC(59) Pause Mark Start 0.004ms
[6.101s][info][gc,phases   ] GC(59) Concurrent Mark 46.635ms
[6.101s][info][gc,phases   ] GC(59) Pause Mark End 0.012ms
[6.101s][info][gc,phases   ] GC(59) Concurrent Mark Free 0.001ms
[6.101s][info][gc,phases   ] GC(59) Concurrent Process Non-Strong References 0.369ms
[6.101s][info][gc,phases   ] GC(59) Concurrent Reset Relocation Set 0.012ms
[6.110s][info][gc,phases   ] GC(59) Concurrent Select Relocation Set 8.521ms
[6.110s][info][gc,phases   ] GC(59) Pause Relocate Start 0.006ms
[6.125s][info][gc,phases   ] GC(59) Concurrent Relocate 14.530ms
[6.125s][info][gc,load     ] GC(59) Load: 0.00/0.00/0.00
[6.125s][info][gc,mmu      ] GC(59) MMU: 2ms/98.5%, 5ms/99.4%, 10ms/99.5%, 20ms/99.7%, 50ms/99.9%, 100ms/99.9%
[6.125s][info][gc,marking  ] GC(59) Mark: 4 stripe(s), 2 proactive flush(es), 1 terminate flush(es), 0 completion(s), 0 continuation(s) 
[6.125s][info][gc,marking  ] GC(59) Mark Stack Usage: 32M
[6.125s][info][gc,nmethod  ] GC(59) NMethods: 329 registered, 0 unregistered
[6.125s][info][gc,metaspace] GC(59) Metaspace: 0M used, 0M committed, 1032M reserved
[6.125s][info][gc,ref      ] GC(59) Soft: 95 encountered, 0 discovered, 0 enqueued
[6.125s][info][gc,ref      ] GC(59) Weak: 147 encountered, 2 discovered, 0 enqueued
[6.125s][info][gc,ref      ] GC(59) Final: 0 encountered, 0 discovered, 0 enqueued
[6.125s][info][gc,ref      ] GC(59) Phantom: 1 encountered, 0 discovered, 0 enqueued
[6.125s][info][gc,reloc    ] GC(59) Small Pages: 206 / 412M, Empty: 280M, Relocated: 17M, In-Place: 0
[6.125s][info][gc,reloc    ] GC(59) Medium Pages: 1 / 32M, Empty: 0M, Relocated: 0M, In-Place: 0
[6.125s][info][gc,reloc    ] GC(59) Large Pages: 0 / 0M, Empty: 0M, Relocated: 0M, In-Place: 0
[6.125s][info][gc,reloc    ] GC(59) Forwarding Usage: 11M
[6.125s][info][gc,heap     ] GC(59) Min Capacity: 1024M(100%)
[6.125s][info][gc,heap     ] GC(59) Max Capacity: 1024M(100%)
[6.125s][info][gc,heap     ] GC(59) Soft Max Capacity: 1024M(100%)
[6.125s][info][gc,heap     ] GC(59)                Mark Start          Mark End        Relocate Start      Relocate End           High               Low         
[6.125s][info][gc,heap     ] GC(59)  Capacity:     1024M (100%)       1024M (100%)       1024M (100%)       1024M (100%)       1024M (100%)       1024M (100%)   
[6.125s][info][gc,heap     ] GC(59)      Free:      580M (57%)         416M (41%)         672M (66%)         690M (67%)         698M (68%)         414M (40%)    
[6.125s][info][gc,heap     ] GC(59)      Used:      444M (43%)         608M (59%)         352M (34%)         334M (33%)         610M (60%)         326M (32%)    
[6.125s][info][gc,heap     ] GC(59)      Live:         -                67M (7%)           67M (7%)           67M (7%)             -                  -          
[6.125s][info][gc,heap     ] GC(59) Allocated:         -               164M (16%)         188M (18%)         221M (22%)            -                  -          
[6.125s][info][gc,heap     ] GC(59)   Garbage:         -               376M (37%)          96M (9%)           44M (4%)             -                  -          
[6.125s][info][gc,heap     ] GC(59) Reclaimed:         -                  -               280M (27%)         331M (32%)            -                  -          
[6.125s][info][gc          ] GC(59) Garbage Collection (Allocation Rate) 444M(43%)->334M(33%)
[6.162s][info][gc,start    ] GC(60) Garbage Collection (Allocation Rate)
[6.163s][info][gc,task     ] GC(60) Using 4 workers
[6.163s][info][gc,phases   ] GC(60) Pause Mark Start 0.004ms
[6.209s][info][gc,phases   ] GC(60) Concurrent Mark 46.658ms
[6.210s][info][gc,phases   ] GC(60) Pause Mark End 0.015ms
[6.210s][info][gc,phases   ] GC(60) Concurrent Mark Free 0.001ms
[6.210s][info][gc,phases   ] GC(60) Concurrent Process Non-Strong References 0.259ms
[6.210s][info][gc,phases   ] GC(60) Concurrent Reset Relocation Set 0.005ms
[6.215s][info][gc,phases   ] GC(60) Concurrent Select Relocation Set 4.724ms
[6.215s][info][gc,phases   ] GC(60) Pause Relocate Start 0.005ms
[6.226s][info][gc,phases   ] GC(60) Concurrent Relocate 11.209ms
[6.226s][info][gc,load     ] GC(60) Load: 0.00/0.00/0.00
[6.226s][info][gc,mmu      ] GC(60) MMU: 2ms/98.5%, 5ms/99.4%, 10ms/99.5%, 20ms/99.7%, 50ms/99.9%, 100ms/99.9%
[6.226s][info][gc,marking  ] GC(60) Mark: 4 stripe(s), 2 proactive flush(es), 1 terminate flush(es), 0 completion(s), 0 continuation(s) 
[6.226s][info][gc,marking  ] GC(60) Mark Stack Usage: 32M
[6.226s][info][gc,nmethod  ] GC(60) NMethods: 329 registered, 0 unregistered
[6.226s][info][gc,metaspace] GC(60) Metaspace: 0M used, 0M committed, 1032M reserved
[6.226s][info][gc,ref      ] GC(60) Soft: 95 encountered, 0 discovered, 0 enqueued
[6.226s][info][gc,ref      ] GC(60) Weak: 147 encountered, 2 discovered, 0 enqueued
[6.226s][info][gc,ref      ] GC(60) Final: 0 encountered, 0 discovered, 0 enqueued
[6.226s][info][gc,ref      ] GC(60) Phantom: 1 encountered, 0 discovered, 0 enqueued
[6.226s][info][gc,reloc    ] GC(60) Small Pages: 226 / 452M, Empty: 320M, Relocated: 12M, In-Place: 0
[6.226s][info][gc,reloc    ] GC(60) Medium Pages: 1 / 32M, Empty: 0M, Relocated: 0M, In-Place: 0
[6.226s][info][gc,reloc    ] GC(60) Large Pages: 0 / 0M, Empty: 0M, Relocated: 0M, In-Place: 0
[6.226s][info][gc,reloc    ] GC(60) Forwarding Usage: 7M
[6.226s][info][gc,heap     ] GC(60) Min Capacity: 1024M(100%)
[6.226s][info][gc,heap     ] GC(60) Max Capacity: 1024M(100%)
[6.226s][info][gc,heap     ] GC(60) Soft Max Capacity: 1024M(100%)
[6.226s][info][gc,heap     ] GC(60)                Mark Start          Mark End        Relocate Start      Relocate End           High               Low         
[6.226s][info][gc,heap     ] GC(60)  Capacity:     1024M (100%)       1024M (100%)       1024M (100%)       1024M (100%)       1024M (100%)       1024M (100%)   
[6.226s][info][gc,heap     ] GC(60)      Free:      540M (53%)         372M (36%)         670M (65%)         694M (68%)         708M (69%)         370M (36%)    
[6.226s][info][gc,heap     ] GC(60)      Used:      484M (47%)         652M (64%)         354M (35%)         330M (32%)         654M (64%)         316M (31%)    
[6.226s][info][gc,heap     ] GC(60)      Live:         -                67M (7%)           67M (7%)           67M (7%)             -                  -          
[6.226s][info][gc,heap     ] GC(60) Allocated:         -               168M (16%)         190M (19%)         213M (21%)            -                  -          
[6.226s][info][gc,heap     ] GC(60)   Garbage:         -               416M (41%)          96M (9%)           48M (5%)             -                  -          
[6.226s][info][gc,heap     ] GC(60) Reclaimed:         -                  -               320M (31%)         367M (36%)            -                  -          
[6.226s][info][gc          ] GC(60) Garbage Collection (Allocation Rate) 484M(47%)->330M(32%)
[6.256s][info][gc,start    ] GC(61) Garbage Collection (Allocation Rate)
[6.256s][info][gc,task     ] GC(61) Using 4 workers
[6.257s][info][gc,phases   ] GC(61) Pause Mark Start 0.005ms
[6.303s][info][gc,phases   ] GC(61) Concurrent Mark 46.545ms
[6.303s][info][gc,phases   ] GC(61) Pause Mark End 0.009ms
[6.303s][info][gc,phases   ] GC(61) Concurrent Mark Free 0.001ms
[6.304s][info][gc,phases   ] GC(61) Concurrent Process Non-Strong References 0.302ms
[6.304s][info][gc,phases   ] GC(61) Concurrent Reset Relocation Set 0.009ms
[6.312s][info][gc,phases   ] GC(61) Concurrent Select Relocation Set 8.556ms
[6.312s][info][gc,phases   ] GC(61) Pause Relocate Start 0.006ms
[6.331s][info][gc,phases   ] GC(61) Concurrent Relocate 18.447ms
[6.331s][info][gc,load     ] GC(61) Load: 0.00/0.00/0.00
[6.331s][info][gc,mmu      ] GC(61) MMU: 2ms/98.5%, 5ms/99.4%, 10ms/99.5%, 20ms/99.7%, 50ms/99.9%, 100ms/99.9%
[6.331s][info][gc,marking  ] GC(61) Mark: 4 stripe(s), 2 proactive flush(es), 1 terminate flush(es), 0 completion(s), 0 continuation(s) 
[6.331s][info][gc,marking  ] GC(61) Mark Stack Usage: 32M
[6.331s][info][gc,nmethod  ] GC(61) NMethods: 329 registered, 0 unregistered
[6.331s][info][gc,metaspace] GC(61) Metaspace: 0M used, 0M committed, 1032M reserved
[6.331s][info][gc,ref      ] GC(61) Soft: 95 encountered, 0 discovered, 0 enqueued
[6.331s][info][gc,ref      ] GC(61) Weak: 147 encountered, 2 discovered, 0 enqueued
[6.331s][info][gc,ref      ] GC(61) Final: 0 encountered, 0 discovered, 0 enqueued
[6.331s][info][gc,ref      ] GC(61) Phantom: 1 encountered, 0 discovered, 0 enqueued
[6.331s][info][gc,reloc    ] GC(61) Small Pages: 214 / 428M, Empty: 282M, Relocated: 17M, In-Place: 0
[6.331s][info][gc,reloc    ] GC(61) Medium Pages: 1 / 32M, Empty: 0M, Relocated: 0M, In-Place: 0
[6.331s][info][gc,reloc    ] GC(61) Large Pages: 0 / 0M, Empty: 0M, Relocated: 0M, In-Place: 0
[6.331s][info][gc,reloc    ] GC(61) Forwarding Usage: 12M
[6.331s][info][gc,heap     ] GC(61) Min Capacity: 1024M(100%)
[6.331s][info][gc,heap     ] GC(61) Max Capacity: 1024M(100%)
[6.331s][info][gc,heap     ] GC(61) Soft Max Capacity: 1024M(100%)
[6.331s][info][gc,heap     ] GC(61)                Mark Start          Mark End        Relocate Start      Relocate End           High               Low         
[6.331s][info][gc,heap     ] GC(61)  Capacity:     1024M (100%)       1024M (100%)       1024M (100%)       1024M (100%)       1024M (100%)       1024M (100%)   
[6.331s][info][gc,heap     ] GC(61)      Free:      564M (55%)         392M (38%)         640M (62%)         658M (64%)         680M (66%)         392M (38%)    
[6.331s][info][gc,heap     ] GC(61)      Used:      460M (45%)         632M (62%)         384M (38%)         366M (36%)         632M (62%)         344M (34%)    
[6.331s][info][gc,heap     ] GC(61)      Live:         -                67M (7%)           67M (7%)           67M (7%)             -                  -          
[6.331s][info][gc,heap     ] GC(61) Allocated:         -               172M (17%)         206M (20%)         253M (25%)            -                  -          
[6.331s][info][gc,heap     ] GC(61)   Garbage:         -               392M (38%)         110M (11%)          44M (4%)             -                  -          
[6.331s][info][gc,heap     ] GC(61) Reclaimed:         -                  -               282M (28%)         347M (34%)            -                  -          
[6.331s][info][gc          ] GC(61) Garbage Collection (Allocation Rate) 460M(45%)->366M(36%)
[6.351s][info][gc,start    ] GC(62) Garbage Collection (Allocation Rate)
[6.351s][info][gc,task     ] GC(62) Using 4 workers
[6.351s][info][gc,phases   ] GC(62) Pause Mark Start 0.004ms
[6.399s][info][gc,phases   ] GC(62) Concurrent Mark 47.496ms
[6.399s][info][gc,phases   ] GC(62) Pause Mark End 0.014ms
[6.399s][info][gc,phases   ] GC(62) Concurrent Mark Free 0.001ms
[6.399s][info][gc,phases   ] GC(62) Concurrent Process Non-Strong References 0.360ms
[6.399s][info][gc,phases   ] GC(62) Concurrent Reset Relocation Set 0.011ms
[6.406s][info][gc,phases   ] GC(62) Concurrent Select Relocation Set 6.176ms
[6.406s][info][gc,phases   ] GC(62) Pause Relocate Start 0.006ms
[6.424s][info][gc,phases   ] GC(62) Concurrent Relocate 17.607ms
[6.424s][info][gc,load     ] GC(62) Load: 0.00/0.00/0.00
[6.424s][info][gc,mmu      ] GC(62) MMU: 2ms/98.5%, 5ms/99.4%, 10ms/99.5%, 20ms/99.7%, 50ms/99.9%, 100ms/99.9%
[6.424s][info][gc,marking  ] GC(62) Mark: 4 stripe(s), 2 proactive flush(es), 1 terminate flush(es), 0 completion(s), 0 continuation(s) 
[6.424s][info][gc,marking  ] GC(62) Mark Stack Usage: 32M
[6.424s][info][gc,nmethod  ] GC(62) NMethods: 329 registered, 0 unregistered
[6.424s][info][gc,metaspace] GC(62) Metaspace: 0M used, 0M committed, 1032M reserved
[6.424s][info][gc,ref      ] GC(62) Soft: 95 encountered, 0 discovered, 0 enqueued
[6.424s][info][gc,ref      ] GC(62) Weak: 147 encountered, 2 discovered, 0 enqueued
[6.424s][info][gc,ref      ] GC(62) Final: 0 encountered, 0 discovered, 0 enqueued
[6.424s][info][gc,ref      ] GC(62) Phantom: 1 encountered, 0 discovered, 0 enqueued
[6.424s][info][gc,reloc    ] GC(62) Small Pages: 210 / 420M, Empty: 286M, Relocated: 17M, In-Place: 0
[6.424s][info][gc,reloc    ] GC(62) Medium Pages: 1 / 32M, Empty: 0M, Relocated: 0M, In-Place: 0
[6.424s][info][gc,reloc    ] GC(62) Large Pages: 0 / 0M, Empty: 0M, Relocated: 0M, In-Place: 0
[6.424s][info][gc,reloc    ] GC(62) Forwarding Usage: 12M
[6.424s][info][gc,heap     ] GC(62) Min Capacity: 1024M(100%)
[6.424s][info][gc,heap     ] GC(62) Max Capacity: 1024M(100%)
[6.424s][info][gc,heap     ] GC(62) Soft Max Capacity: 1024M(100%)
[6.424s][info][gc,heap     ] GC(62)                Mark Start          Mark End        Relocate Start      Relocate End           High               Low         
[6.424s][info][gc,heap     ] GC(62)  Capacity:     1024M (100%)       1024M (100%)       1024M (100%)       1024M (100%)       1024M (100%)       1024M (100%)   
[6.424s][info][gc,heap     ] GC(62)      Free:      572M (56%)         400M (39%)         664M (65%)         676M (66%)         690M (67%)         400M (39%)    
[6.424s][info][gc,heap     ] GC(62)      Used:      452M (44%)         624M (61%)         360M (35%)         348M (34%)         624M (61%)         334M (33%)    
[6.424s][info][gc,heap     ] GC(62)      Live:         -                67M (7%)           67M (7%)           67M (7%)             -                  -          
[6.424s][info][gc,heap     ] GC(62) Allocated:         -               172M (17%)         194M (19%)         235M (23%)            -                  -          
[6.424s][info][gc,heap     ] GC(62)   Garbage:         -               384M (38%)          98M (10%)          44M (4%)             -                  -          
[6.424s][info][gc,heap     ] GC(62) Reclaimed:         -                  -               286M (28%)         339M (33%)            -                  -          
[6.424s][info][gc          ] GC(62) Garbage Collection (Allocation Rate) 452M(44%)->348M(34%)
[6.463s][info][gc,start    ] GC(63) Garbage Collection (Allocation Rate)
[6.463s][info][gc,task     ] GC(63) Using 4 workers
[6.463s][info][gc,phases   ] GC(63) Pause Mark Start 0.005ms
[6.510s][info][gc,phases   ] GC(63) Concurrent Mark 46.650ms
[6.510s][info][gc,phases   ] GC(63) Pause Mark End 0.010ms
[6.510s][info][gc,phases   ] GC(63) Concurrent Mark Free 0.001ms
[6.510s][info][gc,phases   ] GC(63) Concurrent Process Non-Strong References 0.281ms
[6.510s][info][gc,phases   ] GC(63) Concurrent Reset Relocation Set 0.006ms
[6.518s][info][gc,phases   ] GC(63) Concurrent Select Relocation Set 7.953ms
[6.518s][info][gc,phases   ] GC(63) Pause Relocate Start 0.005ms
[6.528s][info][gc,phases   ] GC(63) Concurrent Relocate 10.083ms
[6.528s][info][gc,load     ] GC(63) Load: 0.00/0.00/0.00
[6.528s][info][gc,mmu      ] GC(63) MMU: 2ms/98.5%, 5ms/99.4%, 10ms/99.5%, 20ms/99.7%, 50ms/99.9%, 100ms/99.9%
[6.528s][info][gc,marking  ] GC(63) Mark: 4 stripe(s), 2 proactive flush(es), 1 terminate flush(es), 0 completion(s), 0 continuation(s) 
[6.528s][info][gc,marking  ] GC(63) Mark Stack Usage: 32M
[6.529s][info][gc,nmethod  ] GC(63) NMethods: 329 registered, 0 unregistered
[6.529s][info][gc,metaspace] GC(63) Metaspace: 0M used, 0M committed, 1032M reserved
[6.529s][info][gc,ref      ] GC(63) Soft: 95 encountered, 0 discovered, 0 enqueued
[6.529s][info][gc,ref      ] GC(63) Weak: 147 encountered, 2 discovered, 0 enqueued
[6.529s][info][gc,ref      ] GC(63) Final: 0 encountered, 0 discovered, 0 enqueued
[6.529s][info][gc,ref      ] GC(63) Phantom: 1 encountered, 0 discovered, 0 enqueued
[6.529s][info][gc,reloc    ] GC(63) Small Pages: 233 / 466M, Empty: 336M, Relocated: 10M, In-Place: 0
[6.529s][info][gc,reloc    ] GC(63) Medium Pages: 1 / 32M, Empty: 0M, Relocated: 0M, In-Place: 0
[6.529s][info][gc,reloc    ] GC(63) Large Pages: 0 / 0M, Empty: 0M, Relocated: 0M, In-Place: 0
[6.529s][info][gc,reloc    ] GC(63) Forwarding Usage: 7M
[6.529s][info][gc,heap     ] GC(63) Min Capacity: 1024M(100%)
[6.529s][info][gc,heap     ] GC(63) Max Capacity: 1024M(100%)
[6.529s][info][gc,heap     ] GC(63) Soft Max Capacity: 1024M(100%)
[6.529s][info][gc,heap     ] GC(63)                Mark Start          Mark End        Relocate Start      Relocate End           High               Low         
[6.529s][info][gc,heap     ] GC(63)  Capacity:     1024M (100%)       1024M (100%)       1024M (100%)       1024M (100%)       1024M (100%)       1024M (100%)   
[6.529s][info][gc,heap     ] GC(63)      Free:      526M (51%)         362M (35%)         660M (64%)         682M (67%)         692M (68%)         358M (35%)    
[6.529s][info][gc,heap     ] GC(63)      Used:      498M (49%)         662M (65%)         364M (36%)         342M (33%)         666M (65%)         332M (32%)    
[6.529s][info][gc,heap     ] GC(63)      Live:         -                67M (7%)           67M (7%)           67M (7%)             -                  -          
[6.529s][info][gc,heap     ] GC(63) Allocated:         -               164M (16%)         202M (20%)         225M (22%)            -                  -          
[6.529s][info][gc,heap     ] GC(63)   Garbage:         -               430M (42%)          94M (9%)           48M (5%)             -                  -          
[6.529s][info][gc,heap     ] GC(63) Reclaimed:         -                  -               336M (33%)         381M (37%)            -                  -          
[6.529s][info][gc          ] GC(63) Garbage Collection (Allocation Rate) 498M(49%)->342M(33%)
[6.557s][info][gc,start    ] GC(64) Garbage Collection (Allocation Rate)
[6.558s][info][gc,task     ] GC(64) Using 4 workers
[6.558s][info][gc,phases   ] GC(64) Pause Mark Start 0.005ms
[6.604s][info][gc,phases   ] GC(64) Concurrent Mark 46.588ms
[6.604s][info][gc,phases   ] GC(64) Pause Mark End 0.011ms
[6.604s][info][gc,phases   ] GC(64) Concurrent Mark Free 0.001ms
[6.605s][info][gc,phases   ] GC(64) Concurrent Process Non-Strong References 0.291ms
[6.605s][info][gc,phases   ] GC(64) Concurrent Reset Relocation Set 0.005ms
[6.612s][info][gc,phases   ] GC(64) Concurrent Select Relocation Set 6.881ms
[6.612s][info][gc,phases   ] GC(64) Pause Relocate Start 0.005ms
[6.621s][info][gc,phases   ] GC(64) Concurrent Relocate 8.767ms
[6.621s][info][gc,load     ] GC(64) Load: 0.00/0.00/0.00
[6.621s][info][gc,mmu      ] GC(64) MMU: 2ms/98.5%, 5ms/99.4%, 10ms/99.5%, 20ms/99.7%, 50ms/99.9%, 100ms/99.9%
[6.621s][info][gc,marking  ] GC(64) Mark: 4 stripe(s), 2 proactive flush(es), 1 terminate flush(es), 0 completion(s), 0 continuation(s) 
[6.621s][info][gc,marking  ] GC(64) Mark Stack Usage: 32M
[6.621s][info][gc,nmethod  ] GC(64) NMethods: 329 registered, 0 unregistered
[6.621s][info][gc,metaspace] GC(64) Metaspace: 0M used, 0M committed, 1032M reserved
[6.621s][info][gc,ref      ] GC(64) Soft: 95 encountered, 0 discovered, 0 enqueued
[6.621s][info][gc,ref      ] GC(64) Weak: 147 encountered, 2 discovered, 0 enqueued
[6.621s][info][gc,ref      ] GC(64) Final: 0 encountered, 0 discovered, 0 enqueued
[6.621s][info][gc,ref      ] GC(64) Phantom: 1 encountered, 0 discovered, 0 enqueued
[6.621s][info][gc,reloc    ] GC(64) Small Pages: 220 / 440M, Empty: 294M, Relocated: 12M, In-Place: 0
[6.621s][info][gc,reloc    ] GC(64) Medium Pages: 1 / 32M, Empty: 0M, Relocated: 0M, In-Place: 0
[6.621s][info][gc,reloc    ] GC(64) Large Pages: 0 / 0M, Empty: 0M, Relocated: 0M, In-Place: 0
[6.621s][info][gc,reloc    ] GC(64) Forwarding Usage: 8M
[6.621s][info][gc,heap     ] GC(64) Min Capacity: 1024M(100%)
[6.621s][info][gc,heap     ] GC(64) Max Capacity: 1024M(100%)
[6.621s][info][gc,heap     ] GC(64) Soft Max Capacity: 1024M(100%)
[6.621s][info][gc,heap     ] GC(64)                Mark Start          Mark End        Relocate Start      Relocate End           High               Low         
[6.621s][info][gc,heap     ] GC(64)  Capacity:     1024M (100%)       1024M (100%)       1024M (100%)       1024M (100%)       1024M (100%)       1024M (100%)   
[6.621s][info][gc,heap     ] GC(64)      Free:      552M (54%)         382M (37%)         652M (64%)         694M (68%)         700M (68%)         380M (37%)    
[6.621s][info][gc,heap     ] GC(64)      Used:      472M (46%)         642M (63%)         372M (36%)         330M (32%)         644M (63%)         324M (32%)    
[6.621s][info][gc,heap     ] GC(64)      Live:         -                67M (7%)           67M (7%)           67M (7%)             -                  -          
[6.621s][info][gc,heap     ] GC(64) Allocated:         -               170M (17%)         194M (19%)         213M (21%)            -                  -          
[6.621s][info][gc,heap     ] GC(64)   Garbage:         -               404M (39%)         110M (11%)          48M (5%)             -                  -          
[6.621s][info][gc,heap     ] GC(64) Reclaimed:         -                  -               294M (29%)         355M (35%)            -                  -          
[6.621s][info][gc          ] GC(64) Garbage Collection (Allocation Rate) 472M(46%)->330M(32%)
[6.651s][info][gc,start    ] GC(65) Garbage Collection (Allocation Rate)
[6.651s][info][gc,task     ] GC(65) Using 4 workers
[6.651s][info][gc,phases   ] GC(65) Pause Mark Start 0.006ms
[6.699s][info][gc,phases   ] GC(65) Concurrent Mark 47.540ms
[6.699s][info][gc,phases   ] GC(65) Pause Mark End 0.013ms
[6.699s][info][gc,phases   ] GC(65) Concurrent Mark Free 0.001ms
[6.700s][info][gc,phases   ] GC(65) Concurrent Process Non-Strong References 0.311ms
[6.700s][info][gc,phases   ] GC(65) Concurrent Reset Relocation Set 0.008ms
[6.709s][info][gc,phases   ] GC(65) Concurrent Select Relocation Set 8.906ms
[6.709s][info][gc,phases   ] GC(65) Pause Relocate Start 0.006ms
[6.721s][info][gc,phases   ] GC(65) Concurrent Relocate 12.699ms
[6.722s][info][gc,load     ] GC(65) Load: 0.00/0.00/0.00
[6.722s][info][gc,mmu      ] GC(65) MMU: 2ms/98.5%, 5ms/99.4%, 10ms/99.5%, 20ms/99.7%, 50ms/99.9%, 100ms/99.9%
[6.722s][info][gc,marking  ] GC(65) Mark: 4 stripe(s), 2 proactive flush(es), 1 terminate flush(es), 0 completion(s), 0 continuation(s) 
[6.722s][info][gc,marking  ] GC(65) Mark Stack Usage: 32M
[6.722s][info][gc,nmethod  ] GC(65) NMethods: 329 registered, 0 unregistered
[6.722s][info][gc,metaspace] GC(65) Metaspace: 0M used, 0M committed, 1032M reserved
[6.722s][info][gc,ref      ] GC(65) Soft: 95 encountered, 0 discovered, 0 enqueued
[6.722s][info][gc,ref      ] GC(65) Weak: 147 encountered, 2 discovered, 0 enqueued
[6.722s][info][gc,ref      ] GC(65) Final: 0 encountered, 0 discovered, 0 enqueued
[6.722s][info][gc,ref      ] GC(65) Phantom: 1 encountered, 0 discovered, 0 enqueued
[6.722s][info][gc,reloc    ] GC(65) Small Pages: 215 / 430M, Empty: 292M, Relocated: 12M, In-Place: 0
[6.722s][info][gc,reloc    ] GC(65) Medium Pages: 1 / 32M, Empty: 0M, Relocated: 0M, In-Place: 0
[6.722s][info][gc,reloc    ] GC(65) Large Pages: 0 / 0M, Empty: 0M, Relocated: 0M, In-Place: 0
[6.722s][info][gc,reloc    ] GC(65) Forwarding Usage: 8M
[6.722s][info][gc,heap     ] GC(65) Min Capacity: 1024M(100%)
[6.722s][info][gc,heap     ] GC(65) Max Capacity: 1024M(100%)
[6.722s][info][gc,heap     ] GC(65) Soft Max Capacity: 1024M(100%)
[6.722s][info][gc,heap     ] GC(65)                Mark Start          Mark End        Relocate Start      Relocate End           High               Low         
[6.722s][info][gc,heap     ] GC(65)  Capacity:     1024M (100%)       1024M (100%)       1024M (100%)       1024M (100%)       1024M (100%)       1024M (100%)   
[6.722s][info][gc,heap     ] GC(65)      Free:      562M (55%)         384M (38%)         644M (63%)         660M (64%)         674M (66%)         382M (37%)    
[6.722s][info][gc,heap     ] GC(65)      Used:      462M (45%)         640M (62%)         380M (37%)         364M (36%)         642M (63%)         350M (34%)    
[6.722s][info][gc,heap     ] GC(65)      Live:         -                67M (7%)           67M (7%)           67M (7%)             -                  -          
[6.722s][info][gc,heap     ] GC(65) Allocated:         -               178M (17%)         210M (21%)         247M (24%)            -                  -          
[6.722s][info][gc,heap     ] GC(65)   Garbage:         -               394M (38%)         102M (10%)          48M (5%)             -                  -          
[6.722s][info][gc,heap     ] GC(65) Reclaimed:         -                  -               292M (29%)         345M (34%)            -                  -          
[6.722s][info][gc          ] GC(65) Garbage Collection (Allocation Rate) 462M(45%)->364M(36%)
[6.762s][info][gc,start    ] GC(66) Garbage Collection (Allocation Rate)
[6.762s][info][gc,task     ] GC(66) Using 4 workers
[6.762s][info][gc,phases   ] GC(66) Pause Mark Start 0.005ms
[6.810s][info][gc,phases   ] GC(66) Concurrent Mark 47.592ms
[6.810s][info][gc,phases   ] GC(66) Pause Mark End 0.011ms
[6.810s][info][gc,phases   ] GC(66) Concurrent Mark Free 0.001ms
[6.810s][info][gc,phases   ] GC(66) Concurrent Process Non-Strong References 0.300ms
[6.810s][info][gc,phases   ] GC(66) Concurrent Reset Relocation Set 0.006ms
[6.822s][info][gc,phases   ] GC(66) Concurrent Select Relocation Set 11.793ms
[6.822s][info][gc,phases   ] GC(66) Pause Relocate Start 0.005ms
[6.834s][info][gc,phases   ] GC(66) Concurrent Relocate 11.476ms
[6.834s][info][gc,load     ] GC(66) Load: 0.00/0.00/0.00
[6.834s][info][gc,mmu      ] GC(66) MMU: 2ms/98.5%, 5ms/99.4%, 10ms/99.5%, 20ms/99.7%, 50ms/99.9%, 100ms/99.9%
[6.834s][info][gc,marking  ] GC(66) Mark: 4 stripe(s), 2 proactive flush(es), 1 terminate flush(es), 0 completion(s), 0 continuation(s) 
[6.834s][info][gc,marking  ] GC(66) Mark Stack Usage: 32M
[6.834s][info][gc,nmethod  ] GC(66) NMethods: 329 registered, 0 unregistered
[6.834s][info][gc,metaspace] GC(66) Metaspace: 0M used, 0M committed, 1032M reserved
[6.834s][info][gc,ref      ] GC(66) Soft: 95 encountered, 0 discovered, 0 enqueued
[6.834s][info][gc,ref      ] GC(66) Weak: 147 encountered, 2 discovered, 0 enqueued
[6.834s][info][gc,ref      ] GC(66) Final: 0 encountered, 0 discovered, 0 enqueued
[6.834s][info][gc,ref      ] GC(66) Phantom: 1 encountered, 0 discovered, 0 enqueued
[6.834s][info][gc,reloc    ] GC(66) Small Pages: 252 / 504M, Empty: 362M, Relocated: 17M, In-Place: 0
[6.834s][info][gc,reloc    ] GC(66) Medium Pages: 1 / 32M, Empty: 0M, Relocated: 0M, In-Place: 0
[6.834s][info][gc,reloc    ] GC(66) Large Pages: 0 / 0M, Empty: 0M, Relocated: 0M, In-Place: 0
[6.834s][info][gc,reloc    ] GC(66) Forwarding Usage: 11M
[6.834s][info][gc,heap     ] GC(66) Min Capacity: 1024M(100%)
[6.834s][info][gc,heap     ] GC(66) Max Capacity: 1024M(100%)
[6.834s][info][gc,heap     ] GC(66) Soft Max Capacity: 1024M(100%)
[6.834s][info][gc,heap     ] GC(66)                Mark Start          Mark End        Relocate Start      Relocate End           High               Low         
[6.834s][info][gc,heap     ] GC(66)  Capacity:     1024M (100%)       1024M (100%)       1024M (100%)       1024M (100%)       1024M (100%)       1024M (100%)   
[6.834s][info][gc,heap     ] GC(66)      Free:      488M (48%)         304M (30%)         620M (61%)         654M (64%)         658M (64%)         304M (30%)    
[6.834s][info][gc,heap     ] GC(66)      Used:      536M (52%)         720M (70%)         404M (39%)         370M (36%)         720M (70%)         366M (36%)    
[6.834s][info][gc,heap     ] GC(66)      Live:         -                67M (7%)           67M (7%)           67M (7%)             -                  -          
[6.834s][info][gc,heap     ] GC(66) Allocated:         -               184M (18%)         230M (22%)         257M (25%)            -                  -          
[6.834s][info][gc,heap     ] GC(66)   Garbage:         -               468M (46%)         106M (10%)          44M (4%)             -                  -          
[6.834s][info][gc,heap     ] GC(66) Reclaimed:         -                  -               362M (35%)         423M (41%)            -                  -          
[6.834s][info][gc          ] GC(66) Garbage Collection (Allocation Rate) 536M(52%)->370M(36%)
[6.858s][info][gc,start    ] GC(67) Garbage Collection (Allocation Rate)
[6.858s][info][gc,task     ] GC(67) Using 4 workers
[6.858s][info][gc,phases   ] GC(67) Pause Mark Start 0.006ms
[6.905s][info][gc,phases   ] GC(67) Concurrent Mark 46.608ms
[6.905s][info][gc,phases   ] GC(67) Pause Mark End 0.009ms
[6.905s][info][gc,phases   ] GC(67) Concurrent Mark Free 0.001ms
[6.905s][info][gc,phases   ] GC(67) Concurrent Process Non-Strong References 0.305ms
[6.905s][info][gc,phases   ] GC(67) Concurrent Reset Relocation Set 0.011ms
[6.918s][info][gc,phases   ] GC(67) Concurrent Select Relocation Set 12.546ms
[6.918s][info][gc,phases   ] GC(67) Pause Relocate Start 0.006ms
[6.933s][info][gc,phases   ] GC(67) Concurrent Relocate 15.155ms
[6.933s][info][gc,load     ] GC(67) Load: 0.00/0.00/0.00
[6.933s][info][gc,mmu      ] GC(67) MMU: 2ms/98.5%, 5ms/99.4%, 10ms/99.5%, 20ms/99.7%, 50ms/99.9%, 100ms/99.9%
[6.933s][info][gc,marking  ] GC(67) Mark: 4 stripe(s), 2 proactive flush(es), 1 terminate flush(es), 0 completion(s), 0 continuation(s) 
[6.933s][info][gc,marking  ] GC(67) Mark Stack Usage: 32M
[6.933s][info][gc,nmethod  ] GC(67) NMethods: 329 registered, 0 unregistered
[6.933s][info][gc,metaspace] GC(67) Metaspace: 0M used, 0M committed, 1032M reserved
[6.933s][info][gc,ref      ] GC(67) Soft: 95 encountered, 0 discovered, 0 enqueued
[6.933s][info][gc,ref      ] GC(67) Weak: 147 encountered, 0 discovered, 0 enqueued
[6.933s][info][gc,ref      ] GC(67) Final: 0 encountered, 0 discovered, 0 enqueued
[6.933s][info][gc,ref      ] GC(67) Phantom: 1 encountered, 0 discovered, 0 enqueued
[6.933s][info][gc,reloc    ] GC(67) Small Pages: 218 / 436M, Empty: 294M, Relocated: 17M, In-Place: 0
[6.933s][info][gc,reloc    ] GC(67) Medium Pages: 1 / 32M, Empty: 0M, Relocated: 0M, In-Place: 0
[6.933s][info][gc,reloc    ] GC(67) Large Pages: 0 / 0M, Empty: 0M, Relocated: 0M, In-Place: 0
[6.933s][info][gc,reloc    ] GC(67) Forwarding Usage: 12M
[6.933s][info][gc,heap     ] GC(67) Min Capacity: 1024M(100%)
[6.933s][info][gc,heap     ] GC(67) Max Capacity: 1024M(100%)
[6.933s][info][gc,heap     ] GC(67) Soft Max Capacity: 1024M(100%)
[6.933s][info][gc,heap     ] GC(67)                Mark Start          Mark End        Relocate Start      Relocate End           High               Low         
[6.933s][info][gc,heap     ] GC(67)  Capacity:     1024M (100%)       1024M (100%)       1024M (100%)       1024M (100%)       1024M (100%)       1024M (100%)   
[6.933s][info][gc,heap     ] GC(67)      Free:      556M (54%)         392M (38%)         642M (63%)         668M (65%)         678M (66%)         392M (38%)    
[6.933s][info][gc,heap     ] GC(67)      Used:      468M (46%)         632M (62%)         382M (37%)         356M (35%)         632M (62%)         346M (34%)    
[6.933s][info][gc,heap     ] GC(67)      Live:         -                67M (7%)           67M (7%)           67M (7%)             -                  -          
[6.933s][info][gc,heap     ] GC(67) Allocated:         -               164M (16%)         208M (20%)         245M (24%)            -                  -          
[6.933s][info][gc,heap     ] GC(67)   Garbage:         -               400M (39%)         106M (10%)          42M (4%)             -                  -          
[6.933s][info][gc,heap     ] GC(67) Reclaimed:         -                  -               294M (29%)         357M (35%)            -                  -          
[6.933s][info][gc          ] GC(67) Garbage Collection (Allocation Rate) 468M(46%)->356M(35%)
[6.952s][info][gc,start    ] GC(68) Garbage Collection (Allocation Rate)
[6.953s][info][gc,task     ] GC(68) Using 4 workers
[6.953s][info][gc,phases   ] GC(68) Pause Mark Start 0.004ms
[6.999s][info][gc,phases   ] GC(68) Concurrent Mark 46.579ms
[6.999s][info][gc,phases   ] GC(68) Pause Mark End 0.011ms
[6.999s][info][gc,phases   ] GC(68) Concurrent Mark Free 0.001ms
[7.000s][info][gc,phases   ] GC(68) Concurrent Process Non-Strong References 0.351ms
[7.000s][info][gc,phases   ] GC(68) Concurrent Reset Relocation Set 0.011ms
[7.012s][info][gc,phases   ] GC(68) Concurrent Select Relocation Set 12.315ms
[7.012s][info][gc,phases   ] GC(68) Pause Relocate Start 0.005ms
[7.028s][info][gc,phases   ] GC(68) Concurrent Relocate 15.970ms
[7.028s][info][gc,load     ] GC(68) Load: 0.00/0.00/0.00
[7.029s][info][gc,mmu      ] GC(68) MMU: 2ms/98.5%, 5ms/99.4%, 10ms/99.5%, 20ms/99.7%, 50ms/99.9%, 100ms/99.9%
[7.029s][info][gc,marking  ] GC(68) Mark: 4 stripe(s), 2 proactive flush(es), 1 terminate flush(es), 0 completion(s), 0 continuation(s) 
[7.029s][info][gc,marking  ] GC(68) Mark Stack Usage: 32M
[7.029s][info][gc,nmethod  ] GC(68) NMethods: 329 registered, 0 unregistered
[7.029s][info][gc,metaspace] GC(68) Metaspace: 0M used, 0M committed, 1032M reserved
[7.029s][info][gc,ref      ] GC(68) Soft: 95 encountered, 0 discovered, 0 enqueued
[7.029s][info][gc,ref      ] GC(68) Weak: 147 encountered, 0 discovered, 0 enqueued
[7.029s][info][gc,ref      ] GC(68) Final: 0 encountered, 0 discovered, 0 enqueued
[7.029s][info][gc,ref      ] GC(68) Phantom: 1 encountered, 0 discovered, 0 enqueued
[7.029s][info][gc,reloc    ] GC(68) Small Pages: 202 / 404M, Empty: 262M, Relocated: 17M, In-Place: 0
[7.029s][info][gc,reloc    ] GC(68) Medium Pages: 1 / 32M, Empty: 0M, Relocated: 0M, In-Place: 0
[7.029s][info][gc,reloc    ] GC(68) Large Pages: 0 / 0M, Empty: 0M, Relocated: 0M, In-Place: 0
[7.029s][info][gc,reloc    ] GC(68) Forwarding Usage: 12M
[7.029s][info][gc,heap     ] GC(68) Min Capacity: 1024M(100%)
[7.029s][info][gc,heap     ] GC(68) Max Capacity: 1024M(100%)
[7.029s][info][gc,heap     ] GC(68) Soft Max Capacity: 1024M(100%)
[7.029s][info][gc,heap     ] GC(68)                Mark Start          Mark End        Relocate Start      Relocate End           High               Low         
[7.029s][info][gc,heap     ] GC(68)  Capacity:     1024M (100%)       1024M (100%)       1024M (100%)       1024M (100%)       1024M (100%)       1024M (100%)   
[7.029s][info][gc,heap     ] GC(68)      Free:      588M (57%)         414M (40%)         622M (61%)         644M (63%)         670M (65%)         414M (40%)    
[7.029s][info][gc,heap     ] GC(68)      Used:      436M (43%)         610M (60%)         402M (39%)         380M (37%)         610M (60%)         354M (35%)    
[7.029s][info][gc,heap     ] GC(68)      Live:         -                67M (7%)           67M (7%)           67M (7%)             -                  -          
[7.029s][info][gc,heap     ] GC(68) Allocated:         -               174M (17%)         228M (22%)         265M (26%)            -                  -          
[7.029s][info][gc,heap     ] GC(68)   Garbage:         -               368M (36%)         106M (10%)          46M (5%)             -                  -          
[7.029s][info][gc,heap     ] GC(68) Reclaimed:         -                  -               262M (26%)         321M (31%)            -                  -          
[7.029s][info][gc          ] GC(68) Garbage Collection (Allocation Rate) 436M(43%)->380M(37%)
[7.062s][info][gc,start    ] GC(69) Garbage Collection (Allocation Rate)
[7.062s][info][gc,task     ] GC(69) Using 4 workers
[7.062s][info][gc,phases   ] GC(69) Pause Mark Start 0.004ms
[7.110s][info][gc,phases   ] GC(69) Concurrent Mark 47.640ms
[7.110s][info][gc,phases   ] GC(69) Pause Mark End 0.035ms
[7.110s][info][gc,phases   ] GC(69) Concurrent Mark Free 0.001ms
[7.111s][info][gc,phases   ] GC(69) Concurrent Process Non-Strong References 0.373ms
[7.111s][info][gc,phases   ] GC(69) Concurrent Reset Relocation Set 0.012ms
[7.117s][info][gc,phases   ] GC(69) Concurrent Select Relocation Set 6.628ms
[7.117s][info][gc,phases   ] GC(69) Pause Relocate Start 0.005ms
[7.134s][info][gc,phases   ] GC(69) Concurrent Relocate 16.343ms
[7.134s][info][gc,load     ] GC(69) Load: 0.00/0.00/0.00
[7.134s][info][gc,mmu      ] GC(69) MMU: 2ms/98.3%, 5ms/99.3%, 10ms/99.5%, 20ms/99.7%, 50ms/99.9%, 100ms/99.9%
[7.134s][info][gc,marking  ] GC(69) Mark: 4 stripe(s), 2 proactive flush(es), 1 terminate flush(es), 0 completion(s), 0 continuation(s) 
[7.134s][info][gc,marking  ] GC(69) Mark Stack Usage: 32M
[7.134s][info][gc,nmethod  ] GC(69) NMethods: 329 registered, 0 unregistered
[7.134s][info][gc,metaspace] GC(69) Metaspace: 0M used, 0M committed, 1032M reserved
[7.134s][info][gc,ref      ] GC(69) Soft: 95 encountered, 0 discovered, 0 enqueued
[7.134s][info][gc,ref      ] GC(69) Weak: 147 encountered, 2 discovered, 0 enqueued
[7.134s][info][gc,ref      ] GC(69) Final: 0 encountered, 0 discovered, 0 enqueued
[7.134s][info][gc,ref      ] GC(69) Phantom: 1 encountered, 0 discovered, 0 enqueued
[7.134s][info][gc,reloc    ] GC(69) Small Pages: 245 / 490M, Empty: 362M, Relocated: 17M, In-Place: 0
[7.134s][info][gc,reloc    ] GC(69) Medium Pages: 1 / 32M, Empty: 0M, Relocated: 0M, In-Place: 0
[7.134s][info][gc,reloc    ] GC(69) Large Pages: 0 / 0M, Empty: 0M, Relocated: 0M, In-Place: 0
[7.134s][info][gc,reloc    ] GC(69) Forwarding Usage: 12M
[7.134s][info][gc,heap     ] GC(69) Min Capacity: 1024M(100%)
[7.134s][info][gc,heap     ] GC(69) Max Capacity: 1024M(100%)
[7.134s][info][gc,heap     ] GC(69) Soft Max Capacity: 1024M(100%)
[7.134s][info][gc,heap     ] GC(69)                Mark Start          Mark End        Relocate Start      Relocate End           High               Low         
[7.134s][info][gc,heap     ] GC(69)  Capacity:     1024M (100%)       1024M (100%)       1024M (100%)       1024M (100%)       1024M (100%)       1024M (100%)   
[7.134s][info][gc,heap     ] GC(69)      Free:      502M (49%)         356M (35%)         696M (68%)         702M (69%)         720M (70%)         356M (35%)    
[7.134s][info][gc,heap     ] GC(69)      Used:      522M (51%)         668M (65%)         328M (32%)         322M (31%)         668M (65%)         304M (30%)    
[7.134s][info][gc,heap     ] GC(69)      Live:         -                67M (7%)           67M (7%)           67M (7%)             -                  -          
[7.134s][info][gc,heap     ] GC(69) Allocated:         -               146M (14%)         168M (16%)         209M (20%)            -                  -          
[7.134s][info][gc,heap     ] GC(69)   Garbage:         -               454M (44%)          92M (9%)           44M (4%)             -                  -          
[7.134s][info][gc,heap     ] GC(69) Reclaimed:         -                  -               362M (35%)         409M (40%)            -                  -          
[7.134s][info][gc          ] GC(69) Garbage Collection (Allocation Rate) 522M(51%)->322M(31%)
[7.157s][info][gc,start    ] GC(70) Garbage Collection (Allocation Rate)
[7.157s][info][gc,task     ] GC(70) Using 4 workers
[7.157s][info][gc,phases   ] GC(70) Pause Mark Start 0.012ms
[7.205s][info][gc,phases   ] GC(70) Concurrent Mark 47.325ms
[7.205s][info][gc,phases   ] GC(70) Pause Mark End 0.010ms
[7.205s][info][gc,phases   ] GC(70) Concurrent Mark Free 0.001ms
[7.205s][info][gc,phases   ] GC(70) Concurrent Process Non-Strong References 0.275ms
[7.205s][info][gc,phases   ] GC(70) Concurrent Reset Relocation Set 0.008ms
[7.216s][info][gc,phases   ] GC(70) Concurrent Select Relocation Set 10.458ms
[7.216s][info][gc,phases   ] GC(70) Pause Relocate Start 0.005ms
[7.234s][info][gc,phases   ] GC(70) Concurrent Relocate 18.287ms
[7.234s][info][gc,load     ] GC(70) Load: 0.00/0.00/0.00
[7.234s][info][gc,mmu      ] GC(70) MMU: 2ms/98.3%, 5ms/99.3%, 10ms/99.5%, 20ms/99.7%, 50ms/99.9%, 100ms/99.9%
[7.234s][info][gc,marking  ] GC(70) Mark: 4 stripe(s), 2 proactive flush(es), 1 terminate flush(es), 0 completion(s), 0 continuation(s) 
[7.234s][info][gc,marking  ] GC(70) Mark Stack Usage: 32M
[7.234s][info][gc,nmethod  ] GC(70) NMethods: 329 registered, 0 unregistered
[7.234s][info][gc,metaspace] GC(70) Metaspace: 0M used, 0M committed, 1032M reserved
[7.234s][info][gc,ref      ] GC(70) Soft: 95 encountered, 0 discovered, 0 enqueued
[7.234s][info][gc,ref      ] GC(70) Weak: 147 encountered, 2 discovered, 0 enqueued
[7.234s][info][gc,ref      ] GC(70) Final: 0 encountered, 0 discovered, 0 enqueued
[7.234s][info][gc,ref      ] GC(70) Phantom: 1 encountered, 0 discovered, 0 enqueued
[7.234s][info][gc,reloc    ] GC(70) Small Pages: 194 / 388M, Empty: 242M, Relocated: 17M, In-Place: 0
[7.234s][info][gc,reloc    ] GC(70) Medium Pages: 1 / 32M, Empty: 0M, Relocated: 0M, In-Place: 0
[7.234s][info][gc,reloc    ] GC(70) Large Pages: 0 / 0M, Empty: 0M, Relocated: 0M, In-Place: 0
[7.234s][info][gc,reloc    ] GC(70) Forwarding Usage: 12M
[7.234s][info][gc,heap     ] GC(70) Min Capacity: 1024M(100%)
[7.234s][info][gc,heap     ] GC(70) Max Capacity: 1024M(100%)
[7.234s][info][gc,heap     ] GC(70) Soft Max Capacity: 1024M(100%)
[7.234s][info][gc,heap     ] GC(70)                Mark Start          Mark End        Relocate Start      Relocate End           High               Low         
[7.234s][info][gc,heap     ] GC(70)  Capacity:     1024M (100%)       1024M (100%)       1024M (100%)       1024M (100%)       1024M (100%)       1024M (100%)   
[7.234s][info][gc,heap     ] GC(70)      Free:      604M (59%)         446M (44%)         650M (63%)         666M (65%)         686M (67%)         446M (44%)    
[7.234s][info][gc,heap     ] GC(70)      Used:      420M (41%)         578M (56%)         374M (37%)         358M (35%)         578M (56%)         338M (33%)    
[7.234s][info][gc,heap     ] GC(70)      Live:         -                67M (7%)           67M (7%)           67M (7%)             -                  -          
[7.234s][info][gc,heap     ] GC(70) Allocated:         -               158M (15%)         196M (19%)         243M (24%)            -                  -          
[7.234s][info][gc,heap     ] GC(70)   Garbage:         -               352M (34%)         110M (11%)          46M (5%)             -                  -          
[7.234s][info][gc,heap     ] GC(70) Reclaimed:         -                  -               242M (24%)         305M (30%)            -                  -          
[7.234s][info][gc          ] GC(70) Garbage Collection (Allocation Rate) 420M(41%)->358M(35%)
[7.252s][info][gc,start    ] GC(71) Garbage Collection (Allocation Rate)
[7.252s][info][gc,task     ] GC(71) Using 4 workers
[7.252s][info][gc,phases   ] GC(71) Pause Mark Start 0.005ms
[7.298s][info][gc,phases   ] GC(71) Concurrent Mark 46.565ms
[7.299s][info][gc,phases   ] GC(71) Pause Mark End 0.014ms
[7.299s][info][gc,phases   ] GC(71) Concurrent Mark Free 0.001ms
[7.299s][info][gc,phases   ] GC(71) Concurrent Process Non-Strong References 0.388ms
[7.299s][info][gc,phases   ] GC(71) Concurrent Reset Relocation Set 0.013ms
[7.305s][info][gc,phases   ] GC(71) Concurrent Select Relocation Set 6.048ms
[7.305s][info][gc,phases   ] GC(71) Pause Relocate Start 0.006ms
[7.315s][info][gc,phases   ] GC(71) Concurrent Relocate 9.184ms
[7.315s][info][gc,load     ] GC(71) Load: 0.00/0.00/0.00
[7.315s][info][gc,mmu      ] GC(71) MMU: 2ms/98.3%, 5ms/99.3%, 10ms/99.5%, 20ms/99.7%, 50ms/99.9%, 100ms/99.9%
[7.315s][info][gc,marking  ] GC(71) Mark: 4 stripe(s), 2 proactive flush(es), 1 terminate flush(es), 0 completion(s), 0 continuation(s) 
[7.315s][info][gc,marking  ] GC(71) Mark Stack Usage: 32M
[7.315s][info][gc,nmethod  ] GC(71) NMethods: 329 registered, 0 unregistered
[7.315s][info][gc,metaspace] GC(71) Metaspace: 0M used, 0M committed, 1032M reserved
[7.315s][info][gc,ref      ] GC(71) Soft: 95 encountered, 0 discovered, 0 enqueued
[7.315s][info][gc,ref      ] GC(71) Weak: 147 encountered, 2 discovered, 0 enqueued
[7.315s][info][gc,ref      ] GC(71) Final: 0 encountered, 0 discovered, 0 enqueued
[7.315s][info][gc,ref      ] GC(71) Phantom: 1 encountered, 0 discovered, 0 enqueued
[7.315s][info][gc,reloc    ] GC(71) Small Pages: 201 / 402M, Empty: 280M, Relocated: 10M, In-Place: 0
[7.315s][info][gc,reloc    ] GC(71) Medium Pages: 1 / 32M, Empty: 0M, Relocated: 0M, In-Place: 0
[7.315s][info][gc,reloc    ] GC(71) Large Pages: 0 / 0M, Empty: 0M, Relocated: 0M, In-Place: 0
[7.315s][info][gc,reloc    ] GC(71) Forwarding Usage: 7M
[7.315s][info][gc,heap     ] GC(71) Min Capacity: 1024M(100%)
[7.315s][info][gc,heap     ] GC(71) Max Capacity: 1024M(100%)
[7.315s][info][gc,heap     ] GC(71) Soft Max Capacity: 1024M(100%)
[7.315s][info][gc,heap     ] GC(71)                Mark Start          Mark End        Relocate Start      Relocate End           High               Low         
[7.315s][info][gc,heap     ] GC(71)  Capacity:     1024M (100%)       1024M (100%)       1024M (100%)       1024M (100%)       1024M (100%)       1024M (100%)   
[7.315s][info][gc,heap     ] GC(71)      Free:      590M (58%)         414M (40%)         670M (65%)         686M (67%)         698M (68%)         414M (40%)    
[7.315s][info][gc,heap     ] GC(71)      Used:      434M (42%)         610M (60%)         354M (35%)         338M (33%)         610M (60%)         326M (32%)    
[7.315s][info][gc,heap     ] GC(71)      Live:         -                67M (7%)           67M (7%)           67M (7%)             -                  -          
[7.315s][info][gc,heap     ] GC(71) Allocated:         -               176M (17%)         200M (20%)         221M (22%)            -                  -          
[7.315s][info][gc,heap     ] GC(71)   Garbage:         -               366M (36%)          86M (8%)           48M (5%)             -                  -          
[7.315s][info][gc,heap     ] GC(71) Reclaimed:         -                  -               280M (27%)         317M (31%)            -                  -          
[7.315s][info][gc          ] GC(71) Garbage Collection (Allocation Rate) 434M(42%)->338M(33%)
[7.361s][info][gc,start    ] GC(72) Garbage Collection (Allocation Rate)
[7.361s][info][gc,task     ] GC(72) Using 4 workers
[7.362s][info][gc,phases   ] GC(72) Pause Mark Start 0.007ms
[7.408s][info][gc,phases   ] GC(72) Concurrent Mark 46.568ms
[7.408s][info][gc,phases   ] GC(72) Pause Mark End 0.010ms
[7.408s][info][gc,phases   ] GC(72) Concurrent Mark Free 0.001ms
[7.409s][info][gc,phases   ] GC(72) Concurrent Process Non-Strong References 0.354ms
[7.409s][info][gc,phases   ] GC(72) Concurrent Reset Relocation Set 0.005ms
[7.417s][info][gc,phases   ] GC(72) Concurrent Select Relocation Set 8.124ms
[7.417s][info][gc,phases   ] GC(72) Pause Relocate Start 0.005ms
[7.431s][info][gc,phases   ] GC(72) Concurrent Relocate 13.517ms
[7.431s][info][gc,load     ] GC(72) Load: 0.00/0.00/0.00
[7.431s][info][gc,mmu      ] GC(72) MMU: 2ms/98.3%, 5ms/99.3%, 10ms/99.5%, 20ms/99.7%, 50ms/99.9%, 100ms/99.9%
[7.431s][info][gc,marking  ] GC(72) Mark: 4 stripe(s), 2 proactive flush(es), 1 terminate flush(es), 0 completion(s), 0 continuation(s) 
[7.431s][info][gc,marking  ] GC(72) Mark Stack Usage: 32M
[7.431s][info][gc,nmethod  ] GC(72) NMethods: 329 registered, 0 unregistered
[7.431s][info][gc,metaspace] GC(72) Metaspace: 0M used, 0M committed, 1032M reserved
[7.431s][info][gc,ref      ] GC(72) Soft: 95 encountered, 0 discovered, 0 enqueued
[7.431s][info][gc,ref      ] GC(72) Weak: 147 encountered, 2 discovered, 0 enqueued
[7.431s][info][gc,ref      ] GC(72) Final: 0 encountered, 0 discovered, 0 enqueued
[7.431s][info][gc,ref      ] GC(72) Phantom: 1 encountered, 0 discovered, 0 enqueued
[7.431s][info][gc,reloc    ] GC(72) Small Pages: 254 / 508M, Empty: 362M, Relocated: 17M, In-Place: 0
[7.431s][info][gc,reloc    ] GC(72) Medium Pages: 1 / 32M, Empty: 0M, Relocated: 0M, In-Place: 0
[7.431s][info][gc,reloc    ] GC(72) Large Pages: 0 / 0M, Empty: 0M, Relocated: 0M, In-Place: 0
[7.431s][info][gc,reloc    ] GC(72) Forwarding Usage: 13M
[7.431s][info][gc,heap     ] GC(72) Min Capacity: 1024M(100%)
[7.431s][info][gc,heap     ] GC(72) Max Capacity: 1024M(100%)
[7.431s][info][gc,heap     ] GC(72) Soft Max Capacity: 1024M(100%)
[7.431s][info][gc,heap     ] GC(72)                Mark Start          Mark End        Relocate Start      Relocate End           High               Low         
[7.431s][info][gc,heap     ] GC(72)  Capacity:     1024M (100%)       1024M (100%)       1024M (100%)       1024M (100%)       1024M (100%)       1024M (100%)   
[7.431s][info][gc,heap     ] GC(72)      Free:      484M (47%)         318M (31%)         654M (64%)         688M (67%)         698M (68%)         318M (31%)    
[7.431s][info][gc,heap     ] GC(72)      Used:      540M (53%)         706M (69%)         370M (36%)         336M (33%)         706M (69%)         326M (32%)    
[7.431s][info][gc,heap     ] GC(72)      Live:         -                67M (7%)           67M (7%)           67M (7%)             -                  -          
[7.431s][info][gc,heap     ] GC(72) Allocated:         -               166M (16%)         192M (19%)         223M (22%)            -                  -          
[7.431s][info][gc,heap     ] GC(72)   Garbage:         -               472M (46%)         110M (11%)          44M (4%)             -                  -          
[7.431s][info][gc,heap     ] GC(72) Reclaimed:         -                  -               362M (35%)         427M (42%)            -                  -          
[7.431s][info][gc          ] GC(72) Garbage Collection (Allocation Rate) 540M(53%)->336M(33%)
[7.456s][info][gc,start    ] GC(73) Garbage Collection (Allocation Rate)
[7.456s][info][gc,task     ] GC(73) Using 4 workers
[7.456s][info][gc,phases   ] GC(73) Pause Mark Start 0.005ms
[7.504s][info][gc,phases   ] GC(73) Concurrent Mark 47.587ms
[7.504s][info][gc,phases   ] GC(73) Pause Mark End 0.013ms
[7.504s][info][gc,phases   ] GC(73) Concurrent Mark Free 0.001ms
[7.505s][info][gc,phases   ] GC(73) Concurrent Process Non-Strong References 0.384ms
[7.505s][info][gc,phases   ] GC(73) Concurrent Reset Relocation Set 0.013ms
[7.511s][info][gc,phases   ] GC(73) Concurrent Select Relocation Set 6.102ms
[7.511s][info][gc,phases   ] GC(73) Pause Relocate Start 0.006ms
[7.526s][info][gc,phases   ] GC(73) Concurrent Relocate 14.809ms
[7.526s][info][gc,load     ] GC(73) Load: 0.00/0.00/0.00
[7.526s][info][gc,mmu      ] GC(73) MMU: 2ms/98.3%, 5ms/99.3%, 10ms/99.5%, 20ms/99.7%, 50ms/99.9%, 100ms/99.9%
[7.526s][info][gc,marking  ] GC(73) Mark: 4 stripe(s), 2 proactive flush(es), 1 terminate flush(es), 0 completion(s), 0 continuation(s) 
[7.526s][info][gc,marking  ] GC(73) Mark Stack Usage: 32M
[7.526s][info][gc,nmethod  ] GC(73) NMethods: 329 registered, 0 unregistered
[7.526s][info][gc,metaspace] GC(73) Metaspace: 0M used, 0M committed, 1032M reserved
[7.526s][info][gc,ref      ] GC(73) Soft: 95 encountered, 0 discovered, 0 enqueued
[7.526s][info][gc,ref      ] GC(73) Weak: 147 encountered, 0 discovered, 0 enqueued
[7.526s][info][gc,ref      ] GC(73) Final: 0 encountered, 0 discovered, 0 enqueued
[7.526s][info][gc,ref      ] GC(73) Phantom: 1 encountered, 0 discovered, 0 enqueued
[7.526s][info][gc,reloc    ] GC(73) Small Pages: 206 / 412M, Empty: 280M, Relocated: 17M, In-Place: 0
[7.526s][info][gc,reloc    ] GC(73) Medium Pages: 1 / 32M, Empty: 0M, Relocated: 0M, In-Place: 0
[7.526s][info][gc,reloc    ] GC(73) Large Pages: 0 / 0M, Empty: 0M, Relocated: 0M, In-Place: 0
[7.526s][info][gc,reloc    ] GC(73) Forwarding Usage: 12M
[7.526s][info][gc,heap     ] GC(73) Min Capacity: 1024M(100%)
[7.526s][info][gc,heap     ] GC(73) Max Capacity: 1024M(100%)
[7.526s][info][gc,heap     ] GC(73) Soft Max Capacity: 1024M(100%)
[7.526s][info][gc,heap     ] GC(73)                Mark Start          Mark End        Relocate Start      Relocate End           High               Low         
[7.526s][info][gc,heap     ] GC(73)  Capacity:     1024M (100%)       1024M (100%)       1024M (100%)       1024M (100%)       1024M (100%)       1024M (100%)   
[7.526s][info][gc,heap     ] GC(73)      Free:      580M (57%)         408M (40%)         664M (65%)         674M (66%)         688M (67%)         406M (40%)    
[7.526s][info][gc,heap     ] GC(73)      Used:      444M (43%)         616M (60%)         360M (35%)         350M (34%)         618M (60%)         336M (33%)    
[7.526s][info][gc,heap     ] GC(73)      Live:         -                67M (7%)           67M (7%)           67M (7%)             -                  -          
[7.526s][info][gc,heap     ] GC(73) Allocated:         -               172M (17%)         196M (19%)         237M (23%)            -                  -          
[7.526s][info][gc,heap     ] GC(73)   Garbage:         -               376M (37%)          96M (9%)           44M (4%)             -                  -          
[7.526s][info][gc,heap     ] GC(73) Reclaimed:         -                  -               280M (27%)         331M (32%)            -                  -          
[7.526s][info][gc          ] GC(73) Garbage Collection (Allocation Rate) 444M(43%)->350M(34%)
[7.552s][info][gc,start    ] GC(74) Garbage Collection (Allocation Rate)
[7.552s][info][gc,task     ] GC(74) Using 4 workers
[7.552s][info][gc,phases   ] GC(74) Pause Mark Start 0.004ms
[7.600s][info][gc,phases   ] GC(74) Concurrent Mark 47.594ms
[7.600s][info][gc,phases   ] GC(74) Pause Mark End 0.011ms
[7.600s][info][gc,phases   ] GC(74) Concurrent Mark Free 0.001ms
[7.600s][info][gc,phases   ] GC(74) Concurrent Process Non-Strong References 0.280ms
[7.600s][info][gc,phases   ] GC(74) Concurrent Reset Relocation Set 0.009ms
[7.605s][info][gc,phases   ] GC(74) Concurrent Select Relocation Set 4.918ms
[7.605s][info][gc,phases   ] GC(74) Pause Relocate Start 0.005ms
[7.613s][info][gc,phases   ] GC(74) Concurrent Relocate 7.590ms
[7.613s][info][gc,load     ] GC(74) Load: 0.00/0.00/0.00
[7.613s][info][gc,mmu      ] GC(74) MMU: 2ms/98.3%, 5ms/99.3%, 10ms/99.5%, 20ms/99.7%, 50ms/99.9%, 100ms/99.9%
[7.613s][info][gc,marking  ] GC(74) Mark: 4 stripe(s), 2 proactive flush(es), 1 terminate flush(es), 0 completion(s), 0 continuation(s) 
[7.613s][info][gc,marking  ] GC(74) Mark Stack Usage: 32M
[7.613s][info][gc,nmethod  ] GC(74) NMethods: 329 registered, 0 unregistered
[7.613s][info][gc,metaspace] GC(74) Metaspace: 0M used, 0M committed, 1032M reserved
[7.613s][info][gc,ref      ] GC(74) Soft: 95 encountered, 0 discovered, 0 enqueued
[7.613s][info][gc,ref      ] GC(74) Weak: 147 encountered, 0 discovered, 0 enqueued
[7.613s][info][gc,ref      ] GC(74) Final: 0 encountered, 0 discovered, 0 enqueued
[7.613s][info][gc,ref      ] GC(74) Phantom: 1 encountered, 0 discovered, 0 enqueued
[7.613s][info][gc,reloc    ] GC(74) Small Pages: 218 / 436M, Empty: 314M, Relocated: 10M, In-Place: 0
[7.613s][info][gc,reloc    ] GC(74) Medium Pages: 1 / 32M, Empty: 0M, Relocated: 0M, In-Place: 0
[7.613s][info][gc,reloc    ] GC(74) Large Pages: 0 / 0M, Empty: 0M, Relocated: 0M, In-Place: 0
[7.613s][info][gc,reloc    ] GC(74) Forwarding Usage: 7M
[7.613s][info][gc,heap     ] GC(74) Min Capacity: 1024M(100%)
[7.613s][info][gc,heap     ] GC(74) Max Capacity: 1024M(100%)
[7.613s][info][gc,heap     ] GC(74) Soft Max Capacity: 1024M(100%)
[7.613s][info][gc,heap     ] GC(74)                Mark Start          Mark End        Relocate Start      Relocate End           High               Low         
[7.613s][info][gc,heap     ] GC(74)  Capacity:     1024M (100%)       1024M (100%)       1024M (100%)       1024M (100%)       1024M (100%)       1024M (100%)   
[7.613s][info][gc,heap     ] GC(74)      Free:      556M (54%)         388M (38%)         680M (66%)         702M (69%)         708M (69%)         386M (38%)    
[7.613s][info][gc,heap     ] GC(74)      Used:      468M (46%)         636M (62%)         344M (34%)         322M (31%)         638M (62%)         316M (31%)    
[7.613s][info][gc,heap     ] GC(74)      Live:         -                67M (7%)           67M (7%)           67M (7%)             -                  -          
[7.613s][info][gc,heap     ] GC(74) Allocated:         -               168M (16%)         190M (19%)         205M (20%)            -                  -          
[7.613s][info][gc,heap     ] GC(74)   Garbage:         -               400M (39%)          86M (8%)           48M (5%)             -                  -          
[7.613s][info][gc,heap     ] GC(74) Reclaimed:         -                  -               314M (31%)         351M (34%)            -                  -          
[7.613s][info][gc          ] GC(74) Garbage Collection (Allocation Rate) 468M(46%)->322M(31%)
[7.661s][info][gc,start    ] GC(75) Garbage Collection (Allocation Rate)
[7.662s][info][gc,task     ] GC(75) Using 4 workers
[7.662s][info][gc,phases   ] GC(75) Pause Mark Start 0.005ms
[7.707s][info][gc,phases   ] GC(75) Concurrent Mark 45.664ms
[7.708s][info][gc,phases   ] GC(75) Pause Mark End 0.011ms
[7.708s][info][gc,phases   ] GC(75) Concurrent Mark Free 0.001ms
[7.708s][info][gc,phases   ] GC(75) Concurrent Process Non-Strong References 0.341ms
[7.708s][info][gc,phases   ] GC(75) Concurrent Reset Relocation Set 0.005ms
[7.719s][info][gc,phases   ] GC(75) Concurrent Select Relocation Set 10.986ms
[7.719s][info][gc,phases   ] GC(75) Pause Relocate Start 0.005ms
[7.729s][info][gc,phases   ] GC(75) Concurrent Relocate 10.158ms
[7.729s][info][gc,load     ] GC(75) Load: 0.00/0.00/0.00
[7.729s][info][gc,mmu      ] GC(75) MMU: 2ms/98.3%, 5ms/99.3%, 10ms/99.5%, 20ms/99.7%, 50ms/99.9%, 100ms/99.9%
[7.729s][info][gc,marking  ] GC(75) Mark: 4 stripe(s), 2 proactive flush(es), 1 terminate flush(es), 0 completion(s), 0 continuation(s) 
[7.729s][info][gc,marking  ] GC(75) Mark Stack Usage: 32M
[7.729s][info][gc,nmethod  ] GC(75) NMethods: 329 registered, 0 unregistered
[7.729s][info][gc,metaspace] GC(75) Metaspace: 0M used, 0M committed, 1032M reserved
[7.729s][info][gc,ref      ] GC(75) Soft: 95 encountered, 0 discovered, 0 enqueued
[7.729s][info][gc,ref      ] GC(75) Weak: 147 encountered, 2 discovered, 0 enqueued
[7.729s][info][gc,ref      ] GC(75) Final: 0 encountered, 0 discovered, 0 enqueued
[7.729s][info][gc,ref      ] GC(75) Phantom: 1 encountered, 0 discovered, 0 enqueued
[7.729s][info][gc,reloc    ] GC(75) Small Pages: 248 / 496M, Empty: 356M, Relocated: 12M, In-Place: 0
[7.729s][info][gc,reloc    ] GC(75) Medium Pages: 1 / 32M, Empty: 0M, Relocated: 0M, In-Place: 0
[7.730s][info][gc,reloc    ] GC(75) Large Pages: 0 / 0M, Empty: 0M, Relocated: 0M, In-Place: 0
[7.730s][info][gc,reloc    ] GC(75) Forwarding Usage: 8M
[7.730s][info][gc,heap     ] GC(75) Min Capacity: 1024M(100%)
[7.730s][info][gc,heap     ] GC(75) Max Capacity: 1024M(100%)
[7.730s][info][gc,heap     ] GC(75) Soft Max Capacity: 1024M(100%)
[7.730s][info][gc,heap     ] GC(75)                Mark Start          Mark End        Relocate Start      Relocate End           High               Low         
[7.730s][info][gc,heap     ] GC(75)  Capacity:     1024M (100%)       1024M (100%)       1024M (100%)       1024M (100%)       1024M (100%)       1024M (100%)   
[7.730s][info][gc,heap     ] GC(75)      Free:      496M (48%)         328M (32%)         640M (62%)         664M (65%)         672M (66%)         328M (32%)    
[7.730s][info][gc,heap     ] GC(75)      Used:      528M (52%)         696M (68%)         384M (38%)         360M (35%)         696M (68%)         352M (34%)    
[7.730s][info][gc,heap     ] GC(75)      Live:         -                67M (7%)           67M (7%)           67M (7%)             -                  -          
[7.730s][info][gc,heap     ] GC(75) Allocated:         -               168M (16%)         212M (21%)         241M (24%)            -                  -          
[7.730s][info][gc,heap     ] GC(75)   Garbage:         -               460M (45%)         104M (10%)          50M (5%)             -                  -          
[7.730s][info][gc,heap     ] GC(75) Reclaimed:         -                  -               356M (35%)         409M (40%)            -                  -          
[7.730s][info][gc          ] GC(75) Garbage Collection (Allocation Rate) 528M(52%)->360M(35%)
[7.753s][info][gc,start    ] GC(76) Garbage Collection (Allocation Rate)
[7.753s][info][gc,task     ] GC(76) Using 4 workers
[7.753s][info][gc,phases   ] GC(76) Pause Mark Start 0.005ms
[7.801s][info][gc,phases   ] GC(76) Concurrent Mark 47.586ms
[7.801s][info][gc,phases   ] GC(76) Pause Mark End 0.009ms
[7.801s][info][gc,phases   ] GC(76) Concurrent Mark Free 0.001ms
[7.802s][info][gc,phases   ] GC(76) Concurrent Process Non-Strong References 0.340ms
[7.802s][info][gc,phases   ] GC(76) Concurrent Reset Relocation Set 0.009ms
[7.813s][info][gc,phases   ] GC(76) Concurrent Select Relocation Set 11.400ms
[7.813s][info][gc,phases   ] GC(76) Pause Relocate Start 0.006ms
[7.827s][info][gc,phases   ] GC(76) Concurrent Relocate 14.164ms
[7.828s][info][gc,load     ] GC(76) Load: 0.00/0.00/0.00
[7.828s][info][gc,mmu      ] GC(76) MMU: 2ms/98.3%, 5ms/99.3%, 10ms/99.5%, 20ms/99.7%, 50ms/99.9%, 100ms/99.9%
[7.828s][info][gc,marking  ] GC(76) Mark: 4 stripe(s), 2 proactive flush(es), 1 terminate flush(es), 0 completion(s), 0 continuation(s) 
[7.828s][info][gc,marking  ] GC(76) Mark Stack Usage: 32M
[7.828s][info][gc,nmethod  ] GC(76) NMethods: 329 registered, 0 unregistered
[7.828s][info][gc,metaspace] GC(76) Metaspace: 0M used, 0M committed, 1032M reserved
[7.828s][info][gc,ref      ] GC(76) Soft: 95 encountered, 0 discovered, 0 enqueued
[7.828s][info][gc,ref      ] GC(76) Weak: 147 encountered, 0 discovered, 0 enqueued
[7.828s][info][gc,ref      ] GC(76) Final: 0 encountered, 0 discovered, 0 enqueued
[7.828s][info][gc,ref      ] GC(76) Phantom: 1 encountered, 0 discovered, 0 enqueued
[7.828s][info][gc,reloc    ] GC(76) Small Pages: 216 / 432M, Empty: 300M, Relocated: 17M, In-Place: 0
[7.828s][info][gc,reloc    ] GC(76) Medium Pages: 1 / 32M, Empty: 0M, Relocated: 0M, In-Place: 0
[7.828s][info][gc,reloc    ] GC(76) Large Pages: 0 / 0M, Empty: 0M, Relocated: 0M, In-Place: 0
[7.828s][info][gc,reloc    ] GC(76) Forwarding Usage: 12M
[7.828s][info][gc,heap     ] GC(76) Min Capacity: 1024M(100%)
[7.828s][info][gc,heap     ] GC(76) Max Capacity: 1024M(100%)
[7.828s][info][gc,heap     ] GC(76) Soft Max Capacity: 1024M(100%)
[7.828s][info][gc,heap     ] GC(76)                Mark Start          Mark End        Relocate Start      Relocate End           High               Low         
[7.828s][info][gc,heap     ] GC(76)  Capacity:     1024M (100%)       1024M (100%)       1024M (100%)       1024M (100%)       1024M (100%)       1024M (100%)   
[7.828s][info][gc,heap     ] GC(76)      Free:      560M (55%)         380M (37%)         636M (62%)         652M (64%)         662M (65%)         380M (37%)    
[7.828s][info][gc,heap     ] GC(76)      Used:      464M (45%)         644M (63%)         388M (38%)         372M (36%)         644M (63%)         362M (35%)    
[7.828s][info][gc,heap     ] GC(76)      Live:         -                67M (7%)           67M (7%)           67M (7%)             -                  -          
[7.828s][info][gc,heap     ] GC(76) Allocated:         -               180M (18%)         224M (22%)         259M (25%)            -                  -          
[7.828s][info][gc,heap     ] GC(76)   Garbage:         -               396M (39%)          96M (9%)           44M (4%)             -                  -          
[7.828s][info][gc,heap     ] GC(76) Reclaimed:         -                  -               300M (29%)         351M (34%)            -                  -          
[7.828s][info][gc          ] GC(76) Garbage Collection (Allocation Rate) 464M(45%)->372M(36%)
[7.849s][info][gc,start    ] GC(77) Garbage Collection (Allocation Rate)
[7.849s][info][gc,task     ] GC(77) Using 4 workers
[7.849s][info][gc,phases   ] GC(77) Pause Mark Start 0.005ms
[7.897s][info][gc,phases   ] GC(77) Concurrent Mark 47.526ms
[7.897s][info][gc,phases   ] GC(77) Pause Mark End 0.017ms
[7.897s][info][gc,phases   ] GC(77) Concurrent Mark Free 0.001ms
[7.897s][info][gc,phases   ] GC(77) Concurrent Process Non-Strong References 0.299ms
[7.897s][info][gc,phases   ] GC(77) Concurrent Reset Relocation Set 0.010ms
[7.903s][info][gc,phases   ] GC(77) Concurrent Select Relocation Set 5.109ms
[7.903s][info][gc,phases   ] GC(77) Pause Relocate Start 0.006ms
[7.918s][info][gc,phases   ] GC(77) Concurrent Relocate 15.671ms
[7.919s][info][gc,load     ] GC(77) Load: 0.00/0.00/0.00
[7.919s][info][gc,mmu      ] GC(77) MMU: 2ms/98.3%, 5ms/99.3%, 10ms/99.5%, 20ms/99.7%, 50ms/99.9%, 100ms/99.9%
[7.919s][info][gc,marking  ] GC(77) Mark: 4 stripe(s), 2 proactive flush(es), 1 terminate flush(es), 0 completion(s), 0 continuation(s) 
[7.919s][info][gc,marking  ] GC(77) Mark Stack Usage: 32M
[7.919s][info][gc,nmethod  ] GC(77) NMethods: 329 registered, 0 unregistered
[7.919s][info][gc,metaspace] GC(77) Metaspace: 0M used, 0M committed, 1032M reserved
[7.919s][info][gc,ref      ] GC(77) Soft: 95 encountered, 0 discovered, 0 enqueued
[7.919s][info][gc,ref      ] GC(77) Weak: 147 encountered, 1 discovered, 0 enqueued
[7.919s][info][gc,ref      ] GC(77) Final: 0 encountered, 0 discovered, 0 enqueued
[7.919s][info][gc,ref      ] GC(77) Phantom: 1 encountered, 0 discovered, 0 enqueued
[7.919s][info][gc,reloc    ] GC(77) Small Pages: 213 / 426M, Empty: 286M, Relocated: 17M, In-Place: 0
[7.919s][info][gc,reloc    ] GC(77) Medium Pages: 1 / 32M, Empty: 0M, Relocated: 0M, In-Place: 0
[7.919s][info][gc,reloc    ] GC(77) Large Pages: 0 / 0M, Empty: 0M, Relocated: 0M, In-Place: 0
[7.919s][info][gc,reloc    ] GC(77) Forwarding Usage: 12M
[7.919s][info][gc,heap     ] GC(77) Min Capacity: 1024M(100%)
[7.919s][info][gc,heap     ] GC(77) Max Capacity: 1024M(100%)
[7.919s][info][gc,heap     ] GC(77) Soft Max Capacity: 1024M(100%)
[7.919s][info][gc,heap     ] GC(77)                Mark Start          Mark End        Relocate Start      Relocate End           High               Low         
[7.919s][info][gc,heap     ] GC(77)  Capacity:     1024M (100%)       1024M (100%)       1024M (100%)       1024M (100%)       1024M (100%)       1024M (100%)   
[7.919s][info][gc,heap     ] GC(77)      Free:      566M (55%)         388M (38%)         656M (64%)         678M (66%)         690M (67%)         386M (38%)    
[7.919s][info][gc,heap     ] GC(77)      Used:      458M (45%)         636M (62%)         368M (36%)         346M (34%)         638M (62%)         334M (33%)    
[7.919s][info][gc,heap     ] GC(77)      Live:         -                67M (7%)           67M (7%)           67M (7%)             -                  -          
[7.919s][info][gc,heap     ] GC(77) Allocated:         -               178M (17%)         196M (19%)         233M (23%)            -                  -          
[7.919s][info][gc,heap     ] GC(77)   Garbage:         -               390M (38%)         104M (10%)          44M (4%)             -                  -          
[7.919s][info][gc,heap     ] GC(77) Reclaimed:         -                  -               286M (28%)         345M (34%)            -                  -          
[7.919s][info][gc          ] GC(77) Garbage Collection (Allocation Rate) 458M(45%)->346M(34%)
[7.960s][info][gc,start    ] GC(78) Garbage Collection (Allocation Rate)
[7.960s][info][gc,task     ] GC(78) Using 4 workers
[7.960s][info][gc,phases   ] GC(78) Pause Mark Start 0.005ms
[8.008s][info][gc,phases   ] GC(78) Concurrent Mark 47.618ms
[8.008s][info][gc,phases   ] GC(78) Pause Mark End 0.010ms
[8.008s][info][gc,phases   ] GC(78) Concurrent Mark Free 0.001ms
[8.008s][info][gc,phases   ] GC(78) Concurrent Process Non-Strong References 0.267ms
[8.008s][info][gc,phases   ] GC(78) Concurrent Reset Relocation Set 0.008ms
[8.013s][info][gc,phases   ] GC(78) Concurrent Select Relocation Set 4.629ms
[8.013s][info][gc,phases   ] GC(78) Pause Relocate Start 0.005ms
[8.023s][info][gc,phases   ] GC(78) Concurrent Relocate 10.596ms
[8.024s][info][gc,load     ] GC(78) Load: 0.00/0.00/0.00
[8.024s][info][gc,mmu      ] GC(78) MMU: 2ms/98.3%, 5ms/99.3%, 10ms/99.5%, 20ms/99.7%, 50ms/99.9%, 100ms/99.9%
[8.024s][info][gc,marking  ] GC(78) Mark: 4 stripe(s), 2 proactive flush(es), 1 terminate flush(es), 0 completion(s), 0 continuation(s) 
[8.024s][info][gc,marking  ] GC(78) Mark Stack Usage: 32M
[8.024s][info][gc,nmethod  ] GC(78) NMethods: 329 registered, 0 unregistered
[8.024s][info][gc,metaspace] GC(78) Metaspace: 0M used, 0M committed, 1032M reserved
[8.024s][info][gc,ref      ] GC(78) Soft: 95 encountered, 0 discovered, 0 enqueued
[8.024s][info][gc,ref      ] GC(78) Weak: 147 encountered, 1 discovered, 0 enqueued
[8.024s][info][gc,ref      ] GC(78) Final: 0 encountered, 0 discovered, 0 enqueued
[8.024s][info][gc,ref      ] GC(78) Phantom: 1 encountered, 0 discovered, 0 enqueued
[8.024s][info][gc,reloc    ] GC(78) Small Pages: 249 / 498M, Empty: 360M, Relocated: 12M, In-Place: 0
[8.024s][info][gc,reloc    ] GC(78) Medium Pages: 1 / 32M, Empty: 0M, Relocated: 0M, In-Place: 0
[8.024s][info][gc,reloc    ] GC(78) Large Pages: 0 / 0M, Empty: 0M, Relocated: 0M, In-Place: 0
[8.024s][info][gc,reloc    ] GC(78) Forwarding Usage: 8M
[8.024s][info][gc,heap     ] GC(78) Min Capacity: 1024M(100%)
[8.024s][info][gc,heap     ] GC(78) Max Capacity: 1024M(100%)
[8.024s][info][gc,heap     ] GC(78) Soft Max Capacity: 1024M(100%)
[8.024s][info][gc,heap     ] GC(78)                Mark Start          Mark End        Relocate Start      Relocate End           High               Low         
[8.024s][info][gc,heap     ] GC(78)  Capacity:     1024M (100%)       1024M (100%)       1024M (100%)       1024M (100%)       1024M (100%)       1024M (100%)   
[8.024s][info][gc,heap     ] GC(78)      Free:      494M (48%)         324M (32%)         660M (64%)         690M (67%)         704M (69%)         322M (31%)    
[8.024s][info][gc,heap     ] GC(78)      Used:      530M (52%)         700M (68%)         364M (36%)         334M (33%)         702M (69%)         320M (31%)    
[8.024s][info][gc,heap     ] GC(78)      Live:         -                67M (7%)           67M (7%)           67M (7%)             -                  -          
[8.024s][info][gc,heap     ] GC(78) Allocated:         -               170M (17%)         194M (19%)         217M (21%)            -                  -          
[8.024s][info][gc,heap     ] GC(78)   Garbage:         -               462M (45%)         102M (10%)          48M (5%)             -                  -          
[8.024s][info][gc,heap     ] GC(78) Reclaimed:         -                  -               360M (35%)         413M (40%)            -                  -          
[8.024s][info][gc          ] GC(78) Garbage Collection (Allocation Rate) 530M(52%)->334M(33%)
[8.055s][info][gc,start    ] GC(79) Garbage Collection (Allocation Rate)
[8.056s][info][gc,task     ] GC(79) Using 4 workers
[8.056s][info][gc,phases   ] GC(79) Pause Mark Start 0.006ms
[8.102s][info][gc,phases   ] GC(79) Concurrent Mark 46.579ms
[8.102s][info][gc,phases   ] GC(79) Pause Mark End 0.009ms
[8.102s][info][gc,phases   ] GC(79) Concurrent Mark Free 0.001ms
[8.103s][info][gc,phases   ] GC(79) Concurrent Process Non-Strong References 0.381ms
[8.103s][info][gc,phases   ] GC(79) Concurrent Reset Relocation Set 0.009ms
[8.113s][info][gc,phases   ] GC(79) Concurrent Select Relocation Set 9.732ms
[8.113s][info][gc,phases   ] GC(79) Pause Relocate Start 0.005ms
[8.122s][info][gc,phases   ] GC(79) Concurrent Relocate 9.443ms
[8.122s][info][gc,load     ] GC(79) Load: 0.00/0.00/0.00
[8.122s][info][gc,mmu      ] GC(79) MMU: 2ms/98.3%, 5ms/99.3%, 10ms/99.5%, 20ms/99.7%, 50ms/99.9%, 100ms/99.9%
[8.122s][info][gc,marking  ] GC(79) Mark: 4 stripe(s), 2 proactive flush(es), 1 terminate flush(es), 0 completion(s), 0 continuation(s) 
[8.122s][info][gc,marking  ] GC(79) Mark Stack Usage: 32M
[8.123s][info][gc,nmethod  ] GC(79) NMethods: 330 registered, 0 unregistered
[8.123s][info][gc,metaspace] GC(79) Metaspace: 0M used, 0M committed, 1032M reserved
[8.123s][info][gc,ref      ] GC(79) Soft: 95 encountered, 0 discovered, 0 enqueued
[8.123s][info][gc,ref      ] GC(79) Weak: 147 encountered, 2 discovered, 0 enqueued
[8.123s][info][gc,ref      ] GC(79) Final: 0 encountered, 0 discovered, 0 enqueued
[8.123s][info][gc,ref      ] GC(79) Phantom: 1 encountered, 0 discovered, 0 enqueued
[8.123s][info][gc,reloc    ] GC(79) Small Pages: 218 / 436M, Empty: 292M, Relocated: 12M, In-Place: 0
[8.123s][info][gc,reloc    ] GC(79) Medium Pages: 1 / 32M, Empty: 0M, Relocated: 0M, In-Place: 0
[8.123s][info][gc,reloc    ] GC(79) Large Pages: 0 / 0M, Empty: 0M, Relocated: 0M, In-Place: 0
[8.123s][info][gc,reloc    ] GC(79) Forwarding Usage: 8M
[8.123s][info][gc,heap     ] GC(79) Min Capacity: 1024M(100%)
[8.123s][info][gc,heap     ] GC(79) Max Capacity: 1024M(100%)
[8.123s][info][gc,heap     ] GC(79) Soft Max Capacity: 1024M(100%)
[8.123s][info][gc,heap     ] GC(79)                Mark Start          Mark End        Relocate Start      Relocate End           High               Low         
[8.123s][info][gc,heap     ] GC(79)  Capacity:     1024M (100%)       1024M (100%)       1024M (100%)       1024M (100%)       1024M (100%)       1024M (100%)   
[8.123s][info][gc,heap     ] GC(79)      Free:      556M (54%)         398M (39%)         660M (64%)         698M (68%)         700M (68%)         398M (39%)    
[8.123s][info][gc,heap     ] GC(79)      Used:      468M (46%)         626M (61%)         364M (36%)         326M (32%)         626M (61%)         324M (32%)    
[8.123s][info][gc,heap     ] GC(79)      Live:         -                67M (7%)           67M (7%)           67M (7%)             -                  -          
[8.123s][info][gc,heap     ] GC(79) Allocated:         -               158M (15%)         188M (18%)         209M (20%)            -                  -          
[8.123s][info][gc,heap     ] GC(79)   Garbage:         -               400M (39%)         108M (11%)          48M (5%)             -                  -          
[8.123s][info][gc,heap     ] GC(79) Reclaimed:         -                  -               292M (29%)         351M (34%)            -                  -          
[8.123s][info][gc          ] GC(79) Garbage Collection (Allocation Rate) 468M(46%)->326M(32%)
[8.148s][info][gc,start    ] GC(80) Garbage Collection (Allocation Rate)
[8.148s][info][gc,task     ] GC(80) Using 4 workers
[8.148s][info][gc,phases   ] GC(80) Pause Mark Start 0.005ms
[8.196s][info][gc,phases   ] GC(80) Concurrent Mark 47.628ms
[8.196s][info][gc,phases   ] GC(80) Pause Mark End 0.011ms
[8.196s][info][gc,phases   ] GC(80) Concurrent Mark Free 0.001ms
[8.197s][info][gc,phases   ] GC(80) Concurrent Process Non-Strong References 0.337ms
[8.197s][info][gc,phases   ] GC(80) Concurrent Reset Relocation Set 0.008ms
[8.205s][info][gc,phases   ] GC(80) Concurrent Select Relocation Set 8.171ms
[8.205s][info][gc,phases   ] GC(80) Pause Relocate Start 0.025ms
[8.220s][info][gc,phases   ] GC(80) Concurrent Relocate 15.431ms
[8.221s][info][gc,load     ] GC(80) Load: 0.00/0.00/0.00
[8.221s][info][gc,mmu      ] GC(80) MMU: 2ms/98.3%, 5ms/99.3%, 10ms/99.5%, 20ms/99.7%, 50ms/99.9%, 100ms/99.9%
[8.221s][info][gc,marking  ] GC(80) Mark: 4 stripe(s), 2 proactive flush(es), 1 terminate flush(es), 0 completion(s), 0 continuation(s) 
[8.221s][info][gc,marking  ] GC(80) Mark Stack Usage: 32M
[8.221s][info][gc,nmethod  ] GC(80) NMethods: 330 registered, 0 unregistered
[8.221s][info][gc,metaspace] GC(80) Metaspace: 0M used, 0M committed, 1032M reserved
[8.221s][info][gc,ref      ] GC(80) Soft: 95 encountered, 0 discovered, 0 enqueued
[8.221s][info][gc,ref      ] GC(80) Weak: 147 encountered, 0 discovered, 0 enqueued
[8.221s][info][gc,ref      ] GC(80) Final: 0 encountered, 0 discovered, 0 enqueued
[8.221s][info][gc,ref      ] GC(80) Phantom: 1 encountered, 0 discovered, 0 enqueued
[8.221s][info][gc,reloc    ] GC(80) Small Pages: 200 / 400M, Empty: 266M, Relocated: 17M, In-Place: 0
[8.221s][info][gc,reloc    ] GC(80) Medium Pages: 1 / 32M, Empty: 0M, Relocated: 0M, In-Place: 0
[8.221s][info][gc,reloc    ] GC(80) Large Pages: 0 / 0M, Empty: 0M, Relocated: 0M, In-Place: 0
[8.221s][info][gc,reloc    ] GC(80) Forwarding Usage: 12M
[8.221s][info][gc,heap     ] GC(80) Min Capacity: 1024M(100%)
[8.221s][info][gc,heap     ] GC(80) Max Capacity: 1024M(100%)
[8.221s][info][gc,heap     ] GC(80) Soft Max Capacity: 1024M(100%)
[8.221s][info][gc,heap     ] GC(80)                Mark Start          Mark End        Relocate Start      Relocate End           High               Low         
[8.221s][info][gc,heap     ] GC(80)  Capacity:     1024M (100%)       1024M (100%)       1024M (100%)       1024M (100%)       1024M (100%)       1024M (100%)   
[8.221s][info][gc,heap     ] GC(80)      Free:      592M (58%)         426M (42%)         664M (65%)         674M (66%)         692M (68%)         426M (42%)    
[8.221s][info][gc,heap     ] GC(80)      Used:      432M (42%)         598M (58%)         360M (35%)         350M (34%)         598M (58%)         332M (32%)    
[8.221s][info][gc,heap     ] GC(80)      Live:         -                67M (7%)           67M (7%)           67M (7%)             -                  -          
[8.221s][info][gc,heap     ] GC(80) Allocated:         -               166M (16%)         194M (19%)         237M (23%)            -                  -          
[8.221s][info][gc,heap     ] GC(80)   Garbage:         -               364M (36%)          98M (10%)          44M (4%)             -                  -          
[8.221s][info][gc,heap     ] GC(80) Reclaimed:         -                  -               266M (26%)         319M (31%)            -                  -          
[8.221s][info][gc          ] GC(80) Garbage Collection (Allocation Rate) 432M(42%)->350M(34%)
[8.260s][info][gc,start    ] GC(81) Garbage Collection (Allocation Rate)
[8.260s][info][gc,task     ] GC(81) Using 4 workers
[8.260s][info][gc,phases   ] GC(81) Pause Mark Start 0.004ms
[8.307s][info][gc,phases   ] GC(81) Concurrent Mark 46.512ms
[8.307s][info][gc,phases   ] GC(81) Pause Mark End 0.009ms
[8.307s][info][gc,phases   ] GC(81) Concurrent Mark Free 0.001ms
[8.307s][info][gc,phases   ] GC(81) Concurrent Process Non-Strong References 0.337ms
[8.307s][info][gc,phases   ] GC(81) Concurrent Reset Relocation Set 0.009ms
[8.313s][info][gc,phases   ] GC(81) Concurrent Select Relocation Set 5.493ms
[8.313s][info][gc,phases   ] GC(81) Pause Relocate Start 0.005ms
[8.326s][info][gc,phases   ] GC(81) Concurrent Relocate 12.609ms
[8.326s][info][gc,load     ] GC(81) Load: 0.00/0.00/0.00
[8.326s][info][gc,mmu      ] GC(81) MMU: 2ms/98.3%, 5ms/99.3%, 10ms/99.5%, 20ms/99.7%, 50ms/99.9%, 100ms/99.9%
[8.326s][info][gc,marking  ] GC(81) Mark: 4 stripe(s), 2 proactive flush(es), 1 terminate flush(es), 0 completion(s), 0 continuation(s) 
[8.326s][info][gc,marking  ] GC(81) Mark Stack Usage: 32M
[8.326s][info][gc,nmethod  ] GC(81) NMethods: 330 registered, 0 unregistered
[8.326s][info][gc,metaspace] GC(81) Metaspace: 0M used, 0M committed, 1032M reserved
[8.326s][info][gc,ref      ] GC(81) Soft: 95 encountered, 0 discovered, 0 enqueued
[8.326s][info][gc,ref      ] GC(81) Weak: 147 encountered, 2 discovered, 0 enqueued
[8.326s][info][gc,ref      ] GC(81) Final: 0 encountered, 0 discovered, 0 enqueued
[8.326s][info][gc,ref      ] GC(81) Phantom: 1 encountered, 0 discovered, 0 enqueued
[8.326s][info][gc,reloc    ] GC(81) Small Pages: 246 / 492M, Empty: 352M, Relocated: 12M, In-Place: 0
[8.326s][info][gc,reloc    ] GC(81) Medium Pages: 1 / 32M, Empty: 0M, Relocated: 0M, In-Place: 0
[8.326s][info][gc,reloc    ] GC(81) Large Pages: 0 / 0M, Empty: 0M, Relocated: 0M, In-Place: 0
[8.326s][info][gc,reloc    ] GC(81) Forwarding Usage: 8M
[8.326s][info][gc,heap     ] GC(81) Min Capacity: 1024M(100%)
[8.326s][info][gc,heap     ] GC(81) Max Capacity: 1024M(100%)
[8.326s][info][gc,heap     ] GC(81) Soft Max Capacity: 1024M(100%)
[8.326s][info][gc,heap     ] GC(81)                Mark Start          Mark End        Relocate Start      Relocate End           High               Low         
[8.326s][info][gc,heap     ] GC(81)  Capacity:     1024M (100%)       1024M (100%)       1024M (100%)       1024M (100%)       1024M (100%)       1024M (100%)   
[8.326s][info][gc,heap     ] GC(81)      Free:      500M (49%)         322M (31%)         652M (64%)         670M (65%)         690M (67%)         322M (31%)    
[8.326s][info][gc,heap     ] GC(81)      Used:      524M (51%)         702M (69%)         372M (36%)         354M (35%)         702M (69%)         334M (33%)    
[8.326s][info][gc,heap     ] GC(81)      Live:         -                67M (7%)           67M (7%)           67M (7%)             -                  -          
[8.326s][info][gc,heap     ] GC(81) Allocated:         -               178M (17%)         200M (20%)         237M (23%)            -                  -          
[8.326s][info][gc,heap     ] GC(81)   Garbage:         -               456M (45%)         104M (10%)          48M (5%)             -                  -          
[8.326s][info][gc,heap     ] GC(81) Reclaimed:         -                  -               352M (34%)         407M (40%)            -                  -          
[8.326s][info][gc          ] GC(81) Garbage Collection (Allocation Rate) 524M(51%)->354M(35%)
[8.354s][info][gc,start    ] GC(82) Garbage Collection (Allocation Rate)
[8.354s][info][gc,task     ] GC(82) Using 4 workers
[8.354s][info][gc,phases   ] GC(82) Pause Mark Start 0.005ms
[8.402s][info][gc,phases   ] GC(82) Concurrent Mark 47.582ms
[8.402s][info][gc,phases   ] GC(82) Pause Mark End 0.015ms
[8.402s][info][gc,phases   ] GC(82) Concurrent Mark Free 0.001ms
[8.402s][info][gc,phases   ] GC(82) Concurrent Process Non-Strong References 0.347ms
[8.402s][info][gc,phases   ] GC(82) Concurrent Reset Relocation Set 0.011ms
[8.409s][info][gc,phases   ] GC(82) Concurrent Select Relocation Set 6.479ms
[8.409s][info][gc,phases   ] GC(82) Pause Relocate Start 0.006ms
[8.420s][info][gc,phases   ] GC(82) Concurrent Relocate 10.746ms
[8.420s][info][gc,load     ] GC(82) Load: 0.00/0.00/0.00
[8.420s][info][gc,mmu      ] GC(82) MMU: 2ms/98.3%, 5ms/99.3%, 10ms/99.5%, 20ms/99.7%, 50ms/99.9%, 100ms/99.9%
[8.420s][info][gc,marking  ] GC(82) Mark: 4 stripe(s), 2 proactive flush(es), 1 terminate flush(es), 0 completion(s), 0 continuation(s) 
[8.420s][info][gc,marking  ] GC(82) Mark Stack Usage: 32M
[8.420s][info][gc,nmethod  ] GC(82) NMethods: 330 registered, 0 unregistered
[8.420s][info][gc,metaspace] GC(82) Metaspace: 0M used, 0M committed, 1032M reserved
[8.420s][info][gc,ref      ] GC(82) Soft: 95 encountered, 0 discovered, 0 enqueued
[8.420s][info][gc,ref      ] GC(82) Weak: 147 encountered, 2 discovered, 0 enqueued
[8.420s][info][gc,ref      ] GC(82) Final: 0 encountered, 0 discovered, 0 enqueued
[8.420s][info][gc,ref      ] GC(82) Phantom: 1 encountered, 0 discovered, 0 enqueued
[8.420s][info][gc,reloc    ] GC(82) Small Pages: 223 / 446M, Empty: 318M, Relocated: 12M, In-Place: 0
[8.420s][info][gc,reloc    ] GC(82) Medium Pages: 1 / 32M, Empty: 0M, Relocated: 0M, In-Place: 0
[8.420s][info][gc,reloc    ] GC(82) Large Pages: 0 / 0M, Empty: 0M, Relocated: 0M, In-Place: 0
[8.420s][info][gc,reloc    ] GC(82) Forwarding Usage: 7M
[8.420s][info][gc,heap     ] GC(82) Min Capacity: 1024M(100%)
[8.420s][info][gc,heap     ] GC(82) Max Capacity: 1024M(100%)
[8.420s][info][gc,heap     ] GC(82) Soft Max Capacity: 1024M(100%)
[8.420s][info][gc,heap     ] GC(82)                Mark Start          Mark End        Relocate Start      Relocate End           High               Low         
[8.420s][info][gc,heap     ] GC(82)  Capacity:     1024M (100%)       1024M (100%)       1024M (100%)       1024M (100%)       1024M (100%)       1024M (100%)   
[8.420s][info][gc,heap     ] GC(82)      Free:      546M (53%)         378M (37%)         672M (66%)         688M (67%)         696M (68%)         376M (37%)    
[8.420s][info][gc,heap     ] GC(82)      Used:      478M (47%)         646M (63%)         352M (34%)         336M (33%)         648M (63%)         328M (32%)    
[8.420s][info][gc,heap     ] GC(82)      Live:         -                67M (7%)           67M (7%)           67M (7%)             -                  -          
[8.420s][info][gc,heap     ] GC(82) Allocated:         -               168M (16%)         192M (19%)         219M (21%)            -                  -          
[8.420s][info][gc,heap     ] GC(82)   Garbage:         -               410M (40%)          92M (9%)           49M (5%)             -                  -          
[8.420s][info][gc,heap     ] GC(82) Reclaimed:         -                  -               318M (31%)         361M (35%)            -                  -          
[8.420s][info][gc          ] GC(82) Garbage Collection (Allocation Rate) 478M(47%)->336M(33%)
[8.448s][info][gc,start    ] GC(83) Garbage Collection (Allocation Rate)
[8.448s][info][gc,task     ] GC(83) Using 4 workers
[8.449s][info][gc,phases   ] GC(83) Pause Mark Start 0.006ms
[8.496s][info][gc,phases   ] GC(83) Concurrent Mark 47.599ms
[8.496s][info][gc,phases   ] GC(83) Pause Mark End 0.013ms
[8.496s][info][gc,phases   ] GC(83) Concurrent Mark Free 0.001ms
[8.497s][info][gc,phases   ] GC(83) Concurrent Process Non-Strong References 0.294ms
[8.497s][info][gc,phases   ] GC(83) Concurrent Reset Relocation Set 0.005ms
[8.506s][info][gc,phases   ] GC(83) Concurrent Select Relocation Set 8.772ms
[8.506s][info][gc,phases   ] GC(83) Pause Relocate Start 0.005ms
[8.521s][info][gc,phases   ] GC(83) Concurrent Relocate 14.691ms
[8.521s][info][gc,load     ] GC(83) Load: 0.00/0.00/0.00
[8.521s][info][gc,mmu      ] GC(83) MMU: 2ms/98.3%, 5ms/99.3%, 10ms/99.5%, 20ms/99.7%, 50ms/99.9%, 100ms/99.9%
[8.521s][info][gc,marking  ] GC(83) Mark: 4 stripe(s), 2 proactive flush(es), 1 terminate flush(es), 0 completion(s), 0 continuation(s) 
[8.521s][info][gc,marking  ] GC(83) Mark Stack Usage: 32M
[8.521s][info][gc,nmethod  ] GC(83) NMethods: 330 registered, 0 unregistered
[8.521s][info][gc,metaspace] GC(83) Metaspace: 0M used, 0M committed, 1032M reserved
[8.521s][info][gc,ref      ] GC(83) Soft: 95 encountered, 0 discovered, 0 enqueued
[8.521s][info][gc,ref      ] GC(83) Weak: 147 encountered, 2 discovered, 0 enqueued
[8.521s][info][gc,ref      ] GC(83) Final: 0 encountered, 0 discovered, 0 enqueued
[8.521s][info][gc,ref      ] GC(83) Phantom: 1 encountered, 0 discovered, 0 enqueued
[8.521s][info][gc,reloc    ] GC(83) Small Pages: 214 / 428M, Empty: 282M, Relocated: 17M, In-Place: 0
[8.521s][info][gc,reloc    ] GC(83) Medium Pages: 1 / 32M, Empty: 0M, Relocated: 0M, In-Place: 0
[8.521s][info][gc,reloc    ] GC(83) Large Pages: 0 / 0M, Empty: 0M, Relocated: 0M, In-Place: 0
[8.521s][info][gc,reloc    ] GC(83) Forwarding Usage: 12M
[8.521s][info][gc,heap     ] GC(83) Min Capacity: 1024M(100%)
[8.521s][info][gc,heap     ] GC(83) Max Capacity: 1024M(100%)
[8.521s][info][gc,heap     ] GC(83) Soft Max Capacity: 1024M(100%)
[8.521s][info][gc,heap     ] GC(83)                Mark Start          Mark End        Relocate Start      Relocate End           High               Low         
[8.521s][info][gc,heap     ] GC(83)  Capacity:     1024M (100%)       1024M (100%)       1024M (100%)       1024M (100%)       1024M (100%)       1024M (100%)   
[8.521s][info][gc,heap     ] GC(83)      Free:      564M (55%)         392M (38%)         644M (63%)         670M (65%)         686M (67%)         390M (38%)    
[8.521s][info][gc,heap     ] GC(83)      Used:      460M (45%)         632M (62%)         380M (37%)         354M (35%)         634M (62%)         338M (33%)    
[8.521s][info][gc,heap     ] GC(83)      Live:         -                67M (7%)           67M (7%)           67M (7%)             -                  -          
[8.521s][info][gc,heap     ] GC(83) Allocated:         -               172M (17%)         202M (20%)         239M (23%)            -                  -          
[8.521s][info][gc,heap     ] GC(83)   Garbage:         -               392M (38%)         110M (11%)          46M (5%)             -                  -          
[8.521s][info][gc,heap     ] GC(83) Reclaimed:         -                  -               282M (28%)         345M (34%)            -                  -          
[8.521s][info][gc          ] GC(83) Garbage Collection (Allocation Rate) 460M(45%)->354M(35%)
[8.560s][info][gc,start    ] GC(84) Garbage Collection (Allocation Rate)
[8.560s][info][gc,task     ] GC(84) Using 4 workers
[8.560s][info][gc,phases   ] GC(84) Pause Mark Start 0.006ms
[8.608s][info][gc,phases   ] GC(84) Concurrent Mark 47.573ms
[8.608s][info][gc,phases   ] GC(84) Pause Mark End 0.009ms
[8.608s][info][gc,phases   ] GC(84) Concurrent Mark Free 0.001ms
[8.608s][info][gc,phases   ] GC(84) Concurrent Process Non-Strong References 0.268ms
[8.608s][info][gc,phases   ] GC(84) Concurrent Reset Relocation Set 0.008ms
[8.617s][info][gc,phases   ] GC(84) Concurrent Select Relocation Set 8.239ms
[8.617s][info][gc,phases   ] GC(84) Pause Relocate Start 0.006ms
[8.635s][info][gc,phases   ] GC(84) Concurrent Relocate 17.741ms
[8.635s][info][gc,load     ] GC(84) Load: 0.00/0.00/0.00
[8.635s][info][gc,mmu      ] GC(84) MMU: 2ms/98.3%, 5ms/99.3%, 10ms/99.5%, 20ms/99.7%, 50ms/99.9%, 100ms/99.9%
[8.635s][info][gc,marking  ] GC(84) Mark: 4 stripe(s), 2 proactive flush(es), 1 terminate flush(es), 0 completion(s), 0 continuation(s) 
[8.635s][info][gc,marking  ] GC(84) Mark Stack Usage: 32M
[8.635s][info][gc,nmethod  ] GC(84) NMethods: 330 registered, 0 unregistered
[8.635s][info][gc,metaspace] GC(84) Metaspace: 0M used, 0M committed, 1032M reserved
[8.635s][info][gc,ref      ] GC(84) Soft: 95 encountered, 0 discovered, 0 enqueued
[8.635s][info][gc,ref      ] GC(84) Weak: 147 encountered, 0 discovered, 0 enqueued
[8.635s][info][gc,ref      ] GC(84) Final: 0 encountered, 0 discovered, 0 enqueued
[8.635s][info][gc,ref      ] GC(84) Phantom: 1 encountered, 0 discovered, 0 enqueued
[8.635s][info][gc,reloc    ] GC(84) Small Pages: 243 / 486M, Empty: 348M, Relocated: 17M, In-Place: 0
[8.635s][info][gc,reloc    ] GC(84) Medium Pages: 1 / 32M, Empty: 0M, Relocated: 0M, In-Place: 0
[8.635s][info][gc,reloc    ] GC(84) Large Pages: 0 / 0M, Empty: 0M, Relocated: 0M, In-Place: 0
[8.635s][info][gc,reloc    ] GC(84) Forwarding Usage: 12M
[8.635s][info][gc,heap     ] GC(84) Min Capacity: 1024M(100%)
[8.635s][info][gc,heap     ] GC(84) Max Capacity: 1024M(100%)
[8.635s][info][gc,heap     ] GC(84) Soft Max Capacity: 1024M(100%)
[8.635s][info][gc,heap     ] GC(84)                Mark Start          Mark End        Relocate Start      Relocate End           High               Low         
[8.635s][info][gc,heap     ] GC(84)  Capacity:     1024M (100%)       1024M (100%)       1024M (100%)       1024M (100%)       1024M (100%)       1024M (100%)   
[8.635s][info][gc,heap     ] GC(84)      Free:      506M (49%)         332M (32%)         652M (64%)         658M (64%)         680M (66%)         330M (32%)    
[8.635s][info][gc,heap     ] GC(84)      Used:      518M (51%)         692M (68%)         372M (36%)         366M (36%)         694M (68%)         344M (34%)    
[8.635s][info][gc,heap     ] GC(84)      Live:         -                67M (7%)           67M (7%)           67M (7%)             -                  -          
[8.635s][info][gc,heap     ] GC(84) Allocated:         -               174M (17%)         202M (20%)         253M (25%)            -                  -          
[8.635s][info][gc,heap     ] GC(84)   Garbage:         -               450M (44%)         102M (10%)          44M (4%)             -                  -          
[8.635s][info][gc,heap     ] GC(84) Reclaimed:         -                  -               348M (34%)         405M (40%)            -                  -          
[8.635s][info][gc          ] GC(84) Garbage Collection (Allocation Rate) 518M(51%)->366M(36%)
[8.656s][info][gc,start    ] GC(85) Garbage Collection (Allocation Rate)
[8.656s][info][gc,task     ] GC(85) Using 4 workers
[8.656s][info][gc,phases   ] GC(85) Pause Mark Start 0.005ms
[8.704s][info][gc,phases   ] GC(85) Concurrent Mark 47.613ms
[8.704s][info][gc,phases   ] GC(85) Pause Mark End 0.018ms
[8.704s][info][gc,phases   ] GC(85) Concurrent Mark Free 0.001ms
[8.704s][info][gc,phases   ] GC(85) Concurrent Process Non-Strong References 0.328ms
[8.704s][info][gc,phases   ] GC(85) Concurrent Reset Relocation Set 0.008ms
[8.712s][info][gc,phases   ] GC(85) Concurrent Select Relocation Set 7.448ms
[8.712s][info][gc,phases   ] GC(85) Pause Relocate Start 0.009ms
[8.726s][info][gc,phases   ] GC(85) Concurrent Relocate 13.934ms
[8.726s][info][gc,load     ] GC(85) Load: 0.00/0.00/0.00
[8.726s][info][gc,mmu      ] GC(85) MMU: 2ms/98.3%, 5ms/99.3%, 10ms/99.5%, 20ms/99.7%, 50ms/99.9%, 100ms/99.9%
[8.726s][info][gc,marking  ] GC(85) Mark: 4 stripe(s), 2 proactive flush(es), 1 terminate flush(es), 0 completion(s), 0 continuation(s) 
[8.726s][info][gc,marking  ] GC(85) Mark Stack Usage: 32M
[8.726s][info][gc,nmethod  ] GC(85) NMethods: 330 registered, 0 unregistered
[8.726s][info][gc,metaspace] GC(85) Metaspace: 0M used, 0M committed, 1032M reserved
[8.726s][info][gc,ref      ] GC(85) Soft: 95 encountered, 0 discovered, 0 enqueued
[8.726s][info][gc,ref      ] GC(85) Weak: 147 encountered, 2 discovered, 0 enqueued
[8.726s][info][gc,ref      ] GC(85) Final: 0 encountered, 0 discovered, 0 enqueued
[8.726s][info][gc,ref      ] GC(85) Phantom: 1 encountered, 0 discovered, 0 enqueued
[8.726s][info][gc,reloc    ] GC(85) Small Pages: 210 / 420M, Empty: 284M, Relocated: 12M, In-Place: 0
[8.726s][info][gc,reloc    ] GC(85) Medium Pages: 1 / 32M, Empty: 0M, Relocated: 0M, In-Place: 0
[8.726s][info][gc,reloc    ] GC(85) Large Pages: 0 / 0M, Empty: 0M, Relocated: 0M, In-Place: 0
[8.726s][info][gc,reloc    ] GC(85) Forwarding Usage: 7M
[8.726s][info][gc,heap     ] GC(85) Min Capacity: 1024M(100%)
[8.726s][info][gc,heap     ] GC(85) Max Capacity: 1024M(100%)
[8.726s][info][gc,heap     ] GC(85) Soft Max Capacity: 1024M(100%)
[8.726s][info][gc,heap     ] GC(85)                Mark Start          Mark End        Relocate Start      Relocate End           High               Low         
[8.726s][info][gc,heap     ] GC(85)  Capacity:     1024M (100%)       1024M (100%)       1024M (100%)       1024M (100%)       1024M (100%)       1024M (100%)   
[8.726s][info][gc,heap     ] GC(85)      Free:      572M (56%)         408M (40%)         662M (65%)         674M (66%)         698M (68%)         404M (39%)    
[8.726s][info][gc,heap     ] GC(85)      Used:      452M (44%)         616M (60%)         362M (35%)         350M (34%)         620M (61%)         326M (32%)    
[8.726s][info][gc,heap     ] GC(85)      Live:         -                67M (7%)           67M (7%)           67M (7%)             -                  -          
[8.726s][info][gc,heap     ] GC(85) Allocated:         -               164M (16%)         194M (19%)         233M (23%)            -                  -          
[8.726s][info][gc,heap     ] GC(85)   Garbage:         -               384M (38%)         100M (10%)          48M (5%)             -                  -          
[8.726s][info][gc,heap     ] GC(85) Reclaimed:         -                  -               284M (28%)         335M (33%)            -                  -          
[8.726s][info][gc          ] GC(85) Garbage Collection (Allocation Rate) 452M(44%)->350M(34%)
[8.751s][info][gc,start    ] GC(86) Garbage Collection (Allocation Rate)
[8.751s][info][gc,task     ] GC(86) Using 4 workers
[8.751s][info][gc,phases   ] GC(86) Pause Mark Start 0.005ms
[8.797s][info][gc,phases   ] GC(86) Concurrent Mark 46.630ms
[8.798s][info][gc,phases   ] GC(86) Pause Mark End 0.011ms
[8.798s][info][gc,phases   ] GC(86) Concurrent Mark Free 0.001ms
[8.798s][info][gc,phases   ] GC(86) Concurrent Process Non-Strong References 0.344ms
[8.798s][info][gc,phases   ] GC(86) Concurrent Reset Relocation Set 0.007ms
[8.806s][info][gc,phases   ] GC(86) Concurrent Select Relocation Set 8.051ms
[8.806s][info][gc,phases   ] GC(86) Pause Relocate Start 0.006ms
[8.820s][info][gc,phases   ] GC(86) Concurrent Relocate 13.711ms
[8.820s][info][gc,load     ] GC(86) Load: 0.00/0.00/0.00
[8.820s][info][gc,mmu      ] GC(86) MMU: 2ms/98.3%, 5ms/99.3%, 10ms/99.5%, 20ms/99.7%, 50ms/99.9%, 100ms/99.9%
[8.820s][info][gc,marking  ] GC(86) Mark: 4 stripe(s), 2 proactive flush(es), 1 terminate flush(es), 0 completion(s), 0 continuation(s) 
[8.820s][info][gc,marking  ] GC(86) Mark Stack Usage: 32M
[8.820s][info][gc,nmethod  ] GC(86) NMethods: 330 registered, 0 unregistered
[8.820s][info][gc,metaspace] GC(86) Metaspace: 0M used, 0M committed, 1032M reserved
[8.820s][info][gc,ref      ] GC(86) Soft: 95 encountered, 0 discovered, 0 enqueued
[8.820s][info][gc,ref      ] GC(86) Weak: 147 encountered, 2 discovered, 0 enqueued
[8.820s][info][gc,ref      ] GC(86) Final: 0 encountered, 0 discovered, 0 enqueued
[8.820s][info][gc,ref      ] GC(86) Phantom: 1 encountered, 0 discovered, 0 enqueued
[8.820s][info][gc,reloc    ] GC(86) Small Pages: 202 / 404M, Empty: 270M, Relocated: 17M, In-Place: 0
[8.820s][info][gc,reloc    ] GC(86) Medium Pages: 1 / 32M, Empty: 0M, Relocated: 0M, In-Place: 0
[8.820s][info][gc,reloc    ] GC(86) Large Pages: 0 / 0M, Empty: 0M, Relocated: 0M, In-Place: 0
[8.820s][info][gc,reloc    ] GC(86) Forwarding Usage: 13M
[8.820s][info][gc,heap     ] GC(86) Min Capacity: 1024M(100%)
[8.820s][info][gc,heap     ] GC(86) Max Capacity: 1024M(100%)
[8.820s][info][gc,heap     ] GC(86) Soft Max Capacity: 1024M(100%)
[8.820s][info][gc,heap     ] GC(86)                Mark Start          Mark End        Relocate Start      Relocate End           High               Low         
[8.820s][info][gc,heap     ] GC(86)  Capacity:     1024M (100%)       1024M (100%)       1024M (100%)       1024M (100%)       1024M (100%)       1024M (100%)   
[8.820s][info][gc,heap     ] GC(86)      Free:      588M (57%)         424M (41%)         666M (65%)         682M (67%)         696M (68%)         422M (41%)    
[8.820s][info][gc,heap     ] GC(86)      Used:      436M (43%)         600M (59%)         358M (35%)         342M (33%)         602M (59%)         328M (32%)    
[8.820s][info][gc,heap     ] GC(86)      Live:         -                67M (7%)           67M (7%)           67M (7%)             -                  -          
[8.820s][info][gc,heap     ] GC(86) Allocated:         -               164M (16%)         192M (19%)         228M (22%)            -                  -          
[8.820s][info][gc,heap     ] GC(86)   Garbage:         -               368M (36%)          98M (10%)          45M (4%)             -                  -          
[8.820s][info][gc,heap     ] GC(86) Reclaimed:         -                  -               270M (26%)         322M (32%)            -                  -          
[8.820s][info][gc          ] GC(86) Garbage Collection (Allocation Rate) 436M(43%)->342M(33%)
[8.861s][info][gc,start    ] GC(87) Garbage Collection (Allocation Rate)
[8.861s][info][gc,task     ] GC(87) Using 4 workers
[8.862s][info][gc,phases   ] GC(87) Pause Mark Start 0.007ms
[8.909s][info][gc,phases   ] GC(87) Concurrent Mark 47.572ms
[8.909s][info][gc,phases   ] GC(87) Pause Mark End 0.014ms
[8.909s][info][gc,phases   ] GC(87) Concurrent Mark Free 0.001ms
[8.910s][info][gc,phases   ] GC(87) Concurrent Process Non-Strong References 0.328ms
[8.910s][info][gc,phases   ] GC(87) Concurrent Reset Relocation Set 0.009ms
[8.915s][info][gc,phases   ] GC(87) Concurrent Select Relocation Set 5.107ms
[8.915s][info][gc,phases   ] GC(87) Pause Relocate Start 0.005ms
[8.926s][info][gc,phases   ] GC(87) Concurrent Relocate 10.485ms
[8.926s][info][gc,load     ] GC(87) Load: 0.00/0.00/0.00
[8.926s][info][gc,mmu      ] GC(87) MMU: 2ms/98.3%, 5ms/99.3%, 10ms/99.5%, 20ms/99.7%, 50ms/99.9%, 100ms/99.9%
[8.926s][info][gc,marking  ] GC(87) Mark: 4 stripe(s), 2 proactive flush(es), 1 terminate flush(es), 0 completion(s), 0 continuation(s) 
[8.926s][info][gc,marking  ] GC(87) Mark Stack Usage: 32M
[8.926s][info][gc,nmethod  ] GC(87) NMethods: 330 registered, 0 unregistered
[8.926s][info][gc,metaspace] GC(87) Metaspace: 0M used, 0M committed, 1032M reserved
[8.926s][info][gc,ref      ] GC(87) Soft: 95 encountered, 0 discovered, 0 enqueued
[8.926s][info][gc,ref      ] GC(87) Weak: 147 encountered, 2 discovered, 0 enqueued
[8.926s][info][gc,ref      ] GC(87) Final: 0 encountered, 0 discovered, 0 enqueued
[8.926s][info][gc,ref      ] GC(87) Phantom: 1 encountered, 0 discovered, 0 enqueued
[8.926s][info][gc,reloc    ] GC(87) Small Pages: 245 / 490M, Empty: 344M, Relocated: 12M, In-Place: 0
[8.926s][info][gc,reloc    ] GC(87) Medium Pages: 1 / 32M, Empty: 0M, Relocated: 0M, In-Place: 0
[8.926s][info][gc,reloc    ] GC(87) Large Pages: 0 / 0M, Empty: 0M, Relocated: 0M, In-Place: 0
[8.926s][info][gc,reloc    ] GC(87) Forwarding Usage: 9M
[8.926s][info][gc,heap     ] GC(87) Min Capacity: 1024M(100%)
[8.926s][info][gc,heap     ] GC(87) Max Capacity: 1024M(100%)
[8.926s][info][gc,heap     ] GC(87) Soft Max Capacity: 1024M(100%)
[8.926s][info][gc,heap     ] GC(87)                Mark Start          Mark End        Relocate Start      Relocate End           High               Low         
[8.926s][info][gc,heap     ] GC(87)  Capacity:     1024M (100%)       1024M (100%)       1024M (100%)       1024M (100%)       1024M (100%)       1024M (100%)   
[8.926s][info][gc,heap     ] GC(87)      Free:      502M (49%)         322M (31%)         646M (63%)         686M (67%)         688M (67%)         322M (31%)    
[8.926s][info][gc,heap     ] GC(87)      Used:      522M (51%)         702M (69%)         378M (37%)         338M (33%)         702M (69%)         336M (33%)    
[8.926s][info][gc,heap     ] GC(87)      Live:         -                67M (7%)           67M (7%)           67M (7%)             -                  -          
[8.926s][info][gc,heap     ] GC(87) Allocated:         -               180M (18%)         200M (20%)         221M (22%)            -                  -          
[8.926s][info][gc,heap     ] GC(87)   Garbage:         -               454M (44%)         110M (11%)          48M (5%)             -                  -          
[8.926s][info][gc,heap     ] GC(87) Reclaimed:         -                  -               344M (34%)         405M (40%)            -                  -          
[8.926s][info][gc          ] GC(87) Garbage Collection (Allocation Rate) 522M(51%)->338M(33%)
[8.957s][info][gc,start    ] GC(88) Garbage Collection (Allocation Rate)
[8.957s][info][gc,task     ] GC(88) Using 4 workers
[8.957s][info][gc,phases   ] GC(88) Pause Mark Start 0.006ms
[9.003s][info][gc,phases   ] GC(88) Concurrent Mark 45.579ms
[9.003s][info][gc,phases   ] GC(88) Pause Mark End 0.008ms
[9.003s][info][gc,phases   ] GC(88) Concurrent Mark Free 0.000ms
[9.004s][info][gc,phases   ] GC(88) Concurrent Process Non-Strong References 0.274ms
[9.004s][info][gc,phases   ] GC(88) Concurrent Reset Relocation Set 0.013ms
[9.008s][info][gc,phases   ] GC(88) Concurrent Select Relocation Set 4.263ms
[9.008s][info][gc,phases   ] GC(88) Pause Relocate Start 0.004ms
[9.017s][info][gc,phases   ] GC(88) Concurrent Relocate 8.775ms
[9.017s][info][gc,load     ] GC(88) Load: 0.00/0.00/0.00
[9.017s][info][gc,mmu      ] GC(88) MMU: 2ms/98.3%, 5ms/99.3%, 10ms/99.5%, 20ms/99.7%, 50ms/99.9%, 100ms/99.9%
[9.017s][info][gc,marking  ] GC(88) Mark: 4 stripe(s), 2 proactive flush(es), 1 terminate flush(es), 0 completion(s), 0 continuation(s) 
[9.017s][info][gc,marking  ] GC(88) Mark Stack Usage: 32M
[9.017s][info][gc,nmethod  ] GC(88) NMethods: 330 registered, 0 unregistered
[9.017s][info][gc,metaspace] GC(88) Metaspace: 0M used, 0M committed, 1032M reserved
[9.017s][info][gc,ref      ] GC(88) Soft: 95 encountered, 0 discovered, 0 enqueued
[9.017s][info][gc,ref      ] GC(88) Weak: 147 encountered, 2 discovered, 0 enqueued
[9.017s][info][gc,ref      ] GC(88) Final: 0 encountered, 0 discovered, 0 enqueued
[9.017s][info][gc,ref      ] GC(88) Phantom: 1 encountered, 0 discovered, 0 enqueued
[9.017s][info][gc,reloc    ] GC(88) Small Pages: 216 / 432M, Empty: 300M, Relocated: 12M, In-Place: 0
[9.017s][info][gc,reloc    ] GC(88) Medium Pages: 1 / 32M, Empty: 0M, Relocated: 0M, In-Place: 0
[9.017s][info][gc,reloc    ] GC(88) Large Pages: 0 / 0M, Empty: 0M, Relocated: 0M, In-Place: 0
[9.017s][info][gc,reloc    ] GC(88) Forwarding Usage: 7M
[9.017s][info][gc,heap     ] GC(88) Min Capacity: 1024M(100%)
[9.017s][info][gc,heap     ] GC(88) Max Capacity: 1024M(100%)
[9.017s][info][gc,heap     ] GC(88) Soft Max Capacity: 1024M(100%)
[9.017s][info][gc,heap     ] GC(88)                Mark Start          Mark End        Relocate Start      Relocate End           High               Low         
[9.017s][info][gc,heap     ] GC(88)  Capacity:     1024M (100%)       1024M (100%)       1024M (100%)       1024M (100%)       1024M (100%)       1024M (100%)   
[9.017s][info][gc,heap     ] GC(88)      Free:      560M (55%)         394M (38%)         676M (66%)         702M (69%)         708M (69%)         392M (38%)    
[9.017s][info][gc,heap     ] GC(88)      Used:      464M (45%)         630M (62%)         348M (34%)         322M (31%)         632M (62%)         316M (31%)    
[9.017s][info][gc,heap     ] GC(88)      Live:         -                67M (7%)           67M (7%)           67M (7%)             -                  -          
[9.017s][info][gc,heap     ] GC(88) Allocated:         -               166M (16%)         184M (18%)         203M (20%)            -                  -          
[9.017s][info][gc,heap     ] GC(88)   Garbage:         -               396M (39%)          96M (9%)           50M (5%)             -                  -          
[9.017s][info][gc,heap     ] GC(88) Reclaimed:         -                  -               300M (29%)         345M (34%)            -                  -          
[9.017s][info][gc          ] GC(88) Garbage Collection (Allocation Rate) 464M(45%)->322M(31%)
[9.051s][info][gc,start    ] GC(89) Garbage Collection (Allocation Rate)
[9.051s][info][gc,task     ] GC(89) Using 4 workers
[9.051s][info][gc,phases   ] GC(89) Pause Mark Start 0.004ms
[9.099s][info][gc,phases   ] GC(89) Concurrent Mark 47.656ms
[9.099s][info][gc,phases   ] GC(89) Pause Mark End 0.012ms
[9.099s][info][gc,phases   ] GC(89) Concurrent Mark Free 0.001ms
[9.099s][info][gc,phases   ] GC(89) Concurrent Process Non-Strong References 0.345ms
[9.099s][info][gc,phases   ] GC(89) Concurrent Reset Relocation Set 0.005ms
[9.108s][info][gc,phases   ] GC(89) Concurrent Select Relocation Set 8.771ms
[9.108s][info][gc,phases   ] GC(89) Pause Relocate Start 0.006ms
[9.128s][info][gc,phases   ] GC(89) Concurrent Relocate 19.935ms
[9.128s][info][gc,load     ] GC(89) Load: 0.00/0.00/0.00
[9.128s][info][gc,mmu      ] GC(89) MMU: 2ms/98.3%, 5ms/99.3%, 10ms/99.5%, 20ms/99.7%, 50ms/99.9%, 100ms/99.9%
[9.128s][info][gc,marking  ] GC(89) Mark: 4 stripe(s), 2 proactive flush(es), 1 terminate flush(es), 0 completion(s), 0 continuation(s) 
[9.128s][info][gc,marking  ] GC(89) Mark Stack Usage: 32M
[9.128s][info][gc,nmethod  ] GC(89) NMethods: 330 registered, 0 unregistered
[9.128s][info][gc,metaspace] GC(89) Metaspace: 0M used, 0M committed, 1032M reserved
[9.128s][info][gc,ref      ] GC(89) Soft: 95 encountered, 0 discovered, 0 enqueued
[9.128s][info][gc,ref      ] GC(89) Weak: 147 encountered, 0 discovered, 0 enqueued
[9.128s][info][gc,ref      ] GC(89) Final: 0 encountered, 0 discovered, 0 enqueued
[9.128s][info][gc,ref      ] GC(89) Phantom: 1 encountered, 0 discovered, 0 enqueued
[9.128s][info][gc,reloc    ] GC(89) Small Pages: 217 / 434M, Empty: 288M, Relocated: 17M, In-Place: 0
[9.128s][info][gc,reloc    ] GC(89) Medium Pages: 1 / 32M, Empty: 0M, Relocated: 0M, In-Place: 0
[9.128s][info][gc,reloc    ] GC(89) Large Pages: 0 / 0M, Empty: 0M, Relocated: 0M, In-Place: 0
[9.128s][info][gc,reloc    ] GC(89) Forwarding Usage: 13M
[9.128s][info][gc,heap     ] GC(89) Min Capacity: 1024M(100%)
[9.128s][info][gc,heap     ] GC(89) Max Capacity: 1024M(100%)
[9.128s][info][gc,heap     ] GC(89) Soft Max Capacity: 1024M(100%)
[9.129s][info][gc,heap     ] GC(89)                Mark Start          Mark End        Relocate Start      Relocate End           High               Low         
[9.129s][info][gc,heap     ] GC(89)  Capacity:     1024M (100%)       1024M (100%)       1024M (100%)       1024M (100%)       1024M (100%)       1024M (100%)   
[9.129s][info][gc,heap     ] GC(89)      Free:      558M (54%)         400M (39%)         660M (64%)         678M (66%)         696M (68%)         398M (39%)    
[9.129s][info][gc,heap     ] GC(89)      Used:      466M (46%)         624M (61%)         364M (36%)         346M (34%)         626M (61%)         328M (32%)    
[9.129s][info][gc,heap     ] GC(89)      Live:         -                67M (7%)           67M (7%)           67M (7%)             -                  -          
[9.129s][info][gc,heap     ] GC(89) Allocated:         -               158M (15%)         186M (18%)         234M (23%)            -                  -          
[9.129s][info][gc,heap     ] GC(89)   Garbage:         -               398M (39%)         110M (11%)          43M (4%)             -                  -          
[9.129s][info][gc,heap     ] GC(89) Reclaimed:         -                  -               288M (28%)         354M (35%)            -                  -          
[9.129s][info][gc          ] GC(89) Garbage Collection (Allocation Rate) 466M(46%)->346M(34%)
[9.161s][info][gc,start    ] GC(90) Garbage Collection (Allocation Rate)
[9.162s][info][gc,task     ] GC(90) Using 4 workers
[9.162s][info][gc,phases   ] GC(90) Pause Mark Start 0.007ms
[9.209s][info][gc,phases   ] GC(90) Concurrent Mark 47.560ms
[9.209s][info][gc,phases   ] GC(90) Pause Mark End 0.010ms
[9.210s][info][gc,phases   ] GC(90) Concurrent Mark Free 0.001ms
[9.210s][info][gc,phases   ] GC(90) Concurrent Process Non-Strong References 0.337ms
[9.210s][info][gc,phases   ] GC(90) Concurrent Reset Relocation Set 0.010ms
[9.218s][info][gc,phases   ] GC(90) Concurrent Select Relocation Set 8.411ms
[9.219s][info][gc,phases   ] GC(90) Pause Relocate Start 0.005ms
[9.228s][info][gc,phases   ] GC(90) Concurrent Relocate 9.466ms
[9.228s][info][gc,load     ] GC(90) Load: 0.00/0.00/0.00
[9.228s][info][gc,mmu      ] GC(90) MMU: 2ms/98.3%, 5ms/99.3%, 10ms/99.5%, 20ms/99.7%, 50ms/99.9%, 100ms/99.9%
[9.228s][info][gc,marking  ] GC(90) Mark: 4 stripe(s), 2 proactive flush(es), 1 terminate flush(es), 0 completion(s), 0 continuation(s) 
[9.228s][info][gc,marking  ] GC(90) Mark Stack Usage: 32M
[9.228s][info][gc,nmethod  ] GC(90) NMethods: 330 registered, 0 unregistered
[9.228s][info][gc,metaspace] GC(90) Metaspace: 0M used, 0M committed, 1032M reserved
[9.228s][info][gc,ref      ] GC(90) Soft: 95 encountered, 0 discovered, 0 enqueued
[9.228s][info][gc,ref      ] GC(90) Weak: 147 encountered, 2 discovered, 0 enqueued
[9.228s][info][gc,ref      ] GC(90) Final: 0 encountered, 0 discovered, 0 enqueued
[9.228s][info][gc,ref      ] GC(90) Phantom: 1 encountered, 0 discovered, 0 enqueued
[9.228s][info][gc,reloc    ] GC(90) Small Pages: 225 / 450M, Empty: 304M, Relocated: 12M, In-Place: 0
[9.228s][info][gc,reloc    ] GC(90) Medium Pages: 1 / 32M, Empty: 0M, Relocated: 0M, In-Place: 0
[9.228s][info][gc,reloc    ] GC(90) Large Pages: 0 / 0M, Empty: 0M, Relocated: 0M, In-Place: 0
[9.228s][info][gc,reloc    ] GC(90) Forwarding Usage: 8M
[9.228s][info][gc,heap     ] GC(90) Min Capacity: 1024M(100%)
[9.228s][info][gc,heap     ] GC(90) Max Capacity: 1024M(100%)
[9.228s][info][gc,heap     ] GC(90) Soft Max Capacity: 1024M(100%)
[9.228s][info][gc,heap     ] GC(90)                Mark Start          Mark End        Relocate Start      Relocate End           High               Low         
[9.228s][info][gc,heap     ] GC(90)  Capacity:     1024M (100%)       1024M (100%)       1024M (100%)       1024M (100%)       1024M (100%)       1024M (100%)   
[9.228s][info][gc,heap     ] GC(90)      Free:      542M (53%)         366M (36%)         636M (62%)         674M (66%)         676M (66%)         366M (36%)    
[9.228s][info][gc,heap     ] GC(90)      Used:      482M (47%)         658M (64%)         388M (38%)         350M (34%)         658M (64%)         348M (34%)    
[9.228s][info][gc,heap     ] GC(90)      Live:         -                67M (7%)           67M (7%)           67M (7%)             -                  -          
[9.228s][info][gc,heap     ] GC(90) Allocated:         -               176M (17%)         210M (21%)         233M (23%)            -                  -          
[9.228s][info][gc,heap     ] GC(90)   Garbage:         -               414M (40%)         110M (11%)          48M (5%)             -                  -          
[9.228s][info][gc,heap     ] GC(90) Reclaimed:         -                  -               304M (30%)         365M (36%)            -                  -          
[9.228s][info][gc          ] GC(90) Garbage Collection (Allocation Rate) 482M(47%)->350M(34%)
[9.257s][info][gc,start    ] GC(91) Garbage Collection (Allocation Rate)
[9.257s][info][gc,task     ] GC(91) Using 4 workers
[9.257s][info][gc,phases   ] GC(91) Pause Mark Start 0.004ms
[9.305s][info][gc,phases   ] GC(91) Concurrent Mark 47.517ms
[9.305s][info][gc,phases   ] GC(91) Pause Mark End 0.014ms
[9.305s][info][gc,phases   ] GC(91) Concurrent Mark Free 0.001ms
[9.306s][info][gc,phases   ] GC(91) Concurrent Process Non-Strong References 0.373ms
[9.306s][info][gc,phases   ] GC(91) Concurrent Reset Relocation Set 0.010ms
[9.311s][info][gc,phases   ] GC(91) Concurrent Select Relocation Set 5.624ms
[9.312s][info][gc,phases   ] GC(91) Pause Relocate Start 0.006ms
[9.323s][info][gc,phases   ] GC(91) Concurrent Relocate 11.118ms
[9.323s][info][gc,load     ] GC(91) Load: 0.00/0.00/0.00
[9.323s][info][gc,mmu      ] GC(91) MMU: 2ms/98.3%, 5ms/99.3%, 10ms/99.5%, 20ms/99.7%, 50ms/99.9%, 100ms/99.9%
[9.323s][info][gc,marking  ] GC(91) Mark: 4 stripe(s), 2 proactive flush(es), 1 terminate flush(es), 0 completion(s), 0 continuation(s) 
[9.323s][info][gc,marking  ] GC(91) Mark Stack Usage: 32M
[9.323s][info][gc,nmethod  ] GC(91) NMethods: 330 registered, 0 unregistered
[9.323s][info][gc,metaspace] GC(91) Metaspace: 0M used, 0M committed, 1032M reserved
[9.323s][info][gc,ref      ] GC(91) Soft: 95 encountered, 0 discovered, 0 enqueued
[9.323s][info][gc,ref      ] GC(91) Weak: 147 encountered, 0 discovered, 0 enqueued
[9.323s][info][gc,ref      ] GC(91) Final: 0 encountered, 0 discovered, 0 enqueued
[9.323s][info][gc,ref      ] GC(91) Phantom: 1 encountered, 0 discovered, 0 enqueued
[9.323s][info][gc,reloc    ] GC(91) Small Pages: 220 / 440M, Empty: 312M, Relocated: 12M, In-Place: 0
[9.323s][info][gc,reloc    ] GC(91) Medium Pages: 1 / 32M, Empty: 0M, Relocated: 0M, In-Place: 0
[9.323s][info][gc,reloc    ] GC(91) Large Pages: 0 / 0M, Empty: 0M, Relocated: 0M, In-Place: 0
[9.323s][info][gc,reloc    ] GC(91) Forwarding Usage: 8M
[9.323s][info][gc,heap     ] GC(91) Min Capacity: 1024M(100%)
[9.323s][info][gc,heap     ] GC(91) Max Capacity: 1024M(100%)
[9.323s][info][gc,heap     ] GC(91) Soft Max Capacity: 1024M(100%)
[9.323s][info][gc,heap     ] GC(91)                Mark Start          Mark End        Relocate Start      Relocate End           High               Low         
[9.323s][info][gc,heap     ] GC(91)  Capacity:     1024M (100%)       1024M (100%)       1024M (100%)       1024M (100%)       1024M (100%)       1024M (100%)   
[9.323s][info][gc,heap     ] GC(91)      Free:      552M (54%)         370M (36%)         662M (65%)         678M (66%)         690M (67%)         370M (36%)    
[9.323s][info][gc,heap     ] GC(91)      Used:      472M (46%)         654M (64%)         362M (35%)         346M (34%)         654M (64%)         334M (33%)    
[9.323s][info][gc,heap     ] GC(91)      Live:         -                67M (7%)           67M (7%)           67M (7%)             -                  -          
[9.323s][info][gc,heap     ] GC(91) Allocated:         -               182M (18%)         202M (20%)         227M (22%)            -                  -          
[9.323s][info][gc,heap     ] GC(91)   Garbage:         -               404M (39%)          92M (9%)           50M (5%)             -                  -          
[9.323s][info][gc,heap     ] GC(91) Reclaimed:         -                  -               312M (30%)         353M (35%)            -                  -          
[9.323s][info][gc          ] GC(91) Garbage Collection (Allocation Rate) 472M(46%)->346M(34%)
[9.352s][info][gc,start    ] GC(92) Garbage Collection (Allocation Rate)
[9.352s][info][gc,task     ] GC(92) Using 4 workers
[9.352s][info][gc,phases   ] GC(92) Pause Mark Start 0.005ms
[9.399s][info][gc,phases   ] GC(92) Concurrent Mark 46.569ms
[9.399s][info][gc,phases   ] GC(92) Pause Mark End 0.010ms
[9.399s][info][gc,phases   ] GC(92) Concurrent Mark Free 0.001ms
[9.399s][info][gc,phases   ] GC(92) Concurrent Process Non-Strong References 0.322ms
[9.399s][info][gc,phases   ] GC(92) Concurrent Reset Relocation Set 0.006ms
[9.408s][info][gc,phases   ] GC(92) Concurrent Select Relocation Set 8.516ms
[9.408s][info][gc,phases   ] GC(92) Pause Relocate Start 0.006ms
[9.418s][info][gc,phases   ] GC(92) Concurrent Relocate 9.578ms
[9.418s][info][gc,load     ] GC(92) Load: 0.00/0.00/0.00
[9.418s][info][gc,mmu      ] GC(92) MMU: 2ms/98.3%, 5ms/99.3%, 10ms/99.5%, 20ms/99.7%, 50ms/99.9%, 100ms/99.9%
[9.418s][info][gc,marking  ] GC(92) Mark: 4 stripe(s), 2 proactive flush(es), 1 terminate flush(es), 0 completion(s), 0 continuation(s) 
[9.418s][info][gc,marking  ] GC(92) Mark Stack Usage: 32M
[9.418s][info][gc,nmethod  ] GC(92) NMethods: 330 registered, 0 unregistered
[9.418s][info][gc,metaspace] GC(92) Metaspace: 0M used, 0M committed, 1032M reserved
[9.418s][info][gc,ref      ] GC(92) Soft: 95 encountered, 0 discovered, 0 enqueued
[9.418s][info][gc,ref      ] GC(92) Weak: 147 encountered, 0 discovered, 0 enqueued
[9.418s][info][gc,ref      ] GC(92) Final: 0 encountered, 0 discovered, 0 enqueued
[9.418s][info][gc,ref      ] GC(92) Phantom: 1 encountered, 0 discovered, 0 enqueued
[9.418s][info][gc,reloc    ] GC(92) Small Pages: 221 / 442M, Empty: 296M, Relocated: 12M, In-Place: 0
[9.418s][info][gc,reloc    ] GC(92) Medium Pages: 1 / 32M, Empty: 0M, Relocated: 0M, In-Place: 0
[9.418s][info][gc,reloc    ] GC(92) Large Pages: 0 / 0M, Empty: 0M, Relocated: 0M, In-Place: 0
[9.418s][info][gc,reloc    ] GC(92) Forwarding Usage: 8M
[9.418s][info][gc,heap     ] GC(92) Min Capacity: 1024M(100%)
[9.418s][info][gc,heap     ] GC(92) Max Capacity: 1024M(100%)
[9.418s][info][gc,heap     ] GC(92) Soft Max Capacity: 1024M(100%)
[9.418s][info][gc,heap     ] GC(92)                Mark Start          Mark End        Relocate Start      Relocate End           High               Low         
[9.418s][info][gc,heap     ] GC(92)  Capacity:     1024M (100%)       1024M (100%)       1024M (100%)       1024M (100%)       1024M (100%)       1024M (100%)   
[9.418s][info][gc,heap     ] GC(92)      Free:      550M (54%)         382M (37%)         644M (63%)         688M (67%)         690M (67%)         380M (37%)    
[9.418s][info][gc,heap     ] GC(92)      Used:      474M (46%)         642M (63%)         380M (37%)         336M (33%)         644M (63%)         334M (33%)    
[9.418s][info][gc,heap     ] GC(92)      Live:         -                67M (7%)           67M (7%)           67M (7%)             -                  -          
[9.418s][info][gc,heap     ] GC(92) Allocated:         -               168M (16%)         202M (20%)         217M (21%)            -                  -          
[9.418s][info][gc,heap     ] GC(92)   Garbage:         -               406M (40%)         110M (11%)          50M (5%)             -                  -          
[9.418s][info][gc,heap     ] GC(92) Reclaimed:         -                  -               296M (29%)         355M (35%)            -                  -          
[9.418s][info][gc          ] GC(92) Garbage Collection (Allocation Rate) 474M(46%)->336M(33%)
[9.463s][info][gc,start    ] GC(93) Garbage Collection (Allocation Rate)
[9.463s][info][gc,task     ] GC(93) Using 4 workers
[9.463s][info][gc,phases   ] GC(93) Pause Mark Start 0.006ms
[9.510s][info][gc,phases   ] GC(93) Concurrent Mark 46.609ms
[9.510s][info][gc,phases   ] GC(93) Pause Mark End 0.011ms
[9.510s][info][gc,phases   ] GC(93) Concurrent Mark Free 0.001ms
[9.510s][info][gc,phases   ] GC(93) Concurrent Process Non-Strong References 0.321ms
[9.510s][info][gc,phases   ] GC(93) Concurrent Reset Relocation Set 0.007ms
[9.518s][info][gc,phases   ] GC(93) Concurrent Select Relocation Set 7.383ms
[9.518s][info][gc,phases   ] GC(93) Pause Relocate Start 0.006ms
[9.535s][info][gc,phases   ] GC(93) Concurrent Relocate 17.149ms
[9.535s][info][gc,load     ] GC(93) Load: 0.00/0.00/0.00
[9.535s][info][gc,mmu      ] GC(93) MMU: 2ms/98.3%, 5ms/99.3%, 10ms/99.5%, 20ms/99.7%, 50ms/99.9%, 100ms/99.9%
[9.535s][info][gc,marking  ] GC(93) Mark: 4 stripe(s), 2 proactive flush(es), 1 terminate flush(es), 0 completion(s), 0 continuation(s) 
[9.535s][info][gc,marking  ] GC(93) Mark Stack Usage: 32M
[9.535s][info][gc,nmethod  ] GC(93) NMethods: 330 registered, 0 unregistered
[9.535s][info][gc,metaspace] GC(93) Metaspace: 0M used, 0M committed, 1032M reserved
[9.535s][info][gc,ref      ] GC(93) Soft: 95 encountered, 0 discovered, 0 enqueued
[9.535s][info][gc,ref      ] GC(93) Weak: 147 encountered, 0 discovered, 0 enqueued
[9.535s][info][gc,ref      ] GC(93) Final: 0 encountered, 0 discovered, 0 enqueued
[9.535s][info][gc,ref      ] GC(93) Phantom: 1 encountered, 0 discovered, 0 enqueued
[9.535s][info][gc,reloc    ] GC(93) Small Pages: 237 / 474M, Empty: 340M, Relocated: 17M, In-Place: 0
[9.535s][info][gc,reloc    ] GC(93) Medium Pages: 1 / 32M, Empty: 0M, Relocated: 0M, In-Place: 0
[9.535s][info][gc,reloc    ] GC(93) Large Pages: 0 / 0M, Empty: 0M, Relocated: 0M, In-Place: 0
[9.535s][info][gc,reloc    ] GC(93) Forwarding Usage: 13M
[9.535s][info][gc,heap     ] GC(93) Min Capacity: 1024M(100%)
[9.535s][info][gc,heap     ] GC(93) Max Capacity: 1024M(100%)
[9.535s][info][gc,heap     ] GC(93) Soft Max Capacity: 1024M(100%)
[9.535s][info][gc,heap     ] GC(93)                Mark Start          Mark End        Relocate Start      Relocate End           High               Low         
[9.535s][info][gc,heap     ] GC(93)  Capacity:     1024M (100%)       1024M (100%)       1024M (100%)       1024M (100%)       1024M (100%)       1024M (100%)   
[9.535s][info][gc,heap     ] GC(93)      Free:      518M (51%)         340M (33%)         658M (64%)         662M (65%)         684M (67%)         340M (33%)    
[9.535s][info][gc,heap     ] GC(93)      Used:      506M (49%)         684M (67%)         366M (36%)         362M (35%)         684M (67%)         340M (33%)    
[9.535s][info][gc,heap     ] GC(93)      Live:         -                67M (7%)           67M (7%)           67M (7%)             -                  -          
[9.535s][info][gc,heap     ] GC(93) Allocated:         -               178M (17%)         200M (20%)         247M (24%)            -                  -          
[9.535s][info][gc,heap     ] GC(93)   Garbage:         -               438M (43%)          98M (10%)          46M (5%)             -                  -          
[9.535s][info][gc,heap     ] GC(93) Reclaimed:         -                  -               340M (33%)         391M (38%)            -                  -          
[9.535s][info][gc          ] GC(93) Garbage Collection (Allocation Rate) 506M(49%)->362M(35%)
[9.557s][info][gc,start    ] GC(94) Garbage Collection (Allocation Rate)
[9.558s][info][gc,task     ] GC(94) Using 4 workers
[9.558s][info][gc,phases   ] GC(94) Pause Mark Start 0.006ms
[9.605s][info][gc,phases   ] GC(94) Concurrent Mark 47.599ms
[9.605s][info][gc,phases   ] GC(94) Pause Mark End 0.010ms
[9.605s][info][gc,phases   ] GC(94) Concurrent Mark Free 0.001ms
[9.606s][info][gc,phases   ] GC(94) Concurrent Process Non-Strong References 0.336ms
[9.606s][info][gc,phases   ] GC(94) Concurrent Reset Relocation Set 0.008ms
[9.613s][info][gc,phases   ] GC(94) Concurrent Select Relocation Set 7.238ms
[9.613s][info][gc,phases   ] GC(94) Pause Relocate Start 0.006ms
[9.624s][info][gc,phases   ] GC(94) Concurrent Relocate 10.640ms
[9.624s][info][gc,load     ] GC(94) Load: 0.00/0.00/0.00
[9.624s][info][gc,mmu      ] GC(94) MMU: 2ms/98.3%, 5ms/99.3%, 10ms/99.5%, 20ms/99.7%, 50ms/99.9%, 100ms/99.9%
[9.624s][info][gc,marking  ] GC(94) Mark: 4 stripe(s), 2 proactive flush(es), 1 terminate flush(es), 0 completion(s), 0 continuation(s) 
[9.624s][info][gc,marking  ] GC(94) Mark Stack Usage: 32M
[9.624s][info][gc,nmethod  ] GC(94) NMethods: 330 registered, 0 unregistered
[9.624s][info][gc,metaspace] GC(94) Metaspace: 0M used, 0M committed, 1032M reserved
[9.624s][info][gc,ref      ] GC(94) Soft: 95 encountered, 0 discovered, 0 enqueued
[9.624s][info][gc,ref      ] GC(94) Weak: 147 encountered, 2 discovered, 0 enqueued
[9.624s][info][gc,ref      ] GC(94) Final: 0 encountered, 0 discovered, 0 enqueued
[9.624s][info][gc,ref      ] GC(94) Phantom: 1 encountered, 0 discovered, 0 enqueued
[9.624s][info][gc,reloc    ] GC(94) Small Pages: 206 / 412M, Empty: 274M, Relocated: 11M, In-Place: 0
[9.624s][info][gc,reloc    ] GC(94) Medium Pages: 1 / 32M, Empty: 0M, Relocated: 0M, In-Place: 0
[9.624s][info][gc,reloc    ] GC(94) Large Pages: 0 / 0M, Empty: 0M, Relocated: 0M, In-Place: 0
[9.624s][info][gc,reloc    ] GC(94) Forwarding Usage: 7M
[9.624s][info][gc,heap     ] GC(94) Min Capacity: 1024M(100%)
[9.624s][info][gc,heap     ] GC(94) Max Capacity: 1024M(100%)
[9.624s][info][gc,heap     ] GC(94) Soft Max Capacity: 1024M(100%)
[9.624s][info][gc,heap     ] GC(94)                Mark Start          Mark End        Relocate Start      Relocate End           High               Low         
[9.624s][info][gc,heap     ] GC(94)  Capacity:     1024M (100%)       1024M (100%)       1024M (100%)       1024M (100%)       1024M (100%)       1024M (100%)   
[9.624s][info][gc,heap     ] GC(94)      Free:      580M (57%)         408M (40%)         654M (64%)         676M (66%)         684M (67%)         402M (39%)    
[9.624s][info][gc,heap     ] GC(94)      Used:      444M (43%)         616M (60%)         370M (36%)         348M (34%)         622M (61%)         340M (33%)    
[9.624s][info][gc,heap     ] GC(94)      Live:         -                67M (7%)           67M (7%)           67M (7%)             -                  -          
[9.624s][info][gc,heap     ] GC(94) Allocated:         -               172M (17%)         200M (20%)         231M (23%)            -                  -          
[9.624s][info][gc,heap     ] GC(94)   Garbage:         -               376M (37%)         102M (10%)          48M (5%)             -                  -          
[9.624s][info][gc,heap     ] GC(94) Reclaimed:         -                  -               274M (27%)         327M (32%)            -                  -          
[9.624s][info][gc          ] GC(94) Garbage Collection (Allocation Rate) 444M(43%)->348M(34%)
[9.652s][info][gc,start    ] GC(95) Garbage Collection (Allocation Rate)
[9.652s][info][gc,task     ] GC(95) Using 4 workers
[9.652s][info][gc,phases   ] GC(95) Pause Mark Start 0.005ms
[9.700s][info][gc,phases   ] GC(95) Concurrent Mark 47.607ms
[9.700s][info][gc,phases   ] GC(95) Pause Mark End 0.010ms
[9.700s][info][gc,phases   ] GC(95) Concurrent Mark Free 0.001ms
[9.701s][info][gc,phases   ] GC(95) Concurrent Process Non-Strong References 0.326ms
[9.701s][info][gc,phases   ] GC(95) Concurrent Reset Relocation Set 0.009ms
[9.712s][info][gc,phases   ] GC(95) Concurrent Select Relocation Set 10.992ms
[9.712s][info][gc,phases   ] GC(95) Pause Relocate Start 0.008ms
[9.723s][info][gc,phases   ] GC(95) Concurrent Relocate 10.930ms
[9.723s][info][gc,load     ] GC(95) Load: 0.00/0.00/0.00
[9.723s][info][gc,mmu      ] GC(95) MMU: 2ms/98.3%, 5ms/99.3%, 10ms/99.5%, 20ms/99.7%, 50ms/99.9%, 100ms/99.9%
[9.723s][info][gc,marking  ] GC(95) Mark: 4 stripe(s), 2 proactive flush(es), 1 terminate flush(es), 0 completion(s), 0 continuation(s) 
[9.723s][info][gc,marking  ] GC(95) Mark Stack Usage: 32M
[9.723s][info][gc,nmethod  ] GC(95) NMethods: 330 registered, 0 unregistered
[9.723s][info][gc,metaspace] GC(95) Metaspace: 0M used, 0M committed, 1032M reserved
[9.723s][info][gc,ref      ] GC(95) Soft: 95 encountered, 0 discovered, 0 enqueued
[9.723s][info][gc,ref      ] GC(95) Weak: 147 encountered, 2 discovered, 0 enqueued
[9.723s][info][gc,ref      ] GC(95) Final: 0 encountered, 0 discovered, 0 enqueued
[9.723s][info][gc,ref      ] GC(95) Phantom: 1 encountered, 0 discovered, 0 enqueued
[9.723s][info][gc,reloc    ] GC(95) Small Pages: 221 / 442M, Empty: 306M, Relocated: 12M, In-Place: 0
[9.723s][info][gc,reloc    ] GC(95) Medium Pages: 1 / 32M, Empty: 0M, Relocated: 0M, In-Place: 0
[9.723s][info][gc,reloc    ] GC(95) Large Pages: 0 / 0M, Empty: 0M, Relocated: 0M, In-Place: 0
[9.723s][info][gc,reloc    ] GC(95) Forwarding Usage: 8M
[9.723s][info][gc,heap     ] GC(95) Min Capacity: 1024M(100%)
[9.723s][info][gc,heap     ] GC(95) Max Capacity: 1024M(100%)
[9.723s][info][gc,heap     ] GC(95) Soft Max Capacity: 1024M(100%)
[9.723s][info][gc,heap     ] GC(95)                Mark Start          Mark End        Relocate Start      Relocate End           High               Low         
[9.723s][info][gc,heap     ] GC(95)  Capacity:     1024M (100%)       1024M (100%)       1024M (100%)       1024M (100%)       1024M (100%)       1024M (100%)   
[9.723s][info][gc,heap     ] GC(95)      Free:      550M (54%)         382M (37%)         646M (63%)         672M (66%)         680M (66%)         382M (37%)    
[9.723s][info][gc,heap     ] GC(95)      Used:      474M (46%)         642M (63%)         378M (37%)         352M (34%)         642M (63%)         344M (34%)    
[9.723s][info][gc,heap     ] GC(95)      Live:         -                67M (7%)           67M (7%)           67M (7%)             -                  -          
[9.723s][info][gc,heap     ] GC(95) Allocated:         -               168M (16%)         210M (21%)         235M (23%)            -                  -          
[9.723s][info][gc,heap     ] GC(95)   Garbage:         -               406M (40%)         100M (10%)          48M (5%)             -                  -          
[9.723s][info][gc,heap     ] GC(95) Reclaimed:         -                  -               306M (30%)         357M (35%)            -                  -          
[9.723s][info][gc          ] GC(95) Garbage Collection (Allocation Rate) 474M(46%)->352M(34%)
[9.762s][info][gc,start    ] GC(96) Garbage Collection (Allocation Rate)
[9.762s][info][gc,task     ] GC(96) Using 4 workers
[9.762s][info][gc,phases   ] GC(96) Pause Mark Start 0.005ms
[9.809s][info][gc,phases   ] GC(96) Concurrent Mark 46.836ms
[9.809s][info][gc,phases   ] GC(96) Pause Mark End 0.014ms
[9.809s][info][gc,phases   ] GC(96) Concurrent Mark Free 0.001ms
[9.810s][info][gc,phases   ] GC(96) Concurrent Process Non-Strong References 0.308ms
[9.810s][info][gc,phases   ] GC(96) Concurrent Reset Relocation Set 0.008ms
[9.819s][info][gc,phases   ] GC(96) Concurrent Select Relocation Set 8.962ms
[9.819s][info][gc,phases   ] GC(96) Pause Relocate Start 0.006ms
[9.834s][info][gc,phases   ] GC(96) Concurrent Relocate 15.101ms
[9.834s][info][gc,load     ] GC(96) Load: 0.00/0.00/0.00
[9.834s][info][gc,mmu      ] GC(96) MMU: 2ms/98.3%, 5ms/99.3%, 10ms/99.5%, 20ms/99.7%, 50ms/99.9%, 100ms/99.9%
[9.834s][info][gc,marking  ] GC(96) Mark: 4 stripe(s), 2 proactive flush(es), 1 terminate flush(es), 0 completion(s), 0 continuation(s) 
[9.834s][info][gc,marking  ] GC(96) Mark Stack Usage: 32M
[9.834s][info][gc,nmethod  ] GC(96) NMethods: 330 registered, 0 unregistered
[9.834s][info][gc,metaspace] GC(96) Metaspace: 0M used, 0M committed, 1032M reserved
[9.834s][info][gc,ref      ] GC(96) Soft: 95 encountered, 0 discovered, 0 enqueued
[9.834s][info][gc,ref      ] GC(96) Weak: 147 encountered, 2 discovered, 0 enqueued
[9.834s][info][gc,ref      ] GC(96) Final: 0 encountered, 0 discovered, 0 enqueued
[9.834s][info][gc,ref      ] GC(96) Phantom: 1 encountered, 0 discovered, 0 enqueued
[9.834s][info][gc,reloc    ] GC(96) Small Pages: 244 / 488M, Empty: 344M, Relocated: 17M, In-Place: 0
[9.834s][info][gc,reloc    ] GC(96) Medium Pages: 1 / 32M, Empty: 0M, Relocated: 0M, In-Place: 0
[9.834s][info][gc,reloc    ] GC(96) Large Pages: 0 / 0M, Empty: 0M, Relocated: 0M, In-Place: 0
[9.834s][info][gc,reloc    ] GC(96) Forwarding Usage: 12M
[9.834s][info][gc,heap     ] GC(96) Min Capacity: 1024M(100%)
[9.834s][info][gc,heap     ] GC(96) Max Capacity: 1024M(100%)
[9.834s][info][gc,heap     ] GC(96) Soft Max Capacity: 1024M(100%)
[9.834s][info][gc,heap     ] GC(96)                Mark Start          Mark End        Relocate Start      Relocate End           High               Low         
[9.834s][info][gc,heap     ] GC(96)  Capacity:     1024M (100%)       1024M (100%)       1024M (100%)       1024M (100%)       1024M (100%)       1024M (100%)   
[9.834s][info][gc,heap     ] GC(96)      Free:      504M (49%)         328M (32%)         638M (62%)         662M (65%)         678M (66%)         326M (32%)    
[9.834s][info][gc,heap     ] GC(96)      Used:      520M (51%)         696M (68%)         386M (38%)         362M (35%)         698M (68%)         346M (34%)    
[9.834s][info][gc,heap     ] GC(96)      Live:         -                67M (7%)           67M (7%)           67M (7%)             -                  -          
[9.834s][info][gc,heap     ] GC(96) Allocated:         -               176M (17%)         210M (21%)         249M (24%)            -                  -          
[9.834s][info][gc,heap     ] GC(96)   Garbage:         -               452M (44%)         108M (11%)          44M (4%)             -                  -          
[9.834s][info][gc,heap     ] GC(96) Reclaimed:         -                  -               344M (34%)         407M (40%)            -                  -          
[9.834s][info][gc          ] GC(96) Garbage Collection (Allocation Rate) 520M(51%)->362M(35%)
[9.856s][info][gc,start    ] GC(97) Garbage Collection (Allocation Rate)
[9.856s][info][gc,task     ] GC(97) Using 4 workers
[9.856s][info][gc,phases   ] GC(97) Pause Mark Start 0.005ms
[9.904s][info][gc,phases   ] GC(97) Concurrent Mark 47.611ms
[9.904s][info][gc,phases   ] GC(97) Pause Mark End 0.009ms
[9.904s][info][gc,phases   ] GC(97) Concurrent Mark Free 0.000ms
[9.904s][info][gc,phases   ] GC(97) Concurrent Process Non-Strong References 0.310ms
[9.904s][info][gc,phases   ] GC(97) Concurrent Reset Relocation Set 0.006ms
[9.910s][info][gc,phases   ] GC(97) Concurrent Select Relocation Set 5.891ms
[9.910s][info][gc,phases   ] GC(97) Pause Relocate Start 0.005ms
[9.919s][info][gc,phases   ] GC(97) Concurrent Relocate 8.617ms
[9.919s][info][gc,load     ] GC(97) Load: 0.00/0.00/0.00
[9.919s][info][gc,mmu      ] GC(97) MMU: 2ms/98.3%, 5ms/99.3%, 10ms/99.5%, 20ms/99.7%, 50ms/99.9%, 100ms/99.9%
[9.919s][info][gc,marking  ] GC(97) Mark: 4 stripe(s), 2 proactive flush(es), 1 terminate flush(es), 0 completion(s), 0 continuation(s) 
[9.919s][info][gc,marking  ] GC(97) Mark Stack Usage: 32M
[9.919s][info][gc,nmethod  ] GC(97) NMethods: 330 registered, 0 unregistered
[9.919s][info][gc,metaspace] GC(97) Metaspace: 0M used, 0M committed, 1032M reserved
[9.919s][info][gc,ref      ] GC(97) Soft: 95 encountered, 0 discovered, 0 enqueued
[9.919s][info][gc,ref      ] GC(97) Weak: 147 encountered, 2 discovered, 0 enqueued
[9.919s][info][gc,ref      ] GC(97) Final: 0 encountered, 0 discovered, 0 enqueued
[9.919s][info][gc,ref      ] GC(97) Phantom: 1 encountered, 0 discovered, 0 enqueued
[9.919s][info][gc,reloc    ] GC(97) Small Pages: 206 / 412M, Empty: 264M, Relocated: 12M, In-Place: 0
[9.919s][info][gc,reloc    ] GC(97) Medium Pages: 1 / 32M, Empty: 0M, Relocated: 0M, In-Place: 0
[9.919s][info][gc,reloc    ] GC(97) Large Pages: 0 / 0M, Empty: 0M, Relocated: 0M, In-Place: 0
[9.919s][info][gc,reloc    ] GC(97) Forwarding Usage: 8M
[9.919s][info][gc,heap     ] GC(97) Min Capacity: 1024M(100%)
[9.919s][info][gc,heap     ] GC(97) Max Capacity: 1024M(100%)
[9.919s][info][gc,heap     ] GC(97) Soft Max Capacity: 1024M(100%)
[9.919s][info][gc,heap     ] GC(97)                Mark Start          Mark End        Relocate Start      Relocate End           High               Low         
[9.919s][info][gc,heap     ] GC(97)  Capacity:     1024M (100%)       1024M (100%)       1024M (100%)       1024M (100%)       1024M (100%)       1024M (100%)   
[9.919s][info][gc,heap     ] GC(97)      Free:      580M (57%)         408M (40%)         648M (63%)         688M (67%)         692M (68%)         406M (40%)    
[9.919s][info][gc,heap     ] GC(97)      Used:      444M (43%)         616M (60%)         376M (37%)         336M (33%)         618M (60%)         332M (32%)    
[9.919s][info][gc,heap     ] GC(97)      Live:         -                67M (7%)           67M (7%)           67M (7%)             -                  -          
[9.919s][info][gc,heap     ] GC(97) Allocated:         -               172M (17%)         196M (19%)         217M (21%)            -                  -          
[9.919s][info][gc,heap     ] GC(97)   Garbage:         -               376M (37%)         112M (11%)          50M (5%)             -                  -          
[9.919s][info][gc,heap     ] GC(97) Reclaimed:         -                  -               264M (26%)         325M (32%)            -                  -          
[9.919s][info][gc          ] GC(97) Garbage Collection (Allocation Rate) 444M(43%)->336M(33%)
[9.952s][info][gc,start    ] GC(98) Garbage Collection (Allocation Rate)
[9.952s][info][gc,task     ] GC(98) Using 4 workers
[9.952s][info][gc,phases   ] GC(98) Pause Mark Start 0.005ms
[10.000s][info][gc,phases   ] GC(98) Concurrent Mark 47.565ms
[10.000s][info][gc,phases   ] GC(98) Pause Mark End 0.010ms
[10.000s][info][gc,phases   ] GC(98) Concurrent Mark Free 0.001ms
[10.000s][info][gc,phases   ] GC(98) Concurrent Process Non-Strong References 0.398ms
[10.000s][info][gc,phases   ] GC(98) Concurrent Reset Relocation Set 0.011ms
[10.006s][info][gc,phases   ] GC(98) Concurrent Select Relocation Set 5.689ms
[10.006s][info][gc,phases   ] GC(98) Pause Relocate Start 0.005ms
[10.013s][info][gc,phases   ] GC(98) Concurrent Relocate 7.082ms
[10.013s][info][gc,load     ] GC(98) Load: 0.00/0.00/0.00
[10.013s][info][gc,mmu      ] GC(98) MMU: 2ms/98.3%, 5ms/99.3%, 10ms/99.5%, 20ms/99.7%, 50ms/99.9%, 100ms/99.9%
[10.013s][info][gc,marking  ] GC(98) Mark: 4 stripe(s), 2 proactive flush(es), 1 terminate flush(es), 0 completion(s), 0 continuation(s) 
[10.013s][info][gc,marking  ] GC(98) Mark Stack Usage: 32M
[10.013s][info][gc,nmethod  ] GC(98) NMethods: 330 registered, 0 unregistered
[10.013s][info][gc,metaspace] GC(98) Metaspace: 0M used, 0M committed, 1032M reserved
[10.013s][info][gc,ref      ] GC(98) Soft: 95 encountered, 0 discovered, 0 enqueued
[10.013s][info][gc,ref      ] GC(98) Weak: 147 encountered, 2 discovered, 0 enqueued
[10.013s][info][gc,ref      ] GC(98) Final: 0 encountered, 0 discovered, 0 enqueued
[10.013s][info][gc,ref      ] GC(98) Phantom: 1 encountered, 0 discovered, 0 enqueued
[10.013s][info][gc,reloc    ] GC(98) Small Pages: 222 / 444M, Empty: 318M, Relocated: 8M, In-Place: 0
[10.013s][info][gc,reloc    ] GC(98) Medium Pages: 1 / 32M, Empty: 0M, Relocated: 0M, In-Place: 0
[10.013s][info][gc,reloc    ] GC(98) Large Pages: 0 / 0M, Empty: 0M, Relocated: 0M, In-Place: 0
[10.013s][info][gc,reloc    ] GC(98) Forwarding Usage: 6M
[10.013s][info][gc,heap     ] GC(98) Min Capacity: 1024M(100%)
[10.013s][info][gc,heap     ] GC(98) Max Capacity: 1024M(100%)
[10.013s][info][gc,heap     ] GC(98) Soft Max Capacity: 1024M(100%)
[10.013s][info][gc,heap     ] GC(98)                Mark Start          Mark End        Relocate Start      Relocate End           High               Low         
[10.013s][info][gc,heap     ] GC(98)  Capacity:     1024M (100%)       1024M (100%)       1024M (100%)       1024M (100%)       1024M (100%)       1024M (100%)   
[10.014s][info][gc,heap     ] GC(98)      Free:      548M (54%)         368M (36%)         666M (65%)         690M (67%)         696M (68%)         368M (36%)    
[10.014s][info][gc,heap     ] GC(98)      Used:      476M (46%)         656M (64%)         358M (35%)         334M (33%)         656M (64%)         328M (32%)    
[10.014s][info][gc,heap     ] GC(98)      Live:         -                67M (7%)           67M (7%)           67M (7%)             -                  -          
[10.014s][info][gc,heap     ] GC(98) Allocated:         -               180M (18%)         200M (20%)         219M (21%)            -                  -          
[10.014s][info][gc,heap     ] GC(98)   Garbage:         -               408M (40%)          90M (9%)           46M (5%)             -                  -          
[10.014s][info][gc,heap     ] GC(98) Reclaimed:         -                  -               318M (31%)         361M (35%)            -                  -          
[10.014s][info][gc          ] GC(98) Garbage Collection (Allocation Rate) 476M(46%)->334M(33%)
[10.062s][info][gc,stats    ] === Garbage Collection Statistics =======================================================================================================================
[10.062s][info][gc,start    ] GC(99) Garbage Collection (Allocation Rate)
[10.063s][info][gc,stats    ]                                                              Last 10s              Last 10m              Last 10h                Total
[10.063s][info][gc,task     ] GC(99) Using 4 workers
[10.063s][info][gc,stats    ]                                                              Avg / Max             Avg / Max             Avg / Max             Avg / Max
[10.063s][info][gc,stats    ]   Collector: Garbage Collection Cycle                     69.969 / 86.772       69.969 / 86.772       69.969 / 86.772       69.969 / 86.772      ms
[10.063s][info][gc,stats    ]  Contention: Mark Segment Reset Contention                    30 / 48               30 / 48               30 / 48               30 / 48          ops/s
[10.063s][info][gc,stats    ]  Contention: Mark SeqNum Reset Contention                      7 / 10                7 / 10                7 / 10                7 / 10          ops/s
[10.063s][info][gc,stats    ]    Critical: Allocation Stall                                  0 / 0                 0 / 0                 0 / 0                 0 / 0           ops/s
[10.063s][info][gc,stats    ]    Critical: Allocation Stall                              0.000 / 0.000         0.000 / 0.000         0.000 / 0.000         0.000 / 0.000       ms
[10.063s][info][gc,stats    ]    Critical: GC Locker Stall                                   0 / 0                 0 / 0                 0 / 0                 0 / 0           ops/s
[10.063s][info][gc,stats    ]    Critical: GC Locker Stall                               0.000 / 0.000         0.000 / 0.000         0.000 / 0.000         0.000 / 0.000       ms
[10.063s][info][gc,stats    ]    Critical: Relocation Stall                                  0 / 0                 0 / 0                 0 / 0                 0 / 0           ops/s
[10.063s][info][gc,stats    ]    Critical: Relocation Stall                              0.000 / 0.000         0.000 / 0.000         0.000 / 0.000         0.000 / 0.000       ms
[10.063s][info][gc,stats    ]      Memory: Allocation Rate                                3557 / 3686           3557 / 3686           3557 / 3686           3557 / 3686        MB/s
[10.063s][info][gc,stats    ]      Memory: Out Of Memory                                     0 / 0                 0 / 0                 0 / 0                 0 / 0           ops/s
[10.063s][info][gc,phases   ] GC(99) Pause Mark Start 0.004ms
[10.063s][info][gc,stats    ]      Memory: Page Cache Flush                                  0 / 0                 0 / 0                 0 / 0                 0 / 0           MB/s
[10.063s][info][gc,stats    ]      Memory: Page Cache Hit L1                              1827 / 1929           1827 / 1929           1827 / 1929           1827 / 1929        ops/s
[10.063s][info][gc,stats    ]      Memory: Page Cache Hit L2                                 0 / 0                 0 / 0                 0 / 0                 0 / 0           ops/s
[10.063s][info][gc,stats    ]      Memory: Page Cache Hit L3                                35 / 317              35 / 317              35 / 317              35 / 317         ops/s
[10.063s][info][gc,stats    ]      Memory: Page Cache Miss                                   0 / 1                 0 / 1                 0 / 1                 0 / 1           ops/s
[10.063s][info][gc,stats    ]      Memory: Uncommit                                          0 / 0                 0 / 0                 0 / 0                 0 / 0           MB/s
[10.063s][info][gc,stats    ]      Memory: Undo Object Allocation Failed                     0 / 5                 0 / 5                 0 / 5                 0 / 5           ops/s
[10.063s][info][gc,stats    ]      Memory: Undo Object Allocation Succeeded               2242 / 9688           2242 / 9688           2242 / 9688           2242 / 9688        ops/s
[10.063s][info][gc,stats    ]      Memory: Undo Page Allocation                              0 / 4                 0 / 4                 0 / 4                 0 / 4           ops/s
[10.063s][info][gc,stats    ]       Phase: Concurrent Mark                              47.052 / 62.586       47.052 / 62.586       47.052 / 62.586       47.052 / 62.586      ms
[10.063s][info][gc,stats    ]       Phase: Concurrent Mark Continue                      0.000 / 0.000         0.000 / 0.000         0.000 / 0.000         0.000 / 0.000       ms
[10.063s][info][gc,stats    ]       Phase: Concurrent Mark Free                          0.001 / 0.003         0.001 / 0.003         0.001 / 0.003         0.001 / 0.003       ms
[10.063s][info][gc,stats    ]       Phase: Concurrent Process Non-Strong References      0.333 / 1.569         0.333 / 1.569         0.333 / 1.569         0.333 / 1.569       ms
[10.063s][info][gc,stats    ]       Phase: Concurrent Relocate                          13.298 / 28.974       13.298 / 28.974       13.298 / 28.974       13.298 / 28.974      ms
[10.063s][info][gc,stats    ]       Phase: Concurrent Reset Relocation Set               0.009 / 0.031         0.009 / 0.031         0.009 / 0.031         0.009 / 0.031       ms
[10.063s][info][gc,stats    ]       Phase: Concurrent Select Relocation Set              8.381 / 16.605        8.381 / 16.605        8.381 / 16.605        8.381 / 16.605      ms
[10.063s][info][gc,stats    ]       Phase: Pause Mark End                                0.012 / 0.035         0.012 / 0.035         0.012 / 0.035         0.012 / 0.035       ms
[10.063s][info][gc,stats    ]       Phase: Pause Mark Start                              0.006 / 0.019         0.006 / 0.019         0.006 / 0.019         0.006 / 0.019       ms
[10.063s][info][gc,stats    ]       Phase: Pause Relocate Start                          0.006 / 0.025         0.006 / 0.025         0.006 / 0.025         0.006 / 0.025       ms
[10.063s][info][gc,stats    ]    Subphase: Concurrent Classes Purge                      0.017 / 0.045         0.017 / 0.045         0.017 / 0.045         0.017 / 0.045       ms
[10.063s][info][gc,stats    ]    Subphase: Concurrent Classes Unlink                     0.193 / 1.338         0.193 / 1.338         0.193 / 1.338         0.193 / 1.338       ms
[10.063s][info][gc,stats    ]    Subphase: Concurrent Mark                              44.710 / 62.431       44.710 / 62.431       44.710 / 62.431       44.710 / 62.431      ms
[10.063s][info][gc,stats    ]    Subphase: Concurrent Mark Try Flush                     0.036 / 0.320         0.036 / 0.320         0.036 / 0.320         0.036 / 0.320       ms
[10.063s][info][gc,stats    ]    Subphase: Concurrent Mark Try Terminate                 5.445 / 16.058        5.445 / 16.058        5.445 / 16.058        5.445 / 16.058      ms
[10.063s][info][gc,stats    ]    Subphase: Concurrent References Enqueue                 0.000 / 0.003         0.000 / 0.003         0.000 / 0.003         0.000 / 0.003       ms
[10.063s][info][gc,stats    ]    Subphase: Concurrent References Process                 0.015 / 0.082         0.015 / 0.082         0.015 / 0.082         0.015 / 0.082       ms
[10.063s][info][gc,stats    ]    Subphase: Concurrent Roots ClassLoaderDataGraph         0.035 / 0.260         0.035 / 0.260         0.035 / 0.260         0.035 / 0.260       ms
[10.063s][info][gc,stats    ]    Subphase: Concurrent Roots CodeCache                    0.000 / 0.000         0.000 / 0.000         0.000 / 0.000         0.000 / 0.000       ms
[10.063s][info][gc,stats    ]    Subphase: Concurrent Roots JavaThreads                  0.070 / 0.137         0.070 / 0.137         0.070 / 0.137         0.070 / 0.137       ms
[10.063s][info][gc,stats    ]    Subphase: Concurrent Roots OopStorageSet                0.005 / 0.037         0.005 / 0.037         0.005 / 0.037         0.005 / 0.037       ms
[10.063s][info][gc,stats    ]    Subphase: Concurrent Weak Roots OopStorageSet           0.056 / 0.183         0.056 / 0.183         0.056 / 0.183         0.056 / 0.183       ms
[10.063s][info][gc,stats    ]    Subphase: Pause Mark Try Complete                       0.000 / 0.000         0.000 / 0.000         0.000 / 0.000         0.000 / 0.000       ms
[10.063s][info][gc,stats    ]      System: Java Threads                                     21 / 24               21 / 24               21 / 24               21 / 24          threads
[10.063s][info][gc,stats    ] =========================================================================================================================================================
[10.110s][info][gc,phases   ] GC(99) Concurrent Mark 47.499ms
[10.110s][info][gc,phases   ] GC(99) Pause Mark End 0.012ms
[10.111s][info][gc,phases   ] GC(99) Concurrent Mark Free 0.001ms
[10.111s][info][gc,phases   ] GC(99) Concurrent Process Non-Strong References 0.408ms
[10.111s][info][gc,phases   ] GC(99) Concurrent Reset Relocation Set 0.006ms
[10.126s][info][gc,phases   ] GC(99) Concurrent Select Relocation Set 14.693ms
[10.126s][info][gc,phases   ] GC(99) Pause Relocate Start 0.005ms
[10.142s][info][gc,phases   ] GC(99) Concurrent Relocate 16.188ms
[10.142s][info][gc,load     ] GC(99) Load: 0.00/0.00/0.00
[10.142s][info][gc,mmu      ] GC(99) MMU: 2ms/98.3%, 5ms/99.3%, 10ms/99.5%, 20ms/99.7%, 50ms/99.9%, 100ms/99.9%
[10.142s][info][gc,marking  ] GC(99) Mark: 4 stripe(s), 2 proactive flush(es), 1 terminate flush(es), 0 completion(s), 0 continuation(s) 
[10.142s][info][gc,marking  ] GC(99) Mark Stack Usage: 32M
[10.142s][info][gc,nmethod  ] GC(99) NMethods: 330 registered, 0 unregistered
[10.142s][info][gc,metaspace] GC(99) Metaspace: 0M used, 0M committed, 1032M reserved
[10.143s][info][gc,ref      ] GC(99) Soft: 95 encountered, 0 discovered, 0 enqueued
[10.143s][info][gc,ref      ] GC(99) Weak: 147 encountered, 0 discovered, 0 enqueued
[10.143s][info][gc,ref      ] GC(99) Final: 0 encountered, 0 discovered, 0 enqueued
[10.143s][info][gc,ref      ] GC(99) Phantom: 1 encountered, 0 discovered, 0 enqueued
[10.143s][info][gc,reloc    ] GC(99) Small Pages: 258 / 516M, Empty: 378M, Relocated: 17M, In-Place: 0
[10.143s][info][gc,reloc    ] GC(99) Medium Pages: 1 / 32M, Empty: 0M, Relocated: 0M, In-Place: 0
[10.143s][info][gc,reloc    ] GC(99) Large Pages: 0 / 0M, Empty: 0M, Relocated: 0M, In-Place: 0
[10.143s][info][gc,reloc    ] GC(99) Forwarding Usage: 12M
[10.143s][info][gc,heap     ] GC(99) Min Capacity: 1024M(100%)
[10.143s][info][gc,heap     ] GC(99) Max Capacity: 1024M(100%)
[10.143s][info][gc,heap     ] GC(99) Soft Max Capacity: 1024M(100%)
[10.143s][info][gc,heap     ] GC(99)                Mark Start          Mark End        Relocate Start      Relocate End           High               Low         
[10.143s][info][gc,heap     ] GC(99)  Capacity:     1024M (100%)       1024M (100%)       1024M (100%)       1024M (100%)       1024M (100%)       1024M (100%)   
[10.143s][info][gc,heap     ] GC(99)      Free:      476M (46%)         310M (30%)         642M (63%)         658M (64%)         680M (66%)         310M (30%)    
[10.143s][info][gc,heap     ] GC(99)      Used:      548M (54%)         714M (70%)         382M (37%)         366M (36%)         714M (70%)         344M (34%)    
[10.143s][info][gc,heap     ] GC(99)      Live:         -                67M (7%)           67M (7%)           67M (7%)             -                  -          
[10.143s][info][gc,heap     ] GC(99) Allocated:         -               166M (16%)         212M (21%)         253M (25%)            -                  -          
[10.143s][info][gc,heap     ] GC(99)   Garbage:         -               480M (47%)         102M (10%)          44M (4%)             -                  -          
[10.143s][info][gc,heap     ] GC(99) Reclaimed:         -                  -               378M (37%)         435M (43%)            -                  -          
[10.143s][info][gc          ] GC(99) Garbage Collection (Allocation Rate) 548M(54%)->366M(36%)
[10.157s][info][gc,start    ] GC(100) Garbage Collection (Allocation Rate)
[10.157s][info][gc,task     ] GC(100) Using 4 workers
[10.158s][info][gc,phases   ] GC(100) Pause Mark Start 0.014ms
[10.204s][info][gc,phases   ] GC(100) Concurrent Mark 46.313ms
[10.204s][info][gc,phases   ] GC(100) Pause Mark End 0.015ms
[10.204s][info][gc,phases   ] GC(100) Concurrent Mark Free 0.001ms
[10.205s][info][gc,phases   ] GC(100) Concurrent Process Non-Strong References 0.322ms
[10.205s][info][gc,phases   ] GC(100) Concurrent Reset Relocation Set 0.008ms
[10.215s][info][gc,phases   ] GC(100) Concurrent Select Relocation Set 10.078ms
[10.215s][info][gc,phases   ] GC(100) Pause Relocate Start 0.005ms
[10.229s][info][gc,phases   ] GC(100) Concurrent Relocate 14.282ms
[10.229s][info][gc,load     ] GC(100) Load: 0.00/0.00/0.00
[10.229s][info][gc,mmu      ] GC(100) MMU: 2ms/98.3%, 5ms/99.3%, 10ms/99.5%, 20ms/99.7%, 50ms/99.9%, 100ms/99.9%
[10.229s][info][gc,marking  ] GC(100) Mark: 4 stripe(s), 2 proactive flush(es), 1 terminate flush(es), 0 completion(s), 0 continuation(s) 
[10.229s][info][gc,marking  ] GC(100) Mark Stack Usage: 32M
[10.229s][info][gc,nmethod  ] GC(100) NMethods: 330 registered, 0 unregistered
[10.229s][info][gc,metaspace] GC(100) Metaspace: 0M used, 0M committed, 1032M reserved
[10.229s][info][gc,ref      ] GC(100) Soft: 95 encountered, 0 discovered, 0 enqueued
[10.229s][info][gc,ref      ] GC(100) Weak: 147 encountered, 2 discovered, 0 enqueued
[10.229s][info][gc,ref      ] GC(100) Final: 0 encountered, 0 discovered, 0 enqueued
[10.229s][info][gc,ref      ] GC(100) Phantom: 1 encountered, 0 discovered, 0 enqueued
[10.229s][info][gc,reloc    ] GC(100) Small Pages: 199 / 398M, Empty: 254M, Relocated: 17M, In-Place: 0
[10.229s][info][gc,reloc    ] GC(100) Medium Pages: 1 / 32M, Empty: 0M, Relocated: 0M, In-Place: 0
[10.229s][info][gc,reloc    ] GC(100) Large Pages: 0 / 0M, Empty: 0M, Relocated: 0M, In-Place: 0
[10.229s][info][gc,reloc    ] GC(100) Forwarding Usage: 13M
[10.229s][info][gc,heap     ] GC(100) Min Capacity: 1024M(100%)
[10.229s][info][gc,heap     ] GC(100) Max Capacity: 1024M(100%)
[10.230s][info][gc,heap     ] GC(100) Soft Max Capacity: 1024M(100%)
[10.230s][info][gc,heap     ] GC(100)                Mark Start          Mark End        Relocate Start      Relocate End           High               Low         
[10.230s][info][gc,heap     ] GC(100)  Capacity:     1024M (100%)       1024M (100%)       1024M (100%)       1024M (100%)       1024M (100%)       1024M (100%)   
[10.230s][info][gc,heap     ] GC(100)      Free:      594M (58%)         422M (41%)         638M (62%)         666M (65%)         674M (66%)         422M (41%)    
[10.230s][info][gc,heap     ] GC(100)      Used:      430M (42%)         602M (59%)         386M (38%)         358M (35%)         602M (59%)         350M (34%)    
[10.230s][info][gc,heap     ] GC(100)      Live:         -                67M (7%)           67M (7%)           67M (7%)             -                  -          
[10.230s][info][gc,heap     ] GC(100) Allocated:         -               172M (17%)         210M (21%)         245M (24%)            -                  -          
[10.230s][info][gc,heap     ] GC(100)   Garbage:         -               362M (35%)         108M (11%)          44M (4%)             -                  -          
[10.230s][info][gc,heap     ] GC(100) Reclaimed:         -                  -               254M (25%)         317M (31%)            -                  -          
[10.230s][info][gc          ] GC(100) Garbage Collection (Allocation Rate) 430M(42%)->358M(35%)
[10.252s][info][gc,start    ] GC(101) Garbage Collection (Allocation Rate)
[10.252s][info][gc,task     ] GC(101) Using 4 workers
[10.252s][info][gc,phases   ] GC(101) Pause Mark Start 0.004ms
[10.299s][info][gc,phases   ] GC(101) Concurrent Mark 46.530ms
[10.299s][info][gc,phases   ] GC(101) Pause Mark End 0.009ms
[10.299s][info][gc,phases   ] GC(101) Concurrent Mark Free 0.001ms
[10.299s][info][gc,phases   ] GC(101) Concurrent Process Non-Strong References 0.291ms
[10.299s][info][gc,phases   ] GC(101) Concurrent Reset Relocation Set 0.009ms
[10.306s][info][gc,phases   ] GC(101) Concurrent Select Relocation Set 6.372ms
[10.306s][info][gc,phases   ] GC(101) Pause Relocate Start 0.006ms
[10.317s][info][gc,phases   ] GC(101) Concurrent Relocate 11.033ms
[10.317s][info][gc,load     ] GC(101) Load: 0.00/0.00/0.00
[10.317s][info][gc,mmu      ] GC(101) MMU: 2ms/98.3%, 5ms/99.3%, 10ms/99.5%, 20ms/99.7%, 50ms/99.9%, 100ms/99.9%
[10.317s][info][gc,marking  ] GC(101) Mark: 4 stripe(s), 2 proactive flush(es), 1 terminate flush(es), 0 completion(s), 0 continuation(s) 
[10.317s][info][gc,marking  ] GC(101) Mark Stack Usage: 32M
[10.317s][info][gc,nmethod  ] GC(101) NMethods: 330 registered, 0 unregistered
[10.317s][info][gc,metaspace] GC(101) Metaspace: 0M used, 0M committed, 1032M reserved
[10.317s][info][gc,ref      ] GC(101) Soft: 95 encountered, 0 discovered, 0 enqueued
[10.317s][info][gc,ref      ] GC(101) Weak: 147 encountered, 2 discovered, 0 enqueued
[10.317s][info][gc,ref      ] GC(101) Final: 0 encountered, 0 discovered, 0 enqueued
[10.317s][info][gc,ref      ] GC(101) Phantom: 1 encountered, 0 discovered, 0 enqueued
[10.317s][info][gc,reloc    ] GC(101) Small Pages: 209 / 418M, Empty: 286M, Relocated: 12M, In-Place: 0
[10.317s][info][gc,reloc    ] GC(101) Medium Pages: 1 / 32M, Empty: 0M, Relocated: 0M, In-Place: 0
[10.317s][info][gc,reloc    ] GC(101) Large Pages: 0 / 0M, Empty: 0M, Relocated: 0M, In-Place: 0
[10.317s][info][gc,reloc    ] GC(101) Forwarding Usage: 8M
[10.317s][info][gc,heap     ] GC(101) Min Capacity: 1024M(100%)
[10.317s][info][gc,heap     ] GC(101) Max Capacity: 1024M(100%)
[10.317s][info][gc,heap     ] GC(101) Soft Max Capacity: 1024M(100%)
[10.317s][info][gc,heap     ] GC(101)                Mark Start          Mark End        Relocate Start      Relocate End           High               Low         
[10.317s][info][gc,heap     ] GC(101)  Capacity:     1024M (100%)       1024M (100%)       1024M (100%)       1024M (100%)       1024M (100%)       1024M (100%)   
[10.317s][info][gc,heap     ] GC(101)      Free:      574M (56%)         404M (39%)         662M (65%)         682M (67%)         692M (68%)         402M (39%)    
[10.317s][info][gc,heap     ] GC(101)      Used:      450M (44%)         620M (61%)         362M (35%)         342M (33%)         622M (61%)         332M (32%)    
[10.317s][info][gc,heap     ] GC(101)      Live:         -                67M (7%)           67M (7%)           67M (7%)             -                  -          
[10.317s][info][gc,heap     ] GC(101) Allocated:         -               170M (17%)         198M (19%)         225M (22%)            -                  -          
[10.317s][info][gc,heap     ] GC(101)   Garbage:         -               382M (37%)          96M (9%)           48M (5%)             -                  -          
[10.317s][info][gc,heap     ] GC(101) Reclaimed:         -                  -               286M (28%)         333M (33%)            -                  -          
[10.317s][info][gc          ] GC(101) Garbage Collection (Allocation Rate) 450M(44%)->342M(33%)
[10.362s][info][gc,start    ] GC(102) Garbage Collection (Allocation Rate)
[10.362s][info][gc,task     ] GC(102) Using 4 workers
[10.362s][info][gc,phases   ] GC(102) Pause Mark Start 0.007ms
[10.410s][info][gc,phases   ] GC(102) Concurrent Mark 47.619ms
[10.410s][info][gc,phases   ] GC(102) Pause Mark End 0.009ms
[10.410s][info][gc,phases   ] GC(102) Concurrent Mark Free 0.001ms
[10.410s][info][gc,phases   ] GC(102) Concurrent Process Non-Strong References 0.301ms
[10.410s][info][gc,phases   ] GC(102) Concurrent Reset Relocation Set 0.007ms
[10.423s][info][gc,phases   ] GC(102) Concurrent Select Relocation Set 12.701ms
[10.423s][info][gc,phases   ] GC(102) Pause Relocate Start 0.008ms
[10.435s][info][gc,phases   ] GC(102) Concurrent Relocate 11.872ms
[10.435s][info][gc,load     ] GC(102) Load: 0.00/0.00/0.00
[10.435s][info][gc,mmu      ] GC(102) MMU: 2ms/98.3%, 5ms/99.3%, 10ms/99.5%, 20ms/99.7%, 50ms/99.9%, 100ms/99.9%
[10.435s][info][gc,marking  ] GC(102) Mark: 4 stripe(s), 2 proactive flush(es), 1 terminate flush(es), 0 completion(s), 0 continuation(s) 
[10.435s][info][gc,marking  ] GC(102) Mark Stack Usage: 32M
[10.435s][info][gc,nmethod  ] GC(102) NMethods: 330 registered, 0 unregistered
[10.435s][info][gc,metaspace] GC(102) Metaspace: 0M used, 0M committed, 1032M reserved
[10.435s][info][gc,ref      ] GC(102) Soft: 95 encountered, 0 discovered, 0 enqueued
[10.435s][info][gc,ref      ] GC(102) Weak: 147 encountered, 0 discovered, 0 enqueued
[10.435s][info][gc,ref      ] GC(102) Final: 0 encountered, 0 discovered, 0 enqueued
[10.435s][info][gc,ref      ] GC(102) Phantom: 1 encountered, 0 discovered, 0 enqueued
[10.435s][info][gc,reloc    ] GC(102) Small Pages: 254 / 508M, Empty: 358M, Relocated: 17M, In-Place: 0
[10.435s][info][gc,reloc    ] GC(102) Medium Pages: 1 / 32M, Empty: 0M, Relocated: 0M, In-Place: 0
[10.435s][info][gc,reloc    ] GC(102) Large Pages: 0 / 0M, Empty: 0M, Relocated: 0M, In-Place: 0
[10.435s][info][gc,reloc    ] GC(102) Forwarding Usage: 12M
[10.435s][info][gc,heap     ] GC(102) Min Capacity: 1024M(100%)
[10.435s][info][gc,heap     ] GC(102) Max Capacity: 1024M(100%)
[10.435s][info][gc,heap     ] GC(102) Soft Max Capacity: 1024M(100%)
[10.435s][info][gc,heap     ] GC(102)                Mark Start          Mark End        Relocate Start      Relocate End           High               Low         
[10.435s][info][gc,heap     ] GC(102)  Capacity:     1024M (100%)       1024M (100%)       1024M (100%)       1024M (100%)       1024M (100%)       1024M (100%)   
[10.435s][info][gc,heap     ] GC(102)      Free:      484M (47%)         318M (31%)         636M (62%)         682M (67%)         682M (67%)         318M (31%)    
[10.435s][info][gc,heap     ] GC(102)      Used:      540M (53%)         706M (69%)         388M (38%)         342M (33%)         706M (69%)         342M (33%)    
[10.435s][info][gc,heap     ] GC(102)      Live:         -                67M (7%)           67M (7%)           67M (7%)             -                  -          
[10.435s][info][gc,heap     ] GC(102) Allocated:         -               166M (16%)         206M (20%)         231M (23%)            -                  -          
[10.436s][info][gc,heap     ] GC(102)   Garbage:         -               472M (46%)         114M (11%)          42M (4%)             -                  -          
[10.436s][info][gc,heap     ] GC(102) Reclaimed:         -                  -               358M (35%)         429M (42%)            -                  -          
[10.436s][info][gc          ] GC(102) Garbage Collection (Allocation Rate) 540M(53%)->342M(33%)
[10.458s][info][gc,start    ] GC(103) Garbage Collection (Allocation Rate)
[10.458s][info][gc,task     ] GC(103) Using 4 workers
[10.458s][info][gc,phases   ] GC(103) Pause Mark Start 0.005ms
[10.503s][info][gc,phases   ] GC(103) Concurrent Mark 45.598ms
[10.504s][info][gc,phases   ] GC(103) Pause Mark End 0.018ms
[10.504s][info][gc,phases   ] GC(103) Concurrent Mark Free 0.001ms
[10.504s][info][gc,phases   ] GC(103) Concurrent Process Non-Strong References 0.329ms
[10.504s][info][gc,phases   ] GC(103) Concurrent Reset Relocation Set 0.009ms
[10.508s][info][gc,phases   ] GC(103) Concurrent Select Relocation Set 4.348ms
[10.509s][info][gc,phases   ] GC(103) Pause Relocate Start 0.004ms
[10.520s][info][gc,phases   ] GC(103) Concurrent Relocate 11.878ms
[10.521s][info][gc,load     ] GC(103) Load: 0.00/0.00/0.00
[10.521s][info][gc,mmu      ] GC(103) MMU: 2ms/98.3%, 5ms/99.3%, 10ms/99.5%, 20ms/99.7%, 50ms/99.9%, 100ms/99.9%
[10.521s][info][gc,marking  ] GC(103) Mark: 4 stripe(s), 2 proactive flush(es), 1 terminate flush(es), 0 completion(s), 0 continuation(s) 
[10.521s][info][gc,marking  ] GC(103) Mark Stack Usage: 32M
[10.521s][info][gc,nmethod  ] GC(103) NMethods: 330 registered, 0 unregistered
[10.521s][info][gc,metaspace] GC(103) Metaspace: 0M used, 0M committed, 1032M reserved
[10.521s][info][gc,ref      ] GC(103) Soft: 95 encountered, 0 discovered, 0 enqueued
[10.521s][info][gc,ref      ] GC(103) Weak: 147 encountered, 2 discovered, 0 enqueued
[10.521s][info][gc,ref      ] GC(103) Final: 0 encountered, 0 discovered, 0 enqueued
[10.521s][info][gc,ref      ] GC(103) Phantom: 1 encountered, 0 discovered, 0 enqueued
[10.521s][info][gc,reloc    ] GC(103) Small Pages: 200 / 400M, Empty: 266M, Relocated: 12M, In-Place: 0
[10.521s][info][gc,reloc    ] GC(103) Medium Pages: 1 / 32M, Empty: 0M, Relocated: 0M, In-Place: 0
[10.521s][info][gc,reloc    ] GC(103) Large Pages: 0 / 0M, Empty: 0M, Relocated: 0M, In-Place: 0
[10.521s][info][gc,reloc    ] GC(103) Forwarding Usage: 8M
[10.521s][info][gc,heap     ] GC(103) Min Capacity: 1024M(100%)
[10.521s][info][gc,heap     ] GC(103) Max Capacity: 1024M(100%)
[10.521s][info][gc,heap     ] GC(103) Soft Max Capacity: 1024M(100%)
[10.521s][info][gc,heap     ] GC(103)                Mark Start          Mark End        Relocate Start      Relocate End           High               Low         
[10.521s][info][gc,heap     ] GC(103)  Capacity:     1024M (100%)       1024M (100%)       1024M (100%)       1024M (100%)       1024M (100%)       1024M (100%)   
[10.521s][info][gc,heap     ] GC(103)      Free:      592M (58%)         426M (42%)         674M (66%)         694M (68%)         704M (69%)         424M (41%)    
[10.521s][info][gc,heap     ] GC(103)      Used:      432M (42%)         598M (58%)         350M (34%)         330M (32%)         600M (59%)         320M (31%)    
[10.521s][info][gc,heap     ] GC(103)      Live:         -                67M (7%)           67M (7%)           67M (7%)             -                  -          
[10.521s][info][gc,heap     ] GC(103) Allocated:         -               166M (16%)         184M (18%)         213M (21%)            -                  -          
[10.521s][info][gc,heap     ] GC(103)   Garbage:         -               364M (36%)          98M (10%)          48M (5%)             -                  -          
[10.521s][info][gc,heap     ] GC(103) Reclaimed:         -                  -               266M (26%)         315M (31%)            -                  -          
[10.521s][info][gc          ] GC(103) Garbage Collection (Allocation Rate) 432M(42%)->330M(32%)
[10.551s][info][gc,start    ] GC(104) Garbage Collection (Allocation Rate)
[10.551s][info][gc,task     ] GC(104) Using 4 workers
[10.552s][info][gc,phases   ] GC(104) Pause Mark Start 0.004ms
[10.597s][info][gc,phases   ] GC(104) Concurrent Mark 45.591ms
[10.597s][info][gc,phases   ] GC(104) Pause Mark End 0.009ms
[10.597s][info][gc,phases   ] GC(104) Concurrent Mark Free 0.001ms
[10.598s][info][gc,phases   ] GC(104) Concurrent Process Non-Strong References 0.319ms
[10.598s][info][gc,phases   ] GC(104) Concurrent Reset Relocation Set 0.007ms
[10.603s][info][gc,phases   ] GC(104) Concurrent Select Relocation Set 4.790ms
[10.603s][info][gc,phases   ] GC(104) Pause Relocate Start 0.006ms
[10.612s][info][gc,phases   ] GC(104) Concurrent Relocate 9.037ms
[10.612s][info][gc,load     ] GC(104) Load: 0.00/0.00/0.00
[10.612s][info][gc,mmu      ] GC(104) MMU: 2ms/98.3%, 5ms/99.3%, 10ms/99.5%, 20ms/99.7%, 50ms/99.9%, 100ms/99.9%
[10.612s][info][gc,marking  ] GC(104) Mark: 4 stripe(s), 2 proactive flush(es), 1 terminate flush(es), 0 completion(s), 0 continuation(s) 
[10.612s][info][gc,marking  ] GC(104) Mark Stack Usage: 32M
[10.612s][info][gc,nmethod  ] GC(104) NMethods: 330 registered, 0 unregistered
[10.612s][info][gc,metaspace] GC(104) Metaspace: 0M used, 0M committed, 1032M reserved
[10.612s][info][gc,ref      ] GC(104) Soft: 95 encountered, 0 discovered, 0 enqueued
[10.612s][info][gc,ref      ] GC(104) Weak: 147 encountered, 2 discovered, 0 enqueued
[10.612s][info][gc,ref      ] GC(104) Final: 0 encountered, 0 discovered, 0 enqueued
[10.612s][info][gc,ref      ] GC(104) Phantom: 1 encountered, 0 discovered, 0 enqueued
[10.612s][info][gc,reloc    ] GC(104) Small Pages: 217 / 434M, Empty: 300M, Relocated: 10M, In-Place: 0
[10.612s][info][gc,reloc    ] GC(104) Medium Pages: 1 / 32M, Empty: 0M, Relocated: 0M, In-Place: 0
[10.612s][info][gc,reloc    ] GC(104) Large Pages: 0 / 0M, Empty: 0M, Relocated: 0M, In-Place: 0
[10.612s][info][gc,reloc    ] GC(104) Forwarding Usage: 7M
[10.612s][info][gc,heap     ] GC(104) Min Capacity: 1024M(100%)
[10.612s][info][gc,heap     ] GC(104) Max Capacity: 1024M(100%)
[10.612s][info][gc,heap     ] GC(104) Soft Max Capacity: 1024M(100%)
[10.612s][info][gc,heap     ] GC(104)                Mark Start          Mark End        Relocate Start      Relocate End           High               Low         
[10.612s][info][gc,heap     ] GC(104)  Capacity:     1024M (100%)       1024M (100%)       1024M (100%)       1024M (100%)       1024M (100%)       1024M (100%)   
[10.612s][info][gc,heap     ] GC(104)      Free:      558M (54%)         390M (38%)         668M (65%)         698M (68%)         702M (69%)         386M (38%)    
[10.612s][info][gc,heap     ] GC(104)      Used:      466M (46%)         634M (62%)         356M (35%)         326M (32%)         638M (62%)         322M (31%)    
[10.612s][info][gc,heap     ] GC(104)      Live:         -                67M (7%)           67M (7%)           67M (7%)             -                  -          
[10.612s][info][gc,heap     ] GC(104) Allocated:         -               168M (16%)         190M (19%)         209M (20%)            -                  -          
[10.612s][info][gc,heap     ] GC(104)   Garbage:         -               398M (39%)          98M (10%)          48M (5%)             -                  -          
[10.612s][info][gc,heap     ] GC(104) Reclaimed:         -                  -               300M (29%)         349M (34%)            -                  -          
[10.612s][info][gc          ] GC(104) Garbage Collection (Allocation Rate) 466M(46%)->326M(32%)
[10.660s][info][gc,start    ] GC(105) Garbage Collection (Allocation Rate)
[10.660s][info][gc,task     ] GC(105) Using 4 workers
[10.660s][info][gc,phases   ] GC(105) Pause Mark Start 0.004ms
[10.708s][info][gc,phases   ] GC(105) Concurrent Mark 47.590ms
[10.708s][info][gc,phases   ] GC(105) Pause Mark End 0.008ms
[10.708s][info][gc,phases   ] GC(105) Concurrent Mark Free 0.001ms
[10.708s][info][gc,phases   ] GC(105) Concurrent Process Non-Strong References 0.287ms
[10.708s][info][gc,phases   ] GC(105) Concurrent Reset Relocation Set 0.006ms
[10.717s][info][gc,phases   ] GC(105) Concurrent Select Relocation Set 8.711ms
[10.717s][info][gc,phases   ] GC(105) Pause Relocate Start 0.005ms
[10.732s][info][gc,phases   ] GC(105) Concurrent Relocate 14.586ms
[10.732s][info][gc,load     ] GC(105) Load: 0.00/0.00/0.00
[10.732s][info][gc,mmu      ] GC(105) MMU: 2ms/98.3%, 5ms/99.3%, 10ms/99.5%, 20ms/99.7%, 50ms/99.9%, 100ms/99.9%
[10.732s][info][gc,marking  ] GC(105) Mark: 4 stripe(s), 2 proactive flush(es), 1 terminate flush(es), 0 completion(s), 0 continuation(s) 
[10.732s][info][gc,marking  ] GC(105) Mark Stack Usage: 32M
[10.732s][info][gc,nmethod  ] GC(105) NMethods: 330 registered, 0 unregistered
[10.732s][info][gc,metaspace] GC(105) Metaspace: 0M used, 0M committed, 1032M reserved
[10.732s][info][gc,ref      ] GC(105) Soft: 95 encountered, 0 discovered, 0 enqueued
[10.732s][info][gc,ref      ] GC(105) Weak: 147 encountered, 10 discovered, 0 enqueued
[10.732s][info][gc,ref      ] GC(105) Final: 0 encountered, 0 discovered, 0 enqueued
[10.732s][info][gc,ref      ] GC(105) Phantom: 1 encountered, 0 discovered, 0 enqueued
[10.732s][info][gc,reloc    ] GC(105) Small Pages: 243 / 486M, Empty: 346M, Relocated: 17M, In-Place: 0
[10.732s][info][gc,reloc    ] GC(105) Medium Pages: 1 / 32M, Empty: 0M, Relocated: 0M, In-Place: 0
[10.732s][info][gc,reloc    ] GC(105) Large Pages: 0 / 0M, Empty: 0M, Relocated: 0M, In-Place: 0
[10.732s][info][gc,reloc    ] GC(105) Forwarding Usage: 13M
[10.732s][info][gc,heap     ] GC(105) Min Capacity: 1024M(100%)
[10.732s][info][gc,heap     ] GC(105) Max Capacity: 1024M(100%)
[10.732s][info][gc,heap     ] GC(105) Soft Max Capacity: 1024M(100%)
[10.732s][info][gc,heap     ] GC(105)                Mark Start          Mark End        Relocate Start      Relocate End           High               Low         
[10.732s][info][gc,heap     ] GC(105)  Capacity:     1024M (100%)       1024M (100%)       1024M (100%)       1024M (100%)       1024M (100%)       1024M (100%)   
[10.732s][info][gc,heap     ] GC(105)      Free:      506M (49%)         328M (32%)         640M (62%)         662M (65%)         678M (66%)         328M (32%)    
[10.732s][info][gc,heap     ] GC(105)      Used:      518M (51%)         696M (68%)         384M (38%)         362M (35%)         696M (68%)         346M (34%)    
[10.732s][info][gc,heap     ] GC(105)      Live:         -                67M (7%)           67M (7%)           67M (7%)             -                  -          
[10.732s][info][gc,heap     ] GC(105) Allocated:         -               178M (17%)         212M (21%)         249M (24%)            -                  -          
[10.732s][info][gc,heap     ] GC(105)   Garbage:         -               450M (44%)         104M (10%)          44M (4%)             -                  -          
[10.732s][info][gc,heap     ] GC(105) Reclaimed:         -                  -               346M (34%)         405M (40%)            -                  -          
[10.732s][info][gc          ] GC(105) Garbage Collection (Allocation Rate) 518M(51%)->362M(35%)
[10.756s][info][gc,start    ] GC(106) Garbage Collection (Allocation Rate)
[10.756s][info][gc,task     ] GC(106) Using 4 workers
[10.756s][info][gc,phases   ] GC(106) Pause Mark Start 0.005ms
[10.804s][info][gc,phases   ] GC(106) Concurrent Mark 47.520ms
[10.804s][info][gc,phases   ] GC(106) Pause Mark End 0.009ms
[10.804s][info][gc,phases   ] GC(106) Concurrent Mark Free 0.001ms
[10.804s][info][gc,phases   ] GC(106) Concurrent Process Non-Strong References 0.324ms
[10.804s][info][gc,phases   ] GC(106) Concurrent Reset Relocation Set 0.009ms
[10.811s][info][gc,phases   ] GC(106) Concurrent Select Relocation Set 6.501ms
[10.811s][info][gc,phases   ] GC(106) Pause Relocate Start 0.005ms
[10.824s][info][gc,phases   ] GC(106) Concurrent Relocate 13.029ms
[10.824s][info][gc,load     ] GC(106) Load: 0.00/0.00/0.00
[10.824s][info][gc,mmu      ] GC(106) MMU: 2ms/98.3%, 5ms/99.3%, 10ms/99.5%, 20ms/99.7%, 50ms/99.9%, 100ms/99.9%
[10.824s][info][gc,marking  ] GC(106) Mark: 4 stripe(s), 2 proactive flush(es), 1 terminate flush(es), 0 completion(s), 0 continuation(s) 
[10.824s][info][gc,marking  ] GC(106) Mark Stack Usage: 32M
[10.824s][info][gc,nmethod  ] GC(106) NMethods: 330 registered, 0 unregistered
[10.824s][info][gc,metaspace] GC(106) Metaspace: 0M used, 0M committed, 1032M reserved
[10.824s][info][gc,ref      ] GC(106) Soft: 95 encountered, 0 discovered, 0 enqueued
[10.824s][info][gc,ref      ] GC(106) Weak: 147 encountered, 2 discovered, 0 enqueued
[10.824s][info][gc,ref      ] GC(106) Final: 0 encountered, 0 discovered, 0 enqueued
[10.824s][info][gc,ref      ] GC(106) Phantom: 1 encountered, 0 discovered, 0 enqueued
[10.824s][info][gc,reloc    ] GC(106) Small Pages: 217 / 434M, Empty: 296M, Relocated: 12M, In-Place: 0
[10.824s][info][gc,reloc    ] GC(106) Medium Pages: 1 / 32M, Empty: 0M, Relocated: 0M, In-Place: 0
[10.824s][info][gc,reloc    ] GC(106) Large Pages: 0 / 0M, Empty: 0M, Relocated: 0M, In-Place: 0
[10.824s][info][gc,reloc    ] GC(106) Forwarding Usage: 8M
[10.824s][info][gc,heap     ] GC(106) Min Capacity: 1024M(100%)
[10.824s][info][gc,heap     ] GC(106) Max Capacity: 1024M(100%)
[10.824s][info][gc,heap     ] GC(106) Soft Max Capacity: 1024M(100%)
[10.824s][info][gc,heap     ] GC(106)                Mark Start          Mark End        Relocate Start      Relocate End           High               Low         
[10.824s][info][gc,heap     ] GC(106)  Capacity:     1024M (100%)       1024M (100%)       1024M (100%)       1024M (100%)       1024M (100%)       1024M (100%)   
[10.824s][info][gc,heap     ] GC(106)      Free:      558M (54%)         374M (37%)         646M (63%)         664M (65%)         680M (66%)         374M (37%)    
[10.824s][info][gc,heap     ] GC(106)      Used:      466M (46%)         650M (63%)         378M (37%)         360M (35%)         650M (63%)         344M (34%)    
[10.824s][info][gc,heap     ] GC(106)      Live:         -                67M (7%)           67M (7%)           67M (7%)             -                  -          
[10.824s][info][gc,heap     ] GC(106) Allocated:         -               184M (18%)         208M (20%)         243M (24%)            -                  -          
[10.824s][info][gc,heap     ] GC(106)   Garbage:         -               398M (39%)         102M (10%)          48M (5%)             -                  -          
[10.824s][info][gc,heap     ] GC(106) Reclaimed:         -                  -               296M (29%)         349M (34%)            -                  -          
[10.824s][info][gc          ] GC(106) Garbage Collection (Allocation Rate) 466M(46%)->360M(35%)
[10.851s][info][gc,start    ] GC(107) Garbage Collection (Allocation Rate)
[10.851s][info][gc,task     ] GC(107) Using 4 workers
[10.851s][info][gc,phases   ] GC(107) Pause Mark Start 0.006ms
[10.897s][info][gc,phases   ] GC(107) Concurrent Mark 46.530ms
[10.898s][info][gc,phases   ] GC(107) Pause Mark End 0.009ms
[10.898s][info][gc,phases   ] GC(107) Concurrent Mark Free 0.001ms
[10.898s][info][gc,phases   ] GC(107) Concurrent Process Non-Strong References 0.316ms
[10.898s][info][gc,phases   ] GC(107) Concurrent Reset Relocation Set 0.007ms
[10.907s][info][gc,phases   ] GC(107) Concurrent Select Relocation Set 9.482ms
[10.908s][info][gc,phases   ] GC(107) Pause Relocate Start 0.005ms
[10.925s][info][gc,phases   ] GC(107) Concurrent Relocate 17.173ms
[10.925s][info][gc,load     ] GC(107) Load: 0.00/0.00/0.00
[10.925s][info][gc,mmu      ] GC(107) MMU: 2ms/98.3%, 5ms/99.3%, 10ms/99.5%, 20ms/99.7%, 50ms/99.9%, 100ms/99.9%
[10.925s][info][gc,marking  ] GC(107) Mark: 4 stripe(s), 2 proactive flush(es), 1 terminate flush(es), 0 completion(s), 0 continuation(s) 
[10.925s][info][gc,marking  ] GC(107) Mark Stack Usage: 32M
[10.925s][info][gc,nmethod  ] GC(107) NMethods: 330 registered, 0 unregistered
[10.925s][info][gc,metaspace] GC(107) Metaspace: 0M used, 0M committed, 1032M reserved
[10.925s][info][gc,ref      ] GC(107) Soft: 95 encountered, 0 discovered, 0 enqueued
[10.925s][info][gc,ref      ] GC(107) Weak: 147 encountered, 2 discovered, 0 enqueued
[10.925s][info][gc,ref      ] GC(107) Final: 0 encountered, 0 discovered, 0 enqueued
[10.925s][info][gc,ref      ] GC(107) Phantom: 1 encountered, 0 discovered, 0 enqueued
[10.925s][info][gc,reloc    ] GC(107) Small Pages: 221 / 442M, Empty: 306M, Relocated: 17M, In-Place: 0
[10.925s][info][gc,reloc    ] GC(107) Medium Pages: 1 / 32M, Empty: 0M, Relocated: 0M, In-Place: 0
[10.925s][info][gc,reloc    ] GC(107) Large Pages: 0 / 0M, Empty: 0M, Relocated: 0M, In-Place: 0
[10.925s][info][gc,reloc    ] GC(107) Forwarding Usage: 12M
[10.925s][info][gc,heap     ] GC(107) Min Capacity: 1024M(100%)
[10.925s][info][gc,heap     ] GC(107) Max Capacity: 1024M(100%)
[10.925s][info][gc,heap     ] GC(107) Soft Max Capacity: 1024M(100%)
[10.925s][info][gc,heap     ] GC(107)                Mark Start          Mark End        Relocate Start      Relocate End           High               Low         
[10.925s][info][gc,heap     ] GC(107)  Capacity:     1024M (100%)       1024M (100%)       1024M (100%)       1024M (100%)       1024M (100%)       1024M (100%)   
[10.925s][info][gc,heap     ] GC(107)      Free:      550M (54%)         380M (37%)         650M (63%)         654M (64%)         678M (66%)         378M (37%)    
[10.925s][info][gc,heap     ] GC(107)      Used:      474M (46%)         644M (63%)         374M (37%)         370M (36%)         646M (63%)         346M (34%)    
[10.925s][info][gc,heap     ] GC(107)      Live:         -                67M (7%)           67M (7%)           67M (7%)             -                  -          
[10.925s][info][gc,heap     ] GC(107) Allocated:         -               170M (17%)         206M (20%)         257M (25%)            -                  -          
[10.925s][info][gc,heap     ] GC(107)   Garbage:         -               406M (40%)         100M (10%)          44M (4%)             -                  -          
[10.925s][info][gc,heap     ] GC(107) Reclaimed:         -                  -               306M (30%)         361M (35%)            -                  -          
[10.925s][info][gc          ] GC(107) Garbage Collection (Allocation Rate) 474M(46%)->370M(36%)
[10.960s][info][gc,start    ] GC(108) Garbage Collection (Allocation Rate)
[10.960s][info][gc,task     ] GC(108) Using 4 workers
[10.960s][info][gc,phases   ] GC(108) Pause Mark Start 0.006ms
[11.007s][info][gc,phases   ] GC(108) Concurrent Mark 46.633ms
[11.007s][info][gc,phases   ] GC(108) Pause Mark End 0.010ms
[11.007s][info][gc,phases   ] GC(108) Concurrent Mark Free 0.001ms
[11.008s][info][gc,phases   ] GC(108) Concurrent Process Non-Strong References 0.305ms
[11.008s][info][gc,phases   ] GC(108) Concurrent Reset Relocation Set 0.009ms
[11.014s][info][gc,phases   ] GC(108) Concurrent Select Relocation Set 5.815ms
[11.014s][info][gc,phases   ] GC(108) Pause Relocate Start 0.005ms
[11.023s][info][gc,phases   ] GC(108) Concurrent Relocate 9.210ms
[11.023s][info][gc,load     ] GC(108) Load: 0.00/0.00/0.00
[11.023s][info][gc,mmu      ] GC(108) MMU: 2ms/98.3%, 5ms/99.3%, 10ms/99.5%, 20ms/99.7%, 50ms/99.9%, 100ms/99.9%
[11.023s][info][gc,marking  ] GC(108) Mark: 4 stripe(s), 2 proactive flush(es), 1 terminate flush(es), 0 completion(s), 0 continuation(s) 
[11.023s][info][gc,marking  ] GC(108) Mark Stack Usage: 32M
[11.023s][info][gc,nmethod  ] GC(108) NMethods: 330 registered, 0 unregistered
[11.023s][info][gc,metaspace] GC(108) Metaspace: 0M used, 0M committed, 1032M reserved
[11.023s][info][gc,ref      ] GC(108) Soft: 95 encountered, 0 discovered, 0 enqueued
[11.023s][info][gc,ref      ] GC(108) Weak: 147 encountered, 2 discovered, 0 enqueued
[11.023s][info][gc,ref      ] GC(108) Final: 0 encountered, 0 discovered, 0 enqueued
[11.023s][info][gc,ref      ] GC(108) Phantom: 1 encountered, 0 discovered, 0 enqueued
[11.023s][info][gc,reloc    ] GC(108) Small Pages: 245 / 490M, Empty: 350M, Relocated: 12M, In-Place: 0
[11.023s][info][gc,reloc    ] GC(108) Medium Pages: 1 / 32M, Empty: 0M, Relocated: 0M, In-Place: 0
[11.023s][info][gc,reloc    ] GC(108) Large Pages: 0 / 0M, Empty: 0M, Relocated: 0M, In-Place: 0
[11.023s][info][gc,reloc    ] GC(108) Forwarding Usage: 9M
[11.023s][info][gc,heap     ] GC(108) Min Capacity: 1024M(100%)
[11.023s][info][gc,heap     ] GC(108) Max Capacity: 1024M(100%)
[11.023s][info][gc,heap     ] GC(108) Soft Max Capacity: 1024M(100%)
[11.023s][info][gc,heap     ] GC(108)                Mark Start          Mark End        Relocate Start      Relocate End           High               Low         
[11.023s][info][gc,heap     ] GC(108)  Capacity:     1024M (100%)       1024M (100%)       1024M (100%)       1024M (100%)       1024M (100%)       1024M (100%)   
[11.023s][info][gc,heap     ] GC(108)      Free:      502M (49%)         328M (32%)         650M (63%)         684M (67%)         692M (68%)         328M (32%)    
[11.023s][info][gc,heap     ] GC(108)      Used:      522M (51%)         696M (68%)         374M (37%)         340M (33%)         696M (68%)         332M (32%)    
[11.023s][info][gc,heap     ] GC(108)      Live:         -                67M (7%)           67M (7%)           67M (7%)             -                  -          
[11.023s][info][gc,heap     ] GC(108) Allocated:         -               174M (17%)         202M (20%)         221M (22%)            -                  -          
[11.023s][info][gc,heap     ] GC(108)   Garbage:         -               454M (44%)         104M (10%)          50M (5%)             -                  -          
[11.023s][info][gc,heap     ] GC(108) Reclaimed:         -                  -               350M (34%)         403M (39%)            -                  -          
[11.023s][info][gc          ] GC(108) Garbage Collection (Allocation Rate) 522M(51%)->340M(33%)
[11.054s][info][gc,start    ] GC(109) Garbage Collection (Allocation Rate)
[11.054s][info][gc,task     ] GC(109) Using 4 workers
[11.054s][info][gc,phases   ] GC(109) Pause Mark Start 0.005ms
[11.102s][info][gc,phases   ] GC(109) Concurrent Mark 47.594ms
[11.102s][info][gc,phases   ] GC(109) Pause Mark End 0.015ms
[11.102s][info][gc,phases   ] GC(109) Concurrent Mark Free 0.001ms
[11.102s][info][gc,phases   ] GC(109) Concurrent Process Non-Strong References 0.385ms
[11.103s][info][gc,phases   ] GC(109) Concurrent Reset Relocation Set 0.009ms
[11.109s][info][gc,phases   ] GC(109) Concurrent Select Relocation Set 6.877ms
[11.110s][info][gc,phases   ] GC(109) Pause Relocate Start 0.005ms
[11.125s][info][gc,phases   ] GC(109) Concurrent Relocate 15.292ms
[11.125s][info][gc,load     ] GC(109) Load: 0.00/0.00/0.00
[11.125s][info][gc,mmu      ] GC(109) MMU: 2ms/98.3%, 5ms/99.3%, 10ms/99.5%, 20ms/99.7%, 50ms/99.9%, 100ms/99.9%
[11.125s][info][gc,marking  ] GC(109) Mark: 4 stripe(s), 2 proactive flush(es), 1 terminate flush(es), 0 completion(s), 0 continuation(s) 
[11.125s][info][gc,marking  ] GC(109) Mark Stack Usage: 32M
[11.125s][info][gc,nmethod  ] GC(109) NMethods: 330 registered, 0 unregistered
[11.125s][info][gc,metaspace] GC(109) Metaspace: 0M used, 0M committed, 1032M reserved
[11.125s][info][gc,ref      ] GC(109) Soft: 95 encountered, 0 discovered, 0 enqueued
[11.125s][info][gc,ref      ] GC(109) Weak: 147 encountered, 2 discovered, 0 enqueued
[11.125s][info][gc,ref      ] GC(109) Final: 0 encountered, 0 discovered, 0 enqueued
[11.125s][info][gc,ref      ] GC(109) Phantom: 1 encountered, 0 discovered, 0 enqueued
[11.125s][info][gc,reloc    ] GC(109) Small Pages: 215 / 430M, Empty: 284M, Relocated: 12M, In-Place: 0
[11.125s][info][gc,reloc    ] GC(109) Medium Pages: 1 / 32M, Empty: 0M, Relocated: 0M, In-Place: 0
[11.125s][info][gc,reloc    ] GC(109) Large Pages: 0 / 0M, Empty: 0M, Relocated: 0M, In-Place: 0
[11.125s][info][gc,reloc    ] GC(109) Forwarding Usage: 8M
[11.125s][info][gc,heap     ] GC(109) Min Capacity: 1024M(100%)
[11.125s][info][gc,heap     ] GC(109) Max Capacity: 1024M(100%)
[11.125s][info][gc,heap     ] GC(109) Soft Max Capacity: 1024M(100%)
[11.125s][info][gc,heap     ] GC(109)                Mark Start          Mark End        Relocate Start      Relocate End           High               Low         
[11.125s][info][gc,heap     ] GC(109)  Capacity:     1024M (100%)       1024M (100%)       1024M (100%)       1024M (100%)       1024M (100%)       1024M (100%)   
[11.125s][info][gc,heap     ] GC(109)      Free:      562M (55%)         402M (39%)         662M (65%)         686M (67%)         702M (69%)         398M (39%)    
[11.125s][info][gc,heap     ] GC(109)      Used:      462M (45%)         622M (61%)         362M (35%)         338M (33%)         626M (61%)         322M (31%)    
[11.125s][info][gc,heap     ] GC(109)      Live:         -                67M (7%)           67M (7%)           67M (7%)             -                  -          
[11.125s][info][gc,heap     ] GC(109) Allocated:         -               160M (16%)         184M (18%)         221M (22%)            -                  -          
[11.125s][info][gc,heap     ] GC(109)   Garbage:         -               394M (38%)         110M (11%)          48M (5%)             -                  -          
[11.125s][info][gc,heap     ] GC(109) Reclaimed:         -                  -               284M (28%)         345M (34%)            -                  -          
[11.125s][info][gc          ] GC(109) Garbage Collection (Allocation Rate) 462M(45%)->338M(33%)
[11.149s][info][gc,start    ] GC(110) Garbage Collection (Allocation Rate)
[11.149s][info][gc,task     ] GC(110) Using 4 workers
[11.149s][info][gc,phases   ] GC(110) Pause Mark Start 0.005ms
[11.197s][info][gc,phases   ] GC(110) Concurrent Mark 47.529ms
[11.197s][info][gc,phases   ] GC(110) Pause Mark End 0.009ms
[11.197s][info][gc,phases   ] GC(110) Concurrent Mark Free 0.001ms
[11.197s][info][gc,phases   ] GC(110) Concurrent Process Non-Strong References 0.279ms
[11.197s][info][gc,phases   ] GC(110) Concurrent Reset Relocation Set 0.010ms
[11.206s][info][gc,phases   ] GC(110) Concurrent Select Relocation Set 8.976ms
[11.206s][info][gc,phases   ] GC(110) Pause Relocate Start 0.005ms
[11.221s][info][gc,phases   ] GC(110) Concurrent Relocate 14.070ms
[11.221s][info][gc,load     ] GC(110) Load: 0.00/0.00/0.00
[11.221s][info][gc,mmu      ] GC(110) MMU: 2ms/98.3%, 5ms/99.3%, 10ms/99.5%, 20ms/99.7%, 50ms/99.9%, 100ms/99.9%
[11.221s][info][gc,marking  ] GC(110) Mark: 4 stripe(s), 2 proactive flush(es), 1 terminate flush(es), 0 completion(s), 0 continuation(s) 
[11.221s][info][gc,marking  ] GC(110) Mark Stack Usage: 32M
[11.221s][info][gc,nmethod  ] GC(110) NMethods: 330 registered, 0 unregistered
[11.221s][info][gc,metaspace] GC(110) Metaspace: 0M used, 0M committed, 1032M reserved
[11.221s][info][gc,ref      ] GC(110) Soft: 95 encountered, 0 discovered, 0 enqueued
[11.221s][info][gc,ref      ] GC(110) Weak: 147 encountered, 2 discovered, 0 enqueued
[11.221s][info][gc,ref      ] GC(110) Final: 0 encountered, 0 discovered, 0 enqueued
[11.221s][info][gc,ref      ] GC(110) Phantom: 1 encountered, 0 discovered, 0 enqueued
[11.221s][info][gc,reloc    ] GC(110) Small Pages: 206 / 412M, Empty: 270M, Relocated: 17M, In-Place: 0
[11.221s][info][gc,reloc    ] GC(110) Medium Pages: 1 / 32M, Empty: 0M, Relocated: 0M, In-Place: 0
[11.221s][info][gc,reloc    ] GC(110) Large Pages: 0 / 0M, Empty: 0M, Relocated: 0M, In-Place: 0
[11.221s][info][gc,reloc    ] GC(110) Forwarding Usage: 12M
[11.221s][info][gc,heap     ] GC(110) Min Capacity: 1024M(100%)
[11.221s][info][gc,heap     ] GC(110) Max Capacity: 1024M(100%)
[11.221s][info][gc,heap     ] GC(110) Soft Max Capacity: 1024M(100%)
[11.221s][info][gc,heap     ] GC(110)                Mark Start          Mark End        Relocate Start      Relocate End           High               Low         
[11.221s][info][gc,heap     ] GC(110)  Capacity:     1024M (100%)       1024M (100%)       1024M (100%)       1024M (100%)       1024M (100%)       1024M (100%)   
[11.221s][info][gc,heap     ] GC(110)      Free:      580M (57%)         422M (41%)         660M (64%)         688M (67%)         696M (68%)         420M (41%)    
[11.221s][info][gc,heap     ] GC(110)      Used:      444M (43%)         602M (59%)         364M (36%)         336M (33%)         604M (59%)         328M (32%)    
[11.221s][info][gc,heap     ] GC(110)      Live:         -                67M (7%)           67M (7%)           67M (7%)             -                  -          
[11.221s][info][gc,heap     ] GC(110) Allocated:         -               158M (15%)         190M (19%)         223M (22%)            -                  -          
[11.221s][info][gc,heap     ] GC(110)   Garbage:         -               376M (37%)         106M (10%)          44M (4%)             -                  -          
[11.221s][info][gc,heap     ] GC(110) Reclaimed:         -                  -               270M (26%)         331M (32%)            -                  -          
[11.221s][info][gc          ] GC(110) Garbage Collection (Allocation Rate) 444M(43%)->336M(33%)
[11.260s][info][gc,start    ] GC(111) Garbage Collection (Allocation Rate)
[11.260s][info][gc,task     ] GC(111) Using 4 workers
[11.260s][info][gc,phases   ] GC(111) Pause Mark Start 0.009ms
[11.305s][info][gc,phases   ] GC(111) Concurrent Mark 45.465ms
[11.305s][info][gc,phases   ] GC(111) Pause Mark End 0.013ms
[11.305s][info][gc,phases   ] GC(111) Concurrent Mark Free 0.001ms
[11.306s][info][gc,phases   ] GC(111) Concurrent Process Non-Strong References 0.269ms
[11.306s][info][gc,phases   ] GC(111) Concurrent Reset Relocation Set 0.007ms
[11.311s][info][gc,phases   ] GC(111) Concurrent Select Relocation Set 5.086ms
[11.311s][info][gc,phases   ] GC(111) Pause Relocate Start 0.006ms
[11.328s][info][gc,phases   ] GC(111) Concurrent Relocate 17.244ms
[11.328s][info][gc,load     ] GC(111) Load: 0.00/0.00/0.00
[11.328s][info][gc,mmu      ] GC(111) MMU: 2ms/98.3%, 5ms/99.3%, 10ms/99.5%, 20ms/99.7%, 50ms/99.9%, 100ms/99.9%
[11.328s][info][gc,marking  ] GC(111) Mark: 4 stripe(s), 2 proactive flush(es), 1 terminate flush(es), 0 completion(s), 0 continuation(s) 
[11.328s][info][gc,marking  ] GC(111) Mark Stack Usage: 32M
[11.328s][info][gc,nmethod  ] GC(111) NMethods: 330 registered, 0 unregistered
[11.328s][info][gc,metaspace] GC(111) Metaspace: 0M used, 0M committed, 1032M reserved
[11.328s][info][gc,ref      ] GC(111) Soft: 95 encountered, 0 discovered, 0 enqueued
[11.328s][info][gc,ref      ] GC(111) Weak: 147 encountered, 2 discovered, 0 enqueued
[11.328s][info][gc,ref      ] GC(111) Final: 0 encountered, 0 discovered, 0 enqueued
[11.328s][info][gc,ref      ] GC(111) Phantom: 1 encountered, 0 discovered, 0 enqueued
[11.328s][info][gc,reloc    ] GC(111) Small Pages: 231 / 462M, Empty: 336M, Relocated: 17M, In-Place: 0
[11.328s][info][gc,reloc    ] GC(111) Medium Pages: 1 / 32M, Empty: 0M, Relocated: 0M, In-Place: 0
[11.328s][info][gc,reloc    ] GC(111) Large Pages: 0 / 0M, Empty: 0M, Relocated: 0M, In-Place: 0
[11.329s][info][gc,reloc    ] GC(111) Forwarding Usage: 12M
[11.329s][info][gc,heap     ] GC(111) Min Capacity: 1024M(100%)
[11.329s][info][gc,heap     ] GC(111) Max Capacity: 1024M(100%)
[11.329s][info][gc,heap     ] GC(111) Soft Max Capacity: 1024M(100%)
[11.329s][info][gc,heap     ] GC(111)                Mark Start          Mark End        Relocate Start      Relocate End           High               Low         
[11.329s][info][gc,heap     ] GC(111)  Capacity:     1024M (100%)       1024M (100%)       1024M (100%)       1024M (100%)       1024M (100%)       1024M (100%)   
[11.329s][info][gc,heap     ] GC(111)      Free:      530M (52%)         382M (37%)         700M (68%)         700M (68%)         718M (70%)         380M (37%)    
[11.329s][info][gc,heap     ] GC(111)      Used:      494M (48%)         642M (63%)         324M (32%)         324M (32%)         644M (63%)         306M (30%)    
[11.329s][info][gc,heap     ] GC(111)      Live:         -                67M (7%)           67M (7%)           67M (7%)             -                  -          
[11.329s][info][gc,heap     ] GC(111) Allocated:         -               148M (14%)         166M (16%)         211M (21%)            -                  -          
[11.329s][info][gc,heap     ] GC(111)   Garbage:         -               426M (42%)          90M (9%)           44M (4%)             -                  -          
[11.329s][info][gc,heap     ] GC(111) Reclaimed:         -                  -               336M (33%)         381M (37%)            -                  -          
[11.329s][info][gc          ] GC(111) Garbage Collection (Allocation Rate) 494M(48%)->324M(32%)
[11.353s][info][gc,start    ] GC(112) Garbage Collection (Allocation Rate)
[11.353s][info][gc,task     ] GC(112) Using 4 workers
[11.353s][info][gc,phases   ] GC(112) Pause Mark Start 0.005ms
[11.400s][info][gc,phases   ] GC(112) Concurrent Mark 46.635ms
[11.400s][info][gc,phases   ] GC(112) Pause Mark End 0.013ms
[11.400s][info][gc,phases   ] GC(112) Concurrent Mark Free 0.001ms
[11.401s][info][gc,phases   ] GC(112) Concurrent Process Non-Strong References 0.345ms
[11.401s][info][gc,phases   ] GC(112) Concurrent Reset Relocation Set 0.008ms
[11.406s][info][gc,phases   ] GC(112) Concurrent Select Relocation Set 5.224ms
[11.406s][info][gc,phases   ] GC(112) Pause Relocate Start 0.006ms
[11.418s][info][gc,phases   ] GC(112) Concurrent Relocate 12.104ms
[11.418s][info][gc,load     ] GC(112) Load: 0.00/0.00/0.00
[11.418s][info][gc,mmu      ] GC(112) MMU: 2ms/98.3%, 5ms/99.3%, 10ms/99.5%, 20ms/99.7%, 50ms/99.9%, 100ms/99.9%
[11.418s][info][gc,marking  ] GC(112) Mark: 4 stripe(s), 2 proactive flush(es), 1 terminate flush(es), 0 completion(s), 0 continuation(s) 
[11.418s][info][gc,marking  ] GC(112) Mark Stack Usage: 32M
[11.418s][info][gc,nmethod  ] GC(112) NMethods: 330 registered, 0 unregistered
[11.418s][info][gc,metaspace] GC(112) Metaspace: 0M used, 0M committed, 1032M reserved
[11.418s][info][gc,ref      ] GC(112) Soft: 95 encountered, 0 discovered, 0 enqueued
[11.418s][info][gc,ref      ] GC(112) Weak: 147 encountered, 0 discovered, 0 enqueued
[11.418s][info][gc,ref      ] GC(112) Final: 0 encountered, 0 discovered, 0 enqueued
[11.418s][info][gc,ref      ] GC(112) Phantom: 1 encountered, 0 discovered, 0 enqueued
[11.418s][info][gc,reloc    ] GC(112) Small Pages: 200 / 400M, Empty: 256M, Relocated: 11M, In-Place: 0
[11.418s][info][gc,reloc    ] GC(112) Medium Pages: 1 / 32M, Empty: 0M, Relocated: 0M, In-Place: 0
[11.418s][info][gc,reloc    ] GC(112) Large Pages: 0 / 0M, Empty: 0M, Relocated: 0M, In-Place: 0
[11.418s][info][gc,reloc    ] GC(112) Forwarding Usage: 8M
[11.418s][info][gc,heap     ] GC(112) Min Capacity: 1024M(100%)
[11.418s][info][gc,heap     ] GC(112) Max Capacity: 1024M(100%)
[11.418s][info][gc,heap     ] GC(112) Soft Max Capacity: 1024M(100%)
[11.418s][info][gc,heap     ] GC(112)                Mark Start          Mark End        Relocate Start      Relocate End           High               Low         
[11.418s][info][gc,heap     ] GC(112)  Capacity:     1024M (100%)       1024M (100%)       1024M (100%)       1024M (100%)       1024M (100%)       1024M (100%)   
[11.419s][info][gc,heap     ] GC(112)      Free:      592M (58%)         426M (42%)         662M (65%)         698M (68%)         708M (69%)         424M (41%)    
[11.419s][info][gc,heap     ] GC(112)      Used:      432M (42%)         598M (58%)         362M (35%)         326M (32%)         600M (59%)         316M (31%)    
[11.419s][info][gc,heap     ] GC(112)      Live:         -                67M (7%)           67M (7%)           67M (7%)             -                  -          
[11.419s][info][gc,heap     ] GC(112) Allocated:         -               166M (16%)         186M (18%)         209M (20%)            -                  -          
[11.419s][info][gc,heap     ] GC(112)   Garbage:         -               364M (36%)         108M (11%)          48M (5%)             -                  -          
[11.419s][info][gc,heap     ] GC(112) Reclaimed:         -                  -               256M (25%)         315M (31%)            -                  -          
[11.419s][info][gc          ] GC(112) Garbage Collection (Allocation Rate) 432M(42%)->326M(32%)
[11.448s][info][gc,start    ] GC(113) Garbage Collection (Allocation Rate)
[11.448s][info][gc,task     ] GC(113) Using 4 workers
[11.448s][info][gc,phases   ] GC(113) Pause Mark Start 0.005ms
[11.496s][info][gc,phases   ] GC(113) Concurrent Mark 47.551ms
[11.496s][info][gc,phases   ] GC(113) Pause Mark End 0.009ms
[11.496s][info][gc,phases   ] GC(113) Concurrent Mark Free 0.001ms
[11.496s][info][gc,phases   ] GC(113) Concurrent Process Non-Strong References 0.270ms
[11.496s][info][gc,phases   ] GC(113) Concurrent Reset Relocation Set 0.007ms
[11.506s][info][gc,phases   ] GC(113) Concurrent Select Relocation Set 9.289ms
[11.506s][info][gc,phases   ] GC(113) Pause Relocate Start 0.005ms
[11.521s][info][gc,phases   ] GC(113) Concurrent Relocate 15.689ms
[11.522s][info][gc,load     ] GC(113) Load: 0.00/0.00/0.00
[11.522s][info][gc,mmu      ] GC(113) MMU: 2ms/98.3%, 5ms/99.3%, 10ms/99.5%, 20ms/99.7%, 50ms/99.9%, 100ms/99.9%
[11.522s][info][gc,marking  ] GC(113) Mark: 4 stripe(s), 2 proactive flush(es), 1 terminate flush(es), 0 completion(s), 0 continuation(s) 
[11.522s][info][gc,marking  ] GC(113) Mark Stack Usage: 32M
[11.522s][info][gc,nmethod  ] GC(113) NMethods: 330 registered, 0 unregistered
[11.522s][info][gc,metaspace] GC(113) Metaspace: 0M used, 0M committed, 1032M reserved
[11.522s][info][gc,ref      ] GC(113) Soft: 95 encountered, 0 discovered, 0 enqueued
[11.522s][info][gc,ref      ] GC(113) Weak: 147 encountered, 2 discovered, 0 enqueued
[11.522s][info][gc,ref      ] GC(113) Final: 0 encountered, 0 discovered, 0 enqueued
[11.522s][info][gc,ref      ] GC(113) Phantom: 1 encountered, 0 discovered, 0 enqueued
[11.522s][info][gc,reloc    ] GC(113) Small Pages: 204 / 408M, Empty: 268M, Relocated: 17M, In-Place: 0
[11.522s][info][gc,reloc    ] GC(113) Medium Pages: 1 / 32M, Empty: 0M, Relocated: 0M, In-Place: 0
[11.522s][info][gc,reloc    ] GC(113) Large Pages: 0 / 0M, Empty: 0M, Relocated: 0M, In-Place: 0
[11.522s][info][gc,reloc    ] GC(113) Forwarding Usage: 11M
[11.522s][info][gc,heap     ] GC(113) Min Capacity: 1024M(100%)
[11.522s][info][gc,heap     ] GC(113) Max Capacity: 1024M(100%)
[11.522s][info][gc,heap     ] GC(113) Soft Max Capacity: 1024M(100%)
[11.522s][info][gc,heap     ] GC(113)                Mark Start          Mark End        Relocate Start      Relocate End           High               Low         
[11.522s][info][gc,heap     ] GC(113)  Capacity:     1024M (100%)       1024M (100%)       1024M (100%)       1024M (100%)       1024M (100%)       1024M (100%)   
[11.522s][info][gc,heap     ] GC(113)      Free:      584M (57%)         404M (39%)         640M (62%)         650M (63%)         670M (65%)         404M (39%)    
[11.522s][info][gc,heap     ] GC(113)      Used:      440M (43%)         620M (61%)         384M (38%)         374M (37%)         620M (61%)         354M (35%)    
[11.522s][info][gc,heap     ] GC(113)      Live:         -                67M (7%)           67M (7%)           67M (7%)             -                  -          
[11.522s][info][gc,heap     ] GC(113) Allocated:         -               180M (18%)         212M (21%)         259M (25%)            -                  -          
[11.522s][info][gc,heap     ] GC(113)   Garbage:         -               372M (36%)         104M (10%)          46M (5%)             -                  -          
[11.522s][info][gc,heap     ] GC(113) Reclaimed:         -                  -               268M (26%)         325M (32%)            -                  -          
[11.522s][info][gc          ] GC(113) Garbage Collection (Allocation Rate) 440M(43%)->374M(37%)
[11.560s][info][gc,start    ] GC(114) Garbage Collection (Allocation Rate)
[11.560s][info][gc,task     ] GC(114) Using 4 workers
[11.560s][info][gc,phases   ] GC(114) Pause Mark Start 0.004ms
[11.608s][info][gc,phases   ] GC(114) Concurrent Mark 47.558ms
[11.608s][info][gc,phases   ] GC(114) Pause Mark End 0.008ms
[11.608s][info][gc,phases   ] GC(114) Concurrent Mark Free 0.001ms
[11.608s][info][gc,phases   ] GC(114) Concurrent Process Non-Strong References 0.281ms
[11.608s][info][gc,phases   ] GC(114) Concurrent Reset Relocation Set 0.009ms
[11.614s][info][gc,phases   ] GC(114) Concurrent Select Relocation Set 5.489ms
[11.614s][info][gc,phases   ] GC(114) Pause Relocate Start 0.005ms
[11.623s][info][gc,phases   ] GC(114) Concurrent Relocate 9.279ms
[11.623s][info][gc,load     ] GC(114) Load: 0.00/0.00/0.00
[11.623s][info][gc,mmu      ] GC(114) MMU: 2ms/98.3%, 5ms/99.3%, 10ms/99.5%, 20ms/99.7%, 50ms/99.9%, 100ms/99.9%
[11.623s][info][gc,marking  ] GC(114) Mark: 4 stripe(s), 2 proactive flush(es), 1 terminate flush(es), 0 completion(s), 0 continuation(s) 
[11.623s][info][gc,marking  ] GC(114) Mark Stack Usage: 32M
[11.623s][info][gc,nmethod  ] GC(114) NMethods: 330 registered, 0 unregistered
[11.623s][info][gc,metaspace] GC(114) Metaspace: 0M used, 0M committed, 1032M reserved
[11.623s][info][gc,ref      ] GC(114) Soft: 95 encountered, 0 discovered, 0 enqueued
[11.623s][info][gc,ref      ] GC(114) Weak: 147 encountered, 2 discovered, 0 enqueued
[11.623s][info][gc,ref      ] GC(114) Final: 0 encountered, 0 discovered, 0 enqueued
[11.623s][info][gc,ref      ] GC(114) Phantom: 1 encountered, 0 discovered, 0 enqueued
[11.623s][info][gc,reloc    ] GC(114) Small Pages: 256 / 512M, Empty: 378M, Relocated: 10M, In-Place: 0
[11.623s][info][gc,reloc    ] GC(114) Medium Pages: 1 / 32M, Empty: 0M, Relocated: 0M, In-Place: 0
[11.623s][info][gc,reloc    ] GC(114) Large Pages: 0 / 0M, Empty: 0M, Relocated: 0M, In-Place: 0
[11.623s][info][gc,reloc    ] GC(114) Forwarding Usage: 7M
[11.623s][info][gc,heap     ] GC(114) Min Capacity: 1024M(100%)
[11.623s][info][gc,heap     ] GC(114) Max Capacity: 1024M(100%)
[11.623s][info][gc,heap     ] GC(114) Soft Max Capacity: 1024M(100%)
[11.623s][info][gc,heap     ] GC(114)                Mark Start          Mark End        Relocate Start      Relocate End           High               Low         
[11.623s][info][gc,heap     ] GC(114)  Capacity:     1024M (100%)       1024M (100%)       1024M (100%)       1024M (100%)       1024M (100%)       1024M (100%)   
[11.623s][info][gc,heap     ] GC(114)      Free:      480M (47%)         302M (29%)         658M (64%)         680M (66%)         696M (68%)         302M (29%)    
[11.623s][info][gc,heap     ] GC(114)      Used:      544M (53%)         722M (71%)         366M (36%)         344M (34%)         722M (71%)         328M (32%)    
[11.623s][info][gc,heap     ] GC(114)      Live:         -                67M (7%)           67M (7%)           67M (7%)             -                  -          
[11.623s][info][gc,heap     ] GC(114) Allocated:         -               178M (17%)         200M (20%)         227M (22%)            -                  -          
[11.623s][info][gc,heap     ] GC(114)   Garbage:         -               476M (46%)          98M (10%)          48M (5%)             -                  -          
[11.623s][info][gc,heap     ] GC(114) Reclaimed:         -                  -               378M (37%)         427M (42%)            -                  -          
[11.623s][info][gc          ] GC(114) Garbage Collection (Allocation Rate) 544M(53%)->344M(34%)
[11.654s][info][gc,start    ] GC(115) Garbage Collection (Allocation Rate)
[11.654s][info][gc,task     ] GC(115) Using 4 workers
[11.655s][info][gc,phases   ] GC(115) Pause Mark Start 0.004ms
[11.702s][info][gc,phases   ] GC(115) Concurrent Mark 47.520ms
[11.702s][info][gc,phases   ] GC(115) Pause Mark End 0.011ms
[11.702s][info][gc,phases   ] GC(115) Concurrent Mark Free 0.001ms
[11.703s][info][gc,phases   ] GC(115) Concurrent Process Non-Strong References 0.314ms
[11.703s][info][gc,phases   ] GC(115) Concurrent Reset Relocation Set 0.008ms
[11.713s][info][gc,phases   ] GC(115) Concurrent Select Relocation Set 10.074ms
[11.713s][info][gc,phases   ] GC(115) Pause Relocate Start 0.006ms
[11.727s][info][gc,phases   ] GC(115) Concurrent Relocate 14.050ms
[11.727s][info][gc,load     ] GC(115) Load: 0.00/0.00/0.00
[11.727s][info][gc,mmu      ] GC(115) MMU: 2ms/98.3%, 5ms/99.3%, 10ms/99.5%, 20ms/99.7%, 50ms/99.9%, 100ms/99.9%
[11.727s][info][gc,marking  ] GC(115) Mark: 4 stripe(s), 2 proactive flush(es), 1 terminate flush(es), 0 completion(s), 0 continuation(s) 
[11.727s][info][gc,marking  ] GC(115) Mark Stack Usage: 32M
[11.727s][info][gc,nmethod  ] GC(115) NMethods: 330 registered, 0 unregistered
[11.727s][info][gc,metaspace] GC(115) Metaspace: 0M used, 0M committed, 1032M reserved
[11.727s][info][gc,ref      ] GC(115) Soft: 95 encountered, 0 discovered, 0 enqueued
[11.727s][info][gc,ref      ] GC(115) Weak: 147 encountered, 2 discovered, 0 enqueued
[11.727s][info][gc,ref      ] GC(115) Final: 0 encountered, 0 discovered, 0 enqueued
[11.727s][info][gc,ref      ] GC(115) Phantom: 1 encountered, 0 discovered, 0 enqueued
[11.727s][info][gc,reloc    ] GC(115) Small Pages: 217 / 434M, Empty: 296M, Relocated: 12M, In-Place: 0
[11.727s][info][gc,reloc    ] GC(115) Medium Pages: 1 / 32M, Empty: 0M, Relocated: 0M, In-Place: 0
[11.727s][info][gc,reloc    ] GC(115) Large Pages: 0 / 0M, Empty: 0M, Relocated: 0M, In-Place: 0
[11.727s][info][gc,reloc    ] GC(115) Forwarding Usage: 9M
[11.727s][info][gc,heap     ] GC(115) Min Capacity: 1024M(100%)
[11.727s][info][gc,heap     ] GC(115) Max Capacity: 1024M(100%)
[11.727s][info][gc,heap     ] GC(115) Soft Max Capacity: 1024M(100%)
[11.727s][info][gc,heap     ] GC(115)                Mark Start          Mark End        Relocate Start      Relocate End           High               Low         
[11.727s][info][gc,heap     ] GC(115)  Capacity:     1024M (100%)       1024M (100%)       1024M (100%)       1024M (100%)       1024M (100%)       1024M (100%)   
[11.727s][info][gc,heap     ] GC(115)      Free:      558M (54%)         376M (37%)         636M (62%)         646M (63%)         662M (65%)         376M (37%)    
[11.727s][info][gc,heap     ] GC(115)      Used:      466M (46%)         648M (63%)         388M (38%)         378M (37%)         648M (63%)         362M (35%)    
[11.727s][info][gc,heap     ] GC(115)      Live:         -                67M (7%)           67M (7%)           67M (7%)             -                  -          
[11.727s][info][gc,heap     ] GC(115) Allocated:         -               182M (18%)         218M (21%)         261M (26%)            -                  -          
[11.728s][info][gc,heap     ] GC(115)   Garbage:         -               398M (39%)         102M (10%)          48M (5%)             -                  -          
[11.728s][info][gc,heap     ] GC(115) Reclaimed:         -                  -               296M (29%)         349M (34%)            -                  -          
[11.728s][info][gc          ] GC(115) Garbage Collection (Allocation Rate) 466M(46%)->378M(37%)
[11.750s][info][gc,start    ] GC(116) Garbage Collection (Allocation Rate)
[11.750s][info][gc,task     ] GC(116) Using 4 workers
[11.750s][info][gc,phases   ] GC(116) Pause Mark Start 0.006ms
[11.798s][info][gc,phases   ] GC(116) Concurrent Mark 47.549ms
[11.798s][info][gc,phases   ] GC(116) Pause Mark End 0.009ms
[11.798s][info][gc,phases   ] GC(116) Concurrent Mark Free 0.001ms
[11.799s][info][gc,phases   ] GC(116) Concurrent Process Non-Strong References 0.274ms
[11.799s][info][gc,phases   ] GC(116) Concurrent Reset Relocation Set 0.007ms
[11.808s][info][gc,phases   ] GC(116) Concurrent Select Relocation Set 9.220ms
[11.808s][info][gc,phases   ] GC(116) Pause Relocate Start 0.005ms
[11.824s][info][gc,phases   ] GC(116) Concurrent Relocate 16.120ms
[11.824s][info][gc,load     ] GC(116) Load: 0.00/0.00/0.00
[11.824s][info][gc,mmu      ] GC(116) MMU: 2ms/98.3%, 5ms/99.3%, 10ms/99.5%, 20ms/99.7%, 50ms/99.9%, 100ms/99.9%
[11.824s][info][gc,marking  ] GC(116) Mark: 4 stripe(s), 2 proactive flush(es), 1 terminate flush(es), 0 completion(s), 0 continuation(s) 
[11.824s][info][gc,marking  ] GC(116) Mark Stack Usage: 32M
[11.824s][info][gc,nmethod  ] GC(116) NMethods: 330 registered, 0 unregistered
[11.824s][info][gc,metaspace] GC(116) Metaspace: 0M used, 0M committed, 1032M reserved
[11.824s][info][gc,ref      ] GC(116) Soft: 95 encountered, 0 discovered, 0 enqueued
[11.824s][info][gc,ref      ] GC(116) Weak: 147 encountered, 2 discovered, 0 enqueued
[11.824s][info][gc,ref      ] GC(116) Final: 0 encountered, 0 discovered, 0 enqueued
[11.824s][info][gc,ref      ] GC(116) Phantom: 1 encountered, 0 discovered, 0 enqueued
[11.824s][info][gc,reloc    ] GC(116) Small Pages: 225 / 450M, Empty: 310M, Relocated: 17M, In-Place: 0
[11.824s][info][gc,reloc    ] GC(116) Medium Pages: 1 / 32M, Empty: 0M, Relocated: 0M, In-Place: 0
[11.824s][info][gc,reloc    ] GC(116) Large Pages: 0 / 0M, Empty: 0M, Relocated: 0M, In-Place: 0
[11.824s][info][gc,reloc    ] GC(116) Forwarding Usage: 13M
[11.824s][info][gc,heap     ] GC(116) Min Capacity: 1024M(100%)
[11.824s][info][gc,heap     ] GC(116) Max Capacity: 1024M(100%)
[11.824s][info][gc,heap     ] GC(116) Soft Max Capacity: 1024M(100%)
[11.824s][info][gc,heap     ] GC(116)                Mark Start          Mark End        Relocate Start      Relocate End           High               Low         
[11.824s][info][gc,heap     ] GC(116)  Capacity:     1024M (100%)       1024M (100%)       1024M (100%)       1024M (100%)       1024M (100%)       1024M (100%)   
[11.825s][info][gc,heap     ] GC(116)      Free:      542M (53%)         368M (36%)         646M (63%)         658M (64%)         678M (66%)         366M (36%)    
[11.825s][info][gc,heap     ] GC(116)      Used:      482M (47%)         656M (64%)         378M (37%)         366M (36%)         658M (64%)         346M (34%)    
[11.825s][info][gc,heap     ] GC(116)      Live:         -                67M (7%)           67M (7%)           67M (7%)             -                  -          
[11.825s][info][gc,heap     ] GC(116) Allocated:         -               174M (17%)         206M (20%)         251M (25%)            -                  -          
[11.825s][info][gc,heap     ] GC(116)   Garbage:         -               414M (40%)         104M (10%)          46M (5%)             -                  -          
[11.825s][info][gc,heap     ] GC(116) Reclaimed:         -                  -               310M (30%)         367M (36%)            -                  -          
[11.825s][info][gc          ] GC(116) Garbage Collection (Allocation Rate) 482M(47%)->366M(36%)
[11.861s][info][gc,start    ] GC(117) Garbage Collection (Allocation Rate)
[11.861s][info][gc,task     ] GC(117) Using 4 workers
[11.861s][info][gc,phases   ] GC(117) Pause Mark Start 0.004ms
[11.908s][info][gc,phases   ] GC(117) Concurrent Mark 46.532ms
[11.908s][info][gc,phases   ] GC(117) Pause Mark End 0.015ms
[11.908s][info][gc,phases   ] GC(117) Concurrent Mark Free 0.001ms
[11.908s][info][gc,phases   ] GC(117) Concurrent Process Non-Strong References 0.365ms
[11.908s][info][gc,phases   ] GC(117) Concurrent Reset Relocation Set 0.009ms
[11.917s][info][gc,phases   ] GC(117) Concurrent Select Relocation Set 8.502ms
[11.917s][info][gc,phases   ] GC(117) Pause Relocate Start 0.006ms
[11.932s][info][gc,phases   ] GC(117) Concurrent Relocate 14.631ms
[11.932s][info][gc,load     ] GC(117) Load: 0.00/0.00/0.00
[11.932s][info][gc,mmu      ] GC(117) MMU: 2ms/98.3%, 5ms/99.3%, 10ms/99.5%, 20ms/99.7%, 50ms/99.9%, 100ms/99.9%
[11.932s][info][gc,marking  ] GC(117) Mark: 4 stripe(s), 2 proactive flush(es), 1 terminate flush(es), 0 completion(s), 0 continuation(s) 
[11.932s][info][gc,marking  ] GC(117) Mark Stack Usage: 32M
[11.932s][info][gc,nmethod  ] GC(117) NMethods: 330 registered, 0 unregistered
[11.932s][info][gc,metaspace] GC(117) Metaspace: 0M used, 0M committed, 1032M reserved
[11.932s][info][gc,ref      ] GC(117) Soft: 95 encountered, 0 discovered, 0 enqueued
[11.932s][info][gc,ref      ] GC(117) Weak: 147 encountered, 2 discovered, 0 enqueued
[11.932s][info][gc,ref      ] GC(117) Final: 0 encountered, 0 discovered, 0 enqueued
[11.932s][info][gc,ref      ] GC(117) Phantom: 1 encountered, 0 discovered, 0 enqueued
[11.932s][info][gc,reloc    ] GC(117) Small Pages: 247 / 494M, Empty: 348M, Relocated: 17M, In-Place: 0
[11.932s][info][gc,reloc    ] GC(117) Medium Pages: 1 / 32M, Empty: 0M, Relocated: 0M, In-Place: 0
[11.932s][info][gc,reloc    ] GC(117) Large Pages: 0 / 0M, Empty: 0M, Relocated: 0M, In-Place: 0
[11.932s][info][gc,reloc    ] GC(117) Forwarding Usage: 11M
[11.932s][info][gc,heap     ] GC(117) Min Capacity: 1024M(100%)
[11.932s][info][gc,heap     ] GC(117) Max Capacity: 1024M(100%)
[11.932s][info][gc,heap     ] GC(117) Soft Max Capacity: 1024M(100%)
[11.932s][info][gc,heap     ] GC(117)                Mark Start          Mark End        Relocate Start      Relocate End           High               Low         
[11.932s][info][gc,heap     ] GC(117)  Capacity:     1024M (100%)       1024M (100%)       1024M (100%)       1024M (100%)       1024M (100%)       1024M (100%)   
[11.932s][info][gc,heap     ] GC(117)      Free:      498M (49%)         328M (32%)         640M (62%)         666M (65%)         684M (67%)         326M (32%)    
[11.932s][info][gc,heap     ] GC(117)      Used:      526M (51%)         696M (68%)         384M (38%)         358M (35%)         698M (68%)         340M (33%)    
[11.932s][info][gc,heap     ] GC(117)      Live:         -                67M (7%)           67M (7%)           67M (7%)             -                  -          
[11.932s][info][gc,heap     ] GC(117) Allocated:         -               170M (17%)         206M (20%)         243M (24%)            -                  -          
[11.932s][info][gc,heap     ] GC(117)   Garbage:         -               458M (45%)         110M (11%)          46M (5%)             -                  -          
[11.932s][info][gc,heap     ] GC(117) Reclaimed:         -                  -               348M (34%)         411M (40%)            -                  -          
[11.932s][info][gc          ] GC(117) Garbage Collection (Allocation Rate) 526M(51%)->358M(35%)
[11.937s][info][gc,heap,exit] Heap
[11.937s][info][gc,heap,exit]  ZHeap           used 382M, capacity 1024M, max capacity 1024M
[11.937s][info][gc,heap,exit]  Metaspace       used 588K, committed 768K, reserved 1056768K
[11.937s][info][gc,heap,exit]   class space    used 41K, committed 128K, reserved 1048576K
