[0.007s][info][gc,init] Initializing The Z Garbage Collector
[0.007s][info][gc,init] Version: 17.0.1+12-LTS-39 (release)
[0.007s][info][gc,init] NUMA Support: Disabled
[0.007s][info][gc,init] CPUs: 16 total, 16 available
[0.007s][info][gc,init] Memory: 32638M
[0.007s][info][gc,init] Large Page Support: Disabled
[0.007s][info][gc,init] GC Workers: 4 (dynamic)
[0.007s][info][gc,init] Address Space Type: Contiguous/Unrestricted/Complete
[0.007s][info][gc,init] Address Space Size: 16384M x 3 = 49152M
[0.008s][info][gc,init] Min Capacity: 1024M
[0.008s][info][gc,init] Initial Capacity: 1024M
[0.008s][info][gc,init] Max Capacity: 1024M
[0.008s][info][gc,init] Medium Page Size: 32M
[0.008s][info][gc,init] Pre-touch: Disabled
[0.008s][info][gc,init] Uncommit: Implicitly Disabled (-Xms equals -Xmx)
[0.034s][info][gc,init] Runtime Workers: 10
[0.035s][info][gc     ] Using The Z Garbage Collector
[0.035s][info][gc,metaspace] CDS archive(s) mapped at: [0x0000000800000000-0x0000000800bc0000-0x0000000800bc0000), size 12320768, SharedBaseAddress: 0x0000000800000000, ArchiveRelocationMode: 0.
[0.035s][info][gc,metaspace] Compressed class space mapped at: 0x0000000800c00000-0x0000000840c00000, reserved size: 1073741824
[0.036s][info][gc,metaspace] Narrow klass base: 0x0000000800000000, Narrow klass shift: 0, Narrow klass range: 0x100000000
[0.357s][info][gc,start    ] GC(0) Garbage Collection (Warmup)
[0.357s][info][gc,task     ] GC(0) Using 4 workers
[0.357s][info][gc,phases   ] GC(0) Pause Mark Start 0.004ms
[0.387s][info][gc,phases   ] GC(0) Concurrent Mark 30.714ms
[0.388s][info][gc,phases   ] GC(0) Pause Mark End 0.013ms
[0.388s][info][gc,phases   ] GC(0) Concurrent Mark Free 0.001ms
[0.388s][info][gc,phases   ] GC(0) Concurrent Process Non-Strong References 0.169ms
[0.388s][info][gc,phases   ] GC(0) Concurrent Reset Relocation Set 0.000ms
[0.394s][info][gc,phases   ] GC(0) Concurrent Select Relocation Set 5.682ms
[0.394s][info][gc,phases   ] GC(0) Pause Relocate Start 0.005ms
[0.404s][info][gc,phases   ] GC(0) Concurrent Relocate 9.980ms
[0.404s][info][gc,load     ] GC(0) Load: 0.00/0.00/0.00
[0.404s][info][gc,mmu      ] GC(0) MMU: 2ms/99.4%, 5ms/99.7%, 10ms/99.8%, 20ms/99.9%, 50ms/100.0%, 100ms/100.0%
[0.404s][info][gc,marking  ] GC(0) Mark: 4 stripe(s), 2 proactive flush(es), 1 terminate flush(es), 0 completion(s), 0 continuation(s) 
[0.404s][info][gc,marking  ] GC(0) Mark Stack Usage: 32M
[0.404s][info][gc,nmethod  ] GC(0) NMethods: 273 registered, 0 unregistered
[0.404s][info][gc,metaspace] GC(0) Metaspace: 0M used, 0M committed, 1032M reserved
[0.404s][info][gc,ref      ] GC(0) Soft: 60 encountered, 0 discovered, 0 enqueued
[0.404s][info][gc,ref      ] GC(0) Weak: 107 encountered, 33 discovered, 20 enqueued
[0.404s][info][gc,ref      ] GC(0) Final: 8 encountered, 8 discovered, 8 enqueued
[0.404s][info][gc,ref      ] GC(0) Phantom: 12 encountered, 11 discovered, 11 enqueued
[0.404s][info][gc,reloc    ] GC(0) Small Pages: 41 / 82M, Empty: 0M, Relocated: 17M, In-Place: 0
[0.404s][info][gc,reloc    ] GC(0) Medium Pages: 1 / 32M, Empty: 32M, Relocated: 0M, In-Place: 0
[0.404s][info][gc,reloc    ] GC(0) Large Pages: 2 / 12M, Empty: 0M, Relocated: 0M, In-Place: 0
[0.404s][info][gc,reloc    ] GC(0) Forwarding Usage: 11M
[0.404s][info][gc,heap     ] GC(0) Min Capacity: 1024M(100%)
[0.404s][info][gc,heap     ] GC(0) Max Capacity: 1024M(100%)
[0.404s][info][gc,heap     ] GC(0) Soft Max Capacity: 1024M(100%)
[0.404s][info][gc,heap     ] GC(0)                Mark Start          Mark End        Relocate Start      Relocate End           High               Low         
[0.404s][info][gc,heap     ] GC(0)  Capacity:     1024M (100%)       1024M (100%)       1024M (100%)       1024M (100%)       1024M (100%)       1024M (100%)   
[0.404s][info][gc,heap     ] GC(0)      Free:      898M (88%)         882M (86%)         910M (89%)         934M (91%)         934M (91%)         878M (86%)    
[0.404s][info][gc,heap     ] GC(0)      Used:      126M (12%)         142M (14%)         114M (11%)          90M (9%)          146M (14%)          90M (9%)     
[0.404s][info][gc,heap     ] GC(0)      Live:         -                47M (5%)           47M (5%)           47M (5%)             -                  -          
[0.404s][info][gc,heap     ] GC(0) Allocated:         -                16M (2%)           20M (2%)           27M (3%)             -                  -          
[0.404s][info][gc,heap     ] GC(0)   Garbage:         -                78M (8%)           46M (5%)           15M (1%)             -                  -          
[0.404s][info][gc,heap     ] GC(0) Reclaimed:         -                  -                32M (3%)           63M (6%)             -                  -          
[0.404s][info][gc          ] GC(0) Garbage Collection (Warmup) 126M(12%)->90M(9%)
[1.059s][info][gc,start    ] GC(1) Garbage Collection (Warmup)
[1.059s][info][gc,task     ] GC(1) Using 4 workers
[1.059s][info][gc,phases   ] GC(1) Pause Mark Start 0.005ms
[1.091s][info][gc,phases   ] GC(1) Concurrent Mark 31.732ms
[1.091s][info][gc,phases   ] GC(1) Pause Mark End 0.009ms
[1.091s][info][gc,phases   ] GC(1) Concurrent Mark Free 0.001ms
[1.091s][info][gc,phases   ] GC(1) Concurrent Process Non-Strong References 0.213ms
[1.091s][info][gc,phases   ] GC(1) Concurrent Reset Relocation Set 0.003ms
[1.093s][info][gc,phases   ] GC(1) Concurrent Select Relocation Set 1.692ms
[1.093s][info][gc,phases   ] GC(1) Pause Relocate Start 0.005ms
[1.100s][info][gc,phases   ] GC(1) Concurrent Relocate 7.467ms
[1.100s][info][gc,load     ] GC(1) Load: 0.00/0.00/0.00
[1.100s][info][gc,mmu      ] GC(1) MMU: 2ms/99.4%, 5ms/99.7%, 10ms/99.8%, 20ms/99.9%, 50ms/100.0%, 100ms/100.0%
[1.100s][info][gc,marking  ] GC(1) Mark: 4 stripe(s), 2 proactive flush(es), 1 terminate flush(es), 0 completion(s), 0 continuation(s) 
[1.100s][info][gc,marking  ] GC(1) Mark Stack Usage: 32M
[1.100s][info][gc,nmethod  ] GC(1) NMethods: 382 registered, 0 unregistered
[1.100s][info][gc,metaspace] GC(1) Metaspace: 0M used, 0M committed, 1032M reserved
[1.100s][info][gc,ref      ] GC(1) Soft: 60 encountered, 0 discovered, 0 enqueued
[1.100s][info][gc,ref      ] GC(1) Weak: 87 encountered, 5 discovered, 0 enqueued
[1.100s][info][gc,ref      ] GC(1) Final: 0 encountered, 0 discovered, 0 enqueued
[1.100s][info][gc,ref      ] GC(1) Phantom: 1 encountered, 0 discovered, 0 enqueued
[1.100s][info][gc,reloc    ] GC(1) Small Pages: 108 / 216M, Empty: 132M, Relocated: 13M, In-Place: 0
[1.100s][info][gc,reloc    ] GC(1) Medium Pages: 0 / 0M, Empty: 0M, Relocated: 0M, In-Place: 0
[1.100s][info][gc,reloc    ] GC(1) Large Pages: 2 / 12M, Empty: 0M, Relocated: 0M, In-Place: 0
[1.100s][info][gc,reloc    ] GC(1) Forwarding Usage: 10M
[1.100s][info][gc,heap     ] GC(1) Min Capacity: 1024M(100%)
[1.100s][info][gc,heap     ] GC(1) Max Capacity: 1024M(100%)
[1.100s][info][gc,heap     ] GC(1) Soft Max Capacity: 1024M(100%)
[1.100s][info][gc,heap     ] GC(1)                Mark Start          Mark End        Relocate Start      Relocate End           High               Low         
[1.100s][info][gc,heap     ] GC(1)  Capacity:     1024M (100%)       1024M (100%)       1024M (100%)       1024M (100%)       1024M (100%)       1024M (100%)   
[1.100s][info][gc,heap     ] GC(1)      Free:      796M (78%)         774M (76%)         906M (88%)         942M (92%)         942M (92%)         774M (76%)    
[1.100s][info][gc,heap     ] GC(1)      Used:      228M (22%)         250M (24%)         118M (12%)          82M (8%)          250M (24%)          82M (8%)     
[1.101s][info][gc,heap     ] GC(1)      Live:         -                46M (5%)           46M (5%)           46M (5%)             -                  -          
[1.101s][info][gc,heap     ] GC(1) Allocated:         -                22M (2%)           22M (2%)           23M (2%)             -                  -          
[1.101s][info][gc,heap     ] GC(1)   Garbage:         -               181M (18%)          49M (5%)           11M (1%)             -                  -          
[1.101s][info][gc,heap     ] GC(1) Reclaimed:         -                  -               132M (13%)         169M (17%)            -                  -          
[1.101s][info][gc          ] GC(1) Garbage Collection (Warmup) 228M(22%)->82M(8%)
[2.157s][info][gc,start    ] GC(2) Garbage Collection (Warmup)
[2.157s][info][gc,task     ] GC(2) Using 4 workers
[2.157s][info][gc,phases   ] GC(2) Pause Mark Start 0.004ms
[2.188s][info][gc,phases   ] GC(2) Concurrent Mark 30.722ms
[2.188s][info][gc,phases   ] GC(2) Pause Mark End 0.011ms
[2.188s][info][gc,phases   ] GC(2) Concurrent Mark Free 0.001ms
[2.188s][info][gc,phases   ] GC(2) Concurrent Process Non-Strong References 0.646ms
[2.189s][info][gc,phases   ] GC(2) Concurrent Reset Relocation Set 0.003ms
[2.193s][info][gc,phases   ] GC(2) Concurrent Select Relocation Set 4.139ms
[2.193s][info][gc,phases   ] GC(2) Pause Relocate Start 0.006ms
[2.200s][info][gc,phases   ] GC(2) Concurrent Relocate 7.116ms
[2.200s][info][gc,load     ] GC(2) Load: 0.00/0.00/0.00
[2.200s][info][gc,mmu      ] GC(2) MMU: 2ms/99.4%, 5ms/99.7%, 10ms/99.8%, 20ms/99.9%, 50ms/100.0%, 100ms/100.0%
[2.200s][info][gc,marking  ] GC(2) Mark: 4 stripe(s), 2 proactive flush(es), 1 terminate flush(es), 0 completion(s), 0 continuation(s) 
[2.200s][info][gc,marking  ] GC(2) Mark Stack Usage: 32M
[2.200s][info][gc,nmethod  ] GC(2) NMethods: 383 registered, 0 unregistered
[2.200s][info][gc,metaspace] GC(2) Metaspace: 0M used, 0M committed, 1032M reserved
[2.200s][info][gc,ref      ] GC(2) Soft: 94 encountered, 0 discovered, 0 enqueued
[2.200s][info][gc,ref      ] GC(2) Weak: 164 encountered, 44 discovered, 17 enqueued
[2.200s][info][gc,ref      ] GC(2) Final: 0 encountered, 0 discovered, 0 enqueued
[2.200s][info][gc,ref      ] GC(2) Phantom: 3 encountered, 2 discovered, 2 enqueued
[2.200s][info][gc,reloc    ] GC(2) Small Pages: 151 / 302M, Empty: 220M, Relocated: 13M, In-Place: 0
[2.200s][info][gc,reloc    ] GC(2) Medium Pages: 0 / 0M, Empty: 0M, Relocated: 0M, In-Place: 0
[2.200s][info][gc,reloc    ] GC(2) Large Pages: 2 / 12M, Empty: 0M, Relocated: 0M, In-Place: 0
[2.200s][info][gc,reloc    ] GC(2) Forwarding Usage: 11M
[2.200s][info][gc,heap     ] GC(2) Min Capacity: 1024M(100%)
[2.200s][info][gc,heap     ] GC(2) Max Capacity: 1024M(100%)
[2.200s][info][gc,heap     ] GC(2) Soft Max Capacity: 1024M(100%)
[2.200s][info][gc,heap     ] GC(2)                Mark Start          Mark End        Relocate Start      Relocate End           High               Low         
[2.200s][info][gc,heap     ] GC(2)  Capacity:     1024M (100%)       1024M (100%)       1024M (100%)       1024M (100%)       1024M (100%)       1024M (100%)   
[2.200s][info][gc,heap     ] GC(2)      Free:      710M (69%)         694M (68%)         910M (89%)         944M (92%)         944M (92%)         692M (68%)    
[2.200s][info][gc,heap     ] GC(2)      Used:      314M (31%)         330M (32%)         114M (11%)          80M (8%)          332M (32%)          80M (8%)     
[2.200s][info][gc,heap     ] GC(2)      Live:         -                47M (5%)           47M (5%)           47M (5%)             -                  -          
[2.200s][info][gc,heap     ] GC(2) Allocated:         -                16M (2%)           20M (2%)           19M (2%)             -                  -          
[2.200s][info][gc,heap     ] GC(2)   Garbage:         -               266M (26%)          46M (5%)           13M (1%)             -                  -          
[2.200s][info][gc,heap     ] GC(2) Reclaimed:         -                  -               220M (21%)         253M (25%)            -                  -          
[2.200s][info][gc          ] GC(2) Garbage Collection (Warmup) 314M(31%)->80M(8%)
[4.731s][info][gc,heap,exit] Heap
[4.731s][info][gc,heap,exit]  ZHeap           used 636M, capacity 1024M, max capacity 1024M
[4.731s][info][gc,heap,exit]  Metaspace       used 649K, committed 832K, reserved 1056768K
[4.731s][info][gc,heap,exit]   class space    used 42K, committed 128K, reserved 1048576K
